============================= test session starts =============================
platform win32 -- Python 3.14.0, pytest-9.0.2, pluggy-1.6.0
rootdir: D:\github\spiderfoot
configfile: pytest.ini
plugins: anyio-4.12.0, hypothesis-6.151.9, asyncio-1.3.0, timeout-2.4.0
asyncio: mode=Mode.AUTO, debug=False, asyncio_default_fixture_loop_scope=None, asyncio_default_test_loop_scope=function

----------------------------- live log collection -----------------------------
23:04:17 [INFO] Failed to load SSL library: <class 'OSError'> (no library called "ssl" found)
23:04:17 [INFO] cryptg module not installed and libssl not found, falling back to (slower) Python encryption
23:04:19 [INFO] GraphQL router created ù endpoint at /api/graphql (subscriptions enabled)
23:04:19 [INFO] GraphQL endpoint mounted at /api/graphql
23:04:19 [INFO] API versioning enabled: current=v1, supported=['v1'], legacy=True
23:04:19 [INFO] API version middleware installed
23:04:19 [INFO] Request tracing middleware installed
23:04:19 [INFO] Body size limiting middleware installed
23:04:19 [INFO] Rate limiting middleware installed (enabled=True)
23:04:19 [INFO] CSRF protection installed
23:04:19 [INFO] Structured API error handlers installed
23:04:19 [INFO] API audit logging middleware installed
23:04:19 [INFO] Response compression enabled (min_size=1024, level=6)
23:04:19 [INFO] Auth middleware installed (auth_required=True, rbac_enforce=True)
23:04:19 [INFO] CORS middleware installed: origins=['http://localhost:3000', 'https://localhost'], credentials=True, max_age=600s
23:04:19 [INFO] Agents service mounted at /agents
23:04:19 [INFO] Enrichment service mounted at /enrichment
23:04:19 [INFO] User input service mounted at /user-input
collected 8692 items / 9 skipped

test/integration/modules/test_sfp_4chan.py::TestSfp4chanIntegration::test_integration_event_emission 
-------------------------------- live log call --------------------------------
23:04:20 [INFO] Monitoring 4chan boards: testboard (max_threads=1)
PASSED                                                                   [  0%]
test/integration/modules/test_sfp_4chan.py::TestSfp4chanIntegration::test_integration_network_error PASSED [  0%]
test/integration/modules/test_sfp__stor_db.py::TestModuleIntegration_stor_db::test_handleEvent 
-------------------------------- live log call --------------------------------
23:04:26 [ERROR] Could not connect to PostgreSQL database: connection to server at "localhost" (::1), port 5432 failed: Connection refused (0x0000274D/10061)
	Is the server running on that host and accepting TCP/IP connections?
connection to server at "localhost" (127.0.0.1), port 5432 failed: Connection refused (0x0000274D/10061)
	Is the server running on that host and accepting TCP/IP connections?

PASSED                                                                   [  0%]
test/integration/modules/test_sfp__stor_elasticsearch.py::TestModuleIntegration_stor_elasticsearch::test_handleEvent PASSED [  0%]
test/integration/modules/test_sfp__stor_stdout.py::TestModuleIntegration_stor_stdout::test_handleEvent PASSED [  0%]
test/integration/modules/test_sfp_abstractapi.py::TestModuleIntegrationAbstractapi::test_handleEvent PASSED [  0%]
test/integration/modules/test_sfp_abusech.py::TestModuleIntegrationAbusech::test_handleEvent_api_error PASSED [  0%]
test/integration/modules/test_sfp_abusech.py::TestModuleIntegrationAbusech::test_handleEvent_benign_ip PASSED [  0%]
test/integration/modules/test_sfp_abusech.py::TestModuleIntegrationAbusech::test_handleEvent_invalid_target PASSED [  0%]
test/integration/modules/test_sfp_abusech.py::TestModuleIntegrationAbusech::test_handleEvent_malicious_ip PASSED [  0%]
test/integration/modules/test_sfp_abuseipdb.py::TestModuleIntegrationAbuseIPDB::test_handleEvent_malicious_ip 
-------------------------------- live log call --------------------------------
23:04:29 [INFO] Malicious IP address 1.2.3.4 found in AbuseIPDB blacklist
PASSED                                                                   [  0%]
test/integration/modules/test_sfp_accounts.py::TestModuleIntegrationAccounts::test_handleEvent_with_accounts PASSED [  0%]
test/integration/modules/test_sfp_adblock.py::TestModuleIntegrationAdblock::test_handleEvent_event_data_external_url_matching_ad_filter_should_return_event PASSED [  0%]
test/integration/modules/test_sfp_adblock.py::TestModuleIntegrationAdblock::test_handleEvent_event_data_external_url_not_matching_ad_filter_should_not_return_event PASSED [  0%]
test/integration/modules/test_sfp_adblock.py::TestModuleIntegrationAdblock::test_handleEvent_event_data_provider_javascript_url_matching_ad_filter_should_return_event PASSED [  0%]
test/integration/modules/test_sfp_adguard_dns.py::TestModuleIntegrationAdGuardDns::test_handleEvent_event_data_adult_internet_name_blocked_should_return_event PASSED [  0%]
test/integration/modules/test_sfp_adguard_dns.py::TestModuleIntegrationAdGuardDns::test_handleEvent_event_data_safe_internet_name_not_blocked_should_not_return_event PASSED [  0%]
test/integration/modules/test_sfp_ahmia.py::TestModuleIntegrationAhmia::test_handleEvent 
-------------------------------- live log call --------------------------------
23:04:30 [INFO] No results for example.onion returned from Ahmia.fi.
PASSED                                                                   [  0%]
test/integration/modules/test_sfp_alienvault.py::TestModuleIntegrationalienvault::test_handleEvent 
-------------------------------- live log call --------------------------------
23:04:30 [ERROR] You enabled sfp_alienvault but did not set an API key!
PASSED                                                                   [  0%]
test/integration/modules/test_sfp_alienvaultiprep.py::TestModuleIntegrationAlienvaultiprep::test_handleEvent PASSED [  0%]
test/integration/modules/test_sfp_aparat.py::TestSfpAparatIntegration::test_handle_event_emits_video_events_for_multiple_users PASSED [  0%]
test/integration/modules/test_sfp_aparat.py::TestSfpAparatIntegration::test_handle_event_no_videos_for_any_user 
-------------------------------- live log call --------------------------------
23:04:31 [ERROR] Failed to fetch Aparat videos for user user1. HTTP code: 200
23:04:31 [ERROR] Failed to fetch Aparat videos for user user2. HTTP code: 200
23:04:31 [INFO] No Aparat videos found for any configured user.
PASSED                                                                   [  0%]
test/integration/modules/test_sfp_aparat.py::TestSfpAparatIntegration::test_produced_event_type PASSED [  0%]
test/integration/modules/test_sfp_apileak.py::IntegrationTestAPILLeak::test_integration_leak PASSED [  0%]
test/integration/modules/test_sfp_apple_itunes.py::TestModuleIntegrationAppleItunes::test_handleEvent PASSED [  0%]
test/integration/modules/test_sfp_arbitrum.py::test_produced_event_type PASSED [  0%]
test/integration/modules/test_sfp_arbitrum.py::test_handle_event_stub 
-------------------------------- live log call --------------------------------
23:04:33 [INFO] [handleEvent] No transactions found for 0x123.
PASSED                                                                   [  0%]
test/integration/modules/test_sfp_arbitrum.py::test_setup_requires_api_key 
-------------------------------- live log call --------------------------------
23:04:33 [ERROR] [setup] API key is required.
PASSED                                                                   [  0%]
test/integration/modules/test_sfp_arbitrum.py::test_setup_requires_addresses 
-------------------------------- live log call --------------------------------
23:04:34 [ERROR] [setup] addresses is required.
PASSED                                                                   [  0%]
test/integration/modules/test_sfp_archiveorg.py::TestModuleIntegrationarchiveorg::test_handleEvent 
-------------------------------- live log call --------------------------------
23:04:34 [INFO] Found a historic file: https://web.archive.org/web/20210101000000/example.com
PASSED                                                                   [  0%]
test/integration/modules/test_sfp_arin.py::TestModuleIntegrationarin::test_handleEvent PASSED [  0%]
test/integration/modules/test_sfp_azureblobstorage.py::TestModuleIntegrationazureblobstorage::test_handleEvent 
-------------------------------- live log call --------------------------------
23:04:34 [INFO] Spawning thread to check bucket: https://spiderfoot-test.blob.core.windows.net
23:04:34 [INFO] Spawning thread to check bucket: https://spiderfoot-testtest.blob.core.windows.net
23:04:34 [INFO] Spawning thread to check bucket: https://spiderfoot-testdev.blob.core.windows.net
23:04:34 [INFO] Spawning thread to check bucket: https://spiderfoot-testweb.blob.core.windows.net
23:04:34 [INFO] Spawning thread to check bucket: https://spiderfoot-testbeta.blob.core.windows.net
23:04:34 [INFO] Spawning thread to check bucket: https://spiderfoot-testbucket.blob.core.windows.net
23:04:34 [INFO] Spawning thread to check bucket: https://spiderfoot-testspace.blob.core.windows.net
23:04:34 [INFO] Spawning thread to check bucket: https://spiderfoot-testfiles.blob.core.windows.net
23:04:34 [INFO] Spawning thread to check bucket: https://spiderfoot-testcontent.blob.core.windows.net
23:04:34 [INFO] Spawning thread to check bucket: https://spiderfoot-testdata.blob.core.windows.net
23:04:34 [INFO] Spawning thread to check bucket: https://spiderfoot-testprod.blob.core.windows.net
23:04:34 [INFO] Spawning thread to check bucket: https://spiderfoot-teststaging.blob.core.windows.net
23:04:34 [INFO] Spawning thread to check bucket: https://spiderfoot-testproduction.blob.core.windows.net
23:04:34 [INFO] Spawning thread to check bucket: https://spiderfoot-teststage.blob.core.windows.net
23:04:34 [INFO] Spawning thread to check bucket: https://spiderfoot-testapp.blob.core.windows.net
23:04:34 [INFO] Spawning thread to check bucket: https://spiderfoot-testmedia.blob.core.windows.net
23:04:34 [INFO] Spawning thread to check bucket: https://spiderfoot-testdevelopment.blob.core.windows.net
23:04:34 [INFO] Spawning thread to check bucket: https://spiderfoot-test-test.blob.core.windows.net
23:04:34 [INFO] Spawning thread to check bucket: https://spiderfoot-test-dev.blob.core.windows.net
23:04:34 [INFO] Spawning thread to check bucket: https://spiderfoot-test-web.blob.core.windows.net
PASSED                                                                   [  0%]
test/integration/modules/test_sfp_bambenek.py::TestModuleIntegrationBambenek::test_module_produces_events 
------------------------------- live log setup --------------------------------
23:04:36 [ERROR] Unable to fetch https://osint.bambenekconsulting.com/feeds/dga-feed.txt
23:04:36 [ERROR] Unable to fetch https://osint.bambenekconsulting.com/feeds/c2-ipmasterlist.txt
23:04:36 [ERROR] Unable to fetch https://osint.bambenekconsulting.com/feeds/c2-dommasterlist.txt
PASSED                                                                   [  0%]
test/integration/modules/test_sfp_bgpview.py::TestModuleIntegrationBgpview::test_handleEvent PASSED [  0%]
test/integration/modules/test_sfp_binaryedge.py::TestModuleIntegrationBinaryedge::test_handleEvent 
-------------------------------- live log call --------------------------------
23:04:37 [INFO] No torrent info for 8.8.8.8
23:04:37 [INFO] No vulnerability info for 8.8.8.8
23:04:37 [INFO] No port/banner info for 8.8.8.8
PASSED                                                                   [  0%]
test/integration/modules/test_sfp_bingsearch.py::TestModuleIntegrationbingsearch::test_handleEvent PASSED [  0%]
test/integration/modules/test_sfp_bingsharedip.py::TestModuleIntegrationbingsharedip::test_handleEvent 
-------------------------------- live log call --------------------------------
23:04:37 [ERROR] You enabled sfp_bingsharedip but did not set a Bing API key!
PASSED                                                                   [  0%]
test/integration/modules/test_sfp_bitcoinwhoswho.py::TestModuleIntegrationBitcoinwhoswho::test_handleEvent 
-------------------------------- live log call --------------------------------
23:04:38 [ERROR] You enabled sfp_bitcoinwhoswho but did not set an API key!
PASSED                                                                   [  0%]
test/integration/modules/test_sfp_blockchain.py::TestModuleIntegrationBlockchain::test_handleEvent PASSED [  0%]
test/integration/modules/test_sfp_blocklistde.py::TestModuleIntegrationBlocklistde::test_handleEvent PASSED [  0%]
test/integration/modules/test_sfp_bluesky.py::test_produced_event_type PASSED [  0%]
test/integration/modules/test_sfp_bluesky.py::test_handle_event_stub PASSED [  0%]
test/integration/modules/test_sfp_bluesky.py::test_setup_requires_access_token 
-------------------------------- live log call --------------------------------
23:04:39 [ERROR] [setup] Bluesky access token is required.
PASSED                                                                   [  0%]
test/integration/modules/test_sfp_bluesky.py::test_setup_requires_username 
-------------------------------- live log call --------------------------------
23:04:39 [ERROR] [setup] Bluesky username is required.
PASSED                                                                   [  0%]
test/integration/modules/test_sfp_bnb.py::TestSfpBnbIntegration::test_handle_event_stub 
-------------------------------- live log call --------------------------------
23:04:39 [ERROR] BNB module requires a BscScan API key.
23:04:39 [ERROR] BNB module requires at least one address.
PASSED                                                                   [  0%]
test/integration/modules/test_sfp_bnb.py::TestSfpBnbIntegration::test_produced_event_type 
-------------------------------- live log call --------------------------------
23:04:39 [ERROR] BNB module requires a BscScan API key.
23:04:39 [ERROR] BNB module requires at least one address.
PASSED                                                                   [  0%]
test/integration/modules/test_sfp_botscout.py::TestModuleIntegrationBotscout::test_handleEvent_email_positive PASSED [  0%]
test/integration/modules/test_sfp_botscout.py::TestModuleIntegrationBotscout::test_handleEvent_ip_positive 
-------------------------------- live log call --------------------------------
23:04:40 [INFO] Found BotScout entry for 8.8.8.8: Y|IP|1|2|3
PASSED                                                                   [  0%]
test/integration/modules/test_sfp_botvrij.py::TestModuleIntegrationBotvrij::test_handleEvent_internet_name_blacklisted PASSED [  0%]
test/integration/modules/test_sfp_builtwith.py::TestModuleIntegrationBuiltwith::test_handleEvent_domain_name PASSED [  0%]
test/integration/modules/test_sfp_c99.py::TestModuleIntegrationC99::test_handleEvent_malicious_ip PASSED [  0%]
test/integration/modules/test_sfp_callername.py::TestModuleIntegrationcallername::test_handleEvent_us_number_malicious PASSED [  0%]
test/integration/modules/test_sfp_censys.py::TestModuleIntegrationCensys::test_handleEvent_ip_address 
-------------------------------- live log call --------------------------------
23:04:42 [ERROR] Unexpected HTTP response code 401 from Censys API.
PASSED                                                                   [  0%]
test/integration/modules/test_sfp_certspotter.py::TestModuleIntegrationCertspotter::test_handleEvent_domain_name 
-------------------------------- live log call --------------------------------
23:04:42 [INFO] Resolving 1 hostnames ...
PASSED                                                                   [  0%]
test/integration/modules/test_sfp_cinsscore.py::TestModuleIntegrationCinsscore::test_handleEvent_ip_address_blacklisted PASSED [  0%]
test/integration/modules/test_sfp_circllu.py::TestModuleIntegrationCircllu::test_handleEvent_ip_address_cohosted 
-------------------------------- live log call --------------------------------
23:04:43 [ERROR] Invalid response returned from CIRCL.LU: string indices must be integers, not 'str'
PASSED                                                                   [  0%]
test/integration/modules/test_sfp_cisco_umbrella.py::TestSFPCiscoUmbrella::test_events PASSED [  0%]
test/integration/modules/test_sfp_cisco_umbrella.py::TestSFPCiscoUmbrella::test_handleEvent_api_key_invalid 
-------------------------------- live log call --------------------------------
23:04:44 [ERROR] Unexpected HTTP response code None from Cisco Umbrella API.
23:04:44 [INFO] Module output validation enabled in 'warn' mode
PASSED                                                                   [  0%]
test/integration/modules/test_sfp_cisco_umbrella.py::TestSFPCiscoUmbrella::test_handleEvent_domain_found PASSED [  0%]
test/integration/modules/test_sfp_cisco_umbrella.py::TestSFPCiscoUmbrella::test_handleEvent_domain_not_found 
-------------------------------- live log call --------------------------------
23:04:46 [ERROR] Unexpected HTTP response code None from Cisco Umbrella API.
PASSED                                                                   [  0%]
test/integration/modules/test_sfp_cisco_umbrella.py::TestSFPCiscoUmbrella::test_handleEvent_no_api_key 
-------------------------------- live log call --------------------------------
23:04:47 [ERROR] You enabled sfp_cisco_umbrella but did not set an API key!
PASSED                                                                   [  0%]
test/integration/modules/test_sfp_cisco_umbrella.py::TestSFPCiscoUmbrella::test_query_api_key_invalid PASSED [  0%]
test/integration/modules/test_sfp_cisco_umbrella.py::TestSFPCiscoUmbrella::test_query_domain_found PASSED [  0%]
test/integration/modules/test_sfp_cisco_umbrella.py::TestSFPCiscoUmbrella::test_query_domain_not_found PASSED [  0%]
test/integration/modules/test_sfp_citadel.py::TestModuleIntegrationcitadel::test_handleEvent_emailaddr_compromised 
-------------------------------- live log call --------------------------------
23:04:49 [INFO] Found Leak-Lookup entry for test@example.com: breachsite.com
PASSED                                                                   [  0%]
test/integration/modules/test_sfp_cleanbrowsing.py::TestModuleIntegrationcleanbrowsing::test_handleEvent_event_data_adult_internet_name_blocked_should_return_event PASSED [  0%]
test/integration/modules/test_sfp_cleanbrowsing.py::TestModuleIntegrationcleanbrowsing::test_handleEvent_event_data_safe_internet_name_not_blocked_should_not_return_event PASSED [  0%]
test/integration/modules/test_sfp_cleantalk.py::TestModuleIntegrationcleantalk::test_handleEvent_event_data_safe_ip_address_not_blocked_should_not_return_event PASSED [  0%]
test/integration/modules/test_sfp_cloudflaredns.py::TestModuleIntegrationCloudflaredns::test_handleEvent_blocked_domain PASSED [  0%]
test/integration/modules/test_sfp_cloudflaredns.py::TestModuleIntegrationCloudflaredns::test_handleEvent_safe_domain PASSED [  0%]
test/integration/modules/test_sfp_cloudfront.py::TestModuleIntegrationCloudfront::test_handleEvent_cloudfront_cname PASSED [  0%]
test/integration/modules/test_sfp_cloudfront.py::TestModuleIntegrationCloudfront::test_handleEvent_cloudfront_headers PASSED [  0%]
test/integration/modules/test_sfp_comodo.py::TestModuleIntegrationcomodo::test_handleEvent_event_data_blocked_should_return_event PASSED [  0%]
test/integration/modules/test_sfp_comodo.py::TestModuleIntegrationcomodo::test_handleEvent_event_data_safe_internet_name_not_blocked_should_not_return_event PASSED [  0%]
test/integration/modules/test_sfp_criminalip.py::TestModuleIntegrationCriminalip::test_handleEvent_api_error PASSED [  0%]
test/integration/modules/test_sfp_criminalip.py::TestModuleIntegrationCriminalip::test_handleEvent_domain PASSED [  0%]
test/integration/modules/test_sfp_criminalip.py::TestModuleIntegrationCriminalip::test_handleEvent_ip PASSED [  0%]
test/integration/modules/test_sfp_criminalip.py::TestModuleIntegrationCriminalip::test_handleEvent_phone PASSED [  0%]
test/integration/modules/test_sfp_criminalip.py::TestModuleIntegrationCriminalip::test_handleEvent_rate_limit PASSED [  0%]
test/integration/modules/test_sfp_criminalip.py::TestModuleIntegrationCriminalip::test_queryCriminalIP PASSED [  0%]
test/integration/modules/test_sfp_dideo.py::TestSfpDideoIntegration::test_handle_event_emits_event PASSED [  0%]
test/integration/modules/test_sfp_dideo.py::TestSfpDideoIntegration::test_produced_event_type PASSED [  0%]
test/integration/modules/test_sfp_discord.py::TestSfpDiscordIntegration::test_handle_event_api_error 
-------------------------------- live log call --------------------------------
23:04:54 [ERROR] [handleEvent] Discord API error: 500 Internal Server Error
PASSED                                                                   [  0%]
test/integration/modules/test_sfp_discord.py::TestSfpDiscordIntegration::test_handle_event_emits_events PASSED [  0%]
test/integration/modules/test_sfp_discord.py::TestSfpDiscordIntegration::test_handle_event_forbidden 
-------------------------------- live log call --------------------------------
23:04:55 [ERROR] [handleEvent] Forbidden: Bot does not have access to channel 1234567890.
PASSED                                                                   [  0%]
test/integration/modules/test_sfp_discord.py::TestSfpDiscordIntegration::test_handle_event_invalid_token 
-------------------------------- live log call --------------------------------
23:04:55 [ERROR] [handleEvent] Unauthorized: Invalid Discord bot token for channel 1234567890.
PASSED                                                                   [  0%]
test/integration/modules/test_sfp_discord.py::TestSfpDiscordIntegration::test_handle_event_no_messages PASSED [  1%]
test/integration/modules/test_sfp_discord.py::TestSfpDiscordIntegration::test_produced_event_type PASSED [  1%]
test/integration/modules/test_sfp_dns_for_family.py::TestModuleIntegrationDnsForFamily::test_handleEvent_event_data_adult_internet_name_blocked_should_return_event PASSED [  1%]
test/integration/modules/test_sfp_dns_for_family.py::TestModuleIntegrationDnsForFamily::test_handleEvent_event_data_safe_internet_name_not_blocked_should_not_return_event PASSED [  1%]
test/integration/modules/test_sfp_dnsresolve.py::TestModuleIntegrationDnsResolve::test_enrichTarget_should_return_SpiderFootTarget 
-------------------------------- live log call --------------------------------
23:04:55 [INFO] Identifying aliases for specified target(s)
23:04:55 [INFO] Target aliases identified: [{'type': 'INTERNET_NAME', 'value': 'arkime.soc.local'}, {'type': 'INTERNET_NAME', 'value': 'ghostwriter.localhost'}, {'type': 'INTERNET_NAME', 'value': 'bloodhound.nemesis.local'}, {'type': 'INTERNET_NAME', 'value': 'nemesis.local'}, {'type': 'IP_ADDRESS', 'value': '127.0.0.1'}, {'type': 'INTERNET_NAME', 'value': 'ghostwriter-graphql.localhost'}, {'type': 'INTERNET_NAME', 'value': 'ghostwriter.nemesis.local'}, {'type': 'INTERNET_NAME', 'value': 'wazuh.soc.local'}]
PASSED                                                                   [  1%]
test/integration/modules/test_sfp_dnsresolve.py::TestModuleIntegrationDnsResolve::test_handleEvent_event_data_affiliate_ip_address_should_return_affiliate_internet_name_event PASSED [  1%]
test/integration/modules/test_sfp_dnsresolve.py::TestModuleIntegrationDnsResolve::test_handleEvent_event_data_ip_address_should_return_internet_name_event PASSED [  1%]
test/integration/modules/test_sfp_dnsresolve.py::TestModuleIntegrationDnsResolve::test_handleEvent_event_data_ipv6_address_should_return_internet_name_event PASSED [  1%]
test/integration/modules/test_sfp_dnsresolve.py::TestModuleIntegrationDnsResolve::test_handleEvent_event_data_raw_rir_data_containing_subdomain_should_return_internet_name_event PASSED [  1%]
test/integration/modules/test_sfp_dnsresolve.py::TestModuleIntegrationDnsResolve::test_resolveTargets_should_return_list 
test/integration/modules/test_sfp_dnsresolve.py::TestModuleIntegrationDnsResolve::test_resolveTargets_should_return_list PASSED [  1%]
test/integration/modules/test_sfp_douyin.py::TestSfpDouyinIntegration::test_handle_event_stub PASSED [  1%]
test/integration/modules/test_sfp_douyin.py::TestSfpDouyinIntegration::test_integration_api_error 
-------------------------------- live log call --------------------------------
23:05:16 [ERROR] Error fetching videos for user erroruser: Simulated API error for user erroruser
PASSED                                                                   [  1%]
test/integration/modules/test_sfp_douyin.py::TestSfpDouyinIntegration::test_integration_deduplication PASSED [  1%]
test/integration/modules/test_sfp_douyin.py::TestSfpDouyinIntegration::test_integration_emits_all_events PASSED [  1%]
test/integration/modules/test_sfp_douyin.py::TestSfpDouyinIntegration::test_integration_no_users 
-------------------------------- live log call --------------------------------
23:05:17 [INFO] No Douyin usernames configured.
PASSED                                                                   [  1%]
test/integration/modules/test_sfp_douyin.py::TestSfpDouyinIntegration::test_integration_no_videos 
-------------------------------- live log call --------------------------------
23:05:17 [INFO] No videos found for user nouser.
PASSED                                                                   [  1%]
test/integration/modules/test_sfp_douyin.py::TestSfpDouyinIntegration::test_produced_event_type PASSED [  1%]
test/integration/modules/test_sfp_dronebl.py::TestModuleIntegrationDronebl::test_handleEvent_event_data_safe_ip_address_not_blocked_should_not_return_event PASSED [  1%]
test/integration/modules/test_sfp_ethereum.py::test_produced_event_type PASSED [  1%]
test/integration/modules/test_sfp_ethereum.py::test_handle_event_stub PASSED [  1%]
test/integration/modules/test_sfp_ethereum.py::test_setup_requires_api_key 
-------------------------------- live log call --------------------------------
23:05:22 [ERROR] [setup] API key is required.
PASSED                                                                   [  1%]
test/integration/modules/test_sfp_ethereum.py::test_setup_requires_addresses 
-------------------------------- live log call --------------------------------
23:05:22 [ERROR] [setup] addresses is required.
PASSED                                                                   [  1%]
test/integration/modules/test_sfp_fofa.py::TestModuleIntegrationFofa::test_handleEvent_emits_all_event_types PASSED [  1%]
test/integration/modules/test_sfp_fofa.py::TestModuleIntegrationFofa::test_handleEvent_handles_empty_and_null_results PASSED [  1%]
test/integration/modules/test_sfp_fofa.py::TestModuleIntegrationFofa::test_handle_event_api_error 
-------------------------------- live log call --------------------------------
23:05:23 [ERROR] Fofa API error: API error
PASSED                                                                   [  1%]
test/integration/modules/test_sfp_fofa.py::TestModuleIntegrationFofa::test_handle_event_emits_events PASSED [  1%]
test/integration/modules/test_sfp_fofa.py::TestModuleIntegrationFofa::test_handle_event_invalid_key 
-------------------------------- live log call --------------------------------
23:05:23 [ERROR] You enabled sfp_fofa but did not set an API key or email!
PASSED                                                                   [  1%]
test/integration/modules/test_sfp_fofa.py::TestModuleIntegrationFofa::test_handle_event_no_results PASSED [  1%]
test/integration/modules/test_sfp_fofa.py::TestModuleIntegrationFofa::test_producedEvents PASSED [  1%]
test/integration/modules/test_sfp_fofa.py::TestModuleIntegrationFofa::test_watchedEvents PASSED [  1%]
test/integration/modules/test_sfp_fullcontact.py::TestModuleIntegrationFullContact::test_handleEvent 
-------------------------------- live log call --------------------------------
23:05:23 [ERROR] You enabled sfp_fullcontact but did not set an API key!
PASSED                                                                   [  1%]
test/integration/modules/test_sfp_hosting.py::TestModuleIntegrationHosting::test_handleEvent_event_data_ip_address_not_hosted_should_not_return_event PASSED [  1%]
test/integration/modules/test_sfp_instagram.py::TestSfpInstagramIntegration::test_handle_event_stub PASSED [  1%]
test/integration/modules/test_sfp_instagram.py::TestSfpInstagramIntegration::test_produced_event_type PASSED [  1%]
test/integration/modules/test_sfp_junkfiles.py::TestModuleIntegrationJunkfiles::test_handle_event_returns_none FAILED [  1%]
test/integration/modules/test_sfp_junkfiles.py::TestModuleIntegrationJunkfiles::test_meta_is_valid PASSED [  1%]
test/integration/modules/test_sfp_junkfiles.py::TestModuleIntegrationJunkfiles::test_produced_events_non_empty PASSED [  1%]
test/integration/modules/test_sfp_junkfiles.py::TestModuleIntegrationJunkfiles::test_watched_events_non_empty PASSED [  1%]
test/integration/modules/test_sfp_leakcheck.py::TestModuleIntegrationLeakcheck::test_handleEvent_domain_name PASSED [  1%]
test/integration/modules/test_sfp_luminar.py::TestModuleLuminar::test_handleEvent PASSED [  1%]
test/integration/modules/test_sfp_luminar.py::TestModuleLuminar::test_producedEvents PASSED [  1%]
test/integration/modules/test_sfp_luminar.py::TestModuleLuminar::test_query PASSED [  1%]
test/integration/modules/test_sfp_luminar.py::TestModuleLuminar::test_watchedEvents PASSED [  1%]
test/integration/modules/test_sfp_mandiant_ti.py::TestModuleMandiantTI::test_handleEvent PASSED [  1%]
test/integration/modules/test_sfp_mandiant_ti.py::TestModuleMandiantTI::test_producedEvents PASSED [  1%]
test/integration/modules/test_sfp_mandiant_ti.py::TestModuleMandiantTI::test_query PASSED [  1%]
test/integration/modules/test_sfp_mandiant_ti.py::TestModuleMandiantTI::test_watchedEvents PASSED [  1%]
test/integration/modules/test_sfp_mastodon.py::test_produced_event_type PASSED [  1%]
test/integration/modules/test_sfp_mastodon.py::test_handle_event_stub PASSED [  1%]
test/integration/modules/test_sfp_mastodon.py::test_setup_requires_access_token 
-------------------------------- live log call --------------------------------
23:05:28 [ERROR] [setup] Mastodon access token is required.
PASSED                                                                   [  1%]
test/integration/modules/test_sfp_mastodon.py::test_setup_requires_username 
-------------------------------- live log call --------------------------------
23:05:28 [ERROR] [setup] Mastodon username is required.
PASSED                                                                   [  1%]
test/integration/modules/test_sfp_matrix.py::test_produced_event_type PASSED [  1%]
test/integration/modules/test_sfp_matrix.py::test_handle_event_stub PASSED [  1%]
test/integration/modules/test_sfp_matrix.py::test_setup_requires_access_token 
-------------------------------- live log call --------------------------------
23:05:29 [ERROR] [setup] Matrix access token is required.
PASSED                                                                   [  1%]
test/integration/modules/test_sfp_matrix.py::test_setup_requires_room_id 
-------------------------------- live log call --------------------------------
23:05:29 [ERROR] [setup] Matrix room_id is required.
PASSED                                                                   [  1%]
test/integration/modules/test_sfp_mattermost.py::test_produced_event_type PASSED [  1%]
test/integration/modules/test_sfp_mattermost.py::test_handle_event_stub PASSED [  1%]
test/integration/modules/test_sfp_mattermost.py::test_setup_requires_access_token 
-------------------------------- live log call --------------------------------
23:05:29 [ERROR] [setup] Mattermost access token is required.
PASSED                                                                   [  1%]
test/integration/modules/test_sfp_mattermost.py::test_setup_requires_channel_id 
-------------------------------- live log call --------------------------------
23:05:29 [ERROR] [setup] Mattermost channel_id is required.
PASSED                                                                   [  1%]
test/integration/modules/test_sfp_netlas.py::TestModuleIntegrationNetlas::test_handleEvent PASSED [  1%]
test/integration/modules/test_sfp_netlas.py::TestModuleIntegrationNetlas::test_setup PASSED [  1%]
test/integration/modules/test_sfp_netlas.py::TestModuleIntegrationNetlas::test_watchedEvents PASSED [  1%]
test/integration/modules/test_sfp_neutrinoapi.py::TestModuleIntegrationNeutrinoapi::test_handleEvent_emits_events_on_valid_ip PASSED [  1%]
test/integration/modules/test_sfp_numverify.py::TestModuleIntegrationNumverify::test_handleEvent_emits_events_on_valid_phone PASSED [  1%]
test/integration/modules/test_sfp_onioncity.py::TestModuleIntegrationOnioncity::test_handleEvent_emits_events_on_domain PASSED [  1%]
test/integration/modules/test_sfp_onionsearchengine.py::TestModuleIntegrationOnionsearchengine::test_handleEvent_emits_events_on_domain PASSED [  1%]
test/integration/modules/test_sfp_onyphe.py::TestModuleIntegrationOnyphe::test_handleEvent_emits_events_on_ip 
-------------------------------- live log call --------------------------------
23:05:32 [INFO] Found GeoIP for 1.2.3.4: Paris, France
23:05:32 [INFO] Found location for 1.2.3.4: 48.8566,2.3522
PASSED                                                                   [  1%]
test/integration/modules/test_sfp_openbugbounty.py::TestModuleIntegrationOpenbugbounty::test_handleEvent_emits_vulnerability_disclosure PASSED [  1%]
test/integration/modules/test_sfp_opendns.py::test_handleEvent_event_data_safe_internet_name_not_blocked_should_not_return_event PASSED [  1%]
test/integration/modules/test_sfp_opendns.py::test_handleEvent_event_data_adult_internet_name_blocked_should_return_event PASSED [  1%]
test/integration/modules/test_sfp_opennic.py::TestModuleIntegrationOpenNic::test_handleEvent_event_data_internet_name_with_opennic_tld_should_return_ip_address_event PASSED [  1%]
test/integration/modules/test_sfp_openwifimap.py::TestSfpOpenWifiMapIntegration::test_handle_event_stub PASSED [  1%]
test/integration/modules/test_sfp_openwifimap.py::TestSfpOpenWifiMapIntegration::test_produced_event_type PASSED [  1%]
test/integration/modules/test_sfp_quad9.py::TestModuleIntegrationQuad9::test_handleEvent_event_data_safe_internet_name_not_blocked_should_not_return_event PASSED [  1%]
test/integration/modules/test_sfp_recordedfuture.py::TestModuleRecordedFuture::test_handleEvent PASSED [  1%]
test/integration/modules/test_sfp_recordedfuture.py::TestModuleRecordedFuture::test_producedEvents PASSED [  1%]
test/integration/modules/test_sfp_recordedfuture.py::TestModuleRecordedFuture::test_query PASSED [  1%]
test/integration/modules/test_sfp_recordedfuture.py::TestModuleRecordedFuture::test_watchedEvents PASSED [  1%]
test/integration/modules/test_sfp_reddit.py::TestSfpRedditIntegration::test_handle_event_stub PASSED [  1%]
test/integration/modules/test_sfp_reddit.py::TestSfpRedditIntegration::test_produced_event_type PASSED [  1%]
test/integration/modules/test_sfp_rocketchat.py::test_produced_event_type PASSED [  1%]
test/integration/modules/test_sfp_rocketchat.py::test_handle_event_stub PASSED [  1%]
test/integration/modules/test_sfp_rocketchat.py::test_setup_requires_access_token 
-------------------------------- live log call --------------------------------
23:05:39 [ERROR] [setup] Rocket.Chat access token is required.
PASSED                                                                   [  1%]
test/integration/modules/test_sfp_rocketchat.py::test_setup_requires_room_id 
-------------------------------- live log call --------------------------------
23:05:39 [ERROR] [setup] Rocket.Chat room_id is required.
PASSED                                                                   [  1%]
test/integration/modules/test_sfp_rocketreach.py::TestSFPRrocketreach::test_events PASSED [  1%]
test/integration/modules/test_sfp_rocketreach.py::TestSFPRrocketreach::test_handleEvent_api_key_invalid 
-------------------------------- live log call --------------------------------
23:05:41 [ERROR] RocketReach API request failed: 404 Client Error: Not Found for url: https://api.rocketreach.co/v2/person/search?query=example.com&type=domain&limit=100
23:05:41 [INFO] No RocketReach info found for example.com
PASSED                                                                   [  1%]
test/integration/modules/test_sfp_rocketreach.py::TestSFPRrocketreach::test_handleEvent_deduplication PASSED [  1%]
test/integration/modules/test_sfp_rocketreach.py::TestSFPRrocketreach::test_handleEvent_domain_found 
-------------------------------- live log call --------------------------------
23:05:43 [ERROR] RocketReach API request failed: 404 Client Error: Not Found for url: https://api.rocketreach.co/v2/person/search?query=google.com&type=domain&limit=100
23:05:43 [INFO] No RocketReach info found for google.com
PASSED                                                                   [  2%]
test/integration/modules/test_sfp_rocketreach.py::TestSFPRrocketreach::test_handleEvent_domain_not_found 
-------------------------------- live log call --------------------------------
23:05:44 [ERROR] RocketReach API request failed: 404 Client Error: Not Found for url: https://api.rocketreach.co/v2/person/search?query=thisdomaindoesnotexist.com&type=domain&limit=100
23:05:44 [INFO] No RocketReach info found for thisdomaindoesnotexist.com
PASSED                                                                   [  2%]
test/integration/modules/test_sfp_rocketreach.py::TestSFPRrocketreach::test_handleEvent_emits_events PASSED [  2%]
test/integration/modules/test_sfp_rocketreach.py::TestSFPRrocketreach::test_handleEvent_error_handling 
-------------------------------- live log call --------------------------------
23:05:45 [ERROR] You enabled sfp_rocketreach but did not set an API key!
PASSED                                                                   [  2%]
test/integration/modules/test_sfp_rocketreach.py::TestSFPRrocketreach::test_handleEvent_malformed_response PASSED [  2%]
test/integration/modules/test_sfp_rocketreach.py::TestSFPRrocketreach::test_handleEvent_no_api_key 
-------------------------------- live log call --------------------------------
23:05:47 [ERROR] You enabled sfp_rocketreach but did not set an API key!
PASSED                                                                   [  2%]
test/integration/modules/test_sfp_rocketreach.py::TestSFPRrocketreach::test_query_api_key_invalid 
-------------------------------- live log call --------------------------------
23:05:47 [ERROR] Invalid RocketReach API key
PASSED                                                                   [  2%]
test/integration/modules/test_sfp_rocketreach.py::TestSFPRrocketreach::test_query_domain_found PASSED [  2%]
test/integration/modules/test_sfp_rocketreach.py::TestSFPRrocketreach::test_query_domain_not_found 
-------------------------------- live log call --------------------------------
23:05:49 [ERROR] RocketReach API request failed: 404 Client Error
PASSED                                                                   [  2%]
test/integration/modules/test_sfp_rocketreach.py::TestSFPRrocketreach::test_query_email_found PASSED [  2%]
test/integration/modules/test_sfp_rocketreach.py::TestSFPRrocketreach::test_query_email_not_found 
-------------------------------- live log call --------------------------------
23:05:51 [ERROR] RocketReach API request failed: 404 Client Error
PASSED                                                                   [  2%]
test/integration/modules/test_sfp_rubika.py::TestSfpRubikaIntegration::test_handle_event_stub PASSED [  2%]
test/integration/modules/test_sfp_rubika.py::TestSfpRubikaIntegration::test_produced_event_type PASSED [  2%]
test/integration/modules/test_sfp_sorbs.py::TestModuleIntegrationSorbs::test_handleEvent_event_data_safe_ip_address_not_blocked_should_not_return_event PASSED [  2%]
test/integration/modules/test_sfp_soroush.py::TestSfpSoroushIntegration::test_handle_event_stub PASSED [  2%]
test/integration/modules/test_sfp_soroush.py::TestSfpSoroushIntegration::test_produced_event_type PASSED [  2%]
test/integration/modules/test_sfp_spamcop.py::TestModuleIntegrationSpamcop::test_handleEvent_event_data_safe_ip_address_not_blocked_should_not_return_event PASSED [  2%]
test/integration/modules/test_sfp_spamhaus.py::TestModuleIntegrationSpamhaus::test_handleEvent_event_data_safe_ip_address_not_blocked_should_not_return_event PASSED [  2%]
test/integration/modules/test_sfp_stackoverflow.py::TestModuleIntegrationStackoverflow::test_handle_event_no_crash 
-------------------------------- live log call --------------------------------
23:06:06 [ERROR] Error querying StackExchange API: '_fetchtimeout'
FAILED                                                                   [  2%]
test/integration/modules/test_sfp_stackoverflow.py::TestModuleIntegrationStackoverflow::test_meta_is_valid PASSED [  2%]
test/integration/modules/test_sfp_stackoverflow.py::TestModuleIntegrationStackoverflow::test_produced_events_non_empty PASSED [  2%]
test/integration/modules/test_sfp_stackoverflow.py::TestModuleIntegrationStackoverflow::test_watched_events_non_empty PASSED [  2%]
test/integration/modules/test_sfp_stevenblack_hosts.py::test_handleEvent_event_data_affiliate_internet_name_matching_ad_server_should_return_event PASSED [  2%]
test/integration/modules/test_sfp_stevenblack_hosts.py::test_handleEvent_event_data_affiliate_internet_name_not_matching_ad_server_should_not_return_event PASSED [  2%]
test/integration/modules/test_sfp_surbl.py::TestModuleIntegrationSurbl::test_handleEvent_event_data_safe_ip_address_not_blocked_should_not_return_event PASSED [  2%]
test/integration/modules/test_sfp_telegram.py::IntegrationTestTelegramPlugin::test_integration_event_emission PASSED [  2%]
test/integration/modules/test_sfp_threatcrowd.py::TestModuleIntegrationThreatcrowd::test_handleEvent_emits_malicious_ipaddr 
-------------------------------- live log call --------------------------------
23:06:14 [INFO] Found ThreatCrowd URL data for 1.2.3.4
PASSED                                                                   [  2%]
test/integration/modules/test_sfp_tool_phoneinfoga.py::TestModuleIntegrationPhoneInfoga::test_integration_phoneinfoga PASSED [  2%]
test/integration/modules/test_sfp_tool_phoneinfoga.py::TestModuleIntegrationPhoneInfoga::test_integration_phoneinfoga_error_and_retry 
-------------------------------- live log call --------------------------------
23:06:14 [ERROR] No response from PhoneInfoga API (attempt 1)
PASSED                                                                   [  2%]
test/integration/modules/test_sfp_tool_phoneinfoga.py::TestModuleIntegrationPhoneInfoga::test_integration_phoneinfoga_full PASSED [  2%]
test/integration/modules/test_sfp_tool_phoneinfoga.py::TestModuleIntegrationPhoneInfoga::test_integration_phoneinfoga_remote PASSED [  2%]
test/integration/modules/test_sfp_tool_wappalyzer.py::test_integration_wappalyzer_api_success PASSED [  2%]
test/integration/modules/test_sfp_tool_wappalyzer.py::test_integration_wappalyzer_api_error 
-------------------------------- live log call --------------------------------
23:06:17 [ERROR] Wappalyzer API error: 403 Forbidden
PASSED                                                                   [  2%]
test/integration/modules/test_sfp_tool_wappalyzer.py::test_integration_wappalyzer_api_no_technologies PASSED [  2%]
test/integration/modules/test_sfp_tron.py::test_produced_event_type PASSED [  2%]
test/integration/modules/test_sfp_tron.py::test_handle_event_stub PASSED [  2%]
test/integration/modules/test_sfp_tron.py::test_setup_requires_api_key 
-------------------------------- live log call --------------------------------
23:06:17 [ERROR] [setup] API key is required.
PASSED                                                                   [  2%]
test/integration/modules/test_sfp_tron.py::test_setup_requires_addresses 
-------------------------------- live log call --------------------------------
23:06:18 [ERROR] [setup] addresses is required.
PASSED                                                                   [  2%]
test/integration/modules/test_sfp_trumail.py::TestModuleIntegrationTrumail::test_handleEvent_emits_events PASSED [  2%]
test/integration/modules/test_sfp_twilio.py::TestModuleIntegrationTwilio::test_handleEvent_emits_events PASSED [  2%]
test/integration/modules/test_sfp_twitter.py::TestModuleIntegrationTwitter::test_handleEvent_emits_events PASSED [  2%]
test/integration/modules/test_sfp_uceprotect.py::TestModuleIntegrationUceprotect::test_handleEvent_event_data_safe_ip_address_not_blocked_should_not_return_event PASSED [  2%]
test/integration/modules/test_sfp_unwiredlabs.py::test_produced_event_type PASSED [  2%]
test/integration/modules/test_sfp_unwiredlabs.py::test_handle_event_stub PASSED [  2%]
test/integration/modules/test_sfp_unwiredlabs.py::test_setup_requires_api_key 
-------------------------------- live log call --------------------------------
23:06:27 [ERROR] [setup] UnwiredLabs API key is required.
PASSED                                                                   [  2%]
test/integration/modules/test_sfp_unwiredlabs.py::test_setup_requires_search_value 
-------------------------------- live log call --------------------------------
23:06:27 [ERROR] [setup] search_value is required.
PASSED                                                                   [  2%]
test/integration/modules/test_sfp_urlscan.py::TestModuleIntegrationUrlscan::test_handleEvent_emits_events 
-------------------------------- live log call --------------------------------
23:06:27 [INFO] Resolving 1 domains ...
PASSED                                                                   [  2%]
test/integration/modules/test_sfp_venmo.py::TestModuleIntegrationVenmo::test_handleEvent_emits_events_on_valid_username PASSED [  2%]
test/integration/modules/test_sfp_virustotal.py::TestModuleIntegrationVirustotal::test_handleEvent_internet_name 
-------------------------------- live log call --------------------------------
23:06:28 [INFO] Found VirusTotal detections for example.com
PASSED                                                                   [  2%]
test/integration/modules/test_sfp_virustotal.py::TestModuleIntegrationVirustotal::test_handleEvent_ip_address 
-------------------------------- live log call --------------------------------
23:06:29 [INFO] Found VirusTotal detections for 8.8.8.8
PASSED                                                                   [  2%]
test/integration/modules/test_sfp_wechat.py::TestSfpWeChatIntegration::test_handle_event_stub PASSED [  2%]
test/integration/modules/test_sfp_wechat.py::TestSfpWeChatIntegration::test_integration_api_error 
-------------------------------- live log call --------------------------------
23:06:30 [ERROR] Error fetching messages for user erroruser: Simulated API error for user erroruser
PASSED                                                                   [  2%]
test/integration/modules/test_sfp_wechat.py::TestSfpWeChatIntegration::test_integration_deduplication PASSED [  2%]
test/integration/modules/test_sfp_wechat.py::TestSfpWeChatIntegration::test_integration_emits_all_events PASSED [  2%]
test/integration/modules/test_sfp_wechat.py::TestSfpWeChatIntegration::test_integration_missing_api_key 
-------------------------------- live log call --------------------------------
23:06:30 [ERROR] WeChat API key is required.
PASSED                                                                   [  2%]
test/integration/modules/test_sfp_wechat.py::TestSfpWeChatIntegration::test_integration_no_messages 
-------------------------------- live log call --------------------------------
23:06:30 [INFO] No messages found for user nouser.
PASSED                                                                   [  2%]
test/integration/modules/test_sfp_wechat.py::TestSfpWeChatIntegration::test_integration_no_users 
-------------------------------- live log call --------------------------------
23:06:30 [INFO] No WeChat user IDs configured.
PASSED                                                                   [  2%]
test/integration/modules/test_sfp_wechat.py::TestSfpWeChatIntegration::test_produced_event_type PASSED [  2%]
test/integration/modules/test_sfp_whatsapp.py::TestSfpWhatsAppIntegration::test_handle_event_stub PASSED [  2%]
test/integration/modules/test_sfp_whatsapp.py::TestSfpWhatsAppIntegration::test_produced_event_type PASSED [  2%]
test/integration/modules/test_sfp_whoisfreaks.py::TestModuleIntegrationWhoisfreaks::test_handleEvent PASSED [  2%]
test/integration/modules/test_sfp_whoisfreaks.py::TestModuleIntegrationWhoisfreaks::test_producedEvents PASSED [  2%]
test/integration/modules/test_sfp_whoisfreaks.py::TestModuleIntegrationWhoisfreaks::test_query PASSED [  2%]
test/integration/modules/test_sfp_whoisfreaks.py::TestModuleIntegrationWhoisfreaks::test_setup PASSED [  2%]
test/integration/modules/test_sfp_whoisfreaks.py::TestModuleIntegrationWhoisfreaks::test_watchedEvents PASSED [  2%]
test/integration/modules/test_sfp_wificafespots.py::test_produced_event_type PASSED [  2%]
test/integration/modules/test_sfp_wificafespots.py::test_handle_event_stub PASSED [  2%]
test/integration/modules/test_sfp_wificafespots.py::test_setup_requires_search_term 
-------------------------------- live log call --------------------------------
23:06:31 [ERROR] [setup] search_term is required.
PASSED                                                                   [  2%]
test/integration/modules/test_sfp_wifimapio.py::test_produced_event_type PASSED [  2%]
test/integration/modules/test_sfp_wifimapio.py::test_handle_event_stub PASSED [  2%]
test/integration/modules/test_sfp_wifimapio.py::test_setup_requires_search_term 
-------------------------------- live log call --------------------------------
23:06:32 [ERROR] [setup] search_term is required.
PASSED                                                                   [  2%]
test/integration/modules/test_sfp_xiaohongshu.py::TestSfpXiaohongshuIntegration::test_handle_event_stub PASSED [  2%]
test/integration/modules/test_sfp_xiaohongshu.py::TestSfpXiaohongshuIntegration::test_integration_api_error 
-------------------------------- live log call --------------------------------
23:06:32 [ERROR] Error fetching posts for user erroruser: Simulated API error for user erroruser
PASSED                                                                   [  2%]
test/integration/modules/test_sfp_xiaohongshu.py::TestSfpXiaohongshuIntegration::test_integration_deduplication PASSED [  2%]
test/integration/modules/test_sfp_xiaohongshu.py::TestSfpXiaohongshuIntegration::test_integration_emits_all_events PASSED [  2%]
test/integration/modules/test_sfp_xiaohongshu.py::TestSfpXiaohongshuIntegration::test_integration_no_posts 
-------------------------------- live log call --------------------------------
23:06:32 [INFO] No posts found for user nouser.
PASSED                                                                   [  2%]
test/integration/modules/test_sfp_xiaohongshu.py::TestSfpXiaohongshuIntegration::test_integration_no_users 
-------------------------------- live log call --------------------------------
23:06:32 [INFO] No Xiaohongshu usernames configured.
PASSED                                                                   [  2%]
test/integration/modules/test_sfp_xiaohongshu.py::TestSfpXiaohongshuIntegration::test_produced_event_type PASSED [  2%]
test/integration/modules/test_sfp_yandexdns.py::test_handleEvent_event_data_safe_internet_name_not_blocked_should_not_return_event PASSED [  2%]
test/integration/modules/test_sfp_yandexdns.py::test_handleEvent_event_data_adult_internet_name_blocked_should_return_event PASSED [  2%]
test/integration/modules/test_sfp_zoomeye.py::TestModuleIntegrationZoomEye::test_handleEvent PASSED [  2%]
test/integration/modules/test_sfp_zoomeye.py::TestModuleIntegrationZoomEye::test_handleEvent_deduplication PASSED [  2%]
test/integration/modules/test_sfp_zoomeye.py::TestModuleIntegrationZoomEye::test_handleEvent_emits_all_event_types PASSED [  2%]
test/integration/modules/test_sfp_zoomeye.py::TestModuleIntegrationZoomEye::test_handleEvent_error_handling 
-------------------------------- live log call --------------------------------
23:06:33 [ERROR] ZoomEye API key is required.
PASSED                                                                   [  2%]
test/integration/modules/test_sfp_zoomeye.py::TestModuleIntegrationZoomEye::test_handleEvent_malformed_response PASSED [  2%]
test/integration/modules/test_sfp_zoomeye.py::TestModuleIntegrationZoomEye::test_producedEvents PASSED [  2%]
test/integration/modules/test_sfp_zoomeye.py::TestModuleIntegrationZoomEye::test_query PASSED [  2%]
test/integration/modules/test_sfp_zoomeye.py::TestModuleIntegrationZoomEye::test_setup 
-------------------------------- live log call --------------------------------
23:06:34 [ERROR] ZoomEye API key is required.
PASSED                                                                   [  3%]
test/integration/modules/test_sfp_zoomeye.py::TestModuleIntegrationZoomEye::test_watchedEvents PASSED [  3%]
test/integration/modules/test_wappalyzer_api.py::test_integration_wappalyzer_api_success PASSED [  3%]
test/integration/modules/test_wappalyzer_api.py::test_integration_wappalyzer_api_error 
-------------------------------- live log call --------------------------------
23:06:34 [ERROR] Wappalyzer API error: 403 Forbidden
PASSED                                                                   [  3%]
test/integration/modules/test_wappalyzer_api.py::test_integration_wappalyzer_api_no_technologies PASSED [  3%]
test/integration/spiderfoot/test_correlation_engine_integration.py::test_correlation_engine_integration 
-------------------------------- live log call --------------------------------
23:06:34 [INFO] Created correlation corr_integration_rule for rule integration_rule: Integration headline integration@example.com
PASSED                                                                   [  3%]
test/integration/spiderfoot/test_correlation_engine_integration.py::test_multiple_rules 
-------------------------------- live log call --------------------------------
23:06:34 [INFO] Created correlation corr_match_rule for rule match_rule: Match headline integration@example.com
PASSED                                                                   [  3%]
test/integration/spiderfoot/test_correlation_engine_integration.py::test_threshold_logic PASSED [  3%]
test/integration/spiderfoot/test_correlation_engine_integration.py::test_non_matching_event_type PASSED [  3%]
test/integration/spiderfoot/test_correlation_engine_integration.py::test_empty_ruleset PASSED [  3%]
test/integration/spiderfoot/test_correlation_engine_integration.py::test_empty_events PASSED [  3%]
test/integration/spiderfoot/test_correlation_engine_integration.py::test_invalid_rule_format 
-------------------------------- live log call --------------------------------
23:06:35 [WARNING] No collection rules defined
23:06:35 [ERROR] Error processing rule invalid_rule: 'meta'
PASSED                                                                   [  3%]
test/integration/spiderfoot/test_correlation_engine_integration.py::test_multiple_scans 
-------------------------------- live log call --------------------------------
23:06:35 [INFO] Created correlation corr_multi_scan_rule for rule multi_scan_rule: Multi scan headline integration@example.com
23:06:35 [INFO] Created correlation corr_multi_scan_rule for rule multi_scan_rule: Multi scan headline integration2@example.com
PASSED                                                                   [  3%]
test/integration/spiderfoot/test_correlation_engine_integration.py::test_parametrized_threshold_and_type[EMAILADDR-1-True] 
-------------------------------- live log call --------------------------------
23:06:35 [INFO] Created correlation corr_param_rule for rule param_rule: Param headline integration@example.com
PASSED                                                                   [  3%]
test/integration/spiderfoot/test_correlation_engine_integration.py::test_parametrized_threshold_and_type[EMAILADDR-2-False] PASSED [  3%]
test/integration/spiderfoot/test_correlation_engine_integration.py::test_parametrized_threshold_and_type[IP_ADDRESS-1-False] PASSED [  3%]
test/integration/spiderfoot/test_correlation_engine_integration.py::test_cross_scan_correlation 
-------------------------------- live log call --------------------------------
23:06:35 [INFO] Created correlation corr_cross_scan_rule for rule cross_scan_rule: Cross scan headline shared@example.com
PASSED                                                                   [  3%]
test/integration/spiderfoot/test_correlation_engine_integration.py::test_rule_loader_yaml PASSED [  3%]
test/integration/test_cross_component.py::TestPipelineWithFilters::test_filter_stage_blocks_events PASSED [  3%]
test/integration/test_cross_component.py::TestPipelineWithFilters::test_pipeline_tagging_and_routing PASSED [  3%]
test/integration/test_cross_component.py::TestPipelineWithFilters::test_pipeline_validator_then_transform PASSED [  3%]
test/integration/test_cross_component.py::TestSandboxWithMetrics::test_sandbox_failure_tracked_in_metrics 
-------------------------------- live log call --------------------------------
23:06:36 [ERROR] Module 'sfp_bad' sandbox error
Traceback (most recent call last):
  File "D:\github\spiderfoot\spiderfoot\plugins\module_sandbox.py", line 198, in execute
    result_value = func(self._tracker, **kwargs)
  File "D:\github\spiderfoot\test\integration\test_cross_component.py", line 118, in module_func
    raise RuntimeError("module crash")
RuntimeError: module crash
PASSED                                                                   [  3%]
test/integration/test_cross_component.py::TestSandboxWithMetrics::test_sandbox_records_metrics PASSED [  3%]
test/integration/test_cross_component.py::TestOrchestratorWithPolicy::test_policy_blocks_module_registration PASSED [  3%]
test/integration/test_cross_component.py::TestOrchestratorWithPolicy::test_policy_engine_multi_policy PASSED [  3%]
test/integration/test_cross_component.py::TestExportWithFiltering::test_export_csv_module_filter PASSED [  3%]
test/integration/test_cross_component.py::TestExportWithFiltering::test_export_high_risk_only PASSED [  3%]
test/integration/test_cross_component.py::TestExportWithFiltering::test_export_summary_with_risk_distribution PASSED [  3%]
test/integration/test_cross_component.py::TestDependencyResolverWithOrchestrator::test_dependency_order_informs_scheduling PASSED [  3%]
test/integration/test_cross_component.py::TestSandboxManagerWorkflow::test_mixed_success_failure 
-------------------------------- live log call --------------------------------
23:06:37 [ERROR] Module 'sfp_bad' sandbox error
Traceback (most recent call last):
  File "D:\github\spiderfoot\spiderfoot\plugins\module_sandbox.py", line 198, in execute
    result_value = func(self._tracker, **kwargs)
  File "D:\github\spiderfoot\test\integration\test_cross_component.py", line 279, in <lambda>
    sb2.execute(lambda t: (_ for _ in ()).throw(ValueError("x")))
                          ~~~~~~~~~~~~~~~~~~~~~^^^^^^^^^^^^^^^^^
  File "D:\github\spiderfoot\test\integration\test_cross_component.py", line 279, in <genexpr>
    sb2.execute(lambda t: (_ for _ in ()).throw(ValueError("x")))
ValueError: x
PASSED                                                                   [  3%]
test/integration/test_cross_component.py::TestSandboxManagerWorkflow::test_multi_module_sandbox_execution PASSED [  3%]
test/integration/test_cross_component.py::TestEndToEndScanWorkflow::test_full_scan_lifecycle 
-------------------------------- live log call --------------------------------
23:06:37 [INFO] Scan scan_001 started targeting 'example.com'
23:06:37 [INFO] Scan scan_001: init -> discovery
23:06:37 [INFO] Scan scan_001: discovery -> enumeration
PASSED                                                                   [  3%]
test/integration/test_enterprise_storage_features.py::TestEnterpriseStorageFeatures::test_data_integrity_and_validation PASSED [  3%]
test/integration/test_enterprise_storage_features.py::TestEnterpriseStorageFeatures::test_elasticsearch_enterprise_features PASSED [  3%]
test/integration/test_enterprise_storage_features.py::TestEnterpriseStorageFeatures::test_enterprise_monitoring_features PASSED [  3%]
test/integration/test_enterprise_storage_features.py::TestEnterpriseStorageFeatures::test_error_handling_resilience 
-------------------------------- live log call --------------------------------
23:06:38 [ERROR] Could not connect to PostgreSQL database: Database unavailable
23:06:38 [ERROR] ElasticSearch connection failed: Connection error
23:06:38 [ERROR] Invalid db_type: invalid_type. Must be 'postgresql'
PASSED                                                                   [  3%]
test/integration/test_enterprise_storage_features.py::TestEnterpriseStorageFeatures::test_multi_storage_coordination PASSED [  3%]
test/integration/test_enterprise_storage_features.py::TestEnterpriseStorageFeatures::test_postgresql_enterprise_features PASSED [  3%]
test/integration/test_enterprise_storage_features.py::TestEnterpriseStorageFeatures::test_security_features PASSED [  3%]
test/integration/test_enterprise_storage_features.py::TestEnterpriseStorageFeatures::test_storage_performance_optimization 
-------------------------------- live log call --------------------------------
23:06:43 [ERROR] Could not connect to PostgreSQL database: connection to server at "localhost" (::1), port 5432 failed: Connection refused (0x0000274D/10061)
	Is the server running on that host and accepting TCP/IP connections?
connection to server at "localhost" (127.0.0.1), port 5432 failed: Connection refused (0x0000274D/10061)
	Is the server running on that host and accepting TCP/IP connections?

PASSED                                                                   [  3%]
test/integration/test_final_validation.py::TestTaxonomyWithEventStore::test_store_events_by_taxonomy_category PASSED [  3%]
test/integration/test_final_validation.py::TestTaxonomyWithEventStore::test_query_events_by_risk_level PASSED [  3%]
test/integration/test_final_validation.py::TestTemplatesWithWorkflow::test_template_to_workflow PASSED [  3%]
test/integration/test_final_validation.py::TestTemplatesWithWorkflow::test_template_chain_to_sequence PASSED [  3%]
test/integration/test_final_validation.py::TestCacheWithEventStore::test_cache_query_results PASSED [  3%]
test/integration/test_final_validation.py::TestCacheWithEventStore::test_cache_invalidation_on_new_events PASSED [  3%]
test/integration/test_final_validation.py::TestAlertRulesWithEventStore::test_alerts_on_critical_events PASSED [  3%]
test/integration/test_final_validation.py::TestAlertRulesWithEventStore::test_no_alert_for_low_risk PASSED [  3%]
test/integration/test_final_validation.py::TestVersioningWithTemplates::test_template_modules_versioned PASSED [  3%]
test/integration/test_final_validation.py::TestVersioningWithTemplates::test_dependency_check_across_modules PASSED [  3%]
test/integration/test_final_validation.py::TestApiClientWithCache::test_cache_api_responses PASSED [  3%]
test/integration/test_final_validation.py::TestApiClientWithCache::test_api_client_stats PASSED [  3%]
test/integration/test_final_validation.py::TestWorkflowWithAlerts::test_conditional_alert_workflow PASSED [  3%]
test/integration/test_final_validation.py::TestFullPipeline::test_end_to_end PASSED [  3%]
test/integration/test_golden_path.py::TestGoldenPath::test_create_scan_returns_201 
-------------------------------- live log call --------------------------------
23:06:45 [INFO] Scan lifecycle: scan.created scan_id=test-scan-001
23:06:45 [INFO] HTTP Request: POST http://testserver/scans "HTTP/1.1 201 Created"
PASSED                                                                   [  3%]
test/integration/test_golden_path.py::TestGoldenPath::test_create_scan_with_stealth_level 
-------------------------------- live log call --------------------------------
23:06:45 [INFO] Scan lifecycle: scan.created scan_id=stealth-scan-001
23:06:45 [INFO] HTTP Request: POST http://testserver/scans "HTTP/1.1 201 Created"
PASSED                                                                   [  3%]
test/integration/test_golden_path.py::TestGoldenPath::test_get_scan_returns_details 
-------------------------------- live log call --------------------------------
23:06:45 [INFO] HTTP Request: GET http://testserver/scans/s1 "HTTP/1.1 200 OK"
PASSED                                                                   [  3%]
test/integration/test_golden_path.py::TestGoldenPath::test_get_scan_not_found 
-------------------------------- live log call --------------------------------
23:06:45 [INFO] HTTP Request: GET http://testserver/scans/nonexistent "HTTP/1.1 404 Not Found"
PASSED                                                                   [  3%]
test/integration/test_golden_path.py::TestGoldenPath::test_get_events_empty 
-------------------------------- live log call --------------------------------
23:06:45 [INFO] HTTP Request: GET http://testserver/scans/s1/events "HTTP/1.1 200 OK"
PASSED                                                                   [  3%]
test/integration/test_golden_path.py::TestGoldenPath::test_get_events_with_data 
-------------------------------- live log call --------------------------------
23:06:45 [INFO] HTTP Request: GET http://testserver/scans/s1/events "HTTP/1.1 200 OK"
PASSED                                                                   [  3%]
test/integration/test_golden_path.py::TestGoldenPath::test_full_lifecycle 
-------------------------------- live log call --------------------------------
23:06:46 [INFO] Scan lifecycle: scan.created scan_id=golden-001
23:06:46 [INFO] HTTP Request: POST http://testserver/scans "HTTP/1.1 201 Created"
23:06:46 [INFO] HTTP Request: GET http://testserver/scans/golden-001 "HTTP/1.1 200 OK"
23:06:46 [INFO] HTTP Request: GET http://testserver/scans/golden-001/events "HTTP/1.1 200 OK"
PASSED                                                                   [  3%]
test/integration/test_golden_path.py::TestCorrelationGoldenPath::test_get_correlations_empty 
-------------------------------- live log call --------------------------------
23:06:46 [INFO] HTTP Request: GET http://testserver/scans/c1/correlations "HTTP/1.1 200 OK"
PASSED                                                                   [  3%]
test/integration/test_golden_path.py::TestCorrelationGoldenPath::test_get_correlations_with_data 
-------------------------------- live log call --------------------------------
23:06:46 [INFO] HTTP Request: GET http://testserver/scans/c2/correlations "HTTP/1.1 200 OK"
PASSED                                                                   [  3%]
test/integration/test_golden_path.py::TestCorrelationGoldenPath::test_get_correlations_not_found 
-------------------------------- live log call --------------------------------
23:06:46 [INFO] HTTP Request: GET http://testserver/scans/nonexistent/correlations "HTTP/1.1 404 Not Found"
PASSED                                                                   [  3%]
test/integration/test_golden_path.py::TestCorrelationGoldenPath::test_correlation_summary_by_risk 
-------------------------------- live log call --------------------------------
23:06:46 [INFO] HTTP Request: GET http://testserver/scans/c3/correlations/summary?by=risk "HTTP/1.1 200 OK"
PASSED                                                                   [  3%]
test/integration/test_golden_path.py::TestCorrelationGoldenPath::test_full_lifecycle_with_correlations 
-------------------------------- live log call --------------------------------
23:06:46 [INFO] Scan lifecycle: scan.created scan_id=golden-full-001
23:06:46 [INFO] HTTP Request: POST http://testserver/scans "HTTP/1.1 201 Created"
23:06:46 [INFO] HTTP Request: GET http://testserver/scans/golden-full-001/events "HTTP/1.1 200 OK"
23:06:46 [INFO] HTTP Request: GET http://testserver/scans/golden-full-001/correlations "HTTP/1.1 200 OK"
23:06:46 [INFO] HTTP Request: GET http://testserver/scans/golden-full-001/correlations/summary?by=risk "HTTP/1.1 200 OK"
PASSED                                                                   [  3%]
test/integration/test_rag_pipeline_e2e.py::TestE2EPipeline::test_index_and_search PASSED [  3%]
test/integration/test_rag_pipeline_e2e.py::TestE2EPipeline::test_cross_scan_correlation PASSED [  3%]
test/integration/test_rag_pipeline_e2e.py::TestE2EPipeline::test_correlation_with_type_filter PASSED [  3%]
test/integration/test_rag_pipeline_e2e.py::TestE2EPipeline::test_empty_results PASSED [  3%]
test/integration/test_rag_pipeline_e2e.py::TestMultiDimIntegration::test_network_cluster PASSED [  3%]
test/integration/test_rag_pipeline_e2e.py::TestMultiDimIntegration::test_identity_cluster PASSED [  3%]
test/integration/test_rag_pipeline_e2e.py::TestMultiDimIntegration::test_mixed_types PASSED [  3%]
test/integration/test_rag_pipeline_e2e.py::TestEventIndexerIntegration::test_indexer_to_engine PASSED [  3%]
test/integration/test_rag_pipeline_e2e.py::TestBenchmarks::test_embedding_throughput PASSED [  3%]
test/integration/test_rag_pipeline_e2e.py::TestBenchmarks::test_index_throughput PASSED [  3%]
test/integration/test_rag_pipeline_e2e.py::TestBenchmarks::test_search_latency PASSED [  3%]
test/integration/test_rag_pipeline_e2e.py::TestBenchmarks::test_multidim_scaling PASSED [  3%]
test/integration/test_wired_modules.py::TestStealthIntegrationPipeline::test_adaptive_stealth_wired_for_medium_plus PASSED [  3%]
test/integration/test_wired_modules.py::TestStealthIntegrationPipeline::test_context_creation_all_levels PASSED [  3%]
test/integration/test_wired_modules.py::TestStealthIntegrationPipeline::test_context_stats_include_adaptive PASSED [  3%]
test/integration/test_wired_modules.py::TestStealthIntegrationPipeline::test_core_fetchurl_creates_full_middleware PASSED [  3%]
test/integration/test_wired_modules.py::TestStealthIntegrationPipeline::test_middleware_passes_original_fetch PASSED [  3%]
test/integration/test_wired_modules.py::TestStealthIntegrationPipeline::test_orchestrator_wired_for_high_plus PASSED [  3%]
test/integration/test_wired_modules.py::TestStealthIntegrationPipeline::test_scan_context_registry_lifecycle PASSED [  3%]
test/integration/test_wired_modules.py::TestFrontendDataRouter::test_facets_endpoint 
-------------------------------- live log call --------------------------------
23:06:51 [INFO] HTTP Request: GET http://testserver/api/frontend/facets "HTTP/1.1 200 OK"
PASSED                                                                   [  3%]
test/integration/test_wired_modules.py::TestFrontendDataRouter::test_filter_endpoint 
-------------------------------- live log call --------------------------------
23:06:52 [INFO] HTTP Request: POST http://testserver/api/frontend/results/filter "HTTP/1.1 200 OK"
PASSED                                                                   [  3%]
test/integration/test_wired_modules.py::TestFrontendDataRouter::test_module_health_endpoint 
-------------------------------- live log call --------------------------------
23:06:52 [INFO] HTTP Request: POST http://testserver/api/frontend/module-health "HTTP/1.1 200 OK"
PASSED                                                                   [  4%]
test/integration/test_wired_modules.py::TestFrontendDataRouter::test_scan_diff_endpoint 
-------------------------------- live log call --------------------------------
23:06:52 [INFO] HTTP Request: POST http://testserver/api/frontend/scan-diff "HTTP/1.1 200 OK"
PASSED                                                                   [  4%]
test/integration/test_wired_modules.py::TestFrontendDataRouter::test_threat_map_endpoint 
-------------------------------- live log call --------------------------------
23:06:52 [INFO] HTTP Request: POST http://testserver/api/frontend/threat-map "HTTP/1.1 200 OK"
PASSED                                                                   [  4%]
test/integration/test_wired_modules.py::TestFrontendDataRouter::test_timeline_endpoint 
-------------------------------- live log call --------------------------------
23:06:52 [INFO] HTTP Request: POST http://testserver/api/frontend/timeline "HTTP/1.1 200 OK"
PASSED                                                                   [  4%]
test/integration/test_wired_modules.py::TestAdaptiveStealthWiring::test_delay_multiplier_increases_on_detection PASSED [  4%]
test/integration/test_wired_modules.py::TestAdaptiveStealthWiring::test_target_stealth_manager_analyze PASSED [  4%]
test/integration/test_wired_modules.py::TestRequestOrchestrationWiring::test_orchestrator_enqueue_and_next PASSED [  4%]
test/integration/test_wired_modules.py::TestRequestOrchestrationWiring::test_orchestrator_get_stats PASSED [  4%]
test/integration/test_wired_modules.py::TestRequestOrchestrationWiring::test_timing_profiles_available PASSED [  4%]
test/integration/test_wired_modules.py::TestCliServiceWiring::test_import_main PASSED [  4%]
test/integration/test_wired_modules.py::TestCliServiceWiring::test_stealth_levels_command PASSED [  4%]
test/integration/test_wired_modules.py::TestCliServiceWiring::test_version_command PASSED [  4%]
test/integration/test_wired_modules.py::TestStealthStatsAPI::test_get_all_stealth_stats 
-------------------------------- live log call --------------------------------
23:06:53 [INFO] HTTP Request: GET http://testserver/stealth-stats "HTTP/1.1 200 OK"
PASSED                                                                   [  4%]
test/integration/test_wired_modules.py::TestStealthStatsAPI::test_get_scan_stealth_stats_no_context 
-------------------------------- live log call --------------------------------
23:06:53 [INFO] HTTP Request: GET http://testserver/scans/nonexistent-scan/stealth-stats "HTTP/1.1 404 Not Found"
PASSED                                                                   [  4%]
test/integration/test_wired_modules.py::TestStealthStatsAPI::test_get_scan_stealth_stats_with_context 
-------------------------------- live log call --------------------------------
23:06:53 [INFO] HTTP Request: GET http://testserver/scans/test-stats-api-scan/stealth-stats "HTTP/1.1 200 OK"
PASSED                                                                   [  4%]
test/integration/test_wired_modules.py::TestReplicateCLI::test_replicate_generate_with_events_file PASSED [  4%]
test/integration/test_wired_modules.py::TestReplicateCLI::test_replicate_providers_command PASSED [  4%]
test/integration/test_wired_modules.py::TestReplicateCLI::test_replicate_providers_json PASSED [  4%]
test/integration/test_wired_modules.py::TestReplicateCLI::test_replicate_validate_command PASSED [  4%]
test/integration/test_wired_modules.py::TestAuditCLI::test_audit_graph_json PASSED [  4%]
test/integration/test_wired_modules.py::TestAuditCLI::test_audit_parser_accepted PASSED [  4%]
test/integration/test_wired_modules.py::TestAuditCLI::test_audit_run_json PASSED [  4%]
test/integration/test_wired_modules.py::TestDevtoolsCLI::test_devtools_parser_accepted PASSED [  4%]
test/integration/test_wired_modules.py::TestDevtoolsCLI::test_devtools_scaffold_json PASSED [  4%]
test/integration/test_wired_modules.py::TestDevtoolsCLI::test_devtools_scaffold_prints_source PASSED [  4%]
test/integration/test_wired_modules.py::TestDevtoolsCLI::test_devtools_test_command PASSED [  4%]
test/integration/test_wired_modules.py::TestDevtoolsCLI::test_devtools_validate_missing_file PASSED [  4%]
test/integration/test_wired_modules.py::TestReExports::test_plugins_init_exports_audit PASSED [  4%]
test/integration/test_wired_modules.py::TestReExports::test_plugins_init_exports_devtools PASSED [  4%]
test/integration/test_wired_modules.py::TestReExports::test_recon_init_exports PASSED [  4%]
test/test_wiring_integration.py::test_symbol_importable[spiderfoot.security-SecretManager] PASSED [  4%]
test/test_wiring_integration.py::test_symbol_importable[spiderfoot.security-get_secret_manager] PASSED [  4%]
test/test_wiring_integration.py::test_symbol_importable[spiderfoot.security-check_startup_secrets] PASSED [  4%]
test/test_wiring_integration.py::test_symbol_importable[spiderfoot.security-EncryptedFileSecretBackend] PASSED [  4%]
test/test_wiring_integration.py::test_symbol_importable[spiderfoot.observability-ErrorClass] PASSED [  4%]
test/test_wiring_integration.py::test_symbol_importable[spiderfoot.observability-ErrorTelemetry] PASSED [  4%]
test/test_wiring_integration.py::test_symbol_importable[spiderfoot.observability-get_error_telemetry] PASSED [  4%]
test/test_wiring_integration.py::test_symbol_importable[spiderfoot.observability-get_tracer] PASSED [  4%]
test/test_wiring_integration.py::test_symbol_importable[spiderfoot.observability-trace_span] PASSED [  4%]
test/test_wiring_integration.py::test_symbol_importable[spiderfoot.observability-shutdown_tracer] PASSED [  4%]
test/test_wiring_integration.py::test_symbol_importable[spiderfoot.ops-ScanBenchmark] PASSED [  4%]
test/test_wiring_integration.py::test_symbol_importable[spiderfoot.ops-BenchmarkResult] PASSED [  4%]
test/test_wiring_integration.py::test_symbol_importable[spiderfoot.ops-PostgresTuningAdvisor] PASSED [  4%]
test/test_wiring_integration.py::test_symbol_importable[spiderfoot.ops-PerformanceRegressionRunner] PASSED [  4%]
test/test_wiring_integration.py::test_symbol_importable[spiderfoot.ops-ModuleWatcher] PASSED [  4%]
test/test_wiring_integration.py::test_symbol_importable[spiderfoot.ops-HealthChecker] PASSED [  4%]
test/test_wiring_integration.py::test_symbol_importable[spiderfoot.ops-CircuitBreaker] PASSED [  4%]
test/test_wiring_integration.py::test_symbol_importable[spiderfoot.ops-DeadLetterQueue] PASSED [  4%]
test/test_wiring_integration.py::test_symbol_importable[spiderfoot.ops-SLOTracker] PASSED [  4%]
test/test_wiring_integration.py::test_symbol_importable[spiderfoot.ops-AlertManager] PASSED [  4%]
test/test_wiring_integration.py::test_symbol_importable[spiderfoot.research-GraphRiskScorer] PASSED [  4%]
test/test_wiring_integration.py::test_symbol_importable[spiderfoot.research-AutonomousScanPlanner] PASSED [  4%]
test/test_wiring_integration.py::test_symbol_importable[spiderfoot.research-FederatedScanCoordinator] PASSED [  4%]
test/test_wiring_integration.py::test_symbol_importable[spiderfoot.research-PassiveMonitor] PASSED [  4%]
test/test_wiring_integration.py::test_symbol_importable[spiderfoot.research-FalsePositiveReducer] PASSED [  4%]
test/test_wiring_integration.py::test_symbol_importable[spiderfoot.research-NaturalLanguageParser] PASSED [  4%]
test/test_wiring_integration.py::test_symbol_importable[spiderfoot.ai-SeverityLevel] PASSED [  4%]
test/test_wiring_integration.py::test_symbol_importable[spiderfoot.ai-RiskAssessmentOutput] PASSED [  4%]
test/test_wiring_integration.py::test_symbol_importable[spiderfoot.ai-ScanReportOutput] PASSED [  4%]
test/test_wiring_integration.py::test_symbol_importable[spiderfoot.ai-IntelligenceGraph] PASSED [  4%]
test/test_wiring_integration.py::test_symbol_importable[spiderfoot.ai-ConfidenceCalibrator] PASSED [  4%]
test/test_wiring_integration.py::test_symbol_importable[spiderfoot.ai-PromptCache] PASSED [  4%]
test/test_wiring_integration.py::test_symbol_importable[spiderfoot.ai-Verdict] PASSED [  4%]
test/test_wiring_integration.py::test_symbol_importable[spiderfoot.core-ModuleManager] PASSED [  4%]
test/test_wiring_integration.py::test_symbol_importable[spiderfoot.core-ValidationUtils] PASSED [  4%]
test/test_wiring_integration.py::test_symbol_importable[spiderfoot.eventbus-ResilientEventBus] PASSED [  4%]
test/test_wiring_integration.py::test_symbol_importable[spiderfoot.eventbus-ResilientConfig] PASSED [  4%]
test/test_wiring_integration.py::test_symbol_importable[spiderfoot.recon-FingerprintEvasionEngine] PASSED [  4%]
test/test_wiring_integration.py::test_symbol_importable[spiderfoot.recon-JA3Calculator] PASSED [  4%]
test/test_wiring_integration.py::test_symbol_importable[spiderfoot.recon-JA4Calculator] PASSED [  4%]
test/test_wiring_integration.py::test_symbol_importable[spiderfoot.recon-list_profile_names] PASSED [  4%]
test/test_wiring_integration.py::test_symbol_importable[spiderfoot.scan-WorkStealingScheduler] PASSED [  4%]
test/test_wiring_integration.py::test_symbol_importable[spiderfoot.scan-BackpressureController] PASSED [  4%]
test/test_wiring_integration.py::test_symbol_importable[spiderfoot.scan-EventDeduplicator] PASSED [  4%]
test/test_wiring_integration.py::test_symbol_importable[spiderfoot.scan-ScanSplitter] PASSED [  4%]
test/test_wiring_integration.py::test_symbol_importable[spiderfoot.api-APIChangelog] PASSED [  4%]
test/test_wiring_integration.py::test_symbol_importable[spiderfoot.api-OpenAPIGenerator] PASSED [  4%]
test/test_wiring_integration.py::test_symbol_importable[spiderfoot.api-strip_internal_fields] PASSED [  4%]
test/test_wiring_integration.py::test_symbol_importable[spiderfoot.api-APIVersionManager] PASSED [  4%]
test/test_wiring_integration.py::test_symbol_importable[spiderfoot.db-QueryDiagnostics] PASSED [  4%]
test/test_wiring_integration.py::test_symbol_importable[spiderfoot.db-ExplainResult] PASSED [  4%]
test/test_wiring_integration.py::test_symbol_importable[spiderfoot.db-PgNotifyService] PASSED [  4%]
test/test_wiring_integration.py::test_symbol_importable[spiderfoot.db-PartitionManager] PASSED [  4%]
test/test_wiring_integration.py::test_symbol_importable[spiderfoot.db-MigrationManager] PASSED [  4%]
test/test_wiring_integration.py::test_symbol_importable[spiderfoot.db-DbAdapter] PASSED [  4%]
test/test_wiring_integration.py::test_symbol_importable[spiderfoot.correlation-VectorCollectionManager] PASSED [  4%]
test/test_wiring_integration.py::test_symbol_importable[spiderfoot.correlation-get_collection_manager] PASSED [  4%]
test/test_wiring_integration.py::test_symbol_importable[spiderfoot.ecosystem-ModuleSubmissionPipeline] PASSED [  5%]
test/test_wiring_integration.py::test_symbol_importable[spiderfoot.ecosystem-ModuleSigner] PASSED [  5%]
test/test_wiring_integration.py::test_symbol_importable[spiderfoot.ecosystem-SDKGenerator] PASSED [  5%]
test/test_wiring_integration.py::test_symbol_in_all[spiderfoot.security-SecretManager] PASSED [  5%]
test/test_wiring_integration.py::test_symbol_in_all[spiderfoot.security-check_startup_secrets] PASSED [  5%]
test/test_wiring_integration.py::test_symbol_in_all[spiderfoot.observability-ErrorTelemetry] PASSED [  5%]
test/test_wiring_integration.py::test_symbol_in_all[spiderfoot.observability-get_tracer] PASSED [  5%]
test/test_wiring_integration.py::test_symbol_in_all[spiderfoot.ops-ScanBenchmark] PASSED [  5%]
test/test_wiring_integration.py::test_symbol_in_all[spiderfoot.ops-ModuleWatcher] PASSED [  5%]
test/test_wiring_integration.py::test_symbol_in_all[spiderfoot.research-GraphRiskScorer] PASSED [  5%]
test/test_wiring_integration.py::test_symbol_in_all[spiderfoot.ai-SeverityLevel] PASSED [  5%]
test/test_wiring_integration.py::test_symbol_in_all[spiderfoot.eventbus-ResilientEventBus] PASSED [  5%]
test/test_wiring_integration.py::test_symbol_in_all[spiderfoot.recon-FingerprintEvasionEngine] PASSED [  5%]
test/test_wiring_integration.py::test_symbol_in_all[spiderfoot.scan-WorkStealingScheduler] PASSED [  5%]
test/test_wiring_integration.py::test_symbol_in_all[spiderfoot.api-APIChangelog] PASSED [  5%]
test/test_wiring_integration.py::test_symbol_in_all[spiderfoot.ecosystem-SDKGenerator] PASSED [  5%]
test/test_wiring_integration.py::test_service_constants_exist PASSED     [  5%]
test/test_wiring_integration.py::test_service_factories_registered 
-------------------------------- live log call --------------------------------
23:07:02 [INFO] Service registry initialized with lazy factories
PASSED                                                                   [  5%]
test/test_wiring_integration.py::test_integrate_services_runs 
-------------------------------- live log call --------------------------------
23:07:03 [INFO] Service registry initialized with lazy factories
23:07:03 [INFO] Service registry initialized with 15 services: event_bus, cache, error_telemetry, result_cache, secrets, dns, vector, db_notify, hot_reload, db_diagnostics, migration, data, http, retry, scheduler
PASSED                                                                   [  5%]
test/test_wiring_integration.py::test_cli_subcommand_exists[benchmark] PASSED [  5%]
test/test_wiring_integration.py::test_cli_subcommand_exists[db] PASSED   [  5%]
test/test_wiring_integration.py::test_cli_subcommand_exists[secrets] PASSED [  5%]
test/test_wiring_integration.py::test_cli_subcommand_exists[tls] PASSED  [  5%]
test/test_wiring_integration.py::test_cli_subcommand_exists[ops] PASSED  [  5%]
test/test_wiring_integration.py::test_cli_handler_importable[cmd_benchmark_run] PASSED [  5%]
test/test_wiring_integration.py::test_cli_handler_importable[cmd_benchmark_pg_tune] PASSED [  5%]
test/test_wiring_integration.py::test_cli_handler_importable[cmd_benchmark_regression] PASSED [  5%]
test/test_wiring_integration.py::test_cli_handler_importable[cmd_db_diagnostics] PASSED [  5%]
test/test_wiring_integration.py::test_cli_handler_importable[cmd_db_migrate] PASSED [  5%]
test/test_wiring_integration.py::test_cli_handler_importable[cmd_db_vacuum] PASSED [  5%]
test/test_wiring_integration.py::test_cli_handler_importable[cmd_secrets_list] PASSED [  5%]
test/test_wiring_integration.py::test_cli_handler_importable[cmd_secrets_check] PASSED [  5%]
test/test_wiring_integration.py::test_cli_handler_importable[cmd_tls_profiles] PASSED [  5%]
test/test_wiring_integration.py::test_cli_handler_importable[cmd_tls_ja3] PASSED [  5%]
test/test_wiring_integration.py::test_cli_handler_importable[cmd_ops_health] PASSED [  5%]
test/test_wiring_integration.py::test_cli_handler_importable[cmd_ops_slo] PASSED [  5%]
test/test_wiring_integration.py::test_wire_functions_exist PASSED        [  5%]
test/test_wiring_integration.py::test_startup_check_safe PASSED          [  5%]
test/test_wiring_integration.py::test_error_telemetry_singleton PASSED   [  5%]
test/test_wiring_integration.py::test_tracing_noop_fallback PASSED       [  5%]
test/test_wiring_integration.py::test_tls_profile_names_nonempty PASSED  [  5%]
test/test_wiring_integration.py::test_response_filter_strips PASSED      [  5%]
test/test_wiring_integration.py::test_version_manager_registers 
-------------------------------- live log call --------------------------------
23:07:05 [INFO] Registered API version v1 (deprecated)
23:07:05 [INFO] Registered API version v2 (current)
PASSED                                                                   [  5%]
test/test_wiring_integration.py::test_module_submission_pipeline PASSED  [  5%]
test/test_wiring_integration.py::test_ai_schemas_instantiate PASSED      [  5%]
test/unit/modules/test_sfp_4chan.py::TestSfp4chan::test_handle_event_duplicate_post 
-------------------------------- live log call --------------------------------
23:07:05 [INFO] Monitoring 4chan boards: testboard (max_threads=1)
PASSED                                                                   [  5%]
test/unit/modules/test_sfp_4chan.py::TestSfp4chan::test_handle_event_emits_event 
-------------------------------- live log call --------------------------------
23:07:07 [INFO] Monitoring 4chan boards: testboard (max_threads=1)
PASSED                                                                   [  5%]
test/unit/modules/test_sfp_4chan.py::TestSfp4chan::test_handle_event_network_error PASSED [  5%]
test/unit/modules/test_sfp_4chan.py::TestSfp4chan::test_meta PASSED      [  5%]
test/unit/modules/test_sfp_4chan.py::TestSfp4chan::test_opts PASSED      [  5%]
test/unit/modules/test_sfp_4chan.py::TestSfp4chan::test_produced_events PASSED [  5%]
test/unit/modules/test_sfp__stor_db.py::TestModuleStor_db::test_cleanup_postgresql_connection PASSED [  5%]
test/unit/modules/test_sfp__stor_db.py::TestModuleStor_db::test_opts SKIPPED [  5%]
test/unit/modules/test_sfp__stor_db.py::TestModuleStor_db::test_phase2_advanced_error_recovery 
-------------------------------- live log call --------------------------------
23:07:09 [ERROR] Could not connect to PostgreSQL database: Connection failed
PASSED                                                                   [  5%]
test/unit/modules/test_sfp__stor_db.py::TestModuleStor_db::test_phase2_backward_compatibility 
-------------------------------- live log call --------------------------------
23:07:13 [ERROR] Could not connect to PostgreSQL database: connection to server at "localhost" (::1), port 5432 failed: Connection refused (0x0000274D/10061)
	Is the server running on that host and accepting TCP/IP connections?
connection to server at "localhost" (127.0.0.1), port 5432 failed: Connection refused (0x0000274D/10061)
	Is the server running on that host and accepting TCP/IP connections?

PASSED                                                                   [  5%]
test/unit/modules/test_sfp__stor_db.py::TestModuleStor_db::test_phase2_bulk_processing_threshold 
-------------------------------- live log call --------------------------------
23:07:18 [ERROR] Could not connect to PostgreSQL database: connection to server at "localhost" (::1), port 5432 failed: Connection refused (0x0000274D/10061)
	Is the server running on that host and accepting TCP/IP connections?
connection to server at "localhost" (127.0.0.1), port 5432 failed: Connection refused (0x0000274D/10061)
	Is the server running on that host and accepting TCP/IP connections?

PASSED                                                                   [  5%]
test/unit/modules/test_sfp__stor_db.py::TestModuleStor_db::test_phase2_configuration_validation_enhancements 
-------------------------------- live log call --------------------------------
23:07:19 [ERROR] Required PostgreSQL option 'postgresql_host' is not set
23:07:19 [ERROR] Invalid PostgreSQL port: invalid_port
23:07:19 [ERROR] Invalid PostgreSQL port: 70000
PASSED                                                                   [  5%]
test/unit/modules/test_sfp__stor_db.py::TestModuleStor_db::test_phase2_connection_health_monitoring PASSED [  5%]
test/unit/modules/test_sfp__stor_db.py::TestModuleStor_db::test_phase2_connection_pool_monitoring 
-------------------------------- live log call --------------------------------
23:07:24 [ERROR] Could not connect to PostgreSQL database: connection to server at "localhost" (::1), port 5432 failed: Connection refused (0x0000274D/10061)
	Is the server running on that host and accepting TCP/IP connections?
connection to server at "localhost" (127.0.0.1), port 5432 failed: Connection refused (0x0000274D/10061)
	Is the server running on that host and accepting TCP/IP connections?

PASSED                                                                   [  5%]
test/unit/modules/test_sfp__stor_db.py::TestModuleStor_db::test_phase2_enterprise_feature_integration 
-------------------------------- live log call --------------------------------
23:07:29 [ERROR] Could not connect to PostgreSQL database: connection to server at "localhost" (::1), port 5432 failed: Connection refused (0x0000274D/10061)
	Is the server running on that host and accepting TCP/IP connections?
connection to server at "localhost" (127.0.0.1), port 5432 failed: Connection refused (0x0000274D/10061)
	Is the server running on that host and accepting TCP/IP connections?

PASSED                                                                   [  5%]
test/unit/modules/test_sfp__stor_db.py::TestModuleStor_db::test_phase2_graceful_shutdown_procedures 
-------------------------------- live log call --------------------------------
23:07:33 [ERROR] Could not connect to PostgreSQL database: connection to server at "localhost" (::1), port 5432 failed: Connection refused (0x0000274D/10061)
	Is the server running on that host and accepting TCP/IP connections?
connection to server at "localhost" (127.0.0.1), port 5432 failed: Connection refused (0x0000274D/10061)
	Is the server running on that host and accepting TCP/IP connections?

PASSED                                                                   [  5%]
test/unit/modules/test_sfp__stor_db.py::TestModuleStor_db::test_phase2_performance_benchmarking 
-------------------------------- live log call --------------------------------
23:07:38 [ERROR] Could not connect to PostgreSQL database: connection to server at "localhost" (::1), port 5432 failed: Connection refused (0x0000274D/10061)
	Is the server running on that host and accepting TCP/IP connections?
connection to server at "localhost" (127.0.0.1), port 5432 failed: Connection refused (0x0000274D/10061)
	Is the server running on that host and accepting TCP/IP connections?

PASSED                                                                   [  5%]
test/unit/modules/test_sfp__stor_db.py::TestModuleStor_db::test_phase2_performance_metrics_collection 
-------------------------------- live log call --------------------------------
23:07:43 [ERROR] Could not connect to PostgreSQL database: connection to server at "localhost" (::1), port 5432 failed: Connection refused (0x0000274D/10061)
	Is the server running on that host and accepting TCP/IP connections?
connection to server at "localhost" (127.0.0.1), port 5432 failed: Connection refused (0x0000274D/10061)
	Is the server running on that host and accepting TCP/IP connections?

PASSED                                                                   [  5%]
test/unit/modules/test_sfp__stor_db.py::TestModuleStor_db::test_postgresql_config_validation 
-------------------------------- live log call --------------------------------
23:07:43 [ERROR] Invalid db_type: invalid. Must be 'postgresql'
23:07:43 [ERROR] Required PostgreSQL option 'postgresql_host' is not set
PASSED                                                                   [  5%]
test/unit/modules/test_sfp__stor_db.py::TestModuleStor_db::test_postgresql_connection_failure 
-------------------------------- live log call --------------------------------
23:07:44 [ERROR] Could not connect to PostgreSQL database: Connection failed
PASSED                                                                   [  5%]
test/unit/modules/test_sfp__stor_db.py::TestModuleStor_db::test_postgresql_connection_success PASSED [  5%]
test/unit/modules/test_sfp__stor_db.py::TestModuleStor_db::test_postgresql_health_check PASSED [  5%]
test/unit/modules/test_sfp__stor_db.py::TestModuleStor_db::test_postgresql_health_check_failure PASSED [  5%]
test/unit/modules/test_sfp__stor_db.py::TestModuleStor_db::test_postgresql_port_validation 
-------------------------------- live log call --------------------------------
23:07:46 [ERROR] Invalid PostgreSQL port: invalid
23:07:46 [ERROR] Invalid PostgreSQL port: 99999
PASSED                                                                   [  5%]
test/unit/modules/test_sfp__stor_db.py::TestModuleStor_db::test_postgresql_storage PASSED [  5%]
test/unit/modules/test_sfp__stor_db.py::TestModuleStor_db::test_postgresql_storage_fallback_on_error 
-------------------------------- live log call --------------------------------
23:07:47 [ERROR] Error storing event in PostgreSQL: Insert failed
PASSED                                                                   [  5%]
test/unit/modules/test_sfp__stor_db.py::TestModuleStor_db::test_postgresql_storage_with_reconnect PASSED [  5%]
test/unit/modules/test_sfp__stor_db.py::TestModuleStor_db::test_postgresql_storage_with_size_limit 
-------------------------------- live log call --------------------------------
23:07:48 [ERROR] Could not connect to PostgreSQL database: Reconnect failed
PASSED                                                                   [  5%]
test/unit/modules/test_sfp__stor_db.py::TestModuleStor_db::test_producedEvents_should_return_list PASSED [  5%]
test/unit/modules/test_sfp__stor_db.py::TestModuleStor_db::test_setup_no_database_handle 
-------------------------------- live log call --------------------------------
23:07:49 [ERROR] SpiderFoot database handle not initialized - cannot store events
PASSED                                                                   [  5%]
test/unit/modules/test_sfp__stor_db.py::TestModuleStor_db::test_setup_postgresql_default PASSED [  5%]
test/unit/modules/test_sfp__stor_db.py::TestModuleStor_db::test_storage_disabled 
-------------------------------- live log call --------------------------------
23:07:55 [ERROR] Could not connect to PostgreSQL database: connection to server at "localhost" (::1), port 5432 failed: Connection refused (0x0000274D/10061)
	Is the server running on that host and accepting TCP/IP connections?
connection to server at "localhost" (127.0.0.1), port 5432 failed: Connection refused (0x0000274D/10061)
	Is the server running on that host and accepting TCP/IP connections?

PASSED                                                                   [  5%]
test/unit/modules/test_sfp__stor_db.py::TestModuleStor_db::test_storage_error_state 
-------------------------------- live log call --------------------------------
23:07:59 [ERROR] Could not connect to PostgreSQL database: connection to server at "localhost" (::1), port 5432 failed: Connection refused (0x0000274D/10061)
	Is the server running on that host and accepting TCP/IP connections?
connection to server at "localhost" (127.0.0.1), port 5432 failed: Connection refused (0x0000274D/10061)
	Is the server running on that host and accepting TCP/IP connections?

PASSED                                                                   [  5%]
test/unit/modules/test_sfp__stor_db.py::TestModuleStor_db::test_watchedEvents_should_return_list PASSED [  5%]
test/unit/modules/test_sfp__stor_db_advanced.py::TestConnectionLoadBalancer::test_connection_load_balancer_initialization PASSED [  5%]
test/unit/modules/test_sfp__stor_db_advanced.py::TestConnectionLoadBalancer::test_get_optimal_connection PASSED [  5%]
test/unit/modules/test_sfp__stor_db_advanced.py::TestConnectionLoadBalancer::test_load_balancing_algorithm PASSED [  5%]
test/unit/modules/test_sfp__stor_db_advanced.py::TestConnectionLoadBalancer::test_return_connection_failure PASSED [  5%]
test/unit/modules/test_sfp__stor_db_advanced.py::TestConnectionLoadBalancer::test_return_connection_success PASSED [  5%]
test/unit/modules/test_sfp__stor_db_advanced.py::TestQueryOptimizer::test_bulk_operation_optimization PASSED [  5%]
test/unit/modules/test_sfp__stor_db_advanced.py::TestQueryOptimizer::test_index_suggestions PASSED [  5%]
test/unit/modules/test_sfp__stor_db_advanced.py::TestQueryOptimizer::test_optimization_threshold_application PASSED [  5%]
test/unit/modules/test_sfp__stor_db_advanced.py::TestQueryOptimizer::test_prepared_statement_creation PASSED [  6%]
test/unit/modules/test_sfp__stor_db_advanced.py::TestQueryOptimizer::test_query_analysis_and_profiling PASSED [  6%]
test/unit/modules/test_sfp__stor_db_advanced.py::TestQueryOptimizer::test_query_classification PASSED [  6%]
test/unit/modules/test_sfp__stor_db_advanced.py::TestPerformanceMonitor::test_alert_severity_determination PASSED [  6%]
test/unit/modules/test_sfp__stor_db_advanced.py::TestPerformanceMonitor::test_connection_metrics_recording PASSED [  6%]
test/unit/modules/test_sfp__stor_db_advanced.py::TestPerformanceMonitor::test_performance_report_generation PASSED [  6%]
test/unit/modules/test_sfp__stor_db_advanced.py::TestPerformanceMonitor::test_performance_trend_analysis 
-------------------------------- live log call --------------------------------
23:08:02 [WARNING] Performance alert: high_error_rate - {'error_rate': 0.5, 'query_count': 20}
PASSED                                                                   [  6%]
test/unit/modules/test_sfp__stor_db_advanced.py::TestPerformanceMonitor::test_query_recording 
-------------------------------- live log call --------------------------------
23:08:02 [WARNING] Performance alert: slow_query - {'execution_time': 2.0, 'query_type': 'SELECT', 'timestamp': 1772402882.685213}
PASSED                                                                   [  6%]
test/unit/modules/test_sfp__stor_db_advanced.py::TestAutoScaler::test_scale_down_evaluation 
-------------------------------- live log call --------------------------------
23:08:02 [ERROR] Failed to scale down pool_0: '>' not supported between instances of 'int' and 'MagicMock'
23:08:02 [INFO] Scaled down pool_0 from 10 to 5 connections
PASSED                                                                   [  6%]
test/unit/modules/test_sfp__stor_db_advanced.py::TestAutoScaler::test_scale_up_evaluation 
-------------------------------- live log call --------------------------------
23:08:02 [ERROR] Failed to scale down pool_0: '>' not supported between instances of 'int' and 'MagicMock'
23:08:02 [INFO] Scaled up pool_0 from 5 to 10 connections
PASSED                                                                   [  6%]
test/unit/modules/test_sfp__stor_db_advanced.py::TestAutoScaler::test_scaling_limits_enforcement 
-------------------------------- live log call --------------------------------
23:08:02 [ERROR] Failed to scale down pool_0: '>' not supported between instances of 'int' and 'MagicMock'

test/unit/modules/test_sfp__stor_db_advanced.py::TestAutoScaler::test_scaling_rules_initialization 
-------------------------------- live log call --------------------------------
23:08:03 [ERROR] Failed to scale down pool_0: '>' not supported between instances of 'int' and 'MagicMock'

test/unit/modules/test_sfp__stor_db_advanced.py::TestAdvancedStorageModule::test_bulk_store_default_fallback PASSED [  6%]
test/unit/modules/test_sfp__stor_db_advanced.py::TestAdvancedStorageModule::test_bulk_store_with_load_balancing 
-------------------------------- live log call --------------------------------
23:08:03 [ERROR] Auto-scaling error: 'unittest.mock.Mock' object does not support the context manager protocol (missed __exit__ method)
PASSED                                                                   [  6%]
test/unit/modules/test_sfp__stor_db_advanced.py::TestAdvancedStorageModule::test_error_handling_and_fallback 
-------------------------------- live log call --------------------------------
23:08:07 [ERROR] Failed to initialize pool pool_0: connection to server at "localhost" (::1), port 5432 failed: Connection refused (0x0000274D/10061)
	Is the server running on that host and accepting TCP/IP connections?
connection to server at "localhost" (127.0.0.1), port 5432 failed: Connection refused (0x0000274D/10061)
	Is the server running on that host and accepting TCP/IP connections?

PASSED                                                                   [  6%]
test/unit/modules/test_sfp__stor_db_advanced.py::TestAdvancedStorageModule::test_event_buffering_and_bulk_processing 
-------------------------------- live log call --------------------------------
23:08:11 [ERROR] Failed to initialize pool pool_0: connection to server at "localhost" (::1), port 5432 failed: Connection refused (0x0000274D/10061)
	Is the server running on that host and accepting TCP/IP connections?
connection to server at "localhost" (127.0.0.1), port 5432 failed: Connection refused (0x0000274D/10061)
	Is the server running on that host and accepting TCP/IP connections?

PASSED                                                                   [  6%]
test/unit/modules/test_sfp__stor_db_advanced.py::TestAdvancedStorageModule::test_graceful_shutdown 
-------------------------------- live log call --------------------------------
23:08:15 [ERROR] Failed to initialize pool pool_0: connection to server at "localhost" (::1), port 5432 failed: Connection refused (0x0000274D/10061)
	Is the server running on that host and accepting TCP/IP connections?
connection to server at "localhost" (127.0.0.1), port 5432 failed: Connection refused (0x0000274D/10061)
	Is the server running on that host and accepting TCP/IP connections?

PASSED                                                                   [  6%]
test/unit/modules/test_sfp__stor_db_advanced.py::TestAdvancedStorageModule::test_module_setup_with_enterprise_features PASSED [  6%]
test/unit/modules/test_sfp__stor_db_advanced.py::TestAdvancedStorageModule::test_module_setup_without_database_handle 
-------------------------------- live log call --------------------------------
23:08:16 [ERROR] SpiderFoot database handle not initialized
PASSED                                                                   [  6%]
test/unit/modules/test_sfp__stor_db_advanced.py::TestAdvancedStorageModule::test_performance_status_reporting 
-------------------------------- live log call --------------------------------
23:08:20 [ERROR] Failed to initialize pool pool_0: connection to server at "localhost" (::1), port 5432 failed: Connection refused (0x0000274D/10061)
	Is the server running on that host and accepting TCP/IP connections?
connection to server at "localhost" (127.0.0.1), port 5432 failed: Connection refused (0x0000274D/10061)
	Is the server running on that host and accepting TCP/IP connections?

PASSED                                                                   [  6%]
test/unit/modules/test_sfp__stor_db_advanced.py::TestPhase2StorageIntegration::test_concurrent_event_processing PASSED [  6%]
test/unit/modules/test_sfp__stor_db_advanced.py::TestPhase2StorageIntegration::test_end_to_end_event_processing PASSED [  6%]
test/unit/modules/test_sfp__stor_db_advanced.py::TestPhase2StorageIntegration::test_module_watchedEvents_and_producedEvents PASSED [  6%]
test/unit/modules/test_sfp__stor_db_advanced.py::TestPhase2StorageIntegration::test_performance_monitoring_integration PASSED [  6%]
test/unit/modules/test_sfp__stor_elasticsearch.py::TestModuleStorElasticsearch::test_bulk_insertion_triggered PASSED [  6%]
test/unit/modules/test_sfp__stor_elasticsearch.py::TestModuleStorElasticsearch::test_event_buffering PASSED [  6%]
test/unit/modules/test_sfp__stor_elasticsearch.py::TestModuleStorElasticsearch::test_event_handling_disabled PASSED [  6%]
test/unit/modules/test_sfp__stor_elasticsearch.py::TestModuleStorElasticsearch::test_opts PASSED [  6%]
test/unit/modules/test_sfp__stor_elasticsearch.py::TestModuleStorElasticsearch::test_producedEvents_should_return_list PASSED [  6%]
test/unit/modules/test_sfp__stor_elasticsearch.py::TestModuleStorElasticsearch::test_setup_disabled PASSED [  6%]
test/unit/modules/test_sfp__stor_elasticsearch.py::TestModuleStorElasticsearch::test_setup_enabled_basic_auth PASSED [  6%]
test/unit/modules/test_sfp__stor_elasticsearch.py::TestModuleStorElasticsearch::test_thread_safety PASSED [  6%]
test/unit/modules/test_sfp__stor_elasticsearch.py::TestModuleStorElasticsearch::test_watchedEvents_should_return_list PASSED [  6%]
test/unit/modules/test_sfp__stor_stdout.py::TestModuleStor_stdout::test_empty_event_data PASSED [  6%]
test/unit/modules/test_sfp__stor_stdout.py::TestModuleStor_stdout::test_handle_event_basic_output PASSED [  6%]
test/unit/modules/test_sfp__stor_stdout.py::TestModuleStor_stdout::test_handle_event_disabled PASSED [  6%]
test/unit/modules/test_sfp__stor_stdout.py::TestModuleStor_stdout::test_handle_event_unicode PASSED [  6%]
test/unit/modules/test_sfp__stor_stdout.py::TestModuleStor_stdout::test_handle_event_with_data_truncation PASSED [  6%]
test/unit/modules/test_sfp__stor_stdout.py::TestModuleStor_stdout::test_handle_event_with_special_characters PASSED [  6%]
test/unit/modules/test_sfp__stor_stdout.py::TestModuleStor_stdout::test_handle_multiple_events PASSED [  6%]
test/unit/modules/test_sfp__stor_stdout.py::TestModuleStor_stdout::test_none_event_data PASSED [  6%]
test/unit/modules/test_sfp__stor_stdout.py::TestModuleStor_stdout::test_opts SKIPPED [  6%]
test/unit/modules/test_sfp__stor_stdout.py::TestModuleStor_stdout::test_output_formatting_consistency PASSED [  6%]
test/unit/modules/test_sfp__stor_stdout.py::TestModuleStor_stdout::test_producedEvents_should_return_list PASSED [  6%]
test/unit/modules/test_sfp__stor_stdout.py::TestModuleStor_stdout::test_setup PASSED [  6%]
test/unit/modules/test_sfp__stor_stdout.py::TestModuleStor_stdout::test_setup_with_options 
-------------------------------- live log call --------------------------------
23:08:32 [WARNING] Performance alert: high_error_rate - {'error_rate': 0.5, 'query_count': 20}
23:08:32 [WARNING] Performance alert: high_error_rate - {'error_rate': 0.1, 'query_count': 10}
PASSED                                                                   [  6%]
------------------------------ live log teardown ------------------------------
23:08:32 [WARNING] Performance alert: high_error_rate - {'error_rate': 0.3333333333333333, 'query_count': 3}

test/unit/modules/test_sfp__stor_stdout.py::TestModuleStor_stdout::test_stdout_error_handling 
-------------------------------- live log call --------------------------------
23:08:32 [ERROR] Stdout write failed: Stdout write failed
PASSED                                                                   [  6%]
test/unit/modules/test_sfp__stor_stdout.py::TestModuleStor_stdout::test_watchedEvents_should_return_list PASSED [  6%]
test/unit/modules/test_sfp_abstractapi.py::TestModuleAbstractapi::test_handleEvent_no_api_key_should_set_errorState 
-------------------------------- live log call --------------------------------
23:08:33 [ERROR] You enabled sfp_abstractapi but did not set any API keys!
PASSED                                                                   [  6%]
test/unit/modules/test_sfp_abstractapi.py::TestModuleAbstractapi::test_opts PASSED [  6%]
test/unit/modules/test_sfp_abstractapi.py::TestModuleAbstractapi::test_parseApiResponse_fatal_http_response_error_code_should_set_errorState 
-------------------------------- live log call --------------------------------
23:08:35 [ERROR] Unauthorized. Invalid AbstractAPI API key.
----------------------------- live log logreport ------------------------------
23:08:35 [ERROR] Usage quota reached. Insufficient API credit.
----------------------------- live log logreport ------------------------------
23:08:35 [ERROR] Abstract API service is unavailable
----------------------------- live log logreport ------------------------------
23:08:35 [ERROR] Abstract API service is unavailable
----------------------------- live log logreport ------------------------------
23:08:35 [ERROR] Abstract API service is unavailable

test/unit/modules/test_sfp_abstractapi.py::TestModuleAbstractapi::test_parseApiResponse_fatal_http_response_error_code_should_set_errorState PASSED [  6%]
test/unit/modules/test_sfp_abstractapi.py::TestModuleAbstractapi::test_parseApiResponse_nonfatal_http_response_code_should_not_set_errorState 
----------------------------- live log logreport ------------------------------
23:08:35 [ERROR] You are being rate-limited by AbstractAPI.

test/unit/modules/test_sfp_abstractapi.py::TestModuleAbstractapi::test_parseApiResponse_nonfatal_http_response_code_should_not_set_errorState PASSED [  6%]
test/unit/modules/test_sfp_abstractapi.py::TestModuleAbstractapi::test_producedEvents_should_return_list PASSED [  6%]
test/unit/modules/test_sfp_abstractapi.py::TestModuleAbstractapi::test_setup PASSED [  6%]
test/unit/modules/test_sfp_abstractapi.py::TestModuleAbstractapi::test_watchedEvents_should_return_list PASSED [  6%]
test/unit/modules/test_sfp_abusech.py::TestModuleAbusech::test_opts PASSED [  6%]
test/unit/modules/test_sfp_abusech.py::TestModuleAbusech::test_producedEvents_should_return_list PASSED [  6%]
test/unit/modules/test_sfp_abusech.py::TestModuleAbusech::test_setup PASSED [  6%]
test/unit/modules/test_sfp_abusech.py::TestModuleAbusech::test_watchedEvents_should_return_list PASSED [  6%]
test/unit/modules/test_sfp_abuseipdb.py::TestModuleAbuseipdb::test_handleEvent_no_api_key_should_set_errorState 
-------------------------------- live log call --------------------------------
23:08:40 [ERROR] You enabled sfp_abuseipdb but did not set an API key!
PASSED                                                                   [  6%]
test/unit/modules/test_sfp_abuseipdb.py::TestModuleAbuseipdb::test_opts PASSED [  6%]
test/unit/modules/test_sfp_abuseipdb.py::TestModuleAbuseipdb::test_producedEvents_should_return_list PASSED [  6%]
test/unit/modules/test_sfp_abuseipdb.py::TestModuleAbuseipdb::test_setup PASSED [  6%]
test/unit/modules/test_sfp_abuseipdb.py::TestModuleAbuseipdb::test_watchedEvents_should_return_list PASSED [  6%]
test/unit/modules/test_sfp_accounts.py::TestModuleAccounts::test_opts PASSED [  6%]
test/unit/modules/test_sfp_accounts.py::TestModuleAccounts::test_producedEvents_should_return_list PASSED [  6%]
test/unit/modules/test_sfp_accounts.py::TestModuleAccounts::test_setup PASSED [  6%]
test/unit/modules/test_sfp_accounts.py::TestModuleAccounts::test_watchedEvents_should_return_list PASSED [  6%]
test/unit/modules/test_sfp_adblock.py::TestModuleAdblock::test_opts PASSED [  6%]
test/unit/modules/test_sfp_adblock.py::TestModuleAdblock::test_producedEvents_should_return_list PASSED [  6%]
test/unit/modules/test_sfp_adblock.py::TestModuleAdblock::test_setup PASSED [  6%]
test/unit/modules/test_sfp_adblock.py::TestModuleAdblock::test_watchedEvents_should_return_list PASSED [  6%]
test/unit/modules/test_sfp_adguard_dns.py::TestModuleAdGuardDns::test_opts PASSED [  6%]
test/unit/modules/test_sfp_adguard_dns.py::TestModuleAdGuardDns::test_producedEvents_should_return_list PASSED [  6%]
test/unit/modules/test_sfp_adguard_dns.py::TestModuleAdGuardDns::test_setup PASSED [  6%]
test/unit/modules/test_sfp_adguard_dns.py::TestModuleAdGuardDns::test_watchedEvents_should_return_list PASSED [  6%]
test/unit/modules/test_sfp_ahmia.py::TestModuleAhmia::test_opts PASSED   [  6%]
test/unit/modules/test_sfp_ahmia.py::TestModuleAhmia::test_producedEvents_should_return_list PASSED [  6%]
test/unit/modules/test_sfp_ahmia.py::TestModuleAhmia::test_setup PASSED  [  6%]
test/unit/modules/test_sfp_ahmia.py::TestModuleAhmia::test_watchedEvents_should_return_list PASSED [  6%]
test/unit/modules/test_sfp_alienvault.py::TestModuleAlienvault::test_handleEvent_no_api_key_should_set_errorState 
-------------------------------- live log call --------------------------------
23:08:52 [ERROR] You enabled sfp_alienvault but did not set an API key!
PASSED                                                                   [  6%]
test/unit/modules/test_sfp_alienvault.py::TestModuleAlienvault::test_opts PASSED [  6%]
test/unit/modules/test_sfp_alienvault.py::TestModuleAlienvault::test_parseApiResponse_fatal_http_response_error_code_should_set_errorState 
-------------------------------- live log call --------------------------------
23:08:53 [ERROR] AlienVault OTX API key seems to have been rejected or you have exceeded usage limits for the month.
----------------------------- live log logreport ------------------------------
23:08:53 [ERROR] You are being rate-limited by AienVault OTX

test/unit/modules/test_sfp_alienvault.py::TestModuleAlienvault::test_parseApiResponse_fatal_http_response_error_code_should_set_errorState PASSED [  6%]
test/unit/modules/test_sfp_alienvault.py::TestModuleAlienvault::test_parseApiResponse_nonfatal_http_response_code_should_not_set_errorState 
test/unit/modules/test_sfp_alienvault.py::TestModuleAlienvault::test_parseApiResponse_nonfatal_http_response_code_should_not_set_errorState PASSED [  6%]
test/unit/modules/test_sfp_alienvault.py::TestModuleAlienvault::test_producedEvents_should_return_list PASSED [  6%]
test/unit/modules/test_sfp_alienvault.py::TestModuleAlienvault::test_setup PASSED [  6%]
test/unit/modules/test_sfp_alienvault.py::TestModuleAlienvault::test_watchedEvents_should_return_list PASSED [  6%]
test/unit/modules/test_sfp_alienvaultiprep.py::TestModuleAlienvaultiprep::test_opts PASSED [  7%]
test/unit/modules/test_sfp_alienvaultiprep.py::TestModuleAlienvaultiprep::test_producedEvents_should_return_list PASSED [  7%]
test/unit/modules/test_sfp_alienvaultiprep.py::TestModuleAlienvaultiprep::test_setup PASSED [  7%]
test/unit/modules/test_sfp_alienvaultiprep.py::TestModuleAlienvaultiprep::test_watchedEvents_should_return_list PASSED [  7%]
test/unit/modules/test_sfp_aparat.py::TestSfpAparat::test_handle_event_emits_video_events 
-------------------------------- live log call --------------------------------
23:09:01 [ERROR] Failed to fetch Aparat videos for user testuser. HTTP code: 504
23:09:01 [INFO] No Aparat videos found for any configured user.
FAILED                                                                   [  7%]
test/unit/modules/test_sfp_aparat.py::TestSfpAparat::test_handle_event_no_videos 
-------------------------------- live log call --------------------------------
23:09:02 [WARNING] Performance alert: high_error_rate - {'error_rate': 0.1, 'query_count': 10}
23:09:02 [WARNING] Performance alert: high_error_rate - {'error_rate': 0.5, 'query_count': 20}
23:09:02 [WARNING] Performance alert: high_error_rate - {'error_rate': 0.3333333333333333, 'query_count': 3}
23:09:02 [ERROR] Failed to scale down pool_0: '>' not supported between instances of 'int' and 'MagicMock'
23:09:03 [ERROR] Failed to scale down pool_0: '>' not supported between instances of 'int' and 'MagicMock'
23:09:04 [ERROR] Failed to fetch Aparat videos for user testuser. HTTP code: 504
23:09:04 [INFO] No Aparat videos found for any configured user.
PASSED                                                                   [  7%]
test/unit/modules/test_sfp_aparat.py::TestSfpAparat::test_meta PASSED    [  7%]
test/unit/modules/test_sfp_aparat.py::TestSfpAparat::test_opts PASSED    [  7%]
test/unit/modules/test_sfp_aparat.py::TestSfpAparat::test_produced_events PASSED [  7%]
test/unit/modules/test_sfp_apileak.py::TestAPILLeak::test_handle_event_api_key_leak PASSED [  7%]
test/unit/modules/test_sfp_apileak.py::TestAPILLeak::test_handle_event_no_leaks 
-------------------------------- live log call --------------------------------
23:09:05 [INFO] No API key or credential leaks found for query: example.com
PASSED                                                                   [  7%]
test/unit/modules/test_sfp_apileak.py::TestAPILLeak::test_handle_event_no_token 
-------------------------------- live log call --------------------------------
23:09:06 [ERROR] GitHub API token is not set. Please configure the github_token option.
PASSED                                                                   [  7%]
test/unit/modules/test_sfp_apileak.py::TestAPILLeak::test_handle_event_rate_limit 
-------------------------------- live log call --------------------------------
23:09:06 [ERROR] GitHub API rate limit exceeded or access forbidden.
23:09:07 [ERROR] Failed to recreate pool pool_0: connection to server at "localhost" (::1), port 5432 failed: Connection refused (0x0000274D/10061)
	Is the server running on that host and accepting TCP/IP connections?
connection to server at "localhost" (127.0.0.1), port 5432 failed: Connection refused (0x0000274D/10061)
	Is the server running on that host and accepting TCP/IP connections?

23:09:07 [ERROR] Failed to recreate pool pool_0: connection to server at "localhost" (::1), port 5432 failed: Connection refused (0x0000274D/10061)
	Is the server running on that host and accepting TCP/IP connections?
connection to server at "localhost" (127.0.0.1), port 5432 failed: Connection refused (0x0000274D/10061)
	Is the server running on that host and accepting TCP/IP connections?

23:09:07 [INFO] Scaled down pool_0 from 10 to 5 connections
23:09:07 [INFO] Scaled up pool_0 from 5 to 10 connections
PASSED                                                                   [  7%]
test/unit/modules/test_sfp_apple_itunes.py::TestModuleAppleItunes::test_opts PASSED [  7%]
test/unit/modules/test_sfp_apple_itunes.py::TestModuleAppleItunes::test_producedEvents_should_return_list PASSED [  7%]
test/unit/modules/test_sfp_apple_itunes.py::TestModuleAppleItunes::test_setup PASSED [  7%]
test/unit/modules/test_sfp_apple_itunes.py::TestModuleAppleItunes::test_watchedEvents_should_return_list PASSED [  7%]
test/unit/modules/test_sfp_arbitrum.py::TestSfpArbitrum::test_handle_event_api_error 
-------------------------------- live log call --------------------------------
23:09:09 [ERROR] [handleEvent] Arbiscan API error: 500
PASSED                                                                   [  7%]
test/unit/modules/test_sfp_arbitrum.py::TestSfpArbitrum::test_handle_event_emits_events PASSED [  7%]
test/unit/modules/test_sfp_arbitrum.py::TestSfpArbitrum::test_handle_event_no_transactions 
-------------------------------- live log call --------------------------------
23:09:09 [INFO] [handleEvent] No transactions found for 0x123.
PASSED                                                                   [  7%]
test/unit/modules/test_sfp_arbitrum.py::TestSfpArbitrum::test_meta PASSED [  7%]
test/unit/modules/test_sfp_arbitrum.py::TestSfpArbitrum::test_option_validation 
-------------------------------- live log call --------------------------------
23:09:10 [ERROR] [setup] API key is required.
23:09:10 [ERROR] [setup] max_transactions must be a positive integer.
23:09:10 [ERROR] [setup] output_format must be 'summary' or 'full'.
PASSED                                                                   [  7%]
test/unit/modules/test_sfp_arbitrum.py::TestSfpArbitrum::test_opts PASSED [  7%]
test/unit/modules/test_sfp_arbitrum.py::TestSfpArbitrum::test_opts_defaults PASSED [  7%]
test/unit/modules/test_sfp_arbitrum.py::TestSfpArbitrum::test_produced_events PASSED [  7%]
test/unit/modules/test_sfp_archiveorg.py::TestModuleArchiveorg::test_opts PASSED [  7%]
test/unit/modules/test_sfp_archiveorg.py::TestModuleArchiveorg::test_producedEvents_should_return_list PASSED [  7%]
test/unit/modules/test_sfp_archiveorg.py::TestModuleArchiveorg::test_setup PASSED [  7%]
test/unit/modules/test_sfp_archiveorg.py::TestModuleArchiveorg::test_watchedEvents_should_return_list PASSED [  7%]
test/unit/modules/test_sfp_archiveorg_extended.py::TestModuleArchiveorgExtended::test_error_handling_fetch_error 
-------------------------------- live log call --------------------------------
23:09:18 [WARNING] Timeout fetching https://archive.org/wayback/available?url=example.com&timestamp=20260228
23:09:18 [ERROR] Unable to fetch https://archive.org/wayback/available?url=example.com&timestamp=20260228
PASSED                                                                   [  7%]
test/unit/modules/test_sfp_archiveorg_extended.py::TestModuleArchiveorgExtended::test_error_handling_malformed_json 
-------------------------------- live log call --------------------------------
23:09:24 [WARNING] Timeout fetching https://archive.org/wayback/available?url=example.com&timestamp=20260228
23:09:24 [ERROR] Unable to fetch https://archive.org/wayback/available?url=example.com&timestamp=20260228
PASSED                                                                   [  7%]
test/unit/modules/test_sfp_archiveorg_extended.py::TestModuleArchiveorgExtended::test_error_handling_no_snapshots 
-------------------------------- live log call --------------------------------
23:09:29 [WARNING] Timeout fetching https://archive.org/wayback/available?url=example.com&timestamp=20260228
23:09:29 [ERROR] Unable to fetch https://archive.org/wayback/available?url=example.com&timestamp=20260228
PASSED                                                                   [  7%]
test/unit/modules/test_sfp_archiveorg_extended.py::TestModuleArchiveorgExtended::test_event_emission_for_all_types 
-------------------------------- live log call --------------------------------
23:09:32 [WARNING] Performance alert: high_error_rate - {'error_rate': 0.1, 'query_count': 10}
23:09:32 [WARNING] Performance alert: high_error_rate - {'error_rate': 0.5, 'query_count': 20}
23:09:32 [WARNING] Performance alert: high_error_rate - {'error_rate': 0.3333333333333333, 'query_count': 3}
23:09:35 [WARNING] Timeout fetching https://archive.org/wayback/available?url=example.com&timestamp=20260228
23:09:35 [ERROR] Unable to fetch https://archive.org/wayback/available?url=example.com&timestamp=20260228
FAILED                                                                   [  7%]
test/unit/modules/test_sfp_archiveorg_extended.py::TestModuleArchiveorgExtended::test_option_filtering PASSED [  7%]
test/unit/modules/test_sfp_arin.py::TestModuleArin::test_opts PASSED     [  7%]
test/unit/modules/test_sfp_arin.py::TestModuleArin::test_producedEvents_should_return_list PASSED [  7%]
test/unit/modules/test_sfp_arin.py::TestModuleArin::test_setup PASSED    [  7%]
test/unit/modules/test_sfp_arin.py::TestModuleArin::test_watchedEvents_should_return_list PASSED [  7%]
test/unit/modules/test_sfp_azureblobstorage.py::TestModuleAzureblobstorage::test_opts PASSED [  7%]
test/unit/modules/test_sfp_azureblobstorage.py::TestModuleAzureblobstorage::test_producedEvents_should_return_list PASSED [  7%]
test/unit/modules/test_sfp_azureblobstorage.py::TestModuleAzureblobstorage::test_setup PASSED [  7%]
test/unit/modules/test_sfp_azureblobstorage.py::TestModuleAzureblobstorage::test_watchedEvents_should_return_list PASSED [  7%]
test/unit/modules/test_sfp_bambenek.py::TestModuleBambenek::test_opts PASSED [  7%]
test/unit/modules/test_sfp_bambenek.py::TestModuleBambenek::test_producedEvents_should_return_list PASSED [  7%]
test/unit/modules/test_sfp_bambenek.py::TestModuleBambenek::test_setup 
-------------------------------- live log call --------------------------------
23:09:42 [ERROR] Unable to fetch https://osint.bambenekconsulting.com/feeds/dga-feed.txt
23:09:43 [ERROR] Unable to fetch https://osint.bambenekconsulting.com/feeds/c2-ipmasterlist.txt
23:09:43 [ERROR] Unable to fetch https://osint.bambenekconsulting.com/feeds/c2-dommasterlist.txt
PASSED                                                                   [  7%]
test/unit/modules/test_sfp_bambenek.py::TestModuleBambenek::test_watchedEvents_should_return_list PASSED [  7%]
test/unit/modules/test_sfp_base64.py::TestModuleBase64::test_handleEvent_event_data_not_containing_base64_string_should_not_return_event PASSED [  7%]
test/unit/modules/test_sfp_base64.py::TestModuleBase64::test_handleEvent_event_data_url_containing_base64_string_should_return_event 
-------------------------------- live log call --------------------------------
23:09:45 [INFO] Found Base64 string: U3BpZGVyRm9vdA==
PASSED                                                                   [  7%]
test/unit/modules/test_sfp_base64.py::TestModuleBase64::test_opts PASSED [  7%]
test/unit/modules/test_sfp_base64.py::TestModuleBase64::test_producedEvents_should_return_list PASSED [  7%]
test/unit/modules/test_sfp_base64.py::TestModuleBase64::test_setup PASSED [  7%]
test/unit/modules/test_sfp_base64.py::TestModuleBase64::test_watchedEvents_should_return_list PASSED [  7%]
test/unit/modules/test_sfp_bgpview.py::TestModuleBgpview::test_opts PASSED [  7%]
test/unit/modules/test_sfp_bgpview.py::TestModuleBgpview::test_producedEvents_should_return_list PASSED [  7%]
test/unit/modules/test_sfp_bgpview.py::TestModuleBgpview::test_setup PASSED [  7%]
test/unit/modules/test_sfp_bgpview.py::TestModuleBgpview::test_watchedEvents_should_return_list PASSED [  7%]
test/unit/modules/test_sfp_binaryedge.py::TestModuleBinaryedge::test_handleEvent_no_api_key_should_set_errorState 
-------------------------------- live log call --------------------------------
23:09:50 [ERROR] You enabled sfp_binaryedge but did not set an API key!
PASSED                                                                   [  7%]
test/unit/modules/test_sfp_binaryedge.py::TestModuleBinaryedge::test_opts PASSED [  7%]
test/unit/modules/test_sfp_binaryedge.py::TestModuleBinaryedge::test_producedEvents_should_return_list PASSED [  7%]
test/unit/modules/test_sfp_binaryedge.py::TestModuleBinaryedge::test_setup PASSED [  7%]
test/unit/modules/test_sfp_binaryedge.py::TestModuleBinaryedge::test_watchedEvents_should_return_list PASSED [  7%]
test/unit/modules/test_sfp_bingsearch.py::TestModuleBingsearch::test_handleEvent_no_api_key_should_set_errorState 
-------------------------------- live log call --------------------------------
23:09:53 [ERROR] You enabled sfp_bingsearch but did not set a Bing API key!
PASSED                                                                   [  7%]
test/unit/modules/test_sfp_bingsearch.py::TestModuleBingsearch::test_opts PASSED [  7%]
test/unit/modules/test_sfp_bingsearch.py::TestModuleBingsearch::test_producedEvents_should_return_list PASSED [  7%]
test/unit/modules/test_sfp_bingsearch.py::TestModuleBingsearch::test_setup PASSED [  7%]
test/unit/modules/test_sfp_bingsearch.py::TestModuleBingsearch::test_watchedEvents_should_return_list PASSED [  7%]
test/unit/modules/test_sfp_bingsharedip.py::TestModuleBingsharedip::test_handleEvent_no_api_key_should_set_errorState 
-------------------------------- live log call --------------------------------
23:09:56 [ERROR] You enabled sfp_bingsharedip but did not set a Bing API key!
PASSED                                                                   [  7%]
test/unit/modules/test_sfp_bingsharedip.py::TestModuleBingsharedip::test_opts PASSED [  7%]
test/unit/modules/test_sfp_bingsharedip.py::TestModuleBingsharedip::test_producedEvents_should_return_list PASSED [  7%]
test/unit/modules/test_sfp_bingsharedip.py::TestModuleBingsharedip::test_setup PASSED [  7%]
test/unit/modules/test_sfp_bingsharedip.py::TestModuleBingsharedip::test_watchedEvents_should_return_list PASSED [  7%]
test/unit/modules/test_sfp_binstring.py::TestModuleBinstring::test_opts PASSED [  7%]
test/unit/modules/test_sfp_binstring.py::TestModuleBinstring::test_producedEvents_should_return_list PASSED [  7%]
test/unit/modules/test_sfp_binstring.py::TestModuleBinstring::test_setup PASSED [  7%]
test/unit/modules/test_sfp_binstring.py::TestModuleBinstring::test_watchedEvents_should_return_list PASSED [  7%]
test/unit/modules/test_sfp_bitcoin.py::TestModuleBitcoin::test_handleEvent_event_data_containing_bitcoin_string_in_bech32_format_should_return_event PASSED [  7%]
test/unit/modules/test_sfp_bitcoin.py::TestModuleBitcoin::test_handleEvent_event_data_containing_bitcoin_string_in_legacy_base58_format_should_return_event PASSED [  7%]
------------------------------ live log teardown ------------------------------
23:10:02 [WARNING] Performance alert: high_error_rate - {'error_rate': 0.1, 'query_count': 10}

23:10:02 [WARNING] Performance alert: high_error_rate - {'error_rate': 0.5, 'query_count': 20}

test/unit/modules/test_sfp_bitcoin.py::TestModuleBitcoin::test_handleEvent_event_data_not_containing_bitcoin_string_should_not_return_event 
-------------------------------- live log call --------------------------------
23:10:02 [WARNING] Performance alert: high_error_rate - {'error_rate': 0.3333333333333333, 'query_count': 3}
23:10:03 [ERROR] Failed to scale down pool_0: '>' not supported between instances of 'int' and 'MagicMock'
23:10:03 [ERROR] Failed to scale down pool_0: '>' not supported between instances of 'int' and 'MagicMock'
PASSED                                                                   [  7%]
test/unit/modules/test_sfp_bitcoin.py::TestModuleBitcoin::test_opts PASSED [  7%]
test/unit/modules/test_sfp_bitcoin.py::TestModuleBitcoin::test_producedEvents_should_return_list PASSED [  7%]
test/unit/modules/test_sfp_bitcoin.py::TestModuleBitcoin::test_setup PASSED [  7%]
test/unit/modules/test_sfp_bitcoin.py::TestModuleBitcoin::test_watchedEvents_should_return_list PASSED [  7%]
test/unit/modules/test_sfp_bitcoinwhoswho.py::TestModuleBitcoinwhoswho::test_handleEvent_no_api_key_should_set_errorState 
-------------------------------- live log call --------------------------------
23:10:05 [ERROR] You enabled sfp_bitcoinwhoswho but did not set an API key!
PASSED                                                                   [  7%]
test/unit/modules/test_sfp_bitcoinwhoswho.py::TestModuleBitcoinwhoswho::test_opts PASSED [  7%]
test/unit/modules/test_sfp_bitcoinwhoswho.py::TestModuleBitcoinwhoswho::test_producedEvents_should_return_list PASSED [  7%]
test/unit/modules/test_sfp_bitcoinwhoswho.py::TestModuleBitcoinwhoswho::test_setup PASSED [  7%]
test/unit/modules/test_sfp_bitcoinwhoswho.py::TestModuleBitcoinwhoswho::test_watchedEvents_should_return_list PASSED [  7%]
test/unit/modules/test_sfp_blockchain.py::TestModuleBlockchain::test_opts PASSED [  8%]
test/unit/modules/test_sfp_blockchain.py::TestModuleBlockchain::test_producedEvents_should_return_list PASSED [  8%]
test/unit/modules/test_sfp_blockchain.py::TestModuleBlockchain::test_setup PASSED [  8%]
test/unit/modules/test_sfp_blockchain.py::TestModuleBlockchain::test_watchedEvents_should_return_list PASSED [  8%]
test/unit/modules/test_sfp_blocklistde.py::TestModuleBlocklistde::test_opts PASSED [  8%]
test/unit/modules/test_sfp_blocklistde.py::TestModuleBlocklistde::test_producedEvents_should_return_list 
-------------------------------- live log call --------------------------------
23:10:11 [ERROR] Failed to recreate pool pool_0: connection to server at "localhost" (::1), port 5432 failed: Connection refused (0x0000274D/10061)
	Is the server running on that host and accepting TCP/IP connections?
connection to server at "localhost" (127.0.0.1), port 5432 failed: Connection refused (0x0000274D/10061)
	Is the server running on that host and accepting TCP/IP connections?

23:10:11 [ERROR] Failed to recreate pool pool_0: connection to server at "localhost" (::1), port 5432 failed: Connection refused (0x0000274D/10061)
	Is the server running on that host and accepting TCP/IP connections?
connection to server at "localhost" (127.0.0.1), port 5432 failed: Connection refused (0x0000274D/10061)
	Is the server running on that host and accepting TCP/IP connections?

23:10:11 [INFO] Scaled up pool_0 from 5 to 10 connections
PASSED                                                                   [  8%]
------------------------------ live log teardown ------------------------------
23:10:11 [INFO] Scaled down pool_0 from 10 to 5 connections

test/unit/modules/test_sfp_blocklistde.py::TestModuleBlocklistde::test_setup PASSED [  8%]
test/unit/modules/test_sfp_blocklistde.py::TestModuleBlocklistde::test_watchedEvents_should_return_list PASSED [  8%]
test/unit/modules/test_sfp_bluesky.py::test_meta PASSED                  [  8%]
test/unit/modules/test_sfp_bluesky.py::test_opts PASSED                  [  8%]
test/unit/modules/test_sfp_bluesky.py::test_opts_defaults PASSED         [  8%]
test/unit/modules/test_sfp_bluesky.py::test_produced_events PASSED       [  8%]
test/unit/modules/test_sfp_bluesky.py::test_option_validation 
-------------------------------- live log call --------------------------------
23:10:13 [ERROR] [setup] Bluesky access token is required.
23:10:13 [ERROR] [setup] Bluesky username is required.
23:10:13 [ERROR] [setup] max_posts must be a positive integer.
23:10:13 [ERROR] [setup] output_format must be 'summary' or 'full'.
PASSED                                                                   [  8%]
test/unit/modules/test_sfp_bluesky.py::test_handle_event_emits_events PASSED [  8%]
test/unit/modules/test_sfp_bluesky.py::test_handle_event_no_posts PASSED [  8%]
test/unit/modules/test_sfp_bluesky.py::test_handle_event_api_error PASSED [  8%]
test/unit/modules/test_sfp_bluesky.py::test_handle_event_invalid_token PASSED [  8%]
test/unit/modules/test_sfp_bnb.py::TestSfpBNB::test_handle_event_stub 
-------------------------------- live log call --------------------------------
23:10:13 [ERROR] BNB module requires a BscScan API key.
23:10:13 [ERROR] BNB module requires at least one address.
PASSED                                                                   [  8%]
test/unit/modules/test_sfp_bnb.py::TestSfpBNB::test_meta 
-------------------------------- live log call --------------------------------
23:10:13 [ERROR] BNB module requires a BscScan API key.
23:10:13 [ERROR] BNB module requires at least one address.
PASSED                                                                   [  8%]
test/unit/modules/test_sfp_bnb.py::TestSfpBNB::test_opts 
-------------------------------- live log call --------------------------------
23:10:13 [ERROR] BNB module requires a BscScan API key.
23:10:13 [ERROR] BNB module requires at least one address.
PASSED                                                                   [  8%]
test/unit/modules/test_sfp_bnb.py::TestSfpBNB::test_opts_defaults 
-------------------------------- live log call --------------------------------
23:10:13 [ERROR] BNB module requires a BscScan API key.
23:10:14 [ERROR] BNB module requires at least one address.
PASSED                                                                   [  8%]
test/unit/modules/test_sfp_bnb.py::TestSfpBNB::test_produced_events 
-------------------------------- live log call --------------------------------
23:10:14 [ERROR] BNB module requires a BscScan API key.
23:10:14 [ERROR] BNB module requires at least one address.
PASSED                                                                   [  8%]
test/unit/modules/test_sfp_botscout.py::TestModuleBotscout::test_opts PASSED [  8%]
test/unit/modules/test_sfp_botscout.py::TestModuleBotscout::test_parseApiResponse_fatal_http_response_error_code_should_set_errorState 
-------------------------------- live log call --------------------------------
23:10:14 [ERROR] Unexpected HTTP response code 401 from BotScout.
----------------------------- live log logreport ------------------------------
23:10:14 [ERROR] Unexpected HTTP response code 402 from BotScout.
----------------------------- live log logreport ------------------------------
23:10:14 [ERROR] Unexpected HTTP response code 403 from BotScout.
----------------------------- live log logreport ------------------------------
23:10:14 [ERROR] Unexpected HTTP response code 429 from BotScout.
----------------------------- live log logreport ------------------------------
23:10:14 [ERROR] Unexpected HTTP response code 500 from BotScout.
----------------------------- live log logreport ------------------------------
23:10:14 [ERROR] Unexpected HTTP response code 502 from BotScout.
----------------------------- live log logreport ------------------------------
23:10:14 [ERROR] Unexpected HTTP response code 503 from BotScout.

test/unit/modules/test_sfp_botscout.py::TestModuleBotscout::test_parseApiResponse_fatal_http_response_error_code_should_set_errorState PASSED [  8%]
test/unit/modules/test_sfp_botscout.py::TestModuleBotscout::test_parseApiResponse_nonfatal_http_response_code_should_not_set_errorState 
-------------------------------- live log call --------------------------------
23:10:15 [ERROR] No response from BotScout.

test/unit/modules/test_sfp_botscout.py::TestModuleBotscout::test_parseApiResponse_nonfatal_http_response_code_should_not_set_errorState PASSED [  8%]
test/unit/modules/test_sfp_botscout.py::TestModuleBotscout::test_producedEvents_should_return_list PASSED [  8%]
test/unit/modules/test_sfp_botscout.py::TestModuleBotscout::test_setup PASSED [  8%]
test/unit/modules/test_sfp_botscout.py::TestModuleBotscout::test_watchedEvents_should_return_list PASSED [  8%]
test/unit/modules/test_sfp_botvrij.py::TestModulebotvrij::test_opts PASSED [  8%]
test/unit/modules/test_sfp_botvrij.py::TestModulebotvrij::test_producedEvents_should_return_list PASSED [  8%]
test/unit/modules/test_sfp_botvrij.py::TestModulebotvrij::test_setup PASSED [  8%]
test/unit/modules/test_sfp_botvrij.py::TestModulebotvrij::test_watchedEvents_should_return_list PASSED [  8%]
test/unit/modules/test_sfp_builtwith.py::TestModulebuiltwith::test_handleEvent_no_api_key_should_set_errorState 
-------------------------------- live log call --------------------------------
23:10:19 [ERROR] You enabled sfp_builtwith but did not set an API key!
PASSED                                                                   [  8%]
test/unit/modules/test_sfp_builtwith.py::TestModulebuiltwith::test_opts PASSED [  8%]
test/unit/modules/test_sfp_builtwith.py::TestModulebuiltwith::test_producedEvents_should_return_list PASSED [  8%]
test/unit/modules/test_sfp_builtwith.py::TestModulebuiltwith::test_setup PASSED [  8%]
test/unit/modules/test_sfp_builtwith.py::TestModulebuiltwith::test_watchedEvents_should_return_list PASSED [  8%]
test/unit/modules/test_sfp_c99.py::TestModuleC99::test_handleEvent_no_api_key_should_set_errorState 
-------------------------------- live log call --------------------------------
23:10:22 [ERROR] You enabled sfp_c99, but did not set an API key!
PASSED                                                                   [  8%]
test/unit/modules/test_sfp_c99.py::TestModuleC99::test_opts PASSED       [  8%]
test/unit/modules/test_sfp_c99.py::TestModuleC99::test_producedEvents_should_return_list PASSED [  8%]
test/unit/modules/test_sfp_c99.py::TestModuleC99::test_setup PASSED      [  8%]
test/unit/modules/test_sfp_c99.py::TestModuleC99::test_watchedEvents_should_return_list PASSED [  8%]
test/unit/modules/test_sfp_callername.py::TestModuleCallername::test_opts PASSED [  8%]
test/unit/modules/test_sfp_callername.py::TestModuleCallername::test_producedEvents_should_return_list PASSED [  8%]
test/unit/modules/test_sfp_callername.py::TestModuleCallername::test_setup PASSED [  8%]
test/unit/modules/test_sfp_callername.py::TestModuleCallername::test_watchedEvents_should_return_list PASSED [  8%]
test/unit/modules/test_sfp_censys.py::TestModuleCensys::test_handleEvent_no_api_key_should_set_errorState 
-------------------------------- live log call --------------------------------
23:10:27 [ERROR] You enabled sfp_censys but did not set an API uid/secret!
PASSED                                                                   [  8%]
test/unit/modules/test_sfp_censys.py::TestModuleCensys::test_opts PASSED [  8%]
test/unit/modules/test_sfp_censys.py::TestModuleCensys::test_parseApiResponse_fatal_http_response_error_code_should_set_errorState 
-------------------------------- live log call --------------------------------
23:10:28 [ERROR] Unexpected HTTP response code 401 from Censys API.
----------------------------- live log logreport ------------------------------
23:10:28 [ERROR] Unexpected HTTP response code 402 from Censys API.
----------------------------- live log logreport ------------------------------
23:10:28 [ERROR] Invalid API key.
----------------------------- live log logreport ------------------------------
23:10:28 [ERROR] Request rate limit exceeded.
----------------------------- live log logreport ------------------------------
23:10:28 [ERROR] Unexpected HTTP response code 500 from Censys API.
----------------------------- live log logreport ------------------------------
23:10:28 [ERROR] Unexpected HTTP response code 502 from Censys API.
----------------------------- live log logreport ------------------------------
23:10:28 [ERROR] Unexpected HTTP response code 503 from Censys API.

test/unit/modules/test_sfp_censys.py::TestModuleCensys::test_parseApiResponse_fatal_http_response_error_code_should_set_errorState PASSED [  8%]
test/unit/modules/test_sfp_censys.py::TestModuleCensys::test_parseApiResponse_nonfatal_http_response_code_should_not_set_errorState 
-------------------------------- live log call --------------------------------
23:10:29 [INFO] Censys.io returned no results
----------------------------- live log logreport ------------------------------
23:10:29 [ERROR] Invalid request.
----------------------------- live log logreport ------------------------------
23:10:29 [INFO] Censys.io returned no results

test/unit/modules/test_sfp_censys.py::TestModuleCensys::test_parseApiResponse_nonfatal_http_response_code_should_not_set_errorState PASSED [  8%]
test/unit/modules/test_sfp_censys.py::TestModuleCensys::test_producedEvents_should_return_list PASSED [  8%]
test/unit/modules/test_sfp_censys.py::TestModuleCensys::test_setup PASSED [  8%]
test/unit/modules/test_sfp_censys.py::TestModuleCensys::test_watchedEvents_should_return_list PASSED [  8%]
test/unit/modules/test_sfp_certspotter.py::TestModuleiCertspotter::test_handleEvent_no_api_key_should_set_errorState 
-------------------------------- live log call --------------------------------
23:10:31 [ERROR] You enabled sfp_certspotter but did not set an API key!
PASSED                                                                   [  8%]
test/unit/modules/test_sfp_certspotter.py::TestModuleiCertspotter::test_opts 
-------------------------------- live log call --------------------------------
23:10:32 [WARNING] Performance alert: high_error_rate - {'error_rate': 0.5, 'query_count': 20}
23:10:32 [WARNING] Performance alert: high_error_rate - {'error_rate': 0.1, 'query_count': 10}
PASSED                                                                   [  8%]
test/unit/modules/test_sfp_certspotter.py::TestModuleiCertspotter::test_producedEvents_should_return_list PASSED [  8%]
test/unit/modules/test_sfp_certspotter.py::TestModuleiCertspotter::test_setup PASSED [  8%]
test/unit/modules/test_sfp_certspotter.py::TestModuleiCertspotter::test_watchedEvents_should_return_list PASSED [  8%]
test/unit/modules/test_sfp_cinsscore.py::TestModuleCinsscore::test_opts PASSED [  8%]
test/unit/modules/test_sfp_cinsscore.py::TestModuleCinsscore::test_producedEvents_should_return_list PASSED [  8%]
test/unit/modules/test_sfp_cinsscore.py::TestModuleCinsscore::test_setup PASSED [  8%]
test/unit/modules/test_sfp_cinsscore.py::TestModuleCinsscore::test_watchedEvents_should_return_list PASSED [  8%]
test/unit/modules/test_sfp_circllu.py::TestModuleCircllu::test_handleEvent_no_api_key_should_set_errorState 
-------------------------------- live log call --------------------------------
23:10:37 [ERROR] You enabled sfp_circllu but did not set an credentials!
PASSED                                                                   [  8%]
test/unit/modules/test_sfp_circllu.py::TestModuleCircllu::test_opts PASSED [  8%]
test/unit/modules/test_sfp_circllu.py::TestModuleCircllu::test_producedEvents_should_return_list PASSED [  8%]
test/unit/modules/test_sfp_circllu.py::TestModuleCircllu::test_setup PASSED [  8%]
test/unit/modules/test_sfp_circllu.py::TestModuleCircllu::test_watchedEvents_should_return_list PASSED [  8%]
test/unit/modules/test_sfp_cisco_umbrella.py::TestModuleCiscoUmbrella::test_opts PASSED [  8%]
test/unit/modules/test_sfp_cisco_umbrella.py::TestModuleCiscoUmbrella::test_producedEvents_should_return_list PASSED [  8%]
test/unit/modules/test_sfp_cisco_umbrella.py::TestModuleCiscoUmbrella::test_setup PASSED [  8%]
test/unit/modules/test_sfp_cisco_umbrella.py::TestModuleCiscoUmbrella::test_watchedEvents_should_return_list PASSED [  8%]
test/unit/modules/test_sfp_citadel.py::TestModulecitadel::test_opts PASSED [  8%]
test/unit/modules/test_sfp_citadel.py::TestModulecitadel::test_producedEvents_should_return_list PASSED [  8%]
test/unit/modules/test_sfp_citadel.py::TestModulecitadel::test_setup PASSED [  8%]
test/unit/modules/test_sfp_citadel.py::TestModulecitadel::test_watchedEvents_should_return_list PASSED [  8%]
test/unit/modules/test_sfp_cleanbrowsing.py::TestModuleCleanbrowsing::test_opts PASSED [  8%]
test/unit/modules/test_sfp_cleanbrowsing.py::TestModuleCleanbrowsing::test_producedEvents_should_return_list PASSED [  8%]
test/unit/modules/test_sfp_cleanbrowsing.py::TestModuleCleanbrowsing::test_setup PASSED [  8%]
test/unit/modules/test_sfp_cleanbrowsing.py::TestModuleCleanbrowsing::test_watchedEvents_should_return_list PASSED [  8%]
test/unit/modules/test_sfp_cleantalk.py::TestModuleCleantalk::test_opts PASSED [  8%]
test/unit/modules/test_sfp_cleantalk.py::TestModuleCleantalk::test_producedEvents_should_return_list PASSED [  8%]
test/unit/modules/test_sfp_cleantalk.py::TestModuleCleantalk::test_setup PASSED [  8%]
test/unit/modules/test_sfp_cleantalk.py::TestModuleCleantalk::test_watchedEvents_should_return_list PASSED [  8%]
test/unit/modules/test_sfp_cloudflaredns.py::TestModuleCloudflaredns::test_opts PASSED [  8%]
test/unit/modules/test_sfp_cloudflaredns.py::TestModuleCloudflaredns::test_producedEvents_should_return_list PASSED [  8%]
test/unit/modules/test_sfp_cloudflaredns.py::TestModuleCloudflaredns::test_setup PASSED [  8%]
test/unit/modules/test_sfp_cloudflaredns.py::TestModuleCloudflaredns::test_watchedEvents_should_return_list PASSED [  8%]
test/unit/modules/test_sfp_cloudfront.py::TestModuleCloudfront::test_checkHeaders_cloudfront_found 
-------------------------------- live log call --------------------------------
23:10:51 [WARNING] Connection error fetching https://example.com: HTTPSConnectionPool(host='example.com', port=443): Max retries exceeded with url: / (Caused by SSLError(SSLCertVerificationError(1, '[SSL: CERTIFICATE_VERIFY_FAILED] certificate verify failed: unable to get local issuer certificate (_ssl.c:1077)')))
FAILED                                                                   [  9%]
test/unit/modules/test_sfp_cloudfront.py::TestModuleCloudfront::test_checkHeaders_no_cloudfront 
-------------------------------- live log call --------------------------------
23:10:52 [WARNING] Connection error fetching https://example.com: HTTPSConnectionPool(host='example.com', port=443): Max retries exceeded with url: / (Caused by SSLError(SSLCertVerificationError(1, '[SSL: CERTIFICATE_VERIFY_FAILED] certificate verify failed: unable to get local issuer certificate (_ssl.c:1077)')))
PASSED                                                                   [  9%]
test/unit/modules/test_sfp_cloudfront.py::TestModuleCloudfront::test_handleEvent_cloudfront_detected_via_dns PASSED [  9%]
test/unit/modules/test_sfp_cloudfront.py::TestModuleCloudfront::test_opts PASSED [  9%]
test/unit/modules/test_sfp_cloudfront.py::TestModuleCloudfront::test_producedEvents_should_return_list PASSED [  9%]
test/unit/modules/test_sfp_cloudfront.py::TestModuleCloudfront::test_queryDns_cloudfront_found PASSED [  9%]
test/unit/modules/test_sfp_cloudfront.py::TestModuleCloudfront::test_queryDns_no_cloudfront PASSED [  9%]
test/unit/modules/test_sfp_cloudfront.py::TestModuleCloudfront::test_setup PASSED [  9%]
test/unit/modules/test_sfp_cloudfront.py::TestModuleCloudfront::test_watchedEvents_should_return_list PASSED [  9%]
test/unit/modules/test_sfp_coinblocker.py::TestModuleCoinblocker::test_opts PASSED [  9%]
test/unit/modules/test_sfp_coinblocker.py::TestModuleCoinblocker::test_producedEvents_should_return_list PASSED [  9%]
test/unit/modules/test_sfp_coinblocker.py::TestModuleCoinblocker::test_setup PASSED [  9%]
test/unit/modules/test_sfp_coinblocker.py::TestModuleCoinblocker::test_watchedEvents_should_return_list PASSED [  9%]
test/unit/modules/test_sfp_commoncrawl.py::TestModuleCommoncrawl::test_opts PASSED [  9%]
test/unit/modules/test_sfp_commoncrawl.py::TestModuleCommoncrawl::test_producedEvents_should_return_list PASSED [  9%]
test/unit/modules/test_sfp_commoncrawl.py::TestModuleCommoncrawl::test_setup PASSED [  9%]
test/unit/modules/test_sfp_commoncrawl.py::TestModuleCommoncrawl::test_watchedEvents_should_return_list PASSED [  9%]
test/unit/modules/test_sfp_comodo.py::TestModuleComodo::test_opts PASSED [  9%]
test/unit/modules/test_sfp_comodo.py::TestModuleComodo::test_producedEvents_should_return_list 
-------------------------------- live log call --------------------------------
23:11:02 [WARNING] Performance alert: high_error_rate - {'error_rate': 0.5, 'query_count': 20}
23:11:02 [WARNING] Performance alert: high_error_rate - {'error_rate': 0.3333333333333333, 'query_count': 3}
23:11:02 [WARNING] Performance alert: high_error_rate - {'error_rate': 0.1, 'query_count': 10}
PASSED                                                                   [  9%]
test/unit/modules/test_sfp_comodo.py::TestModuleComodo::test_setup 
-------------------------------- live log call --------------------------------
23:11:03 [ERROR] Failed to scale down pool_0: '>' not supported between instances of 'int' and 'MagicMock'
23:11:03 [ERROR] Failed to scale down pool_0: '>' not supported between instances of 'int' and 'MagicMock'
PASSED                                                                   [  9%]
test/unit/modules/test_sfp_comodo.py::TestModuleComodo::test_watchedEvents_should_return_list PASSED [  9%]
test/unit/modules/test_sfp_company.py::TestModuleCompany::test_opts PASSED [  9%]
test/unit/modules/test_sfp_company.py::TestModuleCompany::test_producedEvents_should_return_list PASSED [  9%]
test/unit/modules/test_sfp_company.py::TestModuleCompany::test_setup PASSED [  9%]
test/unit/modules/test_sfp_company.py::TestModuleCompany::test_watchedEvents_should_return_list PASSED [  9%]
test/unit/modules/test_sfp_cookie.py::TestModuleCookie::test_handleEvent_event_data_containing_cookie_should_return_event PASSED [  9%]
test/unit/modules/test_sfp_cookie.py::TestModuleCookie::test_handleEvent_event_data_not_containing_cookie_should_not_return_event PASSED [  9%]
test/unit/modules/test_sfp_cookie.py::TestModuleCookie::test_opts PASSED [  9%]
test/unit/modules/test_sfp_cookie.py::TestModuleCookie::test_producedEvents_should_return_list PASSED [  9%]
test/unit/modules/test_sfp_cookie.py::TestModuleCookie::test_setup PASSED [  9%]
test/unit/modules/test_sfp_cookie.py::TestModuleCookie::test_watchedEvents_should_return_list PASSED [  9%]
test/unit/modules/test_sfp_countryname.py::TestModuleCountryName::test_handleEvent_domain_whois_event_data_containing_countryname_string_should_create_country_name_event PASSED [  9%]
test/unit/modules/test_sfp_countryname.py::TestModuleCountryName::test_handleEvent_domain_whois_event_data_not_containing_countryname_string_should_not_create_event PASSED [  9%]
test/unit/modules/test_sfp_countryname.py::TestModuleCountryName::test_handleEvent_phone_number_event_data_containing_countrycode_should_create_country_name_event PASSED [  9%]
test/unit/modules/test_sfp_countryname.py::TestModuleCountryName::test_opts PASSED [  9%]
test/unit/modules/test_sfp_countryname.py::TestModuleCountryName::test_producedEvents_should_return_list PASSED [  9%]
test/unit/modules/test_sfp_countryname.py::TestModuleCountryName::test_setup PASSED [  9%]
test/unit/modules/test_sfp_countryname.py::TestModuleCountryName::test_watchedEvents_should_return_list PASSED [  9%]
test/unit/modules/test_sfp_creditcard.py::TestModuleCreditCard::test_handleEvent_event_data_containing_creditcard_should_return_event 
-------------------------------- live log call --------------------------------
23:11:13 [INFO] Found credit card number: 4111111111111111
PASSED                                                                   [  9%]
test/unit/modules/test_sfp_creditcard.py::TestModuleCreditCard::test_handleEvent_event_data_not_containing_creditcard_string_should_not_return_event PASSED [  9%]
test/unit/modules/test_sfp_creditcard.py::TestModuleCreditCard::test_opts PASSED [  9%]
test/unit/modules/test_sfp_creditcard.py::TestModuleCreditCard::test_producedEvents_should_return_list 
-------------------------------- live log call --------------------------------
23:11:15 [ERROR] Failed to recreate pool pool_0: connection to server at "localhost" (::1), port 5432 failed: Connection refused (0x0000274D/10061)
	Is the server running on that host and accepting TCP/IP connections?
connection to server at "localhost" (127.0.0.1), port 5432 failed: Connection refused (0x0000274D/10061)
	Is the server running on that host and accepting TCP/IP connections?

23:11:15 [ERROR] Failed to recreate pool pool_0: connection to server at "localhost" (::1), port 5432 failed: Connection refused (0x0000274D/10061)
	Is the server running on that host and accepting TCP/IP connections?
connection to server at "localhost" (127.0.0.1), port 5432 failed: Connection refused (0x0000274D/10061)
	Is the server running on that host and accepting TCP/IP connections?

23:11:15 [INFO] Scaled up pool_0 from 5 to 10 connections
23:11:15 [INFO] Scaled down pool_0 from 10 to 5 connections
PASSED                                                                   [  9%]
test/unit/modules/test_sfp_creditcard.py::TestModuleCreditCard::test_setup PASSED [  9%]
test/unit/modules/test_sfp_creditcard.py::TestModuleCreditCard::test_watchedEvents_should_return_list PASSED [  9%]
test/unit/modules/test_sfp_criminalip.py::TestModuleCriminalip::test_handleEvent_api_error PASSED [  9%]
test/unit/modules/test_sfp_criminalip.py::TestModuleCriminalip::test_handleEvent_domain PASSED [  9%]
test/unit/modules/test_sfp_criminalip.py::TestModuleCriminalip::test_handleEvent_ip PASSED [  9%]
test/unit/modules/test_sfp_criminalip.py::TestModuleCriminalip::test_handleEvent_no_api_key 
-------------------------------- live log call --------------------------------
23:11:18 [ERROR] You enabled sfp_criminalip but did not set the API key!
PASSED                                                                   [  9%]
test/unit/modules/test_sfp_criminalip.py::TestModuleCriminalip::test_handleEvent_phone PASSED [  9%]
test/unit/modules/test_sfp_criminalip.py::TestModuleCriminalip::test_handleEvent_rate_limit PASSED [  9%]
test/unit/modules/test_sfp_criminalip.py::TestModuleCriminalip::test_opts PASSED [  9%]
test/unit/modules/test_sfp_criminalip.py::TestModuleCriminalip::test_producedEvents_should_return_list PASSED [  9%]
test/unit/modules/test_sfp_criminalip.py::TestModuleCriminalip::test_queryCriminalIP FAILED [  9%]
test/unit/modules/test_sfp_criminalip.py::TestModuleCriminalip::test_setup PASSED [  9%]
test/unit/modules/test_sfp_criminalip.py::TestModuleCriminalip::test_watchedEvents_should_return_list PASSED [  9%]
test/unit/modules/test_sfp_crossref.py::TestModuleCrossref::test_opts PASSED [  9%]
test/unit/modules/test_sfp_crossref.py::TestModuleCrossref::test_producedEvents_should_return_list PASSED [  9%]
test/unit/modules/test_sfp_crossref.py::TestModuleCrossref::test_setup PASSED [  9%]
test/unit/modules/test_sfp_crossref.py::TestModuleCrossref::test_watchedEvents_should_return_list PASSED [  9%]
test/unit/modules/test_sfp_crt.py::TestModuleCrt::test_opts PASSED       [  9%]
test/unit/modules/test_sfp_crt.py::TestModuleCrt::test_parseApiResponse_fatal_http_response_error_code_should_set_errorState 
-------------------------------- live log call --------------------------------
23:11:28 [ERROR] Failed to retrieve content from crt.sh
----------------------------- live log logreport ------------------------------
23:11:28 [ERROR] Failed to retrieve content from crt.sh
----------------------------- live log logreport ------------------------------
23:11:28 [ERROR] You are being rate-limited by crt.sh
----------------------------- live log logreport ------------------------------
23:11:28 [ERROR] crt.sh service is unavailable
----------------------------- live log logreport ------------------------------
23:11:28 [ERROR] crt.sh service is unavailable
----------------------------- live log logreport ------------------------------
23:11:28 [ERROR] crt.sh service is unavailable

test/unit/modules/test_sfp_crt.py::TestModuleCrt::test_parseApiResponse_fatal_http_response_error_code_should_set_errorState PASSED [  9%]
test/unit/modules/test_sfp_crt.py::TestModuleCrt::test_parseApiResponse_nonfatal_http_response_code_should_not_set_errorState 
test/unit/modules/test_sfp_crt.py::TestModuleCrt::test_parseApiResponse_nonfatal_http_response_code_should_not_set_errorState PASSED [  9%]
test/unit/modules/test_sfp_crt.py::TestModuleCrt::test_producedEvents_should_return_list PASSED [  9%]
test/unit/modules/test_sfp_crt.py::TestModuleCrt::test_setup PASSED      [  9%]
test/unit/modules/test_sfp_crt.py::TestModuleCrt::test_watchedEvents_should_return_list PASSED [  9%]
test/unit/modules/test_sfp_customfeed.py::TestModuleCustomfeed::test_handleEvent_no_feed_url_should_set_errorState 
-------------------------------- live log call --------------------------------
23:11:31 [ERROR] You enabled sfp_customfeed but defined no custom feed URL!
PASSED                                                                   [  9%]
test/unit/modules/test_sfp_customfeed.py::TestModuleCustomfeed::test_opts PASSED [  9%]
test/unit/modules/test_sfp_customfeed.py::TestModuleCustomfeed::test_producedEvents_should_return_list 
-------------------------------- live log call --------------------------------
23:11:33 [WARNING] Performance alert: high_error_rate - {'error_rate': 0.5, 'query_count': 20}
PASSED                                                                   [  9%]
------------------------------ live log teardown ------------------------------
23:11:33 [WARNING] Performance alert: high_error_rate - {'error_rate': 0.3333333333333333, 'query_count': 3}

test/unit/modules/test_sfp_customfeed.py::TestModuleCustomfeed::test_setup PASSED [  9%]
test/unit/modules/test_sfp_customfeed.py::TestModuleCustomfeed::test_watchedEvents_should_return_list PASSED [  9%]
test/unit/modules/test_sfp_cybercrimetracker.py::TestModuleCybercrimetracker::test_opts PASSED [  9%]
test/unit/modules/test_sfp_cybercrimetracker.py::TestModuleCybercrimetracker::test_producedEvents_should_return_list PASSED [  9%]
test/unit/modules/test_sfp_cybercrimetracker.py::TestModuleCybercrimetracker::test_setup PASSED [  9%]
test/unit/modules/test_sfp_cybercrimetracker.py::TestModuleCybercrimetracker::test_watchedEvents_should_return_list PASSED [  9%]
test/unit/modules/test_sfp_debounce.py::TestModuleDebounce::test_opts PASSED [  9%]
test/unit/modules/test_sfp_debounce.py::TestModuleDebounce::test_producedEvents_should_return_list PASSED [  9%]
test/unit/modules/test_sfp_debounce.py::TestModuleDebounce::test_setup PASSED [  9%]
test/unit/modules/test_sfp_debounce.py::TestModuleDebounce::test_watchedEvents_should_return_list PASSED [  9%]
test/unit/modules/test_sfp_deepinfo.py::TestModuleDeepinfo::test_opts PASSED [  9%]
test/unit/modules/test_sfp_deepinfo.py::TestModuleDeepinfo::test_producedEvents_should_return_list PASSED [  9%]
test/unit/modules/test_sfp_deepinfo.py::TestModuleDeepinfo::test_setup PASSED [  9%]
test/unit/modules/test_sfp_deepinfo.py::TestModuleDeepinfo::test_watchedEvents_should_return_list PASSED [  9%]
test/unit/modules/test_sfp_dehashed.py::TestModuleDehashed::test_handleEvent_no_api_key_should_set_errorState 
-------------------------------- live log call --------------------------------
23:11:41 [ERROR] You enabled sfp_dehashed but did not set an API key/API Key Username!
PASSED                                                                   [  9%]
test/unit/modules/test_sfp_dehashed.py::TestModuleDehashed::test_opts PASSED [  9%]
test/unit/modules/test_sfp_dehashed.py::TestModuleDehashed::test_producedEvents_should_return_list PASSED [  9%]
test/unit/modules/test_sfp_dehashed.py::TestModuleDehashed::test_setup PASSED [  9%]
test/unit/modules/test_sfp_dehashed.py::TestModuleDehashed::test_watchedEvents_should_return_list PASSED [  9%]
test/unit/modules/test_sfp_dideo.py::TestSfpDideo::test_handle_event_fetch_failure 
-------------------------------- live log call --------------------------------
23:11:44 [WARNING] Connection error fetching https://www.dideo.ir/search/test: ('Connection aborted.', ConnectionResetError(10054, 'An existing connection was forcibly closed by the remote host', None, 10054, None))
23:11:44 [ERROR] No response from Dideo.ir for keyword: test
PASSED                                                                   [ 10%]
test/unit/modules/test_sfp_dideo.py::TestSfpDideo::test_handle_event_max_videos_limit 
-------------------------------- live log call --------------------------------
23:11:44 [WARNING] Connection error fetching https://www.dideo.ir/search/test: ('Connection aborted.', ConnectionResetError(10054, 'An existing connection was forcibly closed by the remote host', None, 10054, None))
23:11:44 [ERROR] No response from Dideo.ir for keyword: test
FAILED                                                                   [ 10%]
test/unit/modules/test_sfp_dideo.py::TestSfpDideo::test_handle_event_no_keywords 
-------------------------------- live log call --------------------------------
23:11:44 [INFO] No keywords provided for Dideo.ir search.
PASSED                                                                   [ 10%]
test/unit/modules/test_sfp_dideo.py::TestSfpDideo::test_handle_event_video_found 
-------------------------------- live log call --------------------------------
23:11:45 [WARNING] Connection error fetching https://www.dideo.ir/search/test: ('Connection aborted.', ConnectionResetError(10054, 'An existing connection was forcibly closed by the remote host', None, 10054, None))
23:11:45 [ERROR] No response from Dideo.ir for keyword: test
FAILED                                                                   [ 10%]
test/unit/modules/test_sfp_dideo.py::TestSfpDideo::test_meta PASSED      [ 10%]
test/unit/modules/test_sfp_dideo.py::TestSfpDideo::test_opts PASSED      [ 10%]
test/unit/modules/test_sfp_dideo.py::TestSfpDideo::test_produced_events PASSED [ 10%]
test/unit/modules/test_sfp_digitaloceanspace.py::TestModuleDigitaloceanspace::test_opts PASSED [ 10%]
test/unit/modules/test_sfp_digitaloceanspace.py::TestModuleDigitaloceanspace::test_producedEvents_should_return_list PASSED [ 10%]
test/unit/modules/test_sfp_digitaloceanspace.py::TestModuleDigitaloceanspace::test_setup PASSED [ 10%]
test/unit/modules/test_sfp_digitaloceanspace.py::TestModuleDigitaloceanspace::test_watchedEvents_should_return_list PASSED [ 10%]
test/unit/modules/test_sfp_discord.py::TestSfpDiscord::test_handle_event_api_error 
-------------------------------- live log call --------------------------------
23:11:48 [ERROR] [handleEvent] Discord API error: 500 Internal Server Error
23:11:48 [ERROR] [handleEvent] Discord API error: 500 Internal Server Error
PASSED                                                                   [ 10%]
test/unit/modules/test_sfp_discord.py::TestSfpDiscord::test_handle_event_emits_events PASSED [ 10%]
test/unit/modules/test_sfp_discord.py::TestSfpDiscord::test_handle_event_forbidden 
-------------------------------- live log call --------------------------------
23:11:48 [ERROR] [handleEvent] Forbidden: Bot does not have access to channel 1234567890.
23:11:48 [ERROR] [handleEvent] Forbidden: Bot does not have access to channel 9876543210.
PASSED                                                                   [ 10%]
test/unit/modules/test_sfp_discord.py::TestSfpDiscord::test_handle_event_invalid_token 
-------------------------------- live log call --------------------------------
23:11:48 [ERROR] [handleEvent] Unauthorized: Invalid Discord bot token for channel 1234567890.
23:11:48 [ERROR] [handleEvent] Unauthorized: Invalid Discord bot token for channel 9876543210.
PASSED                                                                   [ 10%]
test/unit/modules/test_sfp_discord.py::TestSfpDiscord::test_handle_event_no_messages PASSED [ 10%]
test/unit/modules/test_sfp_discord.py::TestSfpDiscord::test_meta PASSED  [ 10%]
test/unit/modules/test_sfp_discord.py::TestSfpDiscord::test_opts PASSED  [ 10%]
test/unit/modules/test_sfp_discord.py::TestSfpDiscord::test_produced_events PASSED [ 10%]
test/unit/modules/test_sfp_dns_for_family.py::TestModuleDnsForFamily::test_opts PASSED [ 10%]
test/unit/modules/test_sfp_dns_for_family.py::TestModuleDnsForFamily::test_producedEvents_should_return_list PASSED [ 10%]
test/unit/modules/test_sfp_dns_for_family.py::TestModuleDnsForFamily::test_setup PASSED [ 10%]
test/unit/modules/test_sfp_dns_for_family.py::TestModuleDnsForFamily::test_watchedEvents_should_return_list PASSED [ 10%]
test/unit/modules/test_sfp_dnsbrute.py::TestModuleDnsBrute::test_opts PASSED [ 10%]
test/unit/modules/test_sfp_dnsbrute.py::TestModuleDnsBrute::test_producedEvents_should_return_list PASSED [ 10%]
test/unit/modules/test_sfp_dnsbrute.py::TestModuleDnsBrute::test_setup PASSED [ 10%]
test/unit/modules/test_sfp_dnsbrute.py::TestModuleDnsBrute::test_watchedEvents_should_return_list PASSED [ 10%]
test/unit/modules/test_sfp_dnscommonsrv.py::TestModuleDnsCommonsrv::test_opts PASSED [ 10%]
test/unit/modules/test_sfp_dnscommonsrv.py::TestModuleDnsCommonsrv::test_producedEvents_should_return_list PASSED [ 10%]
test/unit/modules/test_sfp_dnscommonsrv.py::TestModuleDnsCommonsrv::test_setup PASSED [ 10%]
test/unit/modules/test_sfp_dnscommonsrv.py::TestModuleDnsCommonsrv::test_watchedEvents_should_return_list PASSED [ 10%]
test/unit/modules/test_sfp_dnsdumpster.py::TestModuleDnsDumpster::test_opts PASSED [ 10%]
test/unit/modules/test_sfp_dnsdumpster.py::TestModuleDnsDumpster::test_producedEvents_should_return_list PASSED [ 10%]
test/unit/modules/test_sfp_dnsdumpster.py::TestModuleDnsDumpster::test_setup PASSED [ 10%]
test/unit/modules/test_sfp_dnsdumpster.py::TestModuleDnsDumpster::test_watchedEvents_should_return_list PASSED [ 10%]
test/unit/modules/test_sfp_dnsneighbor.py::TestModuleDnsNeighbor::test_opts PASSED [ 10%]
test/unit/modules/test_sfp_dnsneighbor.py::TestModuleDnsNeighbor::test_producedEvents_should_return_list PASSED [ 10%]
test/unit/modules/test_sfp_dnsneighbor.py::TestModuleDnsNeighbor::test_setup PASSED [ 10%]
test/unit/modules/test_sfp_dnsneighbor.py::TestModuleDnsNeighbor::test_watchedEvents_should_return_list PASSED [ 10%]
test/unit/modules/test_sfp_dnsraw.py::TestModuleDnsRaw::test_opts PASSED [ 10%]
test/unit/modules/test_sfp_dnsraw.py::TestModuleDnsRaw::test_producedEvents_should_return_list PASSED [ 10%]
test/unit/modules/test_sfp_dnsraw.py::TestModuleDnsRaw::test_setup PASSED [ 10%]
test/unit/modules/test_sfp_dnsraw.py::TestModuleDnsRaw::test_watchedEvents_should_return_list PASSED [ 10%]
test/unit/modules/test_sfp_dnsresolve.py::TestModuleDnsResolve::test_opts 
-------------------------------- live log call --------------------------------
23:12:03 [WARNING] Performance alert: high_error_rate - {'error_rate': 0.5, 'query_count': 20}
23:12:03 [ERROR] Failed to scale down pool_0: '>' not supported between instances of 'int' and 'MagicMock'
23:12:03 [ERROR] Failed to scale down pool_0: '>' not supported between instances of 'int' and 'MagicMock'
PASSED                                                                   [ 10%]
------------------------------ live log teardown ------------------------------
23:12:03 [WARNING] Performance alert: high_error_rate - {'error_rate': 0.3333333333333333, 'query_count': 3}
23:12:03 [WARNING] Performance alert: high_error_rate - {'error_rate': 0.1, 'query_count': 10}

test/unit/modules/test_sfp_dnsresolve.py::TestModuleDnsResolve::test_producedEvents_should_return_list PASSED [ 10%]
test/unit/modules/test_sfp_dnsresolve.py::TestModuleDnsResolve::test_setup PASSED [ 10%]
test/unit/modules/test_sfp_dnsresolve.py::TestModuleDnsResolve::test_watchedEvents_should_return_list PASSED [ 10%]
test/unit/modules/test_sfp_dnszonexfer.py::TestModuleDnsZonexfer::test_opts PASSED [ 10%]
test/unit/modules/test_sfp_dnszonexfer.py::TestModuleDnsZonexfer::test_producedEvents_should_return_list PASSED [ 10%]
test/unit/modules/test_sfp_dnszonexfer.py::TestModuleDnsZonexfer::test_setup PASSED [ 10%]
test/unit/modules/test_sfp_dnszonexfer.py::TestModuleDnsZonexfer::test_watchedEvents_should_return_list PASSED [ 10%]
test/unit/modules/test_sfp_douyin.py::TestSfpDouyin::test_handle_event_api_error 
-------------------------------- live log call --------------------------------
23:12:07 [ERROR] Error fetching videos for user erroruser: Simulated API error for user erroruser
PASSED                                                                   [ 10%]
test/unit/modules/test_sfp_douyin.py::TestSfpDouyin::test_handle_event_deduplication PASSED [ 10%]
test/unit/modules/test_sfp_douyin.py::TestSfpDouyin::test_handle_event_emits_events PASSED [ 10%]
test/unit/modules/test_sfp_douyin.py::TestSfpDouyin::test_handle_event_no_users 
-------------------------------- live log call --------------------------------
23:12:07 [INFO] No Douyin usernames configured.
PASSED                                                                   [ 10%]
test/unit/modules/test_sfp_douyin.py::TestSfpDouyin::test_handle_event_no_videos 
-------------------------------- live log call --------------------------------
23:12:07 [INFO] No videos found for user nouser.
PASSED                                                                   [ 10%]
test/unit/modules/test_sfp_douyin.py::TestSfpDouyin::test_handle_event_stub 
-------------------------------- live log call --------------------------------
23:12:07 [INFO] No Douyin usernames configured.
PASSED                                                                   [ 10%]
test/unit/modules/test_sfp_douyin.py::TestSfpDouyin::test_meta PASSED    [ 10%]
test/unit/modules/test_sfp_douyin.py::TestSfpDouyin::test_opts PASSED    [ 10%]
test/unit/modules/test_sfp_douyin.py::TestSfpDouyin::test_produced_events PASSED [ 10%]
test/unit/modules/test_sfp_dronebl.py::TestModuleDronebl::test_opts PASSED [ 10%]
test/unit/modules/test_sfp_dronebl.py::TestModuleDronebl::test_producedEvents_should_return_list PASSED [ 10%]
test/unit/modules/test_sfp_dronebl.py::TestModuleDronebl::test_setup PASSED [ 10%]
test/unit/modules/test_sfp_dronebl.py::TestModuleDronebl::test_watchedEvents_should_return_list PASSED [ 10%]
test/unit/modules/test_sfp_duckduckgo.py::TestModuleDuckduckgo::test_opts PASSED [ 10%]
test/unit/modules/test_sfp_duckduckgo.py::TestModuleDuckduckgo::test_producedEvents_should_return_list PASSED [ 10%]
test/unit/modules/test_sfp_duckduckgo.py::TestModuleDuckduckgo::test_setup PASSED [ 10%]
test/unit/modules/test_sfp_duckduckgo.py::TestModuleDuckduckgo::test_watchedEvents_should_return_list PASSED [ 10%]
test/unit/modules/test_sfp_email.py::TestModuleEmail::test_opts PASSED   [ 10%]
test/unit/modules/test_sfp_email.py::TestModuleEmail::test_producedEvents_should_return_list PASSED [ 10%]
test/unit/modules/test_sfp_email.py::TestModuleEmail::test_setup PASSED  [ 10%]
test/unit/modules/test_sfp_email.py::TestModuleEmail::test_watchedEvents_should_return_list PASSED [ 10%]
test/unit/modules/test_sfp_emailcrawlr.py::TestModuleEmailcrawlr::test_handleEvent_no_api_key_should_set_errorState 
-------------------------------- live log call --------------------------------
23:12:14 [ERROR] You enabled sfp_emailcrawlr but did not set an API key!
PASSED                                                                   [ 10%]
test/unit/modules/test_sfp_emailcrawlr.py::TestModuleEmailcrawlr::test_opts PASSED [ 10%]
test/unit/modules/test_sfp_emailcrawlr.py::TestModuleEmailcrawlr::test_parseApiResponse_fatal_http_response_error_code_should_set_errorState 
-------------------------------- live log call --------------------------------
23:12:16 [ERROR] Invalid EmailCrawlr API key.
----------------------------- live log logreport ------------------------------
23:12:16 [ERROR] Failed to retrieve content from EmailCrawlr
----------------------------- live log logreport ------------------------------
23:12:16 [ERROR] Failed to retrieve content from EmailCrawlr
----------------------------- live log logreport ------------------------------
23:12:16 [ERROR] You are being rate-limited by EmailCrawlr
----------------------------- live log logreport ------------------------------
23:12:16 [ERROR] Failed to retrieve content from EmailCrawlr
----------------------------- live log logreport ------------------------------
23:12:16 [ERROR] Failed to retrieve content from EmailCrawlr
----------------------------- live log logreport ------------------------------
23:12:16 [ERROR] EmailCrawlr service unavailable

test/unit/modules/test_sfp_emailcrawlr.py::TestModuleEmailcrawlr::test_parseApiResponse_fatal_http_response_error_code_should_set_errorState PASSED [ 10%]
test/unit/modules/test_sfp_emailcrawlr.py::TestModuleEmailcrawlr::test_parseApiResponse_nonfatal_http_response_code_should_not_set_errorState 
test/unit/modules/test_sfp_emailcrawlr.py::TestModuleEmailcrawlr::test_parseApiResponse_nonfatal_http_response_code_should_not_set_errorState PASSED [ 10%]
test/unit/modules/test_sfp_emailcrawlr.py::TestModuleEmailcrawlr::test_producedEvents_should_return_list PASSED [ 10%]
test/unit/modules/test_sfp_emailcrawlr.py::TestModuleEmailcrawlr::test_setup PASSED [ 10%]
test/unit/modules/test_sfp_emailcrawlr.py::TestModuleEmailcrawlr::test_watchedEvents_should_return_list PASSED [ 10%]
test/unit/modules/test_sfp_emailformat.py::TestModuleEmailformat::test_opts PASSED [ 10%]
test/unit/modules/test_sfp_emailformat.py::TestModuleEmailformat::test_producedEvents_should_return_list 
-------------------------------- live log call --------------------------------
23:12:20 [ERROR] Failed to recreate pool pool_0: connection to server at "localhost" (::1), port 5432 failed: Connection refused (0x0000274D/10061)
	Is the server running on that host and accepting TCP/IP connections?
connection to server at "localhost" (127.0.0.1), port 5432 failed: Connection refused (0x0000274D/10061)
	Is the server running on that host and accepting TCP/IP connections?

23:12:20 [ERROR] Failed to recreate pool pool_0: connection to server at "localhost" (::1), port 5432 failed: Connection refused (0x0000274D/10061)
	Is the server running on that host and accepting TCP/IP connections?
connection to server at "localhost" (127.0.0.1), port 5432 failed: Connection refused (0x0000274D/10061)
	Is the server running on that host and accepting TCP/IP connections?

PASSED                                                                   [ 10%]
------------------------------ live log teardown ------------------------------
23:12:20 [INFO] Scaled down pool_0 from 10 to 5 connections

test/unit/modules/test_sfp_emailformat.py::TestModuleEmailformat::test_setup PASSED [ 10%]
test/unit/modules/test_sfp_emailformat.py::TestModuleEmailformat::test_watchedEvents_should_return_list PASSED [ 10%]
test/unit/modules/test_sfp_emailrep.py::TestModuleEmailrep::test_opts PASSED [ 10%]
test/unit/modules/test_sfp_emailrep.py::TestModuleEmailrep::test_producedEvents_should_return_list PASSED [ 10%]
test/unit/modules/test_sfp_emailrep.py::TestModuleEmailrep::test_setup PASSED [ 10%]
test/unit/modules/test_sfp_emailrep.py::TestModuleEmailrep::test_watchedEvents_should_return_list PASSED [ 10%]
test/unit/modules/test_sfp_emergingthreats.py::TestModuleEmergingthreats::test_opts PASSED [ 11%]
test/unit/modules/test_sfp_emergingthreats.py::TestModuleEmergingthreats::test_producedEvents_should_return_list PASSED [ 11%]
test/unit/modules/test_sfp_emergingthreats.py::TestModuleEmergingthreats::test_setup PASSED [ 11%]
test/unit/modules/test_sfp_emergingthreats.py::TestModuleEmergingthreats::test_watchedEvents_should_return_list PASSED [ 11%]
test/unit/modules/test_sfp_errors.py::TestModuleErrors::test_handleEvent_event_data_containing_error_string_should_return_event 
-------------------------------- live log call --------------------------------
23:12:25 [INFO] Matched Generic Error in content from https://van1shland.io/
PASSED                                                                   [ 11%]
test/unit/modules/test_sfp_errors.py::TestModuleErrors::test_handleEvent_event_data_not_containing_error_string_should_not_return_event PASSED [ 11%]
test/unit/modules/test_sfp_errors.py::TestModuleErrors::test_handleEvent_should_only_handle_events_from_sfp_spider PASSED [ 11%]
test/unit/modules/test_sfp_errors.py::TestModuleErrors::test_handleEvent_should_only_handle_events_within_target_scope PASSED [ 11%]
test/unit/modules/test_sfp_errors.py::TestModuleErrors::test_opts PASSED [ 11%]
test/unit/modules/test_sfp_errors.py::TestModuleErrors::test_producedEvents_should_return_list PASSED [ 11%]
test/unit/modules/test_sfp_errors.py::TestModuleErrors::test_setup PASSED [ 11%]
test/unit/modules/test_sfp_errors.py::TestModuleErrors::test_watchedEvents_should_return_list PASSED [ 11%]
test/unit/modules/test_sfp_ethereum.py::TestSfpEthereum::test_handle_event_stub PASSED [ 11%]
test/unit/modules/test_sfp_ethereum.py::TestSfpEthereum::test_meta PASSED [ 11%]
test/unit/modules/test_sfp_ethereum.py::TestSfpEthereum::test_option_validation 
-------------------------------- live log call --------------------------------
23:12:30 [ERROR] [setup] API key is required.
23:12:30 [ERROR] [setup] addresses is required.
23:12:30 [ERROR] [setup] max_transactions must be a positive integer.
23:12:30 [ERROR] [setup] output_format must be 'summary' or 'full'.
PASSED                                                                   [ 11%]
test/unit/modules/test_sfp_ethereum.py::TestSfpEthereum::test_opts PASSED [ 11%]
test/unit/modules/test_sfp_ethereum.py::TestSfpEthereum::test_opts_defaults PASSED [ 11%]
test/unit/modules/test_sfp_ethereum.py::TestSfpEthereum::test_produced_events PASSED [ 11%]
test/unit/modules/test_sfp_etherscan.py::TestModuleEtherscan::test_handleEvent_no_api_key_should_set_errorState 
-------------------------------- live log call --------------------------------
23:12:30 [ERROR] You enabled sfp_etherscan but did not set an API key!
PASSED                                                                   [ 11%]
test/unit/modules/test_sfp_etherscan.py::TestModuleEtherscan::test_opts PASSED [ 11%]
test/unit/modules/test_sfp_etherscan.py::TestModuleEtherscan::test_producedEvents_should_return_list PASSED [ 11%]
test/unit/modules/test_sfp_etherscan.py::TestModuleEtherscan::test_setup PASSED [ 11%]
test/unit/modules/test_sfp_etherscan.py::TestModuleEtherscan::test_watchedEvents_should_return_list 
-------------------------------- live log call --------------------------------
23:12:33 [WARNING] Performance alert: high_error_rate - {'error_rate': 0.1, 'query_count': 10}
23:12:33 [WARNING] Performance alert: high_error_rate - {'error_rate': 0.5, 'query_count': 20}
23:12:33 [WARNING] Performance alert: high_error_rate - {'error_rate': 0.3333333333333333, 'query_count': 3}
PASSED                                                                   [ 11%]
test/unit/modules/test_sfp_filemeta.py::TestModuleFilemeta::test_opts PASSED [ 11%]
test/unit/modules/test_sfp_filemeta.py::TestModuleFilemeta::test_producedEvents_should_return_list PASSED [ 11%]
test/unit/modules/test_sfp_filemeta.py::TestModuleFilemeta::test_setup PASSED [ 11%]
test/unit/modules/test_sfp_filemeta.py::TestModuleFilemeta::test_watchedEvents_should_return_list PASSED [ 11%]
test/unit/modules/test_sfp_flickr.py::TestModuleFlickr::test_opts PASSED [ 11%]
test/unit/modules/test_sfp_flickr.py::TestModuleFlickr::test_producedEvents_should_return_list PASSED [ 11%]
test/unit/modules/test_sfp_flickr.py::TestModuleFlickr::test_setup PASSED [ 11%]
test/unit/modules/test_sfp_flickr.py::TestModuleFlickr::test_watchedEvents_should_return_list PASSED [ 11%]
test/unit/modules/test_sfp_focsec.py::TestModuleFocsec::test_handleEvent_no_api_key_should_set_errorState 
-------------------------------- live log call --------------------------------
23:12:38 [ERROR] You enabled sfp_focsec but did not set an API key!
PASSED                                                                   [ 11%]
test/unit/modules/test_sfp_focsec.py::TestModuleFocsec::test_opts PASSED [ 11%]
test/unit/modules/test_sfp_focsec.py::TestModuleFocsec::test_producedEvents_should_return_list PASSED [ 11%]
test/unit/modules/test_sfp_focsec.py::TestModuleFocsec::test_setup PASSED [ 11%]
test/unit/modules/test_sfp_focsec.py::TestModuleFocsec::test_watchedEvents_should_return_list PASSED [ 11%]
test/unit/modules/test_sfp_fofa.py::TestModuleFofa::test_handle_event_api_error PASSED [ 11%]
test/unit/modules/test_sfp_fofa.py::TestModuleFofa::test_handle_event_duplicate_values FAILED [ 11%]
test/unit/modules/test_sfp_fofa.py::TestModuleFofa::test_handle_event_emits_events FAILED [ 11%]
test/unit/modules/test_sfp_fofa.py::TestModuleFofa::test_handle_event_invalid_key PASSED [ 11%]
test/unit/modules/test_sfp_fofa.py::TestModuleFofa::test_handle_event_malformed_json PASSED [ 11%]
test/unit/modules/test_sfp_fofa.py::TestModuleFofa::test_handle_event_no_results FAILED [ 11%]
test/unit/modules/test_sfp_fofa.py::TestModuleFofa::test_handle_event_partial_results FAILED [ 11%]
test/unit/modules/test_sfp_fofa.py::TestModuleFofa::test_handle_event_rate_limit PASSED [ 11%]
test/unit/modules/test_sfp_fofa.py::TestModuleFofa::test_opts PASSED     [ 11%]
test/unit/modules/test_sfp_fofa.py::TestModuleFofa::test_producedEvents_should_return_list PASSED [ 11%]
test/unit/modules/test_sfp_fofa.py::TestModuleFofa::test_setup PASSED    [ 11%]
test/unit/modules/test_sfp_fofa.py::TestModuleFofa::test_watchedEvents_should_return_list PASSED [ 11%]
test/unit/modules/test_sfp_fortinet.py::TestModuleFortinet::test_opts PASSED [ 11%]
test/unit/modules/test_sfp_fortinet.py::TestModuleFortinet::test_producedEvents_should_return_list PASSED [ 11%]
test/unit/modules/test_sfp_fortinet.py::TestModuleFortinet::test_setup PASSED [ 11%]
test/unit/modules/test_sfp_fortinet.py::TestModuleFortinet::test_watchedEvents_should_return_list PASSED [ 11%]
test/unit/modules/test_sfp_fraudguard.py::TestModuleFraudguard::test_handleEvent_no_api_key_should_set_errorState 
-------------------------------- live log call --------------------------------
23:12:59 [ERROR] You enabled sfp_fraudguard but did not set an API username/password!
PASSED                                                                   [ 11%]
test/unit/modules/test_sfp_fraudguard.py::TestModuleFraudguard::test_opts PASSED [ 11%]
test/unit/modules/test_sfp_fraudguard.py::TestModuleFraudguard::test_producedEvents_should_return_list PASSED [ 11%]
test/unit/modules/test_sfp_fraudguard.py::TestModuleFraudguard::test_setup PASSED [ 11%]
test/unit/modules/test_sfp_fraudguard.py::TestModuleFraudguard::test_watchedEvents_should_return_list PASSED [ 11%]
test/unit/modules/test_sfp_fullcontact.py::TestModuleFullcontact::test_handleEvent_no_api_key_should_set_errorState 
-------------------------------- live log call --------------------------------
23:13:01 [ERROR] You enabled sfp_fullcontact but did not set an API key!
PASSED                                                                   [ 11%]
test/unit/modules/test_sfp_fullcontact.py::TestModuleFullcontact::test_opts PASSED [ 11%]
test/unit/modules/test_sfp_fullcontact.py::TestModuleFullcontact::test_producedEvents_should_return_list 
-------------------------------- live log call --------------------------------
23:13:03 [ERROR] Failed to scale down pool_0: '>' not supported between instances of 'int' and 'MagicMock'
23:13:03 [ERROR] Failed to scale down pool_0: '>' not supported between instances of 'int' and 'MagicMock'
PASSED                                                                   [ 11%]
test/unit/modules/test_sfp_fullcontact.py::TestModuleFullcontact::test_setup PASSED [ 11%]
test/unit/modules/test_sfp_fullcontact.py::TestModuleFullcontact::test_watchedEvents_should_return_list PASSED [ 11%]
test/unit/modules/test_sfp_fullhunt.py::TestModuleFullhunt::test_handleEvent_no_api_key_should_set_errorState 
-------------------------------- live log call --------------------------------
23:13:04 [ERROR] You enabled sfp_fullhunt but did not set an API key!
PASSED                                                                   [ 11%]
test/unit/modules/test_sfp_fullhunt.py::TestModuleFullhunt::test_opts PASSED [ 11%]
test/unit/modules/test_sfp_fullhunt.py::TestModuleFullhunt::test_parseApiResponse_fatal_http_response_error_code_should_set_errorState 
-------------------------------- live log call --------------------------------
23:13:05 [ERROR] Unauthorized -- Your API key is wrong.
----------------------------- live log logreport ------------------------------
23:13:05 [ERROR] Forbidden -- The requested resource is forbidden.
----------------------------- live log logreport ------------------------------
23:13:05 [ERROR] Too Many Requests -- You are sending too many requests.

test/unit/modules/test_sfp_fullhunt.py::TestModuleFullhunt::test_parseApiResponse_fatal_http_response_error_code_should_set_errorState PASSED [ 11%]
test/unit/modules/test_sfp_fullhunt.py::TestModuleFullhunt::test_parseApiResponse_nonfatal_http_response_code_should_not_set_errorState 
----------------------------- live log logreport ------------------------------
23:13:06 [ERROR] Bad Request -- Your request is invalid.
----------------------------- live log logreport ------------------------------
23:13:06 [ERROR] Not Found -- The requested resource could not be found.

test/unit/modules/test_sfp_fullhunt.py::TestModuleFullhunt::test_parseApiResponse_nonfatal_http_response_code_should_not_set_errorState PASSED [ 11%]
test/unit/modules/test_sfp_fullhunt.py::TestModuleFullhunt::test_producedEvents_should_return_list PASSED [ 11%]
test/unit/modules/test_sfp_fullhunt.py::TestModuleFullhunt::test_setup PASSED [ 11%]
test/unit/modules/test_sfp_fullhunt.py::TestModuleFullhunt::test_watchedEvents_should_return_list PASSED [ 11%]
test/unit/modules/test_sfp_github.py::TestModuleGithub::test_handleEvent_event_data_social_media_not_github_profile_should_not_return_event PASSED [ 11%]
test/unit/modules/test_sfp_github.py::TestModuleGithub::test_opts PASSED [ 11%]
test/unit/modules/test_sfp_github.py::TestModuleGithub::test_producedEvents_should_return_list PASSED [ 11%]
test/unit/modules/test_sfp_github.py::TestModuleGithub::test_setup PASSED [ 11%]
test/unit/modules/test_sfp_github.py::TestModuleGithub::test_watchedEvents_should_return_list PASSED [ 11%]
test/unit/modules/test_sfp_gleif.py::TestModuleGleif::test_handleEvent_event_data_invalid_lei_should_not_return_event PASSED [ 11%]
test/unit/modules/test_sfp_gleif.py::TestModuleGleif::test_opts PASSED   [ 11%]
test/unit/modules/test_sfp_gleif.py::TestModuleGleif::test_producedEvents_should_return_list PASSED [ 11%]
test/unit/modules/test_sfp_gleif.py::TestModuleGleif::test_setup PASSED  [ 11%]
test/unit/modules/test_sfp_gleif.py::TestModuleGleif::test_watchedEvents_should_return_list PASSED [ 11%]
test/unit/modules/test_sfp_google_tag_manager.py::TestModulesGoogleTagManager::test_opts PASSED [ 11%]
test/unit/modules/test_sfp_google_tag_manager.py::TestModulesGoogleTagManager::test_producedEvents_should_return_list PASSED [ 11%]
test/unit/modules/test_sfp_google_tag_manager.py::TestModulesGoogleTagManager::test_setup PASSED [ 11%]
test/unit/modules/test_sfp_google_tag_manager.py::TestModulesGoogleTagManager::test_watchedEvents_should_return_list PASSED [ 11%]
test/unit/modules/test_sfp_googlemaps.py::TestModuleGoogleMaps::test_handleEvent_no_api_key_should_set_errorState 
-------------------------------- live log call --------------------------------
23:13:17 [ERROR] You enabled sfp_googlemaps but did not set an API key!
PASSED                                                                   [ 11%]
test/unit/modules/test_sfp_googlemaps.py::TestModuleGoogleMaps::test_opts PASSED [ 11%]
test/unit/modules/test_sfp_googlemaps.py::TestModuleGoogleMaps::test_producedEvents_should_return_list PASSED [ 11%]
test/unit/modules/test_sfp_googlemaps.py::TestModuleGoogleMaps::test_setup PASSED [ 11%]
test/unit/modules/test_sfp_googlemaps.py::TestModuleGoogleMaps::test_watchedEvents_should_return_list PASSED [ 12%]
test/unit/modules/test_sfp_googleobjectstorage.py::TestModuleGoogleobjectstorage::test_opts PASSED [ 12%]
test/unit/modules/test_sfp_googleobjectstorage.py::TestModuleGoogleobjectstorage::test_producedEvents_should_return_list PASSED [ 12%]
test/unit/modules/test_sfp_googleobjectstorage.py::TestModuleGoogleobjectstorage::test_setup PASSED [ 12%]
test/unit/modules/test_sfp_googleobjectstorage.py::TestModuleGoogleobjectstorage::test_watchedEvents_should_return_list PASSED [ 12%]
test/unit/modules/test_sfp_googlesafebrowsing.py::TestModuleGoogleSafebrowsing::test_handleEvent_no_api_key_should_set_errorState 
-------------------------------- live log call --------------------------------
23:13:22 [ERROR] You enabled sfp_googlesafebrowsing but did not set an API key!
PASSED                                                                   [ 12%]
test/unit/modules/test_sfp_googlesafebrowsing.py::TestModuleGoogleSafebrowsing::test_opts PASSED [ 12%]
test/unit/modules/test_sfp_googlesafebrowsing.py::TestModuleGoogleSafebrowsing::test_producedEvents_should_return_list PASSED [ 12%]
------------------------------ live log teardown ------------------------------
23:13:24 [ERROR] Failed to recreate pool pool_0: connection to server at "localhost" (::1), port 5432 failed: Connection refused (0x0000274D/10061)
	Is the server running on that host and accepting TCP/IP connections?
connection to server at "localhost" (127.0.0.1), port 5432 failed: Connection refused (0x0000274D/10061)
	Is the server running on that host and accepting TCP/IP connections?


23:13:24 [ERROR] Failed to recreate pool pool_0: connection to server at "localhost" (::1), port 5432 failed: Connection refused (0x0000274D/10061)
	Is the server running on that host and accepting TCP/IP connections?
connection to server at "localhost" (127.0.0.1), port 5432 failed: Connection refused (0x0000274D/10061)
	Is the server running on that host and accepting TCP/IP connections?

23:13:24 [INFO] Scaled up pool_0 from 5 to 10 connections
23:13:24 [INFO] Scaled down pool_0 from 10 to 5 connections

test/unit/modules/test_sfp_googlesafebrowsing.py::TestModuleGoogleSafebrowsing::test_setup PASSED [ 12%]
test/unit/modules/test_sfp_googlesafebrowsing.py::TestModuleGoogleSafebrowsing::test_watchedEvents_should_return_list PASSED [ 12%]
test/unit/modules/test_sfp_googlesearch.py::TestModuleGoogleSearch::test_handleEvent_no_api_key_should_set_errorState 
-------------------------------- live log call --------------------------------
23:13:25 [ERROR] You enabled sfp_googlesearch but did not set a Google API key!
PASSED                                                                   [ 12%]
test/unit/modules/test_sfp_googlesearch.py::TestModuleGoogleSearch::test_opts PASSED [ 12%]
test/unit/modules/test_sfp_googlesearch.py::TestModuleGoogleSearch::test_producedEvents_should_return_list PASSED [ 12%]
test/unit/modules/test_sfp_googlesearch.py::TestModuleGoogleSearch::test_setup PASSED [ 12%]
test/unit/modules/test_sfp_googlesearch.py::TestModuleGoogleSearch::test_watchedEvents_should_return_list PASSED [ 12%]
test/unit/modules/test_sfp_gravatar.py::TestModuleGravatar::test_opts PASSED [ 12%]
test/unit/modules/test_sfp_gravatar.py::TestModuleGravatar::test_producedEvents_should_return_list PASSED [ 12%]
test/unit/modules/test_sfp_gravatar.py::TestModuleGravatar::test_setup PASSED [ 12%]
test/unit/modules/test_sfp_gravatar.py::TestModuleGravatar::test_watchedEvents_should_return_list PASSED [ 12%]
test/unit/modules/test_sfp_grayhatwarfare.py::TestModuleGrayhatWarfare::test_handleEvent_no_api_key_should_set_errorState 
-------------------------------- live log call --------------------------------
23:13:30 [ERROR] You enabled sfp_grayhatwarfare but did not set an API key!
PASSED                                                                   [ 12%]
test/unit/modules/test_sfp_grayhatwarfare.py::TestModuleGrayhatWarfare::test_opts PASSED [ 12%]
test/unit/modules/test_sfp_grayhatwarfare.py::TestModuleGrayhatWarfare::test_producedEvents_should_return_list PASSED [ 12%]
test/unit/modules/test_sfp_grayhatwarfare.py::TestModuleGrayhatWarfare::test_setup PASSED [ 12%]
test/unit/modules/test_sfp_grayhatwarfare.py::TestModuleGrayhatWarfare::test_watchedEvents_should_return_list PASSED [ 12%]
test/unit/modules/test_sfp_greensnow.py::TestModuleGreensnow::test_opts PASSED [ 12%]
test/unit/modules/test_sfp_greensnow.py::TestModuleGreensnow::test_producedEvents_should_return_list PASSED [ 12%]
test/unit/modules/test_sfp_greensnow.py::TestModuleGreensnow::test_setup PASSED [ 12%]
test/unit/modules/test_sfp_greensnow.py::TestModuleGreensnow::test_watchedEvents_should_return_list PASSED [ 12%]
test/unit/modules/test_sfp_grep_app.py::TestModuleGrepApp::test_opts PASSED [ 12%]
test/unit/modules/test_sfp_grep_app.py::TestModuleGrepApp::test_producedEvents_should_return_list PASSED [ 12%]
test/unit/modules/test_sfp_grep_app.py::TestModuleGrepApp::test_setup PASSED [ 12%]
test/unit/modules/test_sfp_grep_app.py::TestModuleGrepApp::test_watchedEvents_should_return_list PASSED [ 12%]
test/unit/modules/test_sfp_greynoise.py::TestModuleGreynoise::test_handleEvent_no_api_key_should_set_errorState 
-------------------------------- live log call --------------------------------
23:13:37 [ERROR] You enabled sfp_greynoise but did not set an API key!
PASSED                                                                   [ 12%]
test/unit/modules/test_sfp_greynoise.py::TestModuleGreynoise::test_opts PASSED [ 12%]
test/unit/modules/test_sfp_greynoise.py::TestModuleGreynoise::test_producedEvents_should_return_list PASSED [ 12%]
test/unit/modules/test_sfp_greynoise.py::TestModuleGreynoise::test_setup PASSED [ 12%]
test/unit/modules/test_sfp_greynoise.py::TestModuleGreynoise::test_watchedEvents_should_return_list PASSED [ 12%]
test/unit/modules/test_sfp_greynoise_community.py::TestModuleGreynoiseCommunity::test_opts PASSED [ 12%]
test/unit/modules/test_sfp_greynoise_community.py::TestModuleGreynoiseCommunity::test_producedEvents_should_return_list PASSED [ 12%]
test/unit/modules/test_sfp_greynoise_community.py::TestModuleGreynoiseCommunity::test_setup PASSED [ 12%]
test/unit/modules/test_sfp_greynoise_community.py::TestModuleGreynoiseCommunity::test_watchedEvents_should_return_list PASSED [ 12%]
test/unit/modules/test_sfp_h1nobbdde.py::TestModuleH1nobbdde::test_opts PASSED [ 12%]
test/unit/modules/test_sfp_h1nobbdde.py::TestModuleH1nobbdde::test_producedEvents_should_return_list PASSED [ 12%]
test/unit/modules/test_sfp_h1nobbdde.py::TestModuleH1nobbdde::test_setup PASSED [ 12%]
test/unit/modules/test_sfp_h1nobbdde.py::TestModuleH1nobbdde::test_watchedEvents_should_return_list PASSED [ 12%]
test/unit/modules/test_sfp_hackertarget.py::TestModuleHackertarget::test_opts PASSED [ 12%]
test/unit/modules/test_sfp_hackertarget.py::TestModuleHackertarget::test_producedEvents_should_return_list PASSED [ 12%]
test/unit/modules/test_sfp_hackertarget.py::TestModuleHackertarget::test_setup PASSED [ 12%]
test/unit/modules/test_sfp_hackertarget.py::TestModuleHackertarget::test_watchedEvents_should_return_list PASSED [ 12%]
test/unit/modules/test_sfp_hashes.py::TestModuleHashes::test_handleEvent_event_data_containing_hashes_string_should_return_event PASSED [ 12%]
test/unit/modules/test_sfp_hashes.py::TestModuleHashes::test_handleEvent_event_data_not_containing_hashes_string_should_not_return_event PASSED [ 12%]
test/unit/modules/test_sfp_hashes.py::TestModuleHashes::test_opts PASSED [ 12%]
test/unit/modules/test_sfp_hashes.py::TestModuleHashes::test_producedEvents_should_return_list PASSED [ 12%]
test/unit/modules/test_sfp_hashes.py::TestModuleHashes::test_setup PASSED [ 12%]
test/unit/modules/test_sfp_hashes.py::TestModuleHashes::test_watchedEvents_should_return_list PASSED [ 12%]
test/unit/modules/test_sfp_haveibeenpwned.py::TestModuleHaveibeenpwned::test_handleEvent_no_api_key_should_set_errorState 
-------------------------------- live log call --------------------------------
23:13:50 [ERROR] You enabled sfp_haveibeenpwned but did not set an API key!
PASSED                                                                   [ 12%]
test/unit/modules/test_sfp_haveibeenpwned.py::TestModuleHaveibeenpwned::test_opts PASSED [ 12%]
test/unit/modules/test_sfp_haveibeenpwned.py::TestModuleHaveibeenpwned::test_producedEvents_should_return_list PASSED [ 12%]
test/unit/modules/test_sfp_haveibeenpwned.py::TestModuleHaveibeenpwned::test_setup PASSED [ 12%]
test/unit/modules/test_sfp_haveibeenpwned.py::TestModuleHaveibeenpwned::test_watchedEvents_should_return_list PASSED [ 12%]
test/unit/modules/test_sfp_honeypot.py::TestModuleHoneypot::test_handleEvent_no_api_key_should_set_errorState 
-------------------------------- live log call --------------------------------
23:13:53 [ERROR] You enabled sfp_honeypot but did not set an API key!
PASSED                                                                   [ 12%]
test/unit/modules/test_sfp_honeypot.py::TestModuleHoneypot::test_opts PASSED [ 12%]
test/unit/modules/test_sfp_honeypot.py::TestModuleHoneypot::test_producedEvents_should_return_list PASSED [ 12%]
test/unit/modules/test_sfp_honeypot.py::TestModuleHoneypot::test_setup PASSED [ 12%]
test/unit/modules/test_sfp_honeypot.py::TestModuleHoneypot::test_watchedEvents_should_return_list PASSED [ 12%]
test/unit/modules/test_sfp_hosting.py::TestModuleHosting::test_opts PASSED [ 12%]
test/unit/modules/test_sfp_hosting.py::TestModuleHosting::test_producedEvents_should_return_list PASSED [ 12%]
test/unit/modules/test_sfp_hosting.py::TestModuleHosting::test_setup PASSED [ 12%]
test/unit/modules/test_sfp_hosting.py::TestModuleHosting::test_watchedEvents_should_return_list PASSED [ 12%]
test/unit/modules/test_sfp_hostio.py::TestModuleHostio::test_handleEvent_no_api_key_should_set_errorState 
-------------------------------- live log call --------------------------------
23:13:58 [ERROR] You enabled sfp_hostio but did not set an API key!
PASSED                                                                   [ 12%]
test/unit/modules/test_sfp_hostio.py::TestModuleHostio::test_opts PASSED [ 12%]
test/unit/modules/test_sfp_hostio.py::TestModuleHostio::test_producedEvents_should_return_list PASSED [ 12%]
test/unit/modules/test_sfp_hostio.py::TestModuleHostio::test_setup PASSED [ 12%]
test/unit/modules/test_sfp_hostio.py::TestModuleHostio::test_watchedEvents_should_return_list PASSED [ 12%]
test/unit/modules/test_sfp_hudsonrock.py::TestModuleHudsonrock::test_format_stealer_summary_full_record PASSED [ 12%]
test/unit/modules/test_sfp_hudsonrock.py::TestModuleHudsonrock::test_format_stealer_summary_redacted_record PASSED [ 12%]
test/unit/modules/test_sfp_hudsonrock.py::TestModuleHudsonrock::test_handleEvent_skips_duplicate PASSED [ 12%]
test/unit/modules/test_sfp_hudsonrock.py::TestModuleHudsonrock::test_meta_category_should_be_leaks 
-------------------------------- live log call --------------------------------
23:14:03 [ERROR] Failed to scale down pool_0: '>' not supported between instances of 'int' and 'MagicMock'
23:14:03 [ERROR] Failed to scale down pool_0: '>' not supported between instances of 'int' and 'MagicMock'
PASSED                                                                   [ 12%]
test/unit/modules/test_sfp_hudsonrock.py::TestModuleHudsonrock::test_meta_flags_should_be_empty PASSED [ 12%]
test/unit/modules/test_sfp_hudsonrock.py::TestModuleHudsonrock::test_meta_model_should_be_free PASSED [ 12%]
test/unit/modules/test_sfp_hudsonrock.py::TestModuleHudsonrock::test_meta_should_have_required_keys PASSED [ 12%]
test/unit/modules/test_sfp_hudsonrock.py::TestModuleHudsonrock::test_opts PASSED [ 12%]
test/unit/modules/test_sfp_hudsonrock.py::TestModuleHudsonrock::test_producedEvents_should_return_list PASSED [ 12%]
test/unit/modules/test_sfp_hudsonrock.py::TestModuleHudsonrock::test_produced_events_contains_expected_types PASSED [ 12%]
test/unit/modules/test_sfp_hudsonrock.py::TestModuleHudsonrock::test_setup PASSED [ 12%]
test/unit/modules/test_sfp_hudsonrock.py::TestModuleHudsonrock::test_setup_clears_results PASSED [ 12%]
test/unit/modules/test_sfp_hudsonrock.py::TestModuleHudsonrock::test_watchedEvents_should_return_list PASSED [ 13%]
test/unit/modules/test_sfp_hudsonrock.py::TestModuleHudsonrock::test_watched_events_contains_expected_types PASSED [ 13%]
test/unit/modules/test_sfp_hunter.py::TestModuleHunter::test_handleEvent_no_api_key_should_set_errorState 
-------------------------------- live log call --------------------------------
23:14:09 [ERROR] You enabled sfp_hunter but did not set an API key!
PASSED                                                                   [ 13%]
test/unit/modules/test_sfp_hunter.py::TestModuleHunter::test_opts PASSED [ 13%]
test/unit/modules/test_sfp_hunter.py::TestModuleHunter::test_producedEvents_should_return_list PASSED [ 13%]
test/unit/modules/test_sfp_hunter.py::TestModuleHunter::test_setup PASSED [ 13%]
test/unit/modules/test_sfp_hunter.py::TestModuleHunter::test_watchedEvents_should_return_list PASSED [ 13%]
test/unit/modules/test_sfp_hybrid_analysis.py::TestModuleHybridAnalysis::test_opts PASSED [ 13%]
test/unit/modules/test_sfp_hybrid_analysis.py::TestModuleHybridAnalysis::test_parseApiResponse_fatal_http_response_error_code_should_set_errorState 
-------------------------------- live log call --------------------------------
23:14:12 [ERROR] Failed to retrieve content from Hybrid Analysis: Unexpected response status 401
----------------------------- live log logreport ------------------------------
23:14:12 [ERROR] Failed to retrieve content from Hybrid Analysis: Unexpected response status 402
----------------------------- live log logreport ------------------------------
23:14:12 [ERROR] Failed to retrieve content from Hybrid Analysis: Unexpected response status 403
----------------------------- live log logreport ------------------------------
23:14:12 [ERROR] Failed to retrieve content from Hybrid Analysis: rate limit exceeded
----------------------------- live log logreport ------------------------------
23:14:12 [ERROR] Failed to retrieve content from Hybrid Analysis: Unexpected response status 500
----------------------------- live log logreport ------------------------------
23:14:12 [ERROR] Failed to retrieve content from Hybrid Analysis: Unexpected response status 502
----------------------------- live log logreport ------------------------------
23:14:12 [ERROR] Failed to retrieve content from Hybrid Analysis: Unexpected response status 503

test/unit/modules/test_sfp_hybrid_analysis.py::TestModuleHybridAnalysis::test_parseApiResponse_fatal_http_response_error_code_should_set_errorState PASSED [ 13%]
test/unit/modules/test_sfp_hybrid_analysis.py::TestModuleHybridAnalysis::test_parseApiResponse_nonfatal_http_response_code_should_not_set_errorState 
----------------------------- live log logreport ------------------------------
23:14:13 [ERROR] Failed to retrieve content from Hybrid Analysis: Invalid request

test/unit/modules/test_sfp_hybrid_analysis.py::TestModuleHybridAnalysis::test_parseApiResponse_nonfatal_http_response_code_should_not_set_errorState PASSED [ 13%]
test/unit/modules/test_sfp_hybrid_analysis.py::TestModuleHybridAnalysis::test_producedEvents_should_return_list PASSED [ 13%]
test/unit/modules/test_sfp_hybrid_analysis.py::TestModuleHybridAnalysis::test_setup PASSED [ 13%]
test/unit/modules/test_sfp_hybrid_analysis.py::TestModuleHybridAnalysis::test_watchedEvents_should_return_list PASSED [ 13%]
test/unit/modules/test_sfp_iban.py::TestModuleIban::test_handleEvent_event_data_containing_iban_string_should_return_event 
-------------------------------- live log call --------------------------------
23:14:15 [INFO] Found IBAN number: BE71096123456769
PASSED                                                                   [ 13%]
test/unit/modules/test_sfp_iban.py::TestModuleIban::test_handleEvent_event_data_not_containing_iban_string_should_not_return_event PASSED [ 13%]
test/unit/modules/test_sfp_iban.py::TestModuleIban::test_opts PASSED     [ 13%]
test/unit/modules/test_sfp_iban.py::TestModuleIban::test_producedEvents_should_return_list PASSED [ 13%]
test/unit/modules/test_sfp_iban.py::TestModuleIban::test_setup PASSED    [ 13%]
test/unit/modules/test_sfp_iban.py::TestModuleIban::test_watchedEvents_should_return_list PASSED [ 13%]
test/unit/modules/test_sfp_iknowwhatyoudownload.py::TestModuleIknowwhatyoudownload::test_handleEvent_no_api_key_should_set_errorState 
-------------------------------- live log call --------------------------------
23:14:19 [ERROR] You enabled sfp_iknowwhatyoudownload but did not set an API key!
PASSED                                                                   [ 13%]
test/unit/modules/test_sfp_iknowwhatyoudownload.py::TestModuleIknowwhatyoudownload::test_opts PASSED [ 13%]
test/unit/modules/test_sfp_iknowwhatyoudownload.py::TestModuleIknowwhatyoudownload::test_producedEvents_should_return_list PASSED [ 13%]
test/unit/modules/test_sfp_iknowwhatyoudownload.py::TestModuleIknowwhatyoudownload::test_setup PASSED [ 13%]
test/unit/modules/test_sfp_iknowwhatyoudownload.py::TestModuleIknowwhatyoudownload::test_watchedEvents_should_return_list PASSED [ 13%]
test/unit/modules/test_sfp_instagram.py::TestSfpInstagram::test_handle_event_stub PASSED [ 13%]
test/unit/modules/test_sfp_instagram.py::TestSfpInstagram::test_meta PASSED [ 13%]
test/unit/modules/test_sfp_instagram.py::TestSfpInstagram::test_opts PASSED [ 13%]
test/unit/modules/test_sfp_instagram.py::TestSfpInstagram::test_produced_events PASSED [ 13%]
test/unit/modules/test_sfp_intelx.py::TestModuleIntelx::test_handleEvent_no_api_key_should_set_errorState 
-------------------------------- live log call --------------------------------
23:14:22 [ERROR] You enabled sfp_intelx but did not set an API key and/or base URL!
PASSED                                                                   [ 13%]
test/unit/modules/test_sfp_intelx.py::TestModuleIntelx::test_opts PASSED [ 13%]
test/unit/modules/test_sfp_intelx.py::TestModuleIntelx::test_producedEvents_should_return_list PASSED [ 13%]
test/unit/modules/test_sfp_intelx.py::TestModuleIntelx::test_setup PASSED [ 13%]
test/unit/modules/test_sfp_intelx.py::TestModuleIntelx::test_watchedEvents_should_return_list PASSED [ 13%]
test/unit/modules/test_sfp_intfiles.py::TestModuleIntfiles::test_handleEvent_event_data_internal_url_with_interesting_file_extension_should_return_event PASSED [ 13%]
test/unit/modules/test_sfp_intfiles.py::TestModuleIntfiles::test_handleEvent_event_data_internal_url_without_interesting_file_extension_should_not_return_event PASSED [ 13%]
test/unit/modules/test_sfp_intfiles.py::TestModuleIntfiles::test_opts PASSED [ 13%]
test/unit/modules/test_sfp_intfiles.py::TestModuleIntfiles::test_producedEvents_should_return_list PASSED [ 13%]
test/unit/modules/test_sfp_intfiles.py::TestModuleIntfiles::test_setup PASSED [ 13%]
test/unit/modules/test_sfp_intfiles.py::TestModuleIntfiles::test_watchedEvents_should_return_list 
-------------------------------- live log call --------------------------------
23:14:28 [ERROR] Failed to recreate pool pool_0: connection to server at "localhost" (::1), port 5432 failed: Connection refused (0x0000274D/10061)
	Is the server running on that host and accepting TCP/IP connections?
connection to server at "localhost" (127.0.0.1), port 5432 failed: Connection refused (0x0000274D/10061)
	Is the server running on that host and accepting TCP/IP connections?

23:14:28 [ERROR] Failed to recreate pool pool_0: connection to server at "localhost" (::1), port 5432 failed: Connection refused (0x0000274D/10061)
	Is the server running on that host and accepting TCP/IP connections?
connection to server at "localhost" (127.0.0.1), port 5432 failed: Connection refused (0x0000274D/10061)
	Is the server running on that host and accepting TCP/IP connections?

23:14:28 [INFO] Scaled up pool_0 from 5 to 10 connections
23:14:28 [INFO] Scaled down pool_0 from 10 to 5 connections
PASSED                                                                   [ 13%]
test/unit/modules/test_sfp_ipapico.py::TestModuleipApico::test_opts PASSED [ 13%]
test/unit/modules/test_sfp_ipapico.py::TestModuleipApico::test_producedEvents_should_return_list PASSED [ 13%]
test/unit/modules/test_sfp_ipapico.py::TestModuleipApico::test_setup PASSED [ 13%]
test/unit/modules/test_sfp_ipapico.py::TestModuleipApico::test_watchedEvents_should_return_list PASSED [ 13%]
test/unit/modules/test_sfp_ipapicom.py::TestModuleipapicom::test_handleEvent_no_api_key_should_set_errorState 
-------------------------------- live log call --------------------------------
23:14:31 [ERROR] You enabled sfp_ipapicom but did not set an API key!
PASSED                                                                   [ 13%]
test/unit/modules/test_sfp_ipapicom.py::TestModuleipapicom::test_opts PASSED [ 13%]
test/unit/modules/test_sfp_ipapicom.py::TestModuleipapicom::test_producedEvents_should_return_list PASSED [ 13%]
test/unit/modules/test_sfp_ipapicom.py::TestModuleipapicom::test_setup PASSED [ 13%]
test/unit/modules/test_sfp_ipapicom.py::TestModuleipapicom::test_watchedEvents_should_return_list PASSED [ 13%]
test/unit/modules/test_sfp_ipinfo.py::TestModuleIpinfo::test_handleEvent_no_api_key_should_set_errorState 
-------------------------------- live log call --------------------------------
23:14:34 [ERROR] You enabled sfp_ipinfo but did not set an API key!
PASSED                                                                   [ 13%]
test/unit/modules/test_sfp_ipinfo.py::TestModuleIpinfo::test_opts PASSED [ 13%]
test/unit/modules/test_sfp_ipinfo.py::TestModuleIpinfo::test_producedEvents_should_return_list PASSED [ 13%]
test/unit/modules/test_sfp_ipinfo.py::TestModuleIpinfo::test_setup PASSED [ 13%]
test/unit/modules/test_sfp_ipinfo.py::TestModuleIpinfo::test_watchedEvents_should_return_list PASSED [ 13%]
test/unit/modules/test_sfp_ipqualityscore.py::TestModuleIpqualityscore::test_handleEvent_no_api_key_should_set_errorState 
-------------------------------- live log call --------------------------------
23:14:36 [ERROR] You enabled sfp_ipqualityscore but did not set an API Key!
PASSED                                                                   [ 13%]
test/unit/modules/test_sfp_ipqualityscore.py::TestModuleIpqualityscore::test_opts PASSED [ 13%]
test/unit/modules/test_sfp_ipqualityscore.py::TestModuleIpqualityscore::test_producedEvents_should_return_list PASSED [ 13%]
test/unit/modules/test_sfp_ipqualityscore.py::TestModuleIpqualityscore::test_setup PASSED [ 13%]
test/unit/modules/test_sfp_ipqualityscore.py::TestModuleIpqualityscore::test_watchedEvents_should_return_list PASSED [ 13%]
test/unit/modules/test_sfp_ipregistry.py::TestModuleIpRegistry::test_handleEvent_no_api_key_should_set_errorState 
-------------------------------- live log call --------------------------------
23:14:39 [ERROR] You enabled sfp_ipregistry but did not set an API key!
PASSED                                                                   [ 13%]
test/unit/modules/test_sfp_ipregistry.py::TestModuleIpRegistry::test_opts PASSED [ 13%]
test/unit/modules/test_sfp_ipregistry.py::TestModuleIpRegistry::test_producedEvents_should_return_list PASSED [ 13%]
test/unit/modules/test_sfp_ipregistry.py::TestModuleIpRegistry::test_setup PASSED [ 13%]
test/unit/modules/test_sfp_ipregistry.py::TestModuleIpRegistry::test_watchedEvents_should_return_list PASSED [ 13%]
test/unit/modules/test_sfp_ipstack.py::TestModuleIpstack::test_handleEvent_no_api_key_should_set_errorState 
-------------------------------- live log call --------------------------------
23:14:42 [ERROR] You enabled sfp_ipstack but did not set an API key!
PASSED                                                                   [ 13%]
test/unit/modules/test_sfp_ipstack.py::TestModuleIpstack::test_opts PASSED [ 13%]
test/unit/modules/test_sfp_ipstack.py::TestModuleIpstack::test_producedEvents_should_return_list PASSED [ 13%]
test/unit/modules/test_sfp_ipstack.py::TestModuleIpstack::test_setup PASSED [ 13%]
test/unit/modules/test_sfp_ipstack.py::TestModuleIpstack::test_watchedEvents_should_return_list PASSED [ 13%]
test/unit/modules/test_sfp_isc.py::TestModuleisc::test_opts PASSED       [ 13%]
test/unit/modules/test_sfp_isc.py::TestModuleisc::test_producedEvents_should_return_list PASSED [ 13%]
test/unit/modules/test_sfp_isc.py::TestModuleisc::test_setup PASSED      [ 13%]
test/unit/modules/test_sfp_isc.py::TestModuleisc::test_watchedEvents_should_return_list PASSED [ 13%]
test/unit/modules/test_sfp_jsonwhoiscom.py::TestModuleJsonwhoiscom::test_handleEvent_no_api_key_should_set_errorState 
-------------------------------- live log call --------------------------------
23:14:47 [ERROR] You enabled sfp_jsonwhoiscom but did not set an API key!
PASSED                                                                   [ 13%]
test/unit/modules/test_sfp_jsonwhoiscom.py::TestModuleJsonwhoiscom::test_opts PASSED [ 13%]
test/unit/modules/test_sfp_jsonwhoiscom.py::TestModuleJsonwhoiscom::test_parseApiResponse_fatal_http_response_error_code_should_set_errorState 
-------------------------------- live log call --------------------------------
23:14:48 [ERROR] Invalid JsonWHOIS.com API key.
----------------------------- live log logreport ------------------------------
23:14:48 [ERROR] Failed to retrieve content from JsonWHOIS.com
----------------------------- live log logreport ------------------------------
23:14:48 [ERROR] Failed to retrieve content from JsonWHOIS.com
----------------------------- live log logreport ------------------------------
23:14:48 [ERROR] You are being rate-limited by JsonWHOIS.com
----------------------------- live log logreport ------------------------------
23:14:48 [ERROR] Failed to retrieve content from JsonWHOIS.com
----------------------------- live log logreport ------------------------------
23:14:48 [ERROR] Failed to retrieve content from JsonWHOIS.com
----------------------------- live log logreport ------------------------------
23:14:48 [ERROR] JsonWHOIS.com service unavailable

test/unit/modules/test_sfp_jsonwhoiscom.py::TestModuleJsonwhoiscom::test_parseApiResponse_fatal_http_response_error_code_should_set_errorState PASSED [ 13%]
test/unit/modules/test_sfp_jsonwhoiscom.py::TestModuleJsonwhoiscom::test_parseApiResponse_nonfatal_http_response_code_should_not_set_errorState 
test/unit/modules/test_sfp_jsonwhoiscom.py::TestModuleJsonwhoiscom::test_parseApiResponse_nonfatal_http_response_code_should_not_set_errorState PASSED [ 13%]
test/unit/modules/test_sfp_jsonwhoiscom.py::TestModuleJsonwhoiscom::test_producedEvents_should_return_list PASSED [ 13%]
test/unit/modules/test_sfp_jsonwhoiscom.py::TestModuleJsonwhoiscom::test_setup PASSED [ 13%]
test/unit/modules/test_sfp_jsonwhoiscom.py::TestModuleJsonwhoiscom::test_watchedEvents_should_return_list PASSED [ 13%]
test/unit/modules/test_sfp_junkfiles.py::TestModuleJunkfiles::test_opts PASSED [ 13%]
test/unit/modules/test_sfp_junkfiles.py::TestModuleJunkfiles::test_producedEvents_should_return_list PASSED [ 13%]
test/unit/modules/test_sfp_junkfiles.py::TestModuleJunkfiles::test_setup PASSED [ 13%]
test/unit/modules/test_sfp_junkfiles.py::TestModuleJunkfiles::test_watchedEvents_should_return_list PASSED [ 13%]
test/unit/modules/test_sfp_keybase.py::TestModuleKeybase::test_opts PASSED [ 13%]
test/unit/modules/test_sfp_keybase.py::TestModuleKeybase::test_producedEvents_should_return_list PASSED [ 13%]
test/unit/modules/test_sfp_keybase.py::TestModuleKeybase::test_setup PASSED [ 13%]
test/unit/modules/test_sfp_keybase.py::TestModuleKeybase::test_watchedEvents_should_return_list PASSED [ 13%]
test/unit/modules/test_sfp_koodous.py::TestModuleKoodous::test_handleEvent_no_api_key_should_set_errorState 
-------------------------------- live log call --------------------------------
23:14:56 [ERROR] You enabled sfp_koodous but did not set an API key!
PASSED                                                                   [ 14%]
test/unit/modules/test_sfp_koodous.py::TestModuleKoodous::test_opts PASSED [ 14%]
test/unit/modules/test_sfp_koodous.py::TestModuleKoodous::test_parseApiResponse_fatal_http_response_error_code_should_set_errorState 
-------------------------------- live log call --------------------------------
23:14:57 [ERROR] Invalid Koodous API key.
----------------------------- live log logreport ------------------------------
23:14:57 [ERROR] Unexpected reply from Koodous: 402
----------------------------- live log logreport ------------------------------
23:14:57 [ERROR] Unexpected reply from Koodous: 403
----------------------------- live log logreport ------------------------------
23:14:57 [ERROR] You are being rate-limited by Koodous.
----------------------------- live log logreport ------------------------------
23:14:57 [ERROR] Koodous service is unavailable
----------------------------- live log logreport ------------------------------
23:14:57 [ERROR] Koodous service is unavailable
----------------------------- live log logreport ------------------------------
23:14:57 [ERROR] Koodous service is unavailable

test/unit/modules/test_sfp_koodous.py::TestModuleKoodous::test_parseApiResponse_fatal_http_response_error_code_should_set_errorState PASSED [ 14%]
test/unit/modules/test_sfp_koodous.py::TestModuleKoodous::test_parseApiResponse_nonfatal_http_response_code_should_not_set_errorState 
test/unit/modules/test_sfp_koodous.py::TestModuleKoodous::test_parseApiResponse_nonfatal_http_response_code_should_not_set_errorState PASSED [ 14%]
test/unit/modules/test_sfp_koodous.py::TestModuleKoodous::test_producedEvents_should_return_list PASSED [ 14%]
test/unit/modules/test_sfp_koodous.py::TestModuleKoodous::test_setup PASSED [ 14%]
test/unit/modules/test_sfp_koodous.py::TestModuleKoodous::test_watchedEvents_should_return_list PASSED [ 14%]
test/unit/modules/test_sfp_leakcheck.py::TestModuleLeakcheck::test_opts PASSED [ 14%]
test/unit/modules/test_sfp_leakcheck.py::TestModuleLeakcheck::test_producedEvents_should_return_list PASSED [ 14%]
test/unit/modules/test_sfp_leakcheck.py::TestModuleLeakcheck::test_setup PASSED [ 14%]
test/unit/modules/test_sfp_leakcheck.py::TestModuleLeakcheck::test_watchedEvents_should_return_list PASSED [ 14%]
test/unit/modules/test_sfp_leakix.py::TestModuleLeakix::test_opts PASSED [ 14%]
test/unit/modules/test_sfp_leakix.py::TestModuleLeakix::test_parseApiResponse_fatal_http_response_error_code_should_set_errorState 
-------------------------------- live log call --------------------------------
23:15:03 [ERROR] Failed to retrieve content from LeakIX
----------------------------- live log logreport ------------------------------
23:15:03 [ERROR] Failed to retrieve content from LeakIX
----------------------------- live log logreport ------------------------------
23:15:03 [ERROR] Failed to retrieve content from LeakIX
----------------------------- live log logreport ------------------------------
23:15:03 [ERROR] You are being rate-limited by LeakIX
----------------------------- live log logreport ------------------------------
23:15:03 [ERROR] Failed to retrieve content from LeakIX
----------------------------- live log logreport ------------------------------
23:15:03 [ERROR] Failed to retrieve content from LeakIX
----------------------------- live log logreport ------------------------------
23:15:03 [ERROR] Failed to retrieve content from LeakIX

test/unit/modules/test_sfp_leakix.py::TestModuleLeakix::test_parseApiResponse_fatal_http_response_error_code_should_set_errorState PASSED [ 14%]
------------------------------ live log teardown ------------------------------
23:15:03 [ERROR] Failed to scale down pool_0: '>' not supported between instances of 'int' and 'MagicMock'
23:15:03 [ERROR] Failed to scale down pool_0: '>' not supported between instances of 'int' and 'MagicMock'

test/unit/modules/test_sfp_leakix.py::TestModuleLeakix::test_parseApiResponse_nonfatal_http_response_code_should_not_set_errorState 
test/unit/modules/test_sfp_leakix.py::TestModuleLeakix::test_parseApiResponse_nonfatal_http_response_code_should_not_set_errorState PASSED [ 14%]
test/unit/modules/test_sfp_leakix.py::TestModuleLeakix::test_producedEvents_should_return_list PASSED [ 14%]
test/unit/modules/test_sfp_leakix.py::TestModuleLeakix::test_setup PASSED [ 14%]
test/unit/modules/test_sfp_leakix.py::TestModuleLeakix::test_watchedEvents_should_return_list PASSED [ 14%]
test/unit/modules/test_sfp_luminar.py::TestModuleLuminar::test_handleEvent PASSED [ 14%]
test/unit/modules/test_sfp_luminar.py::TestModuleLuminar::test_opts PASSED [ 14%]
test/unit/modules/test_sfp_luminar.py::TestModuleLuminar::test_producedEvents PASSED [ 14%]
test/unit/modules/test_sfp_luminar.py::TestModuleLuminar::test_query PASSED [ 14%]
test/unit/modules/test_sfp_luminar.py::TestModuleLuminar::test_setup PASSED [ 14%]
test/unit/modules/test_sfp_luminar.py::TestModuleLuminar::test_watchedEvents PASSED [ 14%]
test/unit/modules/test_sfp_maltiverse.py::TestModuleMaltiverse::test_opts PASSED [ 14%]
test/unit/modules/test_sfp_maltiverse.py::TestModuleMaltiverse::test_producedEvents_should_return_list PASSED [ 14%]
test/unit/modules/test_sfp_maltiverse.py::TestModuleMaltiverse::test_setup PASSED [ 14%]
test/unit/modules/test_sfp_maltiverse.py::TestModuleMaltiverse::test_watchedEvents_should_return_list PASSED [ 14%]
test/unit/modules/test_sfp_malwarepatrol.py::TestModulemalwarepatrol::test_handleEvent_no_api_key_should_set_errorState 
-------------------------------- live log call --------------------------------
23:15:11 [ERROR] You enabled sfp_malwarepatrol but did not provide a receipt ID!
PASSED                                                                   [ 14%]
test/unit/modules/test_sfp_malwarepatrol.py::TestModulemalwarepatrol::test_opts PASSED [ 14%]
test/unit/modules/test_sfp_malwarepatrol.py::TestModulemalwarepatrol::test_producedEvents_should_return_list PASSED [ 14%]
test/unit/modules/test_sfp_malwarepatrol.py::TestModulemalwarepatrol::test_setup PASSED [ 14%]
test/unit/modules/test_sfp_malwarepatrol.py::TestModulemalwarepatrol::test_watchedEvents_should_return_list PASSED [ 14%]
test/unit/modules/test_sfp_mandiant_ti.py::TestModuleMandiantTI::test_handleEvent 
-------------------------------- live log call --------------------------------
23:15:14 [ERROR] You enabled sfp_mandiant_ti but did not set an API key!
PASSED                                                                   [ 14%]
test/unit/modules/test_sfp_mandiant_ti.py::TestModuleMandiantTI::test_producedEvents PASSED [ 14%]
test/unit/modules/test_sfp_mandiant_ti.py::TestModuleMandiantTI::test_query 
-------------------------------- live log call --------------------------------
23:15:15 [WARNING] Connection error fetching https://api.mandiant.com/v4/threats?q=test.com: HTTPSConnectionPool(host='api.mandiant.com', port=443): Max retries exceeded with url: /v4/threats?q=test.com (Caused by NameResolutionError("HTTPSConnection(host='api.mandiant.com', port=443): Failed to resolve 'api.mandiant.com' ([Errno 11002] Temporary failure in name resolution)"))
23:15:15 [ERROR] Unexpected HTTP response code None from Mandiant TI API.
PASSED                                                                   [ 14%]
test/unit/modules/test_sfp_mandiant_ti.py::TestModuleMandiantTI::test_setup PASSED [ 14%]
test/unit/modules/test_sfp_mandiant_ti.py::TestModuleMandiantTI::test_watchedEvents PASSED [ 14%]
test/unit/modules/test_sfp_mastodon.py::test_meta PASSED                 [ 14%]
test/unit/modules/test_sfp_mastodon.py::test_opts PASSED                 [ 14%]
test/unit/modules/test_sfp_mastodon.py::test_opts_defaults PASSED        [ 14%]
test/unit/modules/test_sfp_mastodon.py::test_produced_events PASSED      [ 14%]
test/unit/modules/test_sfp_mastodon.py::test_option_validation 
-------------------------------- live log call --------------------------------
23:15:17 [ERROR] [setup] Mastodon access token is required.
23:15:17 [ERROR] [setup] Mastodon username is required.
23:15:17 [ERROR] [setup] max_posts must be a positive integer.
23:15:17 [ERROR] [setup] output_format must be 'summary' or 'full'.
PASSED                                                                   [ 14%]
test/unit/modules/test_sfp_mastodon.py::test_handle_event_stub PASSED    [ 14%]
test/unit/modules/test_sfp_matrix.py::TestSfpMatrix::test_handle_event_stub PASSED [ 14%]
test/unit/modules/test_sfp_matrix.py::TestSfpMatrix::test_meta PASSED    [ 14%]
test/unit/modules/test_sfp_matrix.py::TestSfpMatrix::test_option_validation 
-------------------------------- live log call --------------------------------
23:15:18 [ERROR] [setup] Matrix access token is required.
23:15:18 [ERROR] [setup] Matrix room_id is required.
23:15:18 [ERROR] [setup] max_messages must be a positive integer.
23:15:18 [ERROR] [setup] output_format must be 'summary' or 'full'.
PASSED                                                                   [ 14%]
test/unit/modules/test_sfp_matrix.py::TestSfpMatrix::test_opts PASSED    [ 14%]
test/unit/modules/test_sfp_matrix.py::TestSfpMatrix::test_opts_defaults PASSED [ 14%]
test/unit/modules/test_sfp_matrix.py::TestSfpMatrix::test_produced_events PASSED [ 14%]
test/unit/modules/test_sfp_mattermost.py::test_meta PASSED               [ 14%]
test/unit/modules/test_sfp_mattermost.py::test_opts PASSED               [ 14%]
test/unit/modules/test_sfp_mattermost.py::test_opts_defaults PASSED      [ 14%]
test/unit/modules/test_sfp_mattermost.py::test_produced_events PASSED    [ 14%]
test/unit/modules/test_sfp_mattermost.py::test_option_validation 
-------------------------------- live log call --------------------------------
23:15:19 [ERROR] [setup] Mattermost access token is required.
23:15:19 [ERROR] [setup] Mattermost channel_id is required.
23:15:19 [ERROR] [setup] max_messages must be a positive integer.
23:15:19 [ERROR] [setup] output_format must be 'summary' or 'full'.
PASSED                                                                   [ 14%]
test/unit/modules/test_sfp_mattermost.py::test_handle_event_stub PASSED  [ 14%]
test/unit/modules/test_sfp_metadefender.py::TestModuleMetadefender::test_handleEvent_no_api_key_should_set_errorState 
-------------------------------- live log call --------------------------------
23:15:19 [ERROR] You enabled sfp_metadefender but did not set an API key!
PASSED                                                                   [ 14%]
test/unit/modules/test_sfp_metadefender.py::TestModuleMetadefender::test_opts PASSED [ 14%]
test/unit/modules/test_sfp_metadefender.py::TestModuleMetadefender::test_parseApiResponse_fatal_http_response_error_code_should_set_errorState 
-------------------------------- live log call --------------------------------
23:15:20 [ERROR] Invalid MetaDefender API key
----------------------------- live log logreport ------------------------------
23:15:20 [ERROR] You are being rate-limited by MetaDefender

test/unit/modules/test_sfp_metadefender.py::TestModuleMetadefender::test_parseApiResponse_fatal_http_response_error_code_should_set_errorState PASSED [ 14%]
test/unit/modules/test_sfp_metadefender.py::TestModuleMetadefender::test_parseApiResponse_nonfatal_http_response_code_should_not_set_errorState 
test/unit/modules/test_sfp_metadefender.py::TestModuleMetadefender::test_parseApiResponse_nonfatal_http_response_code_should_not_set_errorState PASSED [ 14%]
test/unit/modules/test_sfp_metadefender.py::TestModuleMetadefender::test_producedEvents_should_return_list PASSED [ 14%]
test/unit/modules/test_sfp_metadefender.py::TestModuleMetadefender::test_setup PASSED [ 14%]
test/unit/modules/test_sfp_metadefender.py::TestModuleMetadefender::test_watchedEvents_should_return_list PASSED [ 14%]
test/unit/modules/test_sfp_mnemonic.py::TestModuleMnemonic::test_opts PASSED [ 14%]
test/unit/modules/test_sfp_mnemonic.py::TestModuleMnemonic::test_producedEvents_should_return_list PASSED [ 14%]
test/unit/modules/test_sfp_mnemonic.py::TestModuleMnemonic::test_setup PASSED [ 14%]
test/unit/modules/test_sfp_mnemonic.py::TestModuleMnemonic::test_watchedEvents_should_return_list PASSED [ 14%]
test/unit/modules/test_sfp_multiproxy.py::TestModuleMultiproxy::test_opts PASSED [ 14%]
test/unit/modules/test_sfp_multiproxy.py::TestModuleMultiproxy::test_producedEvents_should_return_list PASSED [ 14%]
test/unit/modules/test_sfp_multiproxy.py::TestModuleMultiproxy::test_setup PASSED [ 14%]
test/unit/modules/test_sfp_multiproxy.py::TestModuleMultiproxy::test_watchedEvents_should_return_list PASSED [ 14%]
test/unit/modules/test_sfp_myspace.py::TestModuleMyspace::test_handleEvent_event_data_social_media_not_myspace_profile_should_not_return_event PASSED [ 14%]
test/unit/modules/test_sfp_myspace.py::TestModuleMyspace::test_opts PASSED [ 14%]
test/unit/modules/test_sfp_myspace.py::TestModuleMyspace::test_producedEvents_should_return_list PASSED [ 14%]
test/unit/modules/test_sfp_myspace.py::TestModuleMyspace::test_setup PASSED [ 14%]
test/unit/modules/test_sfp_myspace.py::TestModuleMyspace::test_watchedEvents_should_return_list 
-------------------------------- live log call --------------------------------
23:15:32 [ERROR] Failed to recreate pool pool_0: connection to server at "localhost" (::1), port 5432 failed: Connection refused (0x0000274D/10061)
	Is the server running on that host and accepting TCP/IP connections?
connection to server at "localhost" (127.0.0.1), port 5432 failed: Connection refused (0x0000274D/10061)
	Is the server running on that host and accepting TCP/IP connections?

23:15:32 [ERROR] Failed to recreate pool pool_0: connection to server at "localhost" (::1), port 5432 failed: Connection refused (0x0000274D/10061)
	Is the server running on that host and accepting TCP/IP connections?
connection to server at "localhost" (127.0.0.1), port 5432 failed: Connection refused (0x0000274D/10061)
	Is the server running on that host and accepting TCP/IP connections?

23:15:32 [INFO] Scaled down pool_0 from 10 to 5 connections
23:15:32 [INFO] Scaled up pool_0 from 5 to 10 connections
PASSED                                                                   [ 14%]
test/unit/modules/test_sfp_nameapi.py::TestModuleNameapi::test_handleEvent_no_api_key_should_set_errorState 
-------------------------------- live log call --------------------------------
23:15:32 [ERROR] You enabled sfp_nameapi but did not set an API key!
PASSED                                                                   [ 14%]
test/unit/modules/test_sfp_nameapi.py::TestModuleNameapi::test_producedEvents_should_return_list PASSED [ 14%]
test/unit/modules/test_sfp_names.py::TestModuleNames::test_handleEvent_event_data_email_address_containing_human_names_containing_numbers_should_not_return_event PASSED [ 14%]
test/unit/modules/test_sfp_names.py::TestModuleNames::test_handleEvent_event_data_email_address_containing_human_names_should_return_event PASSED [ 14%]
test/unit/modules/test_sfp_names.py::TestModuleNames::test_handleEvent_event_data_email_address_not_containing_names_should_not_return_event PASSED [ 14%]
test/unit/modules/test_sfp_names.py::TestModuleNames::test_opts PASSED   [ 14%]
test/unit/modules/test_sfp_names.py::TestModuleNames::test_producedEvents_should_return_list PASSED [ 14%]
test/unit/modules/test_sfp_names.py::TestModuleNames::test_setup PASSED  [ 14%]
test/unit/modules/test_sfp_names.py::TestModuleNames::test_watchedEvents_should_return_list PASSED [ 14%]
test/unit/modules/test_sfp_netlas.py::TestModuleNetlas::test_handleEvent 
-------------------------------- live log call --------------------------------
23:15:39 [ERROR] You enabled sfp_netlas but did not set any API keys!
PASSED                                                                   [ 14%]
test/unit/modules/test_sfp_netlas.py::TestModuleNetlas::test_setup PASSED [ 14%]
test/unit/modules/test_sfp_netlas.py::TestModuleNetlas::test_watchedEvents PASSED [ 14%]
test/unit/modules/test_sfp_networksdb.py::TestModuleNetworksdb::test_handleEvent_no_api_key_should_set_errorState 
-------------------------------- live log call --------------------------------
23:15:41 [ERROR] You enabled sfp_networksdb but did not set an API key!
PASSED                                                                   [ 15%]
test/unit/modules/test_sfp_networksdb.py::TestModuleNetworksdb::test_opts PASSED [ 15%]
test/unit/modules/test_sfp_networksdb.py::TestModuleNetworksdb::test_parseApiResponse_fatal_http_response_error_code_should_set_errorState 
-------------------------------- live log call --------------------------------
23:15:42 [ERROR] Authentication failed
----------------------------- live log logreport ------------------------------
23:15:42 [ERROR] You are being rate-limited by NetworksDB

test/unit/modules/test_sfp_networksdb.py::TestModuleNetworksdb::test_parseApiResponse_fatal_http_response_error_code_should_set_errorState PASSED [ 15%]
test/unit/modules/test_sfp_networksdb.py::TestModuleNetworksdb::test_parseApiResponse_nonfatal_http_response_code_should_not_set_errorState 
test/unit/modules/test_sfp_networksdb.py::TestModuleNetworksdb::test_parseApiResponse_nonfatal_http_response_code_should_not_set_errorState PASSED [ 15%]
test/unit/modules/test_sfp_networksdb.py::TestModuleNetworksdb::test_producedEvents_should_return_list PASSED [ 15%]
test/unit/modules/test_sfp_networksdb.py::TestModuleNetworksdb::test_setup PASSED [ 15%]
test/unit/modules/test_sfp_networksdb.py::TestModuleNetworksdb::test_watchedEvents_should_return_list PASSED [ 15%]
test/unit/modules/test_sfp_neutrinoapi.py::TestModuleNeutrinoapi::test_handleEvent_no_api_key_should_set_errorState 
-------------------------------- live log call --------------------------------
23:15:45 [ERROR] You enabled sfp_neutrinoapi but did not set an API key!
PASSED                                                                   [ 15%]
test/unit/modules/test_sfp_neutrinoapi.py::TestModuleNeutrinoapi::test_opts PASSED [ 15%]
test/unit/modules/test_sfp_neutrinoapi.py::TestModuleNeutrinoapi::test_parseApiResponse_fatal_http_response_error_code_should_set_errorState 
-------------------------------- live log call --------------------------------
23:15:46 [ERROR] Authentication failed

test/unit/modules/test_sfp_neutrinoapi.py::TestModuleNeutrinoapi::test_parseApiResponse_fatal_http_response_error_code_should_set_errorState PASSED [ 15%]
test/unit/modules/test_sfp_neutrinoapi.py::TestModuleNeutrinoapi::test_parseApiResponse_nonfatal_http_response_code_should_not_set_errorState 
test/unit/modules/test_sfp_neutrinoapi.py::TestModuleNeutrinoapi::test_parseApiResponse_nonfatal_http_response_code_should_not_set_errorState PASSED [ 15%]
test/unit/modules/test_sfp_neutrinoapi.py::TestModuleNeutrinoapi::test_producedEvents_should_return_list PASSED [ 15%]
test/unit/modules/test_sfp_neutrinoapi.py::TestModuleNeutrinoapi::test_setup PASSED [ 15%]
test/unit/modules/test_sfp_neutrinoapi.py::TestModuleNeutrinoapi::test_watchedEvents_should_return_list PASSED [ 15%]
test/unit/modules/test_sfp_numverify.py::TestModuleNumverify::test_handleEvent_no_api_key_should_set_errorState 
-------------------------------- live log call --------------------------------
23:15:49 [ERROR] You enabled sfp_numverify but did not set an API key!
PASSED                                                                   [ 15%]
test/unit/modules/test_sfp_numverify.py::TestModuleNumverify::test_opts PASSED [ 15%]
test/unit/modules/test_sfp_numverify.py::TestModuleNumverify::test_producedEvents_should_return_list PASSED [ 15%]
test/unit/modules/test_sfp_numverify.py::TestModuleNumverify::test_setup PASSED [ 15%]
test/unit/modules/test_sfp_numverify.py::TestModuleNumverify::test_watchedEvents_should_return_list PASSED [ 15%]
test/unit/modules/test_sfp_onioncity.py::TestModuleonioncity::test_handleEvent_no_api_key_should_set_errorState 
-------------------------------- live log call --------------------------------
23:15:52 [ERROR] You enabled sfp_onioncity but did not set a Google API key!
PASSED                                                                   [ 15%]
test/unit/modules/test_sfp_onioncity.py::TestModuleonioncity::test_opts PASSED [ 15%]
test/unit/modules/test_sfp_onioncity.py::TestModuleonioncity::test_producedEvents_should_return_list PASSED [ 15%]
test/unit/modules/test_sfp_onioncity.py::TestModuleonioncity::test_setup PASSED [ 15%]
test/unit/modules/test_sfp_onioncity.py::TestModuleonioncity::test_watchedEvents_should_return_list PASSED [ 15%]
test/unit/modules/test_sfp_onionsearchengine.py::TestModuleOnionsearchengine::test_opts PASSED [ 15%]
test/unit/modules/test_sfp_onionsearchengine.py::TestModuleOnionsearchengine::test_producedEvents_should_return_list PASSED [ 15%]
test/unit/modules/test_sfp_onionsearchengine.py::TestModuleOnionsearchengine::test_setup PASSED [ 15%]
test/unit/modules/test_sfp_onionsearchengine.py::TestModuleOnionsearchengine::test_watchedEvents_should_return_list PASSED [ 15%]
test/unit/modules/test_sfp_onyphe.py::TestModuleOnyphe::test_handleEvent_no_api_key_should_set_errorState 
-------------------------------- live log call --------------------------------
23:15:57 [ERROR] You enabled sfp_onyphe, but did not set an API key!
PASSED                                                                   [ 15%]
test/unit/modules/test_sfp_onyphe.py::TestModuleOnyphe::test_opts PASSED [ 15%]
test/unit/modules/test_sfp_onyphe.py::TestModuleOnyphe::test_producedEvents_should_return_list PASSED [ 15%]
test/unit/modules/test_sfp_onyphe.py::TestModuleOnyphe::test_setup PASSED [ 15%]
test/unit/modules/test_sfp_onyphe.py::TestModuleOnyphe::test_watchedEvents_should_return_list PASSED [ 15%]
test/unit/modules/test_sfp_openbugbounty.py::TestModuleOpenbugbounty::test_opts PASSED [ 15%]
test/unit/modules/test_sfp_openbugbounty.py::TestModuleOpenbugbounty::test_producedEvents_should_return_list PASSED [ 15%]
test/unit/modules/test_sfp_openbugbounty.py::TestModuleOpenbugbounty::test_setup PASSED [ 15%]
test/unit/modules/test_sfp_openbugbounty.py::TestModuleOpenbugbounty::test_watchedEvents_should_return_list PASSED [ 15%]
test/unit/modules/test_sfp_opencorporates.py::TestModuleOpencorporates::test_opts PASSED [ 15%]
test/unit/modules/test_sfp_opencorporates.py::TestModuleOpencorporates::test_producedEvents_should_return_list 
-------------------------------- live log call --------------------------------
23:16:03 [ERROR] Failed to scale down pool_0: '>' not supported between instances of 'int' and 'MagicMock'
23:16:03 [ERROR] Failed to scale down pool_0: '>' not supported between instances of 'int' and 'MagicMock'
PASSED                                                                   [ 15%]
test/unit/modules/test_sfp_opencorporates.py::TestModuleOpencorporates::test_setup PASSED [ 15%]
test/unit/modules/test_sfp_opencorporates.py::TestModuleOpencorporates::test_watchedEvents_should_return_list PASSED [ 15%]
test/unit/modules/test_sfp_opendns.py::TestModuleOpendns::test_opts PASSED [ 15%]
test/unit/modules/test_sfp_opendns.py::TestModuleOpendns::test_producedEvents_should_return_list PASSED [ 15%]
test/unit/modules/test_sfp_opendns.py::TestModuleOpendns::test_setup PASSED [ 15%]
test/unit/modules/test_sfp_opendns.py::TestModuleOpendns::test_watchedEvents_should_return_list PASSED [ 15%]
test/unit/modules/test_sfp_opennic.py::TestModuleOpenNic::test_opts PASSED [ 15%]
test/unit/modules/test_sfp_opennic.py::TestModuleOpenNic::test_producedEvents_should_return_list PASSED [ 15%]
test/unit/modules/test_sfp_opennic.py::TestModuleOpenNic::test_setup PASSED [ 15%]
test/unit/modules/test_sfp_opennic.py::TestModuleOpenNic::test_watchedEvents_should_return_list PASSED [ 15%]
test/unit/modules/test_sfp_openphish.py::TestModuleOpenphish::test_opts PASSED [ 15%]
test/unit/modules/test_sfp_openphish.py::TestModuleOpenphish::test_producedEvents_should_return_list PASSED [ 15%]
test/unit/modules/test_sfp_openphish.py::TestModuleOpenphish::test_setup PASSED [ 15%]
test/unit/modules/test_sfp_openphish.py::TestModuleOpenphish::test_watchedEvents_should_return_list PASSED [ 15%]
test/unit/modules/test_sfp_openstreetmap.py::TestModuleopenstreetmap::test_opts PASSED [ 15%]
test/unit/modules/test_sfp_openstreetmap.py::TestModuleopenstreetmap::test_producedEvents_should_return_list PASSED [ 15%]
test/unit/modules/test_sfp_openstreetmap.py::TestModuleopenstreetmap::test_setup PASSED [ 15%]
test/unit/modules/test_sfp_openstreetmap.py::TestModuleopenstreetmap::test_watchedEvents_should_return_list PASSED [ 15%]
test/unit/modules/test_sfp_openwifimap.py::test_meta PASSED              [ 15%]
test/unit/modules/test_sfp_openwifimap.py::test_opts PASSED              [ 15%]
test/unit/modules/test_sfp_openwifimap.py::test_opts_defaults PASSED     [ 15%]
test/unit/modules/test_sfp_openwifimap.py::test_produced_events PASSED   [ 15%]
test/unit/modules/test_sfp_openwifimap.py::test_option_validation 
-------------------------------- live log call --------------------------------
23:16:14 [ERROR] [setup] search_term is required.
23:16:14 [ERROR] [setup] max_results must be a positive integer.
23:16:14 [ERROR] [setup] output_format must be 'summary' or 'full'.
PASSED                                                                   [ 15%]
test/unit/modules/test_sfp_openwifimap.py::test_handle_event_stub PASSED [ 15%]
test/unit/modules/test_sfp_pageinfo.py::TestModulePageInfo::test_opts PASSED [ 15%]
test/unit/modules/test_sfp_pageinfo.py::TestModulePageInfo::test_producedEvents_should_return_list PASSED [ 15%]
test/unit/modules/test_sfp_pageinfo.py::TestModulePageInfo::test_setup PASSED [ 15%]
test/unit/modules/test_sfp_pageinfo.py::TestModulePageInfo::test_watchedEvents_should_return_list PASSED [ 15%]
test/unit/modules/test_sfp_pastebin.py::TestModulePastebin::test_handleEvent_no_api_key_should_set_errorState 
-------------------------------- live log call --------------------------------
23:16:17 [ERROR] You enabled sfp_pastebin but did not set a Google API key!
PASSED                                                                   [ 15%]
test/unit/modules/test_sfp_pastebin.py::TestModulePastebin::test_opts PASSED [ 15%]
test/unit/modules/test_sfp_pastebin.py::TestModulePastebin::test_producedEvents_should_return_list PASSED [ 15%]
test/unit/modules/test_sfp_pastebin.py::TestModulePastebin::test_setup PASSED [ 15%]
test/unit/modules/test_sfp_pastebin.py::TestModulePastebin::test_watchedEvents_should_return_list PASSED [ 15%]
test/unit/modules/test_sfp_pgp.py::TestModulePgp::test_handleEvent_no_keyserver_urls_should_set_errorState 
-------------------------------- live log call --------------------------------
23:16:19 [ERROR] You enabled sfp_pgp but did not set key server URLs
PASSED                                                                   [ 15%]
test/unit/modules/test_sfp_pgp.py::TestModulePgp::test_opts PASSED       [ 15%]
test/unit/modules/test_sfp_pgp.py::TestModulePgp::test_producedEvents_should_return_list PASSED [ 15%]
test/unit/modules/test_sfp_pgp.py::TestModulePgp::test_setup PASSED      [ 15%]
test/unit/modules/test_sfp_pgp.py::TestModulePgp::test_watchedEvents_should_return_list PASSED [ 15%]
test/unit/modules/test_sfp_phishtank.py::TestModulePhishtank::test_opts PASSED [ 15%]
test/unit/modules/test_sfp_phishtank.py::TestModulePhishtank::test_producedEvents_should_return_list PASSED [ 15%]
test/unit/modules/test_sfp_phishtank.py::TestModulePhishtank::test_setup PASSED [ 15%]
test/unit/modules/test_sfp_phishtank.py::TestModulePhishtank::test_watchedEvents_should_return_list PASSED [ 15%]
test/unit/modules/test_sfp_phone.py::TestModulePhone::test_handleEvent_domain_whois_event_data_containing_phone_string_should_create_phone_number_event PASSED [ 15%]
test/unit/modules/test_sfp_phone.py::TestModulePhone::test_handleEvent_domain_whois_event_data_not_containing_phone_string_should_not_create_event PASSED [ 15%]
test/unit/modules/test_sfp_phone.py::TestModulePhone::test_handleEvent_phone_number_event_data_containing_phone_string_should_return_provider_telco_event PASSED [ 15%]
test/unit/modules/test_sfp_phone.py::TestModulePhone::test_opts PASSED   [ 15%]
test/unit/modules/test_sfp_phone.py::TestModulePhone::test_producedEvents_should_return_list PASSED [ 15%]
test/unit/modules/test_sfp_phone.py::TestModulePhone::test_setup PASSED  [ 15%]
test/unit/modules/test_sfp_phone.py::TestModulePhone::test_watchedEvents_should_return_list PASSED [ 16%]
test/unit/modules/test_sfp_portscan_tcp.py::TestModulePortscanTcp::test_opts PASSED [ 16%]
test/unit/modules/test_sfp_portscan_tcp.py::TestModulePortscanTcp::test_producedEvents_should_return_list PASSED [ 16%]
test/unit/modules/test_sfp_portscan_tcp.py::TestModulePortscanTcp::test_setup PASSED [ 16%]
test/unit/modules/test_sfp_portscan_tcp.py::TestModulePortscanTcp::test_watchedEvents_should_return_list PASSED [ 16%]
test/unit/modules/test_sfp_projectdiscovery.py::TestModuleProjectdiscovery::test_handleEvent_no_api_key_should_set_errorState 
-------------------------------- live log call --------------------------------
23:16:31 [ERROR] You enabled sfp_projectdiscovery but did not set an API key!
PASSED                                                                   [ 16%]
test/unit/modules/test_sfp_projectdiscovery.py::TestModuleProjectdiscovery::test_opts PASSED [ 16%]
test/unit/modules/test_sfp_projectdiscovery.py::TestModuleProjectdiscovery::test_producedEvents_should_return_list PASSED [ 16%]
test/unit/modules/test_sfp_projectdiscovery.py::TestModuleProjectdiscovery::test_setup PASSED [ 16%]
test/unit/modules/test_sfp_projectdiscovery.py::TestModuleProjectdiscovery::test_watchedEvents_should_return_list PASSED [ 16%]
test/unit/modules/test_sfp_pulsedive.py::TestModulePulsedive::test_handleEvent_no_api_key_should_set_errorState 
-------------------------------- live log call --------------------------------
23:16:34 [ERROR] You enabled sfp_pulsedive but did not set an API key!
PASSED                                                                   [ 16%]
test/unit/modules/test_sfp_pulsedive.py::TestModulePulsedive::test_opts PASSED [ 16%]
test/unit/modules/test_sfp_pulsedive.py::TestModulePulsedive::test_producedEvents_should_return_list PASSED [ 16%]
test/unit/modules/test_sfp_pulsedive.py::TestModulePulsedive::test_setup PASSED [ 16%]
test/unit/modules/test_sfp_pulsedive.py::TestModulePulsedive::test_watchedEvents_should_return_list 
-------------------------------- live log call --------------------------------
23:16:36 [ERROR] Failed to recreate pool pool_0: connection to server at "localhost" (::1), port 5432 failed: Connection refused (0x0000274D/10061)
	Is the server running on that host and accepting TCP/IP connections?
connection to server at "localhost" (127.0.0.1), port 5432 failed: Connection refused (0x0000274D/10061)
	Is the server running on that host and accepting TCP/IP connections?

23:16:36 [ERROR] Failed to recreate pool pool_0: connection to server at "localhost" (::1), port 5432 failed: Connection refused (0x0000274D/10061)
	Is the server running on that host and accepting TCP/IP connections?
connection to server at "localhost" (127.0.0.1), port 5432 failed: Connection refused (0x0000274D/10061)
	Is the server running on that host and accepting TCP/IP connections?

23:16:36 [INFO] Scaled up pool_0 from 5 to 10 connections
23:16:36 [INFO] Scaled down pool_0 from 10 to 5 connections
PASSED                                                                   [ 16%]
test/unit/modules/test_sfp_quad9.py::TestModuleQuad9::test_opts PASSED   [ 16%]
test/unit/modules/test_sfp_quad9.py::TestModuleQuad9::test_producedEvents_should_return_list PASSED [ 16%]
test/unit/modules/test_sfp_quad9.py::TestModuleQuad9::test_setup PASSED  [ 16%]
test/unit/modules/test_sfp_quad9.py::TestModuleQuad9::test_watchedEvents_should_return_list PASSED [ 16%]
test/unit/modules/test_sfp_reddit.py::TestSfpReddit::test_handle_event_stub PASSED [ 16%]
test/unit/modules/test_sfp_reddit.py::TestSfpReddit::test_meta PASSED    [ 16%]
test/unit/modules/test_sfp_reddit.py::TestSfpReddit::test_opts PASSED    [ 16%]
test/unit/modules/test_sfp_reddit.py::TestSfpReddit::test_produced_events PASSED [ 16%]
test/unit/modules/test_sfp_reversewhois.py::TestModuleReversewhois::test_opts PASSED [ 16%]
test/unit/modules/test_sfp_reversewhois.py::TestModuleReversewhois::test_producedEvents_should_return_list PASSED [ 16%]
test/unit/modules/test_sfp_reversewhois.py::TestModuleReversewhois::test_setup PASSED [ 16%]
test/unit/modules/test_sfp_reversewhois.py::TestModuleReversewhois::test_watchedEvents_should_return_list PASSED [ 16%]
test/unit/modules/test_sfp_ripe.py::TestModuleRipe::test_opts PASSED     [ 16%]
test/unit/modules/test_sfp_ripe.py::TestModuleRipe::test_producedEvents_should_return_list PASSED [ 16%]
test/unit/modules/test_sfp_ripe.py::TestModuleRipe::test_setup PASSED    [ 16%]
test/unit/modules/test_sfp_ripe.py::TestModuleRipe::test_watchedEvents_should_return_list PASSED [ 16%]
test/unit/modules/test_sfp_rocketchat.py::test_meta PASSED               [ 16%]
test/unit/modules/test_sfp_rocketchat.py::test_opts PASSED               [ 16%]
test/unit/modules/test_sfp_rocketchat.py::test_opts_defaults PASSED      [ 16%]
test/unit/modules/test_sfp_rocketchat.py::test_produced_events PASSED    [ 16%]
test/unit/modules/test_sfp_rocketchat.py::test_option_validation 
-------------------------------- live log call --------------------------------
23:16:44 [ERROR] [setup] Rocket.Chat access token is required.
23:16:44 [ERROR] [setup] Rocket.Chat room_id is required.
23:16:44 [ERROR] [setup] max_messages must be a positive integer.
23:16:44 [ERROR] [setup] output_format must be 'summary' or 'full'.
PASSED                                                                   [ 16%]
test/unit/modules/test_sfp_rocketchat.py::test_handle_event_stub PASSED  [ 16%]
test/unit/modules/test_sfp_rocketreach.py::TestModuleRocketreach::test_handleEvent_emits_events PASSED [ 16%]
test/unit/modules/test_sfp_rocketreach.py::TestModuleRocketreach::test_handleEvent_invalid_response PASSED [ 16%]
test/unit/modules/test_sfp_rocketreach.py::TestModuleRocketreach::test_handleEvent_no_api_key_sets_errorState PASSED [ 16%]
test/unit/modules/test_sfp_rocketreach.py::TestModuleRocketreach::test_opts PASSED [ 16%]
test/unit/modules/test_sfp_rocketreach.py::TestModuleRocketreach::test_producedEvents_should_return_list PASSED [ 16%]
test/unit/modules/test_sfp_rocketreach.py::TestModuleRocketreach::test_setup PASSED [ 16%]
test/unit/modules/test_sfp_rocketreach.py::TestModuleRocketreach::test_watchedEvents_should_return_list PASSED [ 16%]
test/unit/modules/test_sfp_rubika.py::TestSfpRubika::test_handle_event_stub PASSED [ 16%]
test/unit/modules/test_sfp_rubika.py::TestSfpRubika::test_meta PASSED    [ 16%]
test/unit/modules/test_sfp_rubika.py::TestSfpRubika::test_opts PASSED    [ 16%]
test/unit/modules/test_sfp_rubika.py::TestSfpRubika::test_produced_events PASSED [ 16%]
test/unit/modules/test_sfp_s3bucket.py::TestModuleS3bucket::test_opts PASSED [ 16%]
test/unit/modules/test_sfp_s3bucket.py::TestModuleS3bucket::test_producedEvents_should_return_list PASSED [ 16%]
test/unit/modules/test_sfp_s3bucket.py::TestModuleS3bucket::test_setup PASSED [ 16%]
test/unit/modules/test_sfp_s3bucket.py::TestModuleS3bucket::test_watchedEvents_should_return_list PASSED [ 16%]
test/unit/modules/test_sfp_searchcode.py::TestModuleCodesearch::test_opts PASSED [ 16%]
test/unit/modules/test_sfp_searchcode.py::TestModuleCodesearch::test_producedEvents_should_return_list PASSED [ 16%]
test/unit/modules/test_sfp_searchcode.py::TestModuleCodesearch::test_setup PASSED [ 16%]
test/unit/modules/test_sfp_searchcode.py::TestModuleCodesearch::test_watchedEvents_should_return_list PASSED [ 16%]
test/unit/modules/test_sfp_securitytrails.py::TestModuleSecuritytrails::test_handleEvent_no_api_key_should_set_errorState 
-------------------------------- live log call --------------------------------
23:16:53 [ERROR] You enabled sfp_securitytrails but did not set an API uid/secret!
PASSED                                                                   [ 16%]
test/unit/modules/test_sfp_securitytrails.py::TestModuleSecuritytrails::test_opts PASSED [ 16%]
test/unit/modules/test_sfp_securitytrails.py::TestModuleSecuritytrails::test_producedEvents_should_return_list PASSED [ 16%]
test/unit/modules/test_sfp_securitytrails.py::TestModuleSecuritytrails::test_setup PASSED [ 16%]
test/unit/modules/test_sfp_securitytrails.py::TestModuleSecuritytrails::test_watchedEvents_should_return_list PASSED [ 16%]
test/unit/modules/test_sfp_seon.py::TestModuleSeon::test_handleEvent_no_api_key_should_set_errorState 
-------------------------------- live log call --------------------------------
23:16:56 [ERROR] You enabled sfp_seon but did not set an API key!
PASSED                                                                   [ 16%]
test/unit/modules/test_sfp_seon.py::TestModuleSeon::test_opts PASSED     [ 16%]
test/unit/modules/test_sfp_seon.py::TestModuleSeon::test_producedEvents_should_return_list PASSED [ 16%]
test/unit/modules/test_sfp_seon.py::TestModuleSeon::test_setup PASSED    [ 16%]
test/unit/modules/test_sfp_seon.py::TestModuleSeon::test_watchedEvents_should_return_list PASSED [ 16%]
test/unit/modules/test_sfp_shodan.py::TestModuleShodan::test_handleEvent_no_api_key_should_set_errorState 
-------------------------------- live log call --------------------------------
23:16:59 [ERROR] You enabled sfp_shodan but did not set an API key!
PASSED                                                                   [ 16%]
test/unit/modules/test_sfp_shodan.py::TestModuleShodan::test_opts PASSED [ 16%]
test/unit/modules/test_sfp_shodan.py::TestModuleShodan::test_producedEvents_should_return_list PASSED [ 16%]
test/unit/modules/test_sfp_shodan.py::TestModuleShodan::test_setup PASSED [ 16%]
test/unit/modules/test_sfp_shodan.py::TestModuleShodan::test_watchedEvents_should_return_list PASSED [ 16%]
test/unit/modules/test_sfp_similar.py::TestModuleSimilar::test_opts PASSED [ 16%]
test/unit/modules/test_sfp_similar.py::TestModuleSimilar::test_producedEvents_should_return_list PASSED [ 16%]
test/unit/modules/test_sfp_similar.py::TestModuleSimilar::test_setup PASSED [ 16%]
------------------------------ live log teardown ------------------------------
23:17:03 [ERROR] Failed to scale down pool_0: '>' not supported between instances of 'int' and 'MagicMock'

23:17:03 [ERROR] Failed to scale down pool_0: '>' not supported between instances of 'int' and 'MagicMock'

test/unit/modules/test_sfp_similar.py::TestModuleSimilar::test_watchedEvents_should_return_list PASSED [ 16%]
test/unit/modules/test_sfp_skymem.py::TestModuleSkymem::test_opts PASSED [ 16%]
test/unit/modules/test_sfp_skymem.py::TestModuleSkymem::test_producedEvents_should_return_list PASSED [ 16%]
test/unit/modules/test_sfp_skymem.py::TestModuleSkymem::test_setup PASSED [ 16%]
test/unit/modules/test_sfp_skymem.py::TestModuleSkymem::test_watchedEvents_should_return_list PASSED [ 16%]
test/unit/modules/test_sfp_slideshare.py::TestModuleSlideshare::test_handleEvent_event_data_social_media_not_slideshare_profile_should_not_return_event PASSED [ 16%]
test/unit/modules/test_sfp_slideshare.py::TestModuleSlideshare::test_opts PASSED [ 16%]
test/unit/modules/test_sfp_slideshare.py::TestModuleSlideshare::test_producedEvents_should_return_list PASSED [ 16%]
test/unit/modules/test_sfp_slideshare.py::TestModuleSlideshare::test_setup PASSED [ 16%]
test/unit/modules/test_sfp_slideshare.py::TestModuleSlideshare::test_watchedEvents_should_return_list PASSED [ 16%]
test/unit/modules/test_sfp_snov.py::TestModuleSnov::test_handleEvent_no_api_key_should_set_errorState 
-------------------------------- live log call --------------------------------
23:17:09 [ERROR] You enabled sfp_snov but did not set a Client ID and/or Client Secret
PASSED                                                                   [ 16%]
test/unit/modules/test_sfp_snov.py::TestModuleSnov::test_opts PASSED     [ 16%]
test/unit/modules/test_sfp_snov.py::TestModuleSnov::test_producedEvents_should_return_list PASSED [ 16%]
test/unit/modules/test_sfp_snov.py::TestModuleSnov::test_setup PASSED    [ 17%]
test/unit/modules/test_sfp_snov.py::TestModuleSnov::test_watchedEvents_should_return_list PASSED [ 17%]
test/unit/modules/test_sfp_social.py::TestModuleSocial::test_handleEvent_event_data_url_containing_social_media_profile_should_return_event 
-------------------------------- live log call --------------------------------
23:17:12 [INFO] Matched LinkedIn (Individual) in https://linkedin.com/in/spiderfoot
PASSED                                                                   [ 17%]
test/unit/modules/test_sfp_social.py::TestModuleSocial::test_handleEvent_event_data_url_not_containing_social_media_profile_should_not_return_event PASSED [ 17%]
test/unit/modules/test_sfp_social.py::TestModuleSocial::test_opts PASSED [ 17%]
test/unit/modules/test_sfp_social.py::TestModuleSocial::test_producedEvents_should_return_list PASSED [ 17%]
test/unit/modules/test_sfp_social.py::TestModuleSocial::test_setup PASSED [ 17%]
test/unit/modules/test_sfp_social.py::TestModuleSocial::test_watchedEvents_should_return_list PASSED [ 17%]
test/unit/modules/test_sfp_sociallinks.py::TestModuleSociallinks::test_handleEvent_no_api_key_should_set_errorState 
-------------------------------- live log call --------------------------------
23:17:16 [ERROR] You enabled sfp_sociallinks but did not set an API key!
PASSED                                                                   [ 17%]
test/unit/modules/test_sfp_sociallinks.py::TestModuleSociallinks::test_opts PASSED [ 17%]
test/unit/modules/test_sfp_sociallinks.py::TestModuleSociallinks::test_producedEvents_should_return_list PASSED [ 17%]
test/unit/modules/test_sfp_sociallinks.py::TestModuleSociallinks::test_setup PASSED [ 17%]
test/unit/modules/test_sfp_sociallinks.py::TestModuleSociallinks::test_watchedEvents_should_return_list PASSED [ 17%]
test/unit/modules/test_sfp_socialprofiles.py::TestModuleSocialprofiles::test_handleEvent_no_api_key_should_set_errorState 
-------------------------------- live log call --------------------------------
23:17:19 [ERROR] You enabled sfp_socialprofiles but did not set a Google or Bing API key!
PASSED                                                                   [ 17%]
test/unit/modules/test_sfp_socialprofiles.py::TestModuleSocialprofiles::test_opts PASSED [ 17%]
test/unit/modules/test_sfp_socialprofiles.py::TestModuleSocialprofiles::test_producedEvents_should_return_list PASSED [ 17%]
test/unit/modules/test_sfp_socialprofiles.py::TestModuleSocialprofiles::test_setup PASSED [ 17%]
test/unit/modules/test_sfp_socialprofiles.py::TestModuleSocialprofiles::test_watchedEvents_should_return_list PASSED [ 17%]
test/unit/modules/test_sfp_sorbs.py::TestModuleSorbs::test_opts PASSED   [ 17%]
test/unit/modules/test_sfp_sorbs.py::TestModuleSorbs::test_producedEvents_should_return_list PASSED [ 17%]
test/unit/modules/test_sfp_sorbs.py::TestModuleSorbs::test_setup PASSED  [ 17%]
test/unit/modules/test_sfp_sorbs.py::TestModuleSorbs::test_watchedEvents_should_return_list PASSED [ 17%]
test/unit/modules/test_sfp_soroush.py::TestSfpSoroush::test_handle_event_stub PASSED [ 17%]
test/unit/modules/test_sfp_soroush.py::TestSfpSoroush::test_meta PASSED  [ 17%]
test/unit/modules/test_sfp_soroush.py::TestSfpSoroush::test_opts PASSED  [ 17%]
test/unit/modules/test_sfp_soroush.py::TestSfpSoroush::test_produced_events PASSED [ 17%]
test/unit/modules/test_sfp_spamcop.py::TestModuleSpamcop::test_opts PASSED [ 17%]
test/unit/modules/test_sfp_spamcop.py::TestModuleSpamcop::test_producedEvents_should_return_list PASSED [ 17%]
test/unit/modules/test_sfp_spamcop.py::TestModuleSpamcop::test_setup PASSED [ 17%]
test/unit/modules/test_sfp_spamcop.py::TestModuleSpamcop::test_watchedEvents_should_return_list PASSED [ 17%]
test/unit/modules/test_sfp_spamhaus.py::TestModuleSpamhaus::test_opts PASSED [ 17%]
test/unit/modules/test_sfp_spamhaus.py::TestModuleSpamhaus::test_producedEvents_should_return_list PASSED [ 17%]
test/unit/modules/test_sfp_spamhaus.py::TestModuleSpamhaus::test_setup PASSED [ 17%]
test/unit/modules/test_sfp_spamhaus.py::TestModuleSpamhaus::test_watchedEvents_should_return_list PASSED [ 17%]
test/unit/modules/test_sfp_spider.py::TestModuleSpider::test_opts PASSED [ 17%]
test/unit/modules/test_sfp_spider.py::TestModuleSpider::test_producedEvents_should_return_list PASSED [ 17%]
test/unit/modules/test_sfp_spider.py::TestModuleSpider::test_setup PASSED [ 17%]
test/unit/modules/test_sfp_spider.py::TestModuleSpider::test_watchedEvents_should_return_list PASSED [ 17%]
test/unit/modules/test_sfp_spur.py::TestModuleSpur::test_handleEvent_no_api_key_should_set_errorState 
-------------------------------- live log call --------------------------------
23:17:31 [ERROR] You enabled sfp_spur but did not set an API key!
PASSED                                                                   [ 17%]
test/unit/modules/test_sfp_spur.py::TestModuleSpur::test_opts PASSED     [ 17%]
test/unit/modules/test_sfp_spur.py::TestModuleSpur::test_producedEvents_should_return_list PASSED [ 17%]
test/unit/modules/test_sfp_spur.py::TestModuleSpur::test_setup PASSED    [ 17%]
test/unit/modules/test_sfp_spur.py::TestModuleSpur::test_watchedEvents_should_return_list PASSED [ 17%]
test/unit/modules/test_sfp_sslcert.py::TestModuleSslCert::test_opts PASSED [ 17%]
test/unit/modules/test_sfp_sslcert.py::TestModuleSslCert::test_producedEvents_should_return_list PASSED [ 17%]
test/unit/modules/test_sfp_sslcert.py::TestModuleSslCert::test_setup PASSED [ 17%]
test/unit/modules/test_sfp_sslcert.py::TestModuleSslCert::test_watchedEvents_should_return_list PASSED [ 17%]
test/unit/modules/test_sfp_stackoverflow.py::TestModuleStackoverflow::test_opts PASSED [ 17%]
test/unit/modules/test_sfp_stackoverflow.py::TestModuleStackoverflow::test_producedEvents_should_return_list PASSED [ 17%]
test/unit/modules/test_sfp_stackoverflow.py::TestModuleStackoverflow::test_setup PASSED [ 17%]
test/unit/modules/test_sfp_stackoverflow.py::TestModuleStackoverflow::test_watchedEvents_should_return_list PASSED [ 17%]
test/unit/modules/test_sfp_stevenblack_hosts.py::TestModuleStevenblackHosts::test_opts PASSED [ 17%]
test/unit/modules/test_sfp_stevenblack_hosts.py::TestModuleStevenblackHosts::test_producedEvents_should_return_list PASSED [ 17%]
test/unit/modules/test_sfp_stevenblack_hosts.py::TestModuleStevenblackHosts::test_setup PASSED [ 17%]
test/unit/modules/test_sfp_stevenblack_hosts.py::TestModuleStevenblackHosts::test_watchedEvents_should_return_list 
-------------------------------- live log call --------------------------------
23:17:41 [ERROR] Failed to recreate pool pool_0: connection to server at "localhost" (::1), port 5432 failed: Connection refused (0x0000274D/10061)
	Is the server running on that host and accepting TCP/IP connections?
connection to server at "localhost" (127.0.0.1), port 5432 failed: Connection refused (0x0000274D/10061)
	Is the server running on that host and accepting TCP/IP connections?

23:17:41 [ERROR] Failed to recreate pool pool_0: connection to server at "localhost" (::1), port 5432 failed: Connection refused (0x0000274D/10061)
	Is the server running on that host and accepting TCP/IP connections?
connection to server at "localhost" (127.0.0.1), port 5432 failed: Connection refused (0x0000274D/10061)
	Is the server running on that host and accepting TCP/IP connections?

23:17:41 [INFO] Scaled up pool_0 from 5 to 10 connections
23:17:41 [INFO] Scaled down pool_0 from 10 to 5 connections
PASSED                                                                   [ 17%]
test/unit/modules/test_sfp_strangeheaders.py::TestModuleStrangeHeaders::test_handleEvent_event_data_containing_unusual_header_should_return_event PASSED [ 17%]
test/unit/modules/test_sfp_strangeheaders.py::TestModuleStrangeHeaders::test_handleEvent_event_data_not_containing_unusual_header_should_not_return_event PASSED [ 17%]
test/unit/modules/test_sfp_strangeheaders.py::TestModuleStrangeHeaders::test_opts PASSED [ 17%]
test/unit/modules/test_sfp_strangeheaders.py::TestModuleStrangeHeaders::test_producedEvents_should_return_list PASSED [ 17%]
test/unit/modules/test_sfp_strangeheaders.py::TestModuleStrangeHeaders::test_setup PASSED [ 17%]
test/unit/modules/test_sfp_strangeheaders.py::TestModuleStrangeHeaders::test_watchedEvents_should_return_list PASSED [ 17%]
test/unit/modules/test_sfp_subdomain_takeover.py::TestModuleSubdomain_takeover::test_opts PASSED [ 17%]
test/unit/modules/test_sfp_subdomain_takeover.py::TestModuleSubdomain_takeover::test_producedEvents_should_return_list PASSED [ 17%]
test/unit/modules/test_sfp_subdomain_takeover.py::TestModuleSubdomain_takeover::test_setup 
-------------------------------- live log call --------------------------------
23:17:45 [ERROR] Unable to parse subdomain takeover fingerprints list: the JSON object must be str, bytes or bytearray, not list
PASSED                                                                   [ 17%]
test/unit/modules/test_sfp_subdomain_takeover.py::TestModuleSubdomain_takeover::test_watchedEvents_should_return_list PASSED [ 17%]
test/unit/modules/test_sfp_sublist3r.py::TestModuleSublist3r::test_opts PASSED [ 17%]
test/unit/modules/test_sfp_sublist3r.py::TestModuleSublist3r::test_producedEvents_should_return_list PASSED [ 17%]
test/unit/modules/test_sfp_sublist3r.py::TestModuleSublist3r::test_setup PASSED [ 17%]
test/unit/modules/test_sfp_sublist3r.py::TestModuleSublist3r::test_watchedEvents_should_return_list PASSED [ 17%]
test/unit/modules/test_sfp_surbl.py::TestModuleSurbl::test_opts PASSED   [ 17%]
test/unit/modules/test_sfp_surbl.py::TestModuleSurbl::test_producedEvents_should_return_list PASSED [ 17%]
test/unit/modules/test_sfp_surbl.py::TestModuleSurbl::test_setup PASSED  [ 17%]
test/unit/modules/test_sfp_surbl.py::TestModuleSurbl::test_watchedEvents_should_return_list PASSED [ 17%]
test/unit/modules/test_sfp_talosintel.py::TestModuleTalosintel::test_opts PASSED [ 17%]
test/unit/modules/test_sfp_talosintel.py::TestModuleTalosintel::test_producedEvents_should_return_list PASSED [ 17%]
test/unit/modules/test_sfp_talosintel.py::TestModuleTalosintel::test_setup PASSED [ 17%]
test/unit/modules/test_sfp_talosintel.py::TestModuleTalosintel::test_watchedEvents_should_return_list PASSED [ 17%]
test/unit/modules/test_sfp_telegram.py::TestModuleTelegram::test_deduplication PASSED [ 17%]
test/unit/modules/test_sfp_telegram.py::TestModuleTelegram::test_finish PASSED [ 17%]
test/unit/modules/test_sfp_telegram.py::TestModuleTelegram::test_setup_missing_opts 
-------------------------------- live log call --------------------------------
23:17:54 [ERROR] Telegram API credentials and channels must be set.
PASSED                                                                   [ 17%]
test/unit/modules/test_sfp_telegram.py::TestModuleTelegram::test_setup_no_telethon 
-------------------------------- live log call --------------------------------
23:17:55 [ERROR] telethon library is not installed. Please add it to requirements.txt.
PASSED                                                                   [ 17%]
test/unit/modules/test_sfp_telegram.py::TestModuleTelegram::test_start_and_poll PASSED [ 17%]
test/unit/modules/test_sfp_textmagic.py::TestModuleTextmagic::test_handleEvent_no_api_key_should_set_errorState 
-------------------------------- live log call --------------------------------
23:17:56 [ERROR] You enabled sfp_textmagic but did not set an API Username/Key!
PASSED                                                                   [ 17%]
test/unit/modules/test_sfp_textmagic.py::TestModuleTextmagic::test_opts PASSED [ 17%]
test/unit/modules/test_sfp_textmagic.py::TestModuleTextmagic::test_producedEvents_should_return_list PASSED [ 17%]
test/unit/modules/test_sfp_textmagic.py::TestModuleTextmagic::test_setup PASSED [ 17%]
test/unit/modules/test_sfp_textmagic.py::TestModuleTextmagic::test_watchedEvents_should_return_list PASSED [ 17%]
test/unit/modules/test_sfp_threatcrowd.py::TestModuleThreatcrowd::test_opts PASSED [ 18%]
test/unit/modules/test_sfp_threatcrowd.py::TestModuleThreatcrowd::test_producedEvents_should_return_list PASSED [ 18%]
test/unit/modules/test_sfp_threatcrowd.py::TestModuleThreatcrowd::test_setup PASSED [ 18%]
test/unit/modules/test_sfp_threatcrowd.py::TestModuleThreatcrowd::test_watchedEvents_should_return_list PASSED [ 18%]
test/unit/modules/test_sfp_threatfox.py::TestModuleThreatFox::test_opts PASSED [ 18%]
test/unit/modules/test_sfp_threatfox.py::TestModuleThreatFox::test_producedEvents_should_return_list PASSED [ 18%]
test/unit/modules/test_sfp_threatfox.py::TestModuleThreatFox::test_setup PASSED [ 18%]
test/unit/modules/test_sfp_threatfox.py::TestModuleThreatFox::test_watchedEvents_should_return_list PASSED [ 18%]
test/unit/modules/test_sfp_threatminer.py::TestModuleThreatminer::test_opts 
-------------------------------- live log call --------------------------------
23:18:04 [ERROR] Failed to scale down pool_0: '>' not supported between instances of 'int' and 'MagicMock'
23:18:04 [ERROR] Failed to scale down pool_0: '>' not supported between instances of 'int' and 'MagicMock'
PASSED                                                                   [ 18%]
test/unit/modules/test_sfp_threatminer.py::TestModuleThreatminer::test_producedEvents_should_return_list PASSED [ 18%]
test/unit/modules/test_sfp_threatminer.py::TestModuleThreatminer::test_setup PASSED [ 18%]
test/unit/modules/test_sfp_threatminer.py::TestModuleThreatminer::test_watchedEvents_should_return_list PASSED [ 18%]
test/unit/modules/test_sfp_tldsearch.py::TestModuleTldsearch::test_opts PASSED [ 18%]
test/unit/modules/test_sfp_tldsearch.py::TestModuleTldsearch::test_producedEvents_should_return_list PASSED [ 18%]
test/unit/modules/test_sfp_tldsearch.py::TestModuleTldsearch::test_setup PASSED [ 18%]
test/unit/modules/test_sfp_tldsearch.py::TestModuleTldsearch::test_watchedEvents_should_return_list PASSED [ 18%]
test/unit/modules/test_sfp_tool_cmseek.py::TestModuleToolCmseek::test_handleEvent_no_tool_path_configured_should_set_errorState 
-------------------------------- live log call --------------------------------
23:18:08 [ERROR] You enabled sfp_tool_cmseek but did not set a path to the tool!
PASSED                                                                   [ 18%]
test/unit/modules/test_sfp_tool_cmseek.py::TestModuleToolCmseek::test_opts PASSED [ 18%]
test/unit/modules/test_sfp_tool_cmseek.py::TestModuleToolCmseek::test_producedEvents_should_return_list PASSED [ 18%]
test/unit/modules/test_sfp_tool_cmseek.py::TestModuleToolCmseek::test_setup PASSED [ 18%]
test/unit/modules/test_sfp_tool_cmseek.py::TestModuleToolCmseek::test_watchedEvents_should_return_list PASSED [ 18%]
test/unit/modules/test_sfp_tool_dnstwist.py::TestModuleToolDnstwist::test_opts PASSED [ 18%]
test/unit/modules/test_sfp_tool_dnstwist.py::TestModuleToolDnstwist::test_producedEvents_should_return_list PASSED [ 18%]
test/unit/modules/test_sfp_tool_dnstwist.py::TestModuleToolDnstwist::test_setup PASSED [ 18%]
test/unit/modules/test_sfp_tool_dnstwist.py::TestModuleToolDnstwist::test_watchedEvents_should_return_list PASSED [ 18%]
test/unit/modules/test_sfp_tool_gobuster.py::TestModuleToolGobuster::test_handleEvent_local_success PASSED [ 18%]
test/unit/modules/test_sfp_tool_gobuster.py::TestModuleToolGobuster::test_opts PASSED [ 18%]
test/unit/modules/test_sfp_tool_gobuster.py::TestModuleToolGobuster::test_producedEvents_should_return_list PASSED [ 18%]
test/unit/modules/test_sfp_tool_gobuster.py::TestModuleToolGobuster::test_run_remote_tool_error PASSED [ 18%]
test/unit/modules/test_sfp_tool_gobuster.py::TestModuleToolGobuster::test_run_remote_tool_with_keyfile PASSED [ 18%]
test/unit/modules/test_sfp_tool_gobuster.py::TestModuleToolGobuster::test_run_remote_tool_with_password PASSED [ 18%]
test/unit/modules/test_sfp_tool_gobuster.py::TestModuleToolGobuster::test_run_remote_tool_with_pasted_key PASSED [ 18%]
test/unit/modules/test_sfp_tool_gobuster.py::TestModuleToolGobuster::test_setup PASSED [ 18%]
test/unit/modules/test_sfp_tool_gobuster.py::TestModuleToolGobuster::test_watchedEvents_should_return_list PASSED [ 18%]
test/unit/modules/test_sfp_tool_nbtscan.py::TestModuleToolNbtscan::test_handleEvent_no_tool_path_configured_should_set_errorState 
-------------------------------- live log call --------------------------------
23:18:18 [ERROR] You enabled sfp_tool_nbtscan but did not set a path to the tool!
PASSED                                                                   [ 18%]
test/unit/modules/test_sfp_tool_nbtscan.py::TestModuleToolNbtscan::test_opts PASSED [ 18%]
test/unit/modules/test_sfp_tool_nbtscan.py::TestModuleToolNbtscan::test_producedEvents_should_return_list PASSED [ 18%]
test/unit/modules/test_sfp_tool_nbtscan.py::TestModuleToolNbtscan::test_setup PASSED [ 18%]
test/unit/modules/test_sfp_tool_nbtscan.py::TestModuleToolNbtscan::test_watchedEvents_should_return_list PASSED [ 18%]
test/unit/modules/test_sfp_tool_onesixtyone.py::TestModuleToolOnesixtyone::test_handleEvent_no_tool_path_configured_should_set_errorState 
-------------------------------- live log call --------------------------------
23:18:21 [ERROR] You enabled sfp_tool_onesixtyone but did not set a path to the tool!
PASSED                                                                   [ 18%]
test/unit/modules/test_sfp_tool_onesixtyone.py::TestModuleToolOnesixtyone::test_opts PASSED [ 18%]
test/unit/modules/test_sfp_tool_onesixtyone.py::TestModuleToolOnesixtyone::test_producedEvents_should_return_list PASSED [ 18%]
test/unit/modules/test_sfp_tool_onesixtyone.py::TestModuleToolOnesixtyone::test_setup PASSED [ 18%]
test/unit/modules/test_sfp_tool_onesixtyone.py::TestModuleToolOnesixtyone::test_watchedEvents_should_return_list PASSED [ 18%]
test/unit/modules/test_sfp_tool_phoneinfoga.py::TestPhoneInfogaModuleUnit::test_handleEvent_error_and_retry 
-------------------------------- live log call --------------------------------
23:18:24 [WARNING] Connection error fetching http://localhost:5000/api/v2/scan: HTTPConnectionPool(host='localhost', port=5000): Max retries exceeded with url: /api/v2/scan (Caused by NameResolutionError("HTTPConnection(host='localhost', port=5000): Failed to resolve 'localhost' ([Errno 11001] Name or service not known)"))
23:18:24 [ERROR] No response from PhoneInfoga API (attempt 1)
23:18:26 [WARNING] Connection error fetching http://localhost:5000/api/v2/scan: HTTPConnectionPool(host='localhost', port=5000): Max retries exceeded with url: /api/v2/scan (Caused by NameResolutionError("HTTPConnection(host='localhost', port=5000): Failed to resolve 'localhost' ([Errno 11001] Name or service not known)"))
23:18:26 [ERROR] No response from PhoneInfoga API (attempt 2)
23:18:28 [WARNING] Connection error fetching http://localhost:5000/api/v2/scan: HTTPConnectionPool(host='localhost', port=5000): Max retries exceeded with url: /api/v2/scan (Caused by NameResolutionError("HTTPConnection(host='localhost', port=5000): Failed to resolve 'localhost' ([Errno 11001] Name or service not known)"))
23:18:28 [ERROR] No response from PhoneInfoga API (attempt 3)
FAILED                                                                   [ 18%]
test/unit/modules/test_sfp_tool_phoneinfoga.py::TestPhoneInfogaModuleUnit::test_handleEvent_full_response 
-------------------------------- live log call --------------------------------
23:18:28 [WARNING] Connection error fetching http://localhost:5000/api/v2/scan: HTTPConnectionPool(host='localhost', port=5000): Max retries exceeded with url: /api/v2/scan (Caused by NameResolutionError("HTTPConnection(host='localhost', port=5000): Failed to resolve 'localhost' ([Errno 11001] Name or service not known)"))
23:18:28 [ERROR] No response from PhoneInfoga API (attempt 1)
23:18:30 [WARNING] Connection error fetching http://localhost:5000/api/v2/scan: HTTPConnectionPool(host='localhost', port=5000): Max retries exceeded with url: /api/v2/scan (Caused by NameResolutionError("HTTPConnection(host='localhost', port=5000): Failed to resolve 'localhost' ([Errno 11001] Name or service not known)"))
23:18:30 [ERROR] No response from PhoneInfoga API (attempt 2)
23:18:32 [WARNING] Connection error fetching http://localhost:5000/api/v2/scan: HTTPConnectionPool(host='localhost', port=5000): Max retries exceeded with url: /api/v2/scan (Caused by NameResolutionError("HTTPConnection(host='localhost', port=5000): Failed to resolve 'localhost' ([Errno 11001] Name or service not known)"))
23:18:32 [ERROR] No response from PhoneInfoga API (attempt 3)
FAILED                                                                   [ 18%]
test/unit/modules/test_sfp_tool_phoneinfoga.py::TestPhoneInfogaModuleUnit::test_handleEvent_invalid_response 
-------------------------------- live log call --------------------------------
23:18:33 [WARNING] Connection error fetching http://localhost:5000/api/v2/scan: HTTPConnectionPool(host='localhost', port=5000): Max retries exceeded with url: /api/v2/scan (Caused by NameResolutionError("HTTPConnection(host='localhost', port=5000): Failed to resolve 'localhost' ([Errno 11001] Name or service not known)"))
23:18:33 [ERROR] No response from PhoneInfoga API (attempt 1)
23:18:35 [WARNING] Connection error fetching http://localhost:5000/api/v2/scan: HTTPConnectionPool(host='localhost', port=5000): Max retries exceeded with url: /api/v2/scan (Caused by NameResolutionError("HTTPConnection(host='localhost', port=5000): Failed to resolve 'localhost' ([Errno 11001] Name or service not known)"))
23:18:35 [ERROR] No response from PhoneInfoga API (attempt 2)
23:18:37 [WARNING] Connection error fetching http://localhost:5000/api/v2/scan: HTTPConnectionPool(host='localhost', port=5000): Max retries exceeded with url: /api/v2/scan (Caused by NameResolutionError("HTTPConnection(host='localhost', port=5000): Failed to resolve 'localhost' ([Errno 11001] Name or service not known)"))
23:18:37 [ERROR] No response from PhoneInfoga API (attempt 3)
FAILED                                                                   [ 18%]
test/unit/modules/test_sfp_tool_phoneinfoga.py::TestPhoneInfogaModuleUnit::test_handleEvent_remote_execution PASSED [ 18%]
test/unit/modules/test_sfp_tool_phoneinfoga.py::TestPhoneInfogaModuleUnit::test_handleEvent_valid_response 
-------------------------------- live log call --------------------------------
23:18:37 [WARNING] Connection error fetching http://localhost:5000/api/v2/scan: HTTPConnectionPool(host='localhost', port=5000): Max retries exceeded with url: /api/v2/scan (Caused by NameResolutionError("HTTPConnection(host='localhost', port=5000): Failed to resolve 'localhost' ([Errno 11001] Name or service not known)"))
23:18:37 [ERROR] No response from PhoneInfoga API (attempt 1)
23:18:39 [WARNING] Connection error fetching http://localhost:5000/api/v2/scan: HTTPConnectionPool(host='localhost', port=5000): Max retries exceeded with url: /api/v2/scan (Caused by NameResolutionError("HTTPConnection(host='localhost', port=5000): Failed to resolve 'localhost' ([Errno 11001] Name or service not known)"))
23:18:39 [ERROR] No response from PhoneInfoga API (attempt 2)
23:18:41 [WARNING] Connection error fetching http://localhost:5000/api/v2/scan: HTTPConnectionPool(host='localhost', port=5000): Max retries exceeded with url: /api/v2/scan (Caused by NameResolutionError("HTTPConnection(host='localhost', port=5000): Failed to resolve 'localhost' ([Errno 11001] Name or service not known)"))
23:18:41 [ERROR] No response from PhoneInfoga API (attempt 3)
FAILED                                                                   [ 18%]
test/unit/modules/test_sfp_tool_retirejs.py::TestModuleToolRetirejs::test_handleEvent_no_tool_path_configured_should_set_errorState 
-------------------------------- live log call --------------------------------
23:18:41 [ERROR] You enabled sfp_tool_retirejs but did not set a path to the tool!
PASSED                                                                   [ 18%]
test/unit/modules/test_sfp_tool_retirejs.py::TestModuleToolRetirejs::test_opts PASSED [ 18%]
test/unit/modules/test_sfp_tool_retirejs.py::TestModuleToolRetirejs::test_producedEvents_should_return_list PASSED [ 18%]
test/unit/modules/test_sfp_tool_retirejs.py::TestModuleToolRetirejs::test_setup PASSED [ 18%]
test/unit/modules/test_sfp_tool_retirejs.py::TestModuleToolRetirejs::test_watchedEvents_should_return_list PASSED [ 18%]
test/unit/modules/test_sfp_tool_snallygaster.py::TestModuleToolSnallygaster::test_handleEvent_no_tool_path_configured_should_set_errorState 
-------------------------------- live log call --------------------------------
23:18:44 [ERROR] You enabled sfp_tool_snallygaster but did not set a path to the tool!
23:18:45 [ERROR] Failed to recreate pool pool_0: connection to server at "localhost" (::1), port 5432 failed: Connection refused (0x0000274D/10061)
	Is the server running on that host and accepting TCP/IP connections?
connection to server at "localhost" (127.0.0.1), port 5432 failed: Connection refused (0x0000274D/10061)
	Is the server running on that host and accepting TCP/IP connections?

23:18:45 [ERROR] Failed to recreate pool pool_0: connection to server at "localhost" (::1), port 5432 failed: Connection refused (0x0000274D/10061)
	Is the server running on that host and accepting TCP/IP connections?
connection to server at "localhost" (127.0.0.1), port 5432 failed: Connection refused (0x0000274D/10061)
	Is the server running on that host and accepting TCP/IP connections?

23:18:45 [INFO] Scaled down pool_0 from 10 to 5 connections
PASSED                                                                   [ 18%]
------------------------------ live log teardown ------------------------------
23:18:45 [INFO] Scaled up pool_0 from 5 to 10 connections

test/unit/modules/test_sfp_tool_snallygaster.py::TestModuleToolSnallygaster::test_opts PASSED [ 18%]
test/unit/modules/test_sfp_tool_snallygaster.py::TestModuleToolSnallygaster::test_producedEvents_should_return_list PASSED [ 18%]
test/unit/modules/test_sfp_tool_snallygaster.py::TestModuleToolSnallygaster::test_setup PASSED [ 18%]
test/unit/modules/test_sfp_tool_snallygaster.py::TestModuleToolSnallygaster::test_watchedEvents_should_return_list PASSED [ 18%]
test/unit/modules/test_sfp_tool_testsslsh.py::TestModuleToolTestsslsh::test_handleEvent_no_tool_path_configured_should_set_errorState 
-------------------------------- live log call --------------------------------
23:18:47 [ERROR] You enabled sfp_tool_testsslsh but did not set a path to the tool!
PASSED                                                                   [ 18%]
test/unit/modules/test_sfp_tool_testsslsh.py::TestModuleToolTestsslsh::test_opts PASSED [ 18%]
test/unit/modules/test_sfp_tool_testsslsh.py::TestModuleToolTestsslsh::test_producedEvents_should_return_list PASSED [ 18%]
test/unit/modules/test_sfp_tool_testsslsh.py::TestModuleToolTestsslsh::test_setup PASSED [ 18%]
test/unit/modules/test_sfp_tool_testsslsh.py::TestModuleToolTestsslsh::test_watchedEvents_should_return_list PASSED [ 18%]
test/unit/modules/test_sfp_tool_trufflehog.py::TestModuleToolTrufflehog::test_handleEvent_no_tool_path_configured_should_set_errorState 
-------------------------------- live log call --------------------------------
23:18:50 [ERROR] You enabled sfp_tool_trufflehog but did not set a path to the tool!
PASSED                                                                   [ 18%]
test/unit/modules/test_sfp_tool_trufflehog.py::TestModuleToolTrufflehog::test_opts PASSED [ 18%]
test/unit/modules/test_sfp_tool_trufflehog.py::TestModuleToolTrufflehog::test_producedEvents_should_return_list PASSED [ 18%]
test/unit/modules/test_sfp_tool_trufflehog.py::TestModuleToolTrufflehog::test_setup PASSED [ 18%]
test/unit/modules/test_sfp_tool_trufflehog.py::TestModuleToolTrufflehog::test_watchedEvents_should_return_list PASSED [ 18%]
test/unit/modules/test_sfp_tool_wafw00f.py::TestModuleToolWafw00f::test_handleEvent_no_tool_path_configured_should_set_errorState 
-------------------------------- live log call --------------------------------
23:18:53 [ERROR] You enabled sfp_tool_wafw00f but did not set a path to the tool!
PASSED                                                                   [ 18%]
test/unit/modules/test_sfp_tool_wafw00f.py::TestModuleToolWafw00f::test_opts PASSED [ 18%]
test/unit/modules/test_sfp_tool_wafw00f.py::TestModuleToolWafw00f::test_producedEvents_should_return_list PASSED [ 18%]
test/unit/modules/test_sfp_tool_wafw00f.py::TestModuleToolWafw00f::test_setup PASSED [ 18%]
test/unit/modules/test_sfp_tool_wafw00f.py::TestModuleToolWafw00f::test_watchedEvents_should_return_list PASSED [ 18%]
test/unit/modules/test_sfp_tool_wappalyzer.py::TestModuleWappalyzer::test_handleEvent_no_tool_path_configured_should_set_errorState 
-------------------------------- live log call --------------------------------
23:18:56 [ERROR] You must set your Wappalyzer API key in the module options!
PASSED                                                                   [ 18%]
test/unit/modules/test_sfp_tool_wappalyzer.py::TestModuleWappalyzer::test_opts PASSED [ 18%]
test/unit/modules/test_sfp_tool_wappalyzer.py::TestModuleWappalyzer::test_producedEvents_should_return_list PASSED [ 18%]
test/unit/modules/test_sfp_tool_wappalyzer.py::TestModuleWappalyzer::test_setup PASSED [ 18%]
test/unit/modules/test_sfp_tool_wappalyzer.py::TestModuleWappalyzer::test_watchedEvents_should_return_list PASSED [ 18%]
test/unit/modules/test_sfp_tool_wappalyzer.py::TestModuleWappalyzerAPI::test_handleEvent_api_error 
-------------------------------- live log call --------------------------------
23:18:59 [ERROR] Wappalyzer API error: 403 Forbidden
PASSED                                                                   [ 18%]
test/unit/modules/test_sfp_tool_wappalyzer.py::TestModuleWappalyzerAPI::test_handleEvent_no_api_key 
-------------------------------- live log call --------------------------------
23:19:00 [ERROR] You must set your Wappalyzer API key in the module options!
PASSED                                                                   [ 18%]
test/unit/modules/test_sfp_tool_wappalyzer.py::TestModuleWappalyzerAPI::test_handleEvent_no_technologies PASSED [ 18%]
test/unit/modules/test_sfp_tool_wappalyzer.py::TestModuleWappalyzerAPI::test_handleEvent_success PASSED [ 18%]
test/unit/modules/test_sfp_tool_whatweb.py::TestModuleToolWhatweb::test_handleEvent_no_tool_path_configured_should_set_errorState 
-------------------------------- live log call --------------------------------
23:19:02 [ERROR] You enabled sfp_tool_whatweb but did not set a path to the tool!
PASSED                                                                   [ 18%]
test/unit/modules/test_sfp_tool_whatweb.py::TestModuleToolWhatweb::test_opts PASSED [ 18%]
test/unit/modules/test_sfp_tool_whatweb.py::TestModuleToolWhatweb::test_producedEvents_should_return_list PASSED [ 18%]
test/unit/modules/test_sfp_tool_whatweb.py::TestModuleToolWhatweb::test_setup 
-------------------------------- live log call --------------------------------
23:19:04 [ERROR] Failed to scale down pool_0: '>' not supported between instances of 'int' and 'MagicMock'
23:19:04 [ERROR] Failed to scale down pool_0: '>' not supported between instances of 'int' and 'MagicMock'
PASSED                                                                   [ 18%]
test/unit/modules/test_sfp_tool_whatweb.py::TestModuleToolWhatweb::test_watchedEvents_should_return_list PASSED [ 19%]
test/unit/modules/test_sfp_torch.py::TestModuleTorch::test_opts PASSED   [ 19%]
test/unit/modules/test_sfp_torch.py::TestModuleTorch::test_producedEvents_should_return_list PASSED [ 19%]
test/unit/modules/test_sfp_torch.py::TestModuleTorch::test_setup PASSED  [ 19%]
test/unit/modules/test_sfp_torch.py::TestModuleTorch::test_watchedEvents_should_return_list PASSED [ 19%]
test/unit/modules/test_sfp_torexits.py::TestModuleTorexits::test_opts PASSED [ 19%]
test/unit/modules/test_sfp_torexits.py::TestModuleTorexits::test_producedEvents_should_return_list PASSED [ 19%]
test/unit/modules/test_sfp_torexits.py::TestModuleTorexits::test_setup PASSED [ 19%]
test/unit/modules/test_sfp_torexits.py::TestModuleTorexits::test_watchedEvents_should_return_list PASSED [ 19%]
test/unit/modules/test_sfp_tron.py::TestSfpTron::test_meta PASSED        [ 19%]
test/unit/modules/test_sfp_tron.py::TestSfpTron::test_option_validation 
-------------------------------- live log call --------------------------------
23:19:09 [ERROR] [setup] API key is required.
23:19:09 [ERROR] [setup] max_transactions must be a positive integer.
23:19:09 [ERROR] [setup] output_format must be 'summary' or 'full'.
PASSED                                                                   [ 19%]
test/unit/modules/test_sfp_tron.py::TestSfpTron::test_opts PASSED        [ 19%]
test/unit/modules/test_sfp_tron.py::TestSfpTron::test_opts_defaults PASSED [ 19%]
test/unit/modules/test_sfp_tron.py::TestSfpTron::test_produced_events PASSED [ 19%]
test/unit/modules/test_sfp_trumail.py::TestModuleTrumail::test_opts PASSED [ 19%]
test/unit/modules/test_sfp_trumail.py::TestModuleTrumail::test_producedEvents_should_return_list PASSED [ 19%]
test/unit/modules/test_sfp_trumail.py::TestModuleTrumail::test_setup PASSED [ 19%]
test/unit/modules/test_sfp_trumail.py::TestModuleTrumail::test_watchedEvents_should_return_list PASSED [ 19%]
test/unit/modules/test_sfp_twilio.py::TestModuletwilio::test_handleEvent_no_api_key_should_set_errorState 
-------------------------------- live log call --------------------------------
23:19:12 [ERROR] You enabled sfp_twilio but did not set account sid/auth token
PASSED                                                                   [ 19%]
test/unit/modules/test_sfp_twilio.py::TestModuletwilio::test_opts PASSED [ 19%]
test/unit/modules/test_sfp_twilio.py::TestModuletwilio::test_producedEvents_should_return_list PASSED [ 19%]
test/unit/modules/test_sfp_twilio.py::TestModuletwilio::test_setup PASSED [ 19%]
test/unit/modules/test_sfp_twilio.py::TestModuletwilio::test_watchedEvents_should_return_list PASSED [ 19%]
test/unit/modules/test_sfp_twitter.py::TestModuleTwitter::test_handleEvent_event_data_social_media_not_twitter_profile_should_not_return_event PASSED [ 19%]
test/unit/modules/test_sfp_twitter.py::TestModuleTwitter::test_opts PASSED [ 19%]
test/unit/modules/test_sfp_twitter.py::TestModuleTwitter::test_producedEvents_should_return_list PASSED [ 19%]
test/unit/modules/test_sfp_twitter.py::TestModuleTwitter::test_setup PASSED [ 19%]
test/unit/modules/test_sfp_twitter.py::TestModuleTwitter::test_watchedEvents_should_return_list PASSED [ 19%]
test/unit/modules/test_sfp_uceprotect.py::TestModuleUceprotect::test_opts PASSED [ 19%]
test/unit/modules/test_sfp_uceprotect.py::TestModuleUceprotect::test_producedEvents_should_return_list PASSED [ 19%]
test/unit/modules/test_sfp_uceprotect.py::TestModuleUceprotect::test_setup PASSED [ 19%]
test/unit/modules/test_sfp_uceprotect.py::TestModuleUceprotect::test_watchedEvents_should_return_list PASSED [ 19%]
test/unit/modules/test_sfp_unwiredlabs.py::test_meta PASSED              [ 19%]
test/unit/modules/test_sfp_unwiredlabs.py::test_opts PASSED              [ 19%]
test/unit/modules/test_sfp_unwiredlabs.py::test_opts_defaults PASSED     [ 19%]
test/unit/modules/test_sfp_unwiredlabs.py::test_produced_events PASSED   [ 19%]
test/unit/modules/test_sfp_unwiredlabs.py::test_handle_event_stub PASSED [ 19%]
test/unit/modules/test_sfp_unwiredlabs.py::test_setup_requires_api_key 
-------------------------------- live log call --------------------------------
23:19:20 [ERROR] [setup] UnwiredLabs API key is required.
PASSED                                                                   [ 19%]
test/unit/modules/test_sfp_unwiredlabs.py::test_setup_requires_search_value 
-------------------------------- live log call --------------------------------
23:19:20 [ERROR] [setup] search_value is required.
PASSED                                                                   [ 19%]
test/unit/modules/test_sfp_unwiredlabs.py::test_setup_invalid_search_type 
-------------------------------- live log call --------------------------------
23:19:21 [ERROR] [setup] search_type must be one of: ip, wifi, cell.
PASSED                                                                   [ 19%]
test/unit/modules/test_sfp_unwiredlabs.py::test_setup_invalid_max_results 
-------------------------------- live log call --------------------------------
23:19:21 [ERROR] [setup] max_results must be a positive integer.
23:19:21 [ERROR] [setup] max_results must be a positive integer.
23:19:21 [ERROR] [setup] max_results must be a positive integer.
PASSED                                                                   [ 19%]
test/unit/modules/test_sfp_unwiredlabs.py::test_setup_invalid_output_format 
-------------------------------- live log call --------------------------------
23:19:21 [ERROR] [setup] output_format must be 'summary' or 'full'.
PASSED                                                                   [ 19%]
test/unit/modules/test_sfp_urlscan.py::TestModuleUrlscan::test_opts PASSED [ 19%]
test/unit/modules/test_sfp_urlscan.py::TestModuleUrlscan::test_producedEvents_should_return_list PASSED [ 19%]
test/unit/modules/test_sfp_urlscan.py::TestModuleUrlscan::test_setup PASSED [ 19%]
test/unit/modules/test_sfp_urlscan.py::TestModuleUrlscan::test_watchedEvents_should_return_list PASSED [ 19%]
test/unit/modules/test_sfp_venmo.py::TestModuleVenmo::test_opts PASSED   [ 19%]
test/unit/modules/test_sfp_venmo.py::TestModuleVenmo::test_producedEvents_should_return_list PASSED [ 19%]
test/unit/modules/test_sfp_venmo.py::TestModuleVenmo::test_setup PASSED  [ 19%]
test/unit/modules/test_sfp_venmo.py::TestModuleVenmo::test_watchedEvents_should_return_list PASSED [ 19%]
test/unit/modules/test_sfp_viewdns.py::TestModulViewdns::test_handleEvent_no_api_key_should_set_errorState 
-------------------------------- live log call --------------------------------
23:19:25 [ERROR] You enabled sfp_viewdns but did not set an API key!
PASSED                                                                   [ 19%]
test/unit/modules/test_sfp_viewdns.py::TestModulViewdns::test_opts PASSED [ 19%]
test/unit/modules/test_sfp_viewdns.py::TestModulViewdns::test_producedEvents_should_return_list PASSED [ 19%]
test/unit/modules/test_sfp_viewdns.py::TestModulViewdns::test_setup PASSED [ 19%]
test/unit/modules/test_sfp_viewdns.py::TestModulViewdns::test_watchedEvents_should_return_list PASSED [ 19%]
test/unit/modules/test_sfp_virustotal.py::TestModuleVirustotal::test_handleEvent_api_error_sets_errorState PASSED [ 19%]
test/unit/modules/test_sfp_virustotal.py::TestModuleVirustotal::test_handleEvent_deduplication FAILED [ 19%]
test/unit/modules/test_sfp_virustotal.py::TestModuleVirustotal::test_handleEvent_emits_event_on_malicious_ip FAILED [ 19%]
test/unit/modules/test_sfp_virustotal.py::TestModuleVirustotal::test_handleEvent_invalid_json_sets_errorState 
-------------------------------- live log call --------------------------------
23:19:49 [ERROR] Failed to recreate pool pool_0: connection to server at "localhost" (::1), port 5432 failed: Connection refused (0x0000274D/10061)
	Is the server running on that host and accepting TCP/IP connections?
connection to server at "localhost" (127.0.0.1), port 5432 failed: Connection refused (0x0000274D/10061)
	Is the server running on that host and accepting TCP/IP connections?

23:19:49 [INFO] Scaled up pool_0 from 5 to 10 connections
23:19:49 [ERROR] Failed to recreate pool pool_0: connection to server at "localhost" (::1), port 5432 failed: Connection refused (0x0000274D/10061)
	Is the server running on that host and accepting TCP/IP connections?
connection to server at "localhost" (127.0.0.1), port 5432 failed: Connection refused (0x0000274D/10061)
	Is the server running on that host and accepting TCP/IP connections?

23:19:49 [INFO] Scaled down pool_0 from 10 to 5 connections
FAILED                                                                   [ 19%]
test/unit/modules/test_sfp_virustotal.py::TestModuleVirustotal::test_handleEvent_no_api_key_should_set_errorState 
-------------------------------- live log call --------------------------------
23:20:03 [ERROR] You enabled sfp_virustotal but did not set an API key!
PASSED                                                                   [ 19%]
test/unit/modules/test_sfp_virustotal.py::TestModuleVirustotal::test_handleEvent_no_detected_urls_no_event 
-------------------------------- live log call --------------------------------
23:20:04 [ERROR] Failed to scale down pool_0: '>' not supported between instances of 'int' and 'MagicMock'
23:20:04 [ERROR] Failed to scale down pool_0: '>' not supported between instances of 'int' and 'MagicMock'
PASSED                                                                   [ 19%]
test/unit/modules/test_sfp_virustotal.py::TestModuleVirustotal::test_opts PASSED [ 19%]
test/unit/modules/test_sfp_virustotal.py::TestModuleVirustotal::test_producedEvents_should_return_list PASSED [ 19%]
test/unit/modules/test_sfp_virustotal.py::TestModuleVirustotal::test_setup PASSED [ 19%]
test/unit/modules/test_sfp_virustotal.py::TestModuleVirustotal::test_watchedEvents_should_return_list PASSED [ 19%]
test/unit/modules/test_sfp_voipbl.py::TestModuleVoipbl::test_opts PASSED [ 19%]
test/unit/modules/test_sfp_voipbl.py::TestModuleVoipbl::test_producedEvents_should_return_list PASSED [ 19%]
test/unit/modules/test_sfp_voipbl.py::TestModuleVoipbl::test_setup PASSED [ 19%]
test/unit/modules/test_sfp_voipbl.py::TestModuleVoipbl::test_watchedEvents_should_return_list PASSED [ 19%]
test/unit/modules/test_sfp_vxvault.py::TestModuleVxvault::test_opts PASSED [ 19%]
test/unit/modules/test_sfp_vxvault.py::TestModuleVxvault::test_producedEvents_should_return_list PASSED [ 19%]
test/unit/modules/test_sfp_vxvault.py::TestModuleVxvault::test_setup PASSED [ 19%]
test/unit/modules/test_sfp_vxvault.py::TestModuleVxvault::test_watchedEvents_should_return_list PASSED [ 19%]
test/unit/modules/test_sfp_webanalytics.py::TestModuleWebAnalytics::test_handleEvent_event_data_dns_text_not_containing_web_analytics_string_should_not_create_event PASSED [ 19%]
test/unit/modules/test_sfp_webanalytics.py::TestModuleWebAnalytics::test_handleEvent_event_data_target_web_content_containing_web_analytics_string_should_return_event PASSED [ 19%]
test/unit/modules/test_sfp_webanalytics.py::TestModuleWebAnalytics::test_handleEvent_event_data_target_web_content_not_containing_web_analytics_string_should_not_create_event PASSED [ 19%]
test/unit/modules/test_sfp_webanalytics.py::TestModuleWebAnalytics::test_handleEvent_event_dns_text_containing_web_analytics_string_should_return_event PASSED [ 19%]
test/unit/modules/test_sfp_webanalytics.py::TestModuleWebAnalytics::test_opts PASSED [ 19%]
test/unit/modules/test_sfp_webanalytics.py::TestModuleWebAnalytics::test_producedEvents_should_return_list PASSED [ 19%]
test/unit/modules/test_sfp_webanalytics.py::TestModuleWebAnalytics::test_setup PASSED [ 19%]
test/unit/modules/test_sfp_webanalytics.py::TestModuleWebAnalytics::test_watchedEvents_should_return_list PASSED [ 19%]
test/unit/modules/test_sfp_webframework.py::TestModuleWebFramework::test_handleEvent_event_data_web_content_containing_webframework_string_should_create_url_web_framework_event 
-------------------------------- live log call --------------------------------
23:20:31 [INFO] Matched Wordpress in content from https://van1shland.io/
PASSED                                                                   [ 19%]
test/unit/modules/test_sfp_webframework.py::TestModuleWebFramework::test_handleEvent_event_data_web_content_from_external_url_containing_webframework_string_should_not_create_event PASSED [ 19%]
test/unit/modules/test_sfp_webframework.py::TestModuleWebFramework::test_handleEvent_event_data_web_content_not_containing_webframework_string_should_not_create_event PASSED [ 19%]
test/unit/modules/test_sfp_webframework.py::TestModuleWebFramework::test_opts PASSED [ 19%]
test/unit/modules/test_sfp_webframework.py::TestModuleWebFramework::test_producedEvents_should_return_list PASSED [ 19%]
test/unit/modules/test_sfp_webframework.py::TestModuleWebFramework::test_setup PASSED [ 19%]
test/unit/modules/test_sfp_webframework.py::TestModuleWebFramework::test_watchedEvents_should_return_list PASSED [ 20%]
test/unit/modules/test_sfp_webserver.py::TestModuleWebserver::test_opts PASSED [ 20%]
test/unit/modules/test_sfp_webserver.py::TestModuleWebserver::test_producedEvents_should_return_list PASSED [ 20%]
test/unit/modules/test_sfp_webserver.py::TestModuleWebserver::test_setup PASSED [ 20%]
test/unit/modules/test_sfp_webserver.py::TestModuleWebserver::test_watchedEvents_should_return_list PASSED [ 20%]
test/unit/modules/test_sfp_wechat.py::TestSfpWeChat::test_handle_event_api_error 
-------------------------------- live log call --------------------------------
23:20:38 [ERROR] Error fetching messages for user erroruser: Simulated API error for user erroruser
PASSED                                                                   [ 20%]
test/unit/modules/test_sfp_wechat.py::TestSfpWeChat::test_handle_event_deduplication PASSED [ 20%]
test/unit/modules/test_sfp_wechat.py::TestSfpWeChat::test_handle_event_emits_events PASSED [ 20%]
test/unit/modules/test_sfp_wechat.py::TestSfpWeChat::test_handle_event_missing_api_key 
-------------------------------- live log call --------------------------------
23:20:38 [ERROR] WeChat API key is required.
PASSED                                                                   [ 20%]
test/unit/modules/test_sfp_wechat.py::TestSfpWeChat::test_handle_event_no_messages 
-------------------------------- live log call --------------------------------
23:20:38 [INFO] No messages found for user nouser.
PASSED                                                                   [ 20%]
test/unit/modules/test_sfp_wechat.py::TestSfpWeChat::test_handle_event_no_users 
-------------------------------- live log call --------------------------------
23:20:38 [INFO] No WeChat user IDs configured.
PASSED                                                                   [ 20%]
test/unit/modules/test_sfp_wechat.py::TestSfpWeChat::test_handle_event_stub 
-------------------------------- live log call --------------------------------
23:20:38 [ERROR] WeChat API key is required.
PASSED                                                                   [ 20%]
test/unit/modules/test_sfp_wechat.py::TestSfpWeChat::test_meta PASSED    [ 20%]
test/unit/modules/test_sfp_wechat.py::TestSfpWeChat::test_opts PASSED    [ 20%]
test/unit/modules/test_sfp_wechat.py::TestSfpWeChat::test_produced_events PASSED [ 20%]
test/unit/modules/test_sfp_whatcms.py::TestModuleWhatCMS::test_handleEvent_no_api_key_should_set_errorState 
-------------------------------- live log call --------------------------------
23:20:39 [ERROR] You enabled sfp_whatcms but did not set an API key!
PASSED                                                                   [ 20%]
test/unit/modules/test_sfp_whatcms.py::TestModuleWhatCMS::test_opts PASSED [ 20%]
test/unit/modules/test_sfp_whatcms.py::TestModuleWhatCMS::test_parseApiResponse_fatal_http_response_error_code_should_set_errorState 
-------------------------------- live log call --------------------------------
23:20:40 [ERROR] Unexpected reply from WhatCMS.org: 401
----------------------------- live log logreport ------------------------------
23:20:40 [ERROR] Unexpected reply from WhatCMS.org: 402
----------------------------- live log logreport ------------------------------
23:20:40 [ERROR] Unexpected reply from WhatCMS.org: 403
----------------------------- live log logreport ------------------------------
23:20:40 [ERROR] Unexpected reply from WhatCMS.org: 429
----------------------------- live log logreport ------------------------------
23:20:40 [ERROR] Unexpected reply from WhatCMS.org: 500
----------------------------- live log logreport ------------------------------
23:20:40 [ERROR] Unexpected reply from WhatCMS.org: 502
----------------------------- live log logreport ------------------------------
23:20:40 [ERROR] Unexpected reply from WhatCMS.org: 503

test/unit/modules/test_sfp_whatcms.py::TestModuleWhatCMS::test_parseApiResponse_fatal_http_response_error_code_should_set_errorState PASSED [ 20%]
test/unit/modules/test_sfp_whatcms.py::TestModuleWhatCMS::test_parseApiResponse_nonfatal_http_response_code_should_not_set_errorState 
test/unit/modules/test_sfp_whatcms.py::TestModuleWhatCMS::test_parseApiResponse_nonfatal_http_response_code_should_not_set_errorState PASSED [ 20%]
test/unit/modules/test_sfp_whatcms.py::TestModuleWhatCMS::test_producedEvents_should_return_list PASSED [ 20%]
test/unit/modules/test_sfp_whatcms.py::TestModuleWhatCMS::test_setup PASSED [ 20%]
test/unit/modules/test_sfp_whatcms.py::TestModuleWhatCMS::test_watchedEvents_should_return_list PASSED [ 20%]
test/unit/modules/test_sfp_whatsapp.py::TestSfpWhatsApp::test_handle_event_stub PASSED [ 20%]
test/unit/modules/test_sfp_whatsapp.py::TestSfpWhatsApp::test_meta PASSED [ 20%]
test/unit/modules/test_sfp_whatsapp.py::TestSfpWhatsApp::test_opts PASSED [ 20%]
test/unit/modules/test_sfp_whatsapp.py::TestSfpWhatsApp::test_produced_events PASSED [ 20%]
test/unit/modules/test_sfp_whois.py::TestModuleWhois::test_opts PASSED   [ 20%]
test/unit/modules/test_sfp_whois.py::TestModuleWhois::test_producedEvents_should_return_list PASSED [ 20%]
test/unit/modules/test_sfp_whois.py::TestModuleWhois::test_setup PASSED  [ 20%]
test/unit/modules/test_sfp_whois.py::TestModuleWhois::test_watchedEvents_should_return_list PASSED [ 20%]
test/unit/modules/test_sfp_whoisfreaks.py::TestModuleWhoisfreaks::test_opts PASSED [ 20%]
test/unit/modules/test_sfp_whoisfreaks.py::TestModuleWhoisfreaks::test_producedEvents_should_return_list PASSED [ 20%]
test/unit/modules/test_sfp_whoisfreaks.py::TestModuleWhoisfreaks::test_setup PASSED [ 20%]
test/unit/modules/test_sfp_whoisfreaks.py::TestModuleWhoisfreaks::test_watchedEvents_should_return_list PASSED [ 20%]
test/unit/modules/test_sfp_whoisology.py::TestModuleWhoisology::test_handleEvent_no_api_key_should_set_errorState 
-------------------------------- live log call --------------------------------
23:20:48 [ERROR] You enabled sfp_whoisology but did not set an API key!
PASSED                                                                   [ 20%]
test/unit/modules/test_sfp_whoisology.py::TestModuleWhoisology::test_opts PASSED [ 20%]
test/unit/modules/test_sfp_whoisology.py::TestModuleWhoisology::test_producedEvents_should_return_list PASSED [ 20%]
test/unit/modules/test_sfp_whoisology.py::TestModuleWhoisology::test_setup PASSED [ 20%]
test/unit/modules/test_sfp_whoisology.py::TestModuleWhoisology::test_watchedEvents_should_return_list PASSED [ 20%]
test/unit/modules/test_sfp_whoxy.py::TestModuleWhoxy::test_handleEvent_no_api_key_should_set_errorState 
-------------------------------- live log call --------------------------------
23:20:50 [ERROR] You enabled sfp_whoxy but did not set an API key!
PASSED                                                                   [ 20%]
test/unit/modules/test_sfp_whoxy.py::TestModuleWhoxy::test_opts PASSED   [ 20%]
test/unit/modules/test_sfp_whoxy.py::TestModuleWhoxy::test_producedEvents_should_return_list PASSED [ 20%]
test/unit/modules/test_sfp_whoxy.py::TestModuleWhoxy::test_setup PASSED  [ 20%]
test/unit/modules/test_sfp_whoxy.py::TestModuleWhoxy::test_watchedEvents_should_return_list 
-------------------------------- live log call --------------------------------
23:20:53 [ERROR] Failed to recreate pool pool_0: connection to server at "localhost" (::1), port 5432 failed: Connection refused (0x0000274D/10061)
	Is the server running on that host and accepting TCP/IP connections?
connection to server at "localhost" (127.0.0.1), port 5432 failed: Connection refused (0x0000274D/10061)
	Is the server running on that host and accepting TCP/IP connections?

23:20:53 [ERROR] Failed to recreate pool pool_0: connection to server at "localhost" (::1), port 5432 failed: Connection refused (0x0000274D/10061)
	Is the server running on that host and accepting TCP/IP connections?
connection to server at "localhost" (127.0.0.1), port 5432 failed: Connection refused (0x0000274D/10061)
	Is the server running on that host and accepting TCP/IP connections?

PASSED                                                                   [ 20%]
------------------------------ live log teardown ------------------------------
23:20:53 [INFO] Scaled down pool_0 from 10 to 5 connections

test/unit/modules/test_sfp_wificafespots.py::test_meta PASSED            [ 20%]
test/unit/modules/test_sfp_wificafespots.py::test_opts PASSED            [ 20%]
test/unit/modules/test_sfp_wificafespots.py::test_opts_defaults PASSED   [ 20%]
test/unit/modules/test_sfp_wificafespots.py::test_produced_events PASSED [ 20%]
test/unit/modules/test_sfp_wificafespots.py::test_handle_event_stub PASSED [ 20%]
test/unit/modules/test_sfp_wificafespots.py::test_setup_requires_search_term 
-------------------------------- live log call --------------------------------
23:20:54 [ERROR] [setup] search_term is required.
PASSED                                                                   [ 20%]
test/unit/modules/test_sfp_wificafespots.py::test_setup_invalid_max_results 
-------------------------------- live log call --------------------------------
23:20:54 [ERROR] [setup] max_results must be a positive integer.
23:20:54 [ERROR] [setup] max_results must be a positive integer.
23:20:54 [ERROR] [setup] max_results must be a positive integer.
PASSED                                                                   [ 20%]
test/unit/modules/test_sfp_wificafespots.py::test_setup_invalid_output_format 
-------------------------------- live log call --------------------------------
23:20:54 [ERROR] [setup] output_format must be 'summary' or 'full'.
PASSED                                                                   [ 20%]
test/unit/modules/test_sfp_wifimapio.py::test_meta PASSED                [ 20%]
test/unit/modules/test_sfp_wifimapio.py::test_opts PASSED                [ 20%]
test/unit/modules/test_sfp_wifimapio.py::test_opts_defaults PASSED       [ 20%]
test/unit/modules/test_sfp_wifimapio.py::test_produced_events PASSED     [ 20%]
test/unit/modules/test_sfp_wifimapio.py::test_handle_event_stub PASSED   [ 20%]
test/unit/modules/test_sfp_wifimapio.py::test_setup_requires_search_term 
-------------------------------- live log call --------------------------------
23:20:55 [ERROR] [setup] search_term is required.
PASSED                                                                   [ 20%]
test/unit/modules/test_sfp_wifimapio.py::test_setup_invalid_max_results 
-------------------------------- live log call --------------------------------
23:20:55 [ERROR] [setup] max_results must be a positive integer.
23:20:55 [ERROR] [setup] max_results must be a positive integer.
23:20:55 [ERROR] [setup] max_results must be a positive integer.
PASSED                                                                   [ 20%]
test/unit/modules/test_sfp_wifimapio.py::test_setup_invalid_output_format 
-------------------------------- live log call --------------------------------
23:20:55 [ERROR] [setup] output_format must be 'summary' or 'full'.
PASSED                                                                   [ 20%]
test/unit/modules/test_sfp_wigle.py::TestModuleWigle::test_handleEvent_no_api_key_should_set_errorState 
-------------------------------- live log call --------------------------------
23:20:55 [ERROR] Invalid API key for sfp_wigle module
PASSED                                                                   [ 20%]
test/unit/modules/test_sfp_wigle.py::TestModuleWigle::test_opts PASSED   [ 20%]
test/unit/modules/test_sfp_wigle.py::TestModuleWigle::test_producedEvents_should_return_list PASSED [ 20%]
test/unit/modules/test_sfp_wigle.py::TestModuleWigle::test_setup PASSED  [ 20%]
test/unit/modules/test_sfp_wigle.py::TestModuleWigle::test_watchedEvents_should_return_list PASSED [ 20%]
test/unit/modules/test_sfp_wikileaks.py::TestModulewikileaks::test_opts PASSED [ 20%]
test/unit/modules/test_sfp_wikileaks.py::TestModulewikileaks::test_producedEvents_should_return_list PASSED [ 20%]
test/unit/modules/test_sfp_wikileaks.py::TestModulewikileaks::test_setup PASSED [ 20%]
test/unit/modules/test_sfp_wikileaks.py::TestModulewikileaks::test_watchedEvents_should_return_list PASSED [ 20%]
test/unit/modules/test_sfp_wikipediaedits.py::TestModulewikipediaedits::test_opts PASSED [ 20%]
test/unit/modules/test_sfp_wikipediaedits.py::TestModulewikipediaedits::test_producedEvents_should_return_list PASSED [ 20%]
test/unit/modules/test_sfp_wikipediaedits.py::TestModulewikipediaedits::test_setup PASSED [ 20%]
test/unit/modules/test_sfp_wikipediaedits.py::TestModulewikipediaedits::test_watchedEvents_should_return_list PASSED [ 20%]
test/unit/modules/test_sfp_xforce.py::TestModuleXforce::test_handleEvent_no_api_key_should_set_errorState 
-------------------------------- live log call --------------------------------
23:21:03 [ERROR] You enabled sfp_xforce but did not set an API key/password!
PASSED                                                                   [ 20%]
test/unit/modules/test_sfp_xforce.py::TestModuleXforce::test_opts PASSED [ 20%]
test/unit/modules/test_sfp_xforce.py::TestModuleXforce::test_parseApiResponse_fatal_http_response_error_code_should_set_errorState 
-------------------------------- live log call --------------------------------
23:21:04 [ERROR] X-Force Exchange API key seems to have been rejected.
----------------------------- live log logreport ------------------------------
23:21:04 [ERROR] X-Force Exchange monthly quota exceeded
----------------------------- live log logreport ------------------------------
23:21:04 [ERROR] Access denied
----------------------------- live log logreport ------------------------------
23:21:04 [ERROR] Rate limit exceeded
----------------------------- live log logreport ------------------------------
23:21:04 [ERROR] Failed to scale down pool_0: '>' not supported between instances of 'int' and 'MagicMock'
23:21:04 [ERROR] Failed to scale down pool_0: '>' not supported between instances of 'int' and 'MagicMock'

test/unit/modules/test_sfp_xforce.py::TestModuleXforce::test_parseApiResponse_fatal_http_response_error_code_should_set_errorState PASSED [ 20%]
test/unit/modules/test_sfp_xforce.py::TestModuleXforce::test_parseApiResponse_nonfatal_http_response_code_should_not_set_errorState 
-------------------------------- live log call --------------------------------
23:21:04 [INFO] No X-Force Exchange information found
----------------------------- live log logreport ------------------------------
23:21:04 [ERROR] Bad request
----------------------------- live log logreport ------------------------------
23:21:04 [INFO] No X-Force Exchange information found

test/unit/modules/test_sfp_xforce.py::TestModuleXforce::test_parseApiResponse_nonfatal_http_response_code_should_not_set_errorState PASSED [ 20%]
test/unit/modules/test_sfp_xforce.py::TestModuleXforce::test_producedEvents_should_return_list PASSED [ 20%]
test/unit/modules/test_sfp_xforce.py::TestModuleXforce::test_setup PASSED [ 20%]
test/unit/modules/test_sfp_xforce.py::TestModuleXforce::test_watchedEvents_should_return_list PASSED [ 20%]
test/unit/modules/test_sfp_xiaohongshu.py::TestSfpXiaohongshu::test_handle_event_api_error 
-------------------------------- live log call --------------------------------
23:21:07 [ERROR] Error fetching posts for user erroruser: Simulated API error for user erroruser
PASSED                                                                   [ 20%]
test/unit/modules/test_sfp_xiaohongshu.py::TestSfpXiaohongshu::test_handle_event_deduplication PASSED [ 20%]
test/unit/modules/test_sfp_xiaohongshu.py::TestSfpXiaohongshu::test_handle_event_emits_events PASSED [ 20%]
test/unit/modules/test_sfp_xiaohongshu.py::TestSfpXiaohongshu::test_handle_event_no_posts 
-------------------------------- live log call --------------------------------
23:21:07 [INFO] No posts found for user nouser.
PASSED                                                                   [ 20%]
test/unit/modules/test_sfp_xiaohongshu.py::TestSfpXiaohongshu::test_handle_event_no_users 
-------------------------------- live log call --------------------------------
23:21:07 [INFO] No Xiaohongshu usernames configured.
PASSED                                                                   [ 20%]
test/unit/modules/test_sfp_xiaohongshu.py::TestSfpXiaohongshu::test_handle_event_stub 
-------------------------------- live log call --------------------------------
23:21:07 [INFO] No Xiaohongshu usernames configured.
PASSED                                                                   [ 20%]
test/unit/modules/test_sfp_xiaohongshu.py::TestSfpXiaohongshu::test_meta PASSED [ 20%]
test/unit/modules/test_sfp_xiaohongshu.py::TestSfpXiaohongshu::test_opts PASSED [ 21%]
test/unit/modules/test_sfp_xiaohongshu.py::TestSfpXiaohongshu::test_produced_events PASSED [ 21%]
test/unit/modules/test_sfp_yandexdns.py::TestModuleYandexdns::test_opts PASSED [ 21%]
test/unit/modules/test_sfp_yandexdns.py::TestModuleYandexdns::test_producedEvents_should_return_list PASSED [ 21%]
test/unit/modules/test_sfp_yandexdns.py::TestModuleYandexdns::test_setup PASSED [ 21%]
test/unit/modules/test_sfp_yandexdns.py::TestModuleYandexdns::test_watchedEvents_should_return_list PASSED [ 21%]
test/unit/modules/test_sfp_zetalytics.py::TestModuleZetalytics::test_handleEvent_no_api_key_should_set_errorState 
-------------------------------- live log call --------------------------------
23:21:10 [ERROR] You enabled sfp_zetalytics but did not set an API key!
PASSED                                                                   [ 21%]
test/unit/modules/test_sfp_zetalytics.py::TestModuleZetalytics::test_opts PASSED [ 21%]
test/unit/modules/test_sfp_zetalytics.py::TestModuleZetalytics::test_producedEvents_should_return_list PASSED [ 21%]
test/unit/modules/test_sfp_zetalytics.py::TestModuleZetalytics::test_setup PASSED [ 21%]
test/unit/modules/test_sfp_zetalytics.py::TestModuleZetalytics::test_watchedEvents_should_return_list PASSED [ 21%]
test/unit/modules/test_sfp_zonefiles.py::TestModuleZoneFiles::test_opts PASSED [ 21%]
test/unit/modules/test_sfp_zonefiles.py::TestModuleZoneFiles::test_parseApiResponse_fatal_http_response_error_code_should_set_errorState 
-------------------------------- live log call --------------------------------
23:21:14 [ERROR] Failed to retrieve content from ZoneFiles.
----------------------------- live log logreport ------------------------------
23:21:14 [ERROR] Failed to retrieve content from ZoneFiles.
----------------------------- live log logreport ------------------------------
23:21:14 [ERROR] Failed to retrieve content from ZoneFiles.
----------------------------- live log logreport ------------------------------
23:21:14 [ERROR] You are being rate-limited by ZoneFiles.
----------------------------- live log logreport ------------------------------
23:21:14 [ERROR] ZoneFiles.io service is unavailable
----------------------------- live log logreport ------------------------------
23:21:14 [ERROR] ZoneFiles.io service is unavailable
----------------------------- live log logreport ------------------------------
23:21:14 [ERROR] ZoneFiles.io service is unavailable

test/unit/modules/test_sfp_zonefiles.py::TestModuleZoneFiles::test_parseApiResponse_fatal_http_response_error_code_should_set_errorState PASSED [ 21%]
test/unit/modules/test_sfp_zonefiles.py::TestModuleZoneFiles::test_parseApiResponse_nonfatal_http_response_code_should_not_set_errorState 
test/unit/modules/test_sfp_zonefiles.py::TestModuleZoneFiles::test_parseApiResponse_nonfatal_http_response_code_should_not_set_errorState PASSED [ 21%]
test/unit/modules/test_sfp_zonefiles.py::TestModuleZoneFiles::test_producedEvents_should_return_list PASSED [ 21%]
test/unit/modules/test_sfp_zonefiles.py::TestModuleZoneFiles::test_setup PASSED [ 21%]
test/unit/modules/test_sfp_zonefiles.py::TestModuleZoneFiles::test_watchedEvents_should_return_list PASSED [ 21%]
test/unit/modules/test_sfp_zoneh.py::TestModuleZoneh::test_opts PASSED   [ 21%]
test/unit/modules/test_sfp_zoneh.py::TestModuleZoneh::test_producedEvents_should_return_list PASSED [ 21%]
test/unit/modules/test_sfp_zoneh.py::TestModuleZoneh::test_setup PASSED  [ 21%]
test/unit/modules/test_sfp_zoneh.py::TestModuleZoneh::test_watchedEvents_should_return_list PASSED [ 21%]
test/unit/modules/test_sfp_zoomeye.py::TestModuleZoomeye::test_handleEvent_partial_and_duplicate PASSED [ 21%]
test/unit/modules/test_sfp_zoomeye.py::TestModuleZoomeye::test_opts PASSED [ 21%]
test/unit/modules/test_sfp_zoomeye.py::TestModuleZoomeye::test_producedEvents_should_return_list PASSED [ 21%]
test/unit/modules/test_sfp_zoomeye.py::TestModuleZoomeye::test_query_handles_http_error PASSED [ 21%]
test/unit/modules/test_sfp_zoomeye.py::TestModuleZoomeye::test_query_handles_malformed_json PASSED [ 21%]
test/unit/modules/test_sfp_zoomeye.py::TestModuleZoomeye::test_query_handles_rate_limit PASSED [ 21%]
test/unit/modules/test_sfp_zoomeye.py::TestModuleZoomeye::test_setup PASSED [ 21%]
test/unit/spiderfoot/test_correlation_engine.py::TestCorrelationEngineUnit::test_event_enricher PASSED [ 21%]
test/unit/spiderfoot/test_correlation_engine.py::TestCorrelationEngineUnit::test_result_aggregator PASSED [ 21%]
test/unit/spiderfoot/test_correlation_engine.py::TestCorrelationEngineUnit::test_rule_executor 
-------------------------------- live log call --------------------------------
23:21:23 [INFO] Created correlation <MagicMock name='mock.correlationResultCreate()' id='1852636251536'> for rule test_rule: Test headline test@example.com
PASSED                                                                   [ 21%]
test/unit/spiderfoot/test_correlation_engine.py::TestCorrelationEngineUnit::test_rule_loader PASSED [ 21%]
test/unit/spiderfoot/test_correlation_engine_performance.py::test_rule_executor_performance PASSED [ 21%]
test/unit/spiderfoot/test_correlation_engine_performance.py::test_rule_executor_many_rules PASSED [ 21%]
test/unit/spiderfoot/test_correlation_engine_unit.py::test_event_enricher_enrich_sources PASSED [ 21%]
test/unit/spiderfoot/test_correlation_engine_unit.py::test_event_enricher_enrich_entities PASSED [ 21%]
test/unit/spiderfoot/test_correlation_engine_unit.py::test_result_aggregator_count FAILED [ 21%]
test/unit/spiderfoot/test_correlation_engine_unit.py::test_rule_loader_from_dict PASSED [ 21%]
test/unit/spiderfoot/test_spiderfootevent.py::TestSpiderFootEvent::test_actualSource PASSED [ 21%]
test/unit/spiderfoot/test_spiderfootevent.py::TestSpiderFootEvent::test_actualSource_setter PASSED [ 21%]
test/unit/spiderfoot/test_spiderfootevent.py::TestSpiderFootEvent::test_asDict PASSED [ 21%]
test/unit/spiderfoot/test_spiderfootevent.py::TestSpiderFootEvent::test_confidence PASSED [ 21%]
test/unit/spiderfoot/test_spiderfootevent.py::TestSpiderFootEvent::test_confidence_setter PASSED [ 21%]
test/unit/spiderfoot/test_spiderfootevent.py::TestSpiderFootEvent::test_confidence_setter_invalid_type PASSED [ 21%]
test/unit/spiderfoot/test_spiderfootevent.py::TestSpiderFootEvent::test_confidence_setter_invalid_value PASSED [ 21%]
test/unit/spiderfoot/test_spiderfootevent.py::TestSpiderFootEvent::test_data PASSED [ 21%]
test/unit/spiderfoot/test_spiderfootevent.py::TestSpiderFootEvent::test_data_setter PASSED [ 21%]
test/unit/spiderfoot/test_spiderfootevent.py::TestSpiderFootEvent::test_data_setter_empty_value PASSED [ 21%]
test/unit/spiderfoot/test_spiderfootevent.py::TestSpiderFootEvent::test_data_setter_invalid_type PASSED [ 21%]
test/unit/spiderfoot/test_spiderfootevent.py::TestSpiderFootEvent::test_eventType PASSED [ 21%]
test/unit/spiderfoot/test_spiderfootevent.py::TestSpiderFootEvent::test_eventType_setter PASSED [ 21%]
test/unit/spiderfoot/test_spiderfootevent.py::TestSpiderFootEvent::test_eventType_setter_empty_value PASSED [ 21%]
test/unit/spiderfoot/test_spiderfootevent.py::TestSpiderFootEvent::test_eventType_setter_invalid_type PASSED [ 21%]
test/unit/spiderfoot/test_spiderfootevent.py::TestSpiderFootEvent::test_generated PASSED [ 21%]
test/unit/spiderfoot/test_spiderfootevent.py::TestSpiderFootEvent::test_hash PASSED [ 21%]
test/unit/spiderfoot/test_spiderfootevent.py::TestSpiderFootEvent::test_module PASSED [ 21%]
test/unit/spiderfoot/test_spiderfootevent.py::TestSpiderFootEvent::test_moduleDataSource PASSED [ 21%]
test/unit/spiderfoot/test_spiderfootevent.py::TestSpiderFootEvent::test_moduleDataSource_setter PASSED [ 21%]
test/unit/spiderfoot/test_spiderfootevent.py::TestSpiderFootEvent::test_module_setter PASSED [ 21%]
test/unit/spiderfoot/test_spiderfootevent.py::TestSpiderFootEvent::test_module_setter_empty_value PASSED [ 21%]
test/unit/spiderfoot/test_spiderfootevent.py::TestSpiderFootEvent::test_module_setter_invalid_type PASSED [ 21%]
test/unit/spiderfoot/test_spiderfootevent.py::TestSpiderFootEvent::test_risk PASSED [ 21%]
test/unit/spiderfoot/test_spiderfootevent.py::TestSpiderFootEvent::test_risk_setter PASSED [ 21%]
test/unit/spiderfoot/test_spiderfootevent.py::TestSpiderFootEvent::test_risk_setter_invalid_type PASSED [ 21%]
test/unit/spiderfoot/test_spiderfootevent.py::TestSpiderFootEvent::test_risk_setter_invalid_value PASSED [ 21%]
test/unit/spiderfoot/test_spiderfootevent.py::TestSpiderFootEvent::test_sourceEvent PASSED [ 21%]
test/unit/spiderfoot/test_spiderfootevent.py::TestSpiderFootEvent::test_sourceEventHash PASSED [ 21%]
test/unit/spiderfoot/test_spiderfootevent.py::TestSpiderFootEvent::test_sourceEvent_setter PASSED [ 21%]
test/unit/spiderfoot/test_spiderfootevent.py::TestSpiderFootEvent::test_sourceEvent_setter_invalid_type PASSED [ 21%]
test/unit/spiderfoot/test_spiderfootevent.py::TestSpiderFootEvent::test_visibility PASSED [ 21%]
test/unit/spiderfoot/test_spiderfootevent.py::TestSpiderFootEvent::test_visibility_setter PASSED [ 21%]
test/unit/spiderfoot/test_spiderfootevent.py::TestSpiderFootEvent::test_visibility_setter_invalid_type PASSED [ 21%]
test/unit/spiderfoot/test_spiderfootevent.py::TestSpiderFootEvent::test_visibility_setter_invalid_value PASSED [ 21%]
test/unit/spiderfoot/test_spiderfoothelpers.py::TestSpiderFootHelpers::test_buildGraphData_empty_data PASSED [ 21%]
test/unit/spiderfoot/test_spiderfoothelpers.py::TestSpiderFootHelpers::test_buildGraphData_invalid_data_type PASSED [ 21%]
test/unit/spiderfoot/test_spiderfoothelpers.py::TestSpiderFootHelpers::test_buildGraphGexf PASSED [ 21%]
test/unit/spiderfoot/test_spiderfoothelpers.py::TestSpiderFootHelpers::test_buildGraphJson PASSED [ 21%]
test/unit/spiderfoot/test_spiderfoothelpers.py::TestSpiderFootHelpers::test_cachePath PASSED [ 21%]
test/unit/spiderfoot/test_spiderfoothelpers.py::TestSpiderFootHelpers::test_countryCodes PASSED [ 21%]
test/unit/spiderfoot/test_spiderfoothelpers.py::TestSpiderFootHelpers::test_countryNameFromCountryCode PASSED [ 21%]
test/unit/spiderfoot/test_spiderfoothelpers.py::TestSpiderFootHelpers::test_countryNameFromTld PASSED [ 21%]
test/unit/spiderfoot/test_spiderfoothelpers.py::TestSpiderFootHelpers::test_dataParentChildToTree_empty_data PASSED [ 21%]
test/unit/spiderfoot/test_spiderfoothelpers.py::TestSpiderFootHelpers::test_dataParentChildToTree_invalid_data_type PASSED [ 21%]
test/unit/spiderfoot/test_spiderfoothelpers.py::TestSpiderFootHelpers::test_dataPath PASSED [ 21%]
test/unit/spiderfoot/test_spiderfoothelpers.py::TestSpiderFootHelpers::test_dictionaryWordsFromWordlists PASSED [ 21%]
test/unit/spiderfoot/test_spiderfoothelpers.py::TestSpiderFootHelpers::test_extractCreditCardsFromText PASSED [ 21%]
test/unit/spiderfoot/test_spiderfoothelpers.py::TestSpiderFootHelpers::test_extractEmailsFromText PASSED [ 21%]
test/unit/spiderfoot/test_spiderfoothelpers.py::TestSpiderFootHelpers::test_extractHashesFromText 
-------------------------------- live log call --------------------------------
23:21:57 [ERROR] Failed to recreate pool pool_0: connection to server at "localhost" (::1), port 5432 failed: Connection refused (0x0000274D/10061)
	Is the server running on that host and accepting TCP/IP connections?
connection to server at "localhost" (127.0.0.1), port 5432 failed: Connection refused (0x0000274D/10061)
	Is the server running on that host and accepting TCP/IP connections?

23:21:57 [INFO] Scaled up pool_0 from 5 to 10 connections
PASSED                                                                   [ 22%]
------------------------------ live log teardown ------------------------------
23:21:57 [ERROR] Failed to recreate pool pool_0: connection to server at "localhost" (::1), port 5432 failed: Connection refused (0x0000274D/10061)
	Is the server running on that host and accepting TCP/IP connections?
connection to server at "localhost" (127.0.0.1), port 5432 failed: Connection refused (0x0000274D/10061)
	Is the server running on that host and accepting TCP/IP connections?

23:21:57 [INFO] Scaled down pool_0 from 10 to 5 connections

test/unit/spiderfoot/test_spiderfoothelpers.py::TestSpiderFootHelpers::test_extractIbansFromText PASSED [ 22%]
test/unit/spiderfoot/test_spiderfoothelpers.py::TestSpiderFootHelpers::test_extractLinksFromHtml PASSED [ 22%]
test/unit/spiderfoot/test_spiderfoothelpers.py::TestSpiderFootHelpers::test_extractLinksFromHtml_invalid_data_type PASSED [ 22%]
test/unit/spiderfoot/test_spiderfoothelpers.py::TestSpiderFootHelpers::test_extractLinksFromHtml_invalid_url_type PASSED [ 22%]
test/unit/spiderfoot/test_spiderfoothelpers.py::TestSpiderFootHelpers::test_extractPgpKeysFromText PASSED [ 22%]
test/unit/spiderfoot/test_spiderfoothelpers.py::TestSpiderFootHelpers::test_extractUrlsFromRobotsTxt PASSED [ 22%]
test/unit/spiderfoot/test_spiderfoothelpers.py::TestSpiderFootHelpers::test_extractUrlsFromText PASSED [ 22%]
test/unit/spiderfoot/test_spiderfoothelpers.py::TestSpiderFootHelpers::test_genScanInstanceId PASSED [ 22%]
test/unit/spiderfoot/test_spiderfoothelpers.py::TestSpiderFootHelpers::test_humanNamesFromWordlists PASSED [ 22%]
test/unit/spiderfoot/test_spiderfoothelpers.py::TestSpiderFootHelpers::test_loadCorrelationRulesRaw 
-------------------------------- live log call --------------------------------
23:22:04 [ERROR] Failed to scale down pool_0: '>' not supported between instances of 'int' and 'MagicMock'
23:22:04 [ERROR] Failed to scale down pool_0: '>' not supported between instances of 'int' and 'MagicMock'
PASSED                                                                   [ 22%]
test/unit/spiderfoot/test_spiderfoothelpers.py::TestSpiderFootHelpers::test_loadCorrelationRulesRaw_invalid_ignore_files_type PASSED [ 22%]
test/unit/spiderfoot/test_spiderfoothelpers.py::TestSpiderFootHelpers::test_loadCorrelationRulesRaw_invalid_path PASSED [ 22%]
test/unit/spiderfoot/test_spiderfoothelpers.py::TestSpiderFootHelpers::test_loadModulesAsDict PASSED [ 22%]
test/unit/spiderfoot/test_spiderfoothelpers.py::TestSpiderFootHelpers::test_loadModulesAsDict_invalid_ignore_files_type PASSED [ 22%]
test/unit/spiderfoot/test_spiderfoothelpers.py::TestSpiderFootHelpers::test_loadModulesAsDict_invalid_path PASSED [ 22%]
test/unit/spiderfoot/test_spiderfoothelpers.py::TestSpiderFootHelpers::test_logPath PASSED [ 22%]
test/unit/spiderfoot/test_spiderfoothelpers.py::TestSpiderFootHelpers::test_sanitiseInput PASSED [ 22%]
test/unit/spiderfoot/test_spiderfoothelpers.py::TestSpiderFootHelpers::test_sslDerToPem PASSED [ 22%]
test/unit/spiderfoot/test_spiderfoothelpers.py::TestSpiderFootHelpers::test_sslDerToPem_invalid_der_cert_type PASSED [ 22%]
test/unit/spiderfoot/test_spiderfoothelpers.py::TestSpiderFootHelpers::test_targetTypeFromString PASSED [ 22%]
test/unit/spiderfoot/test_spiderfoothelpers.py::TestSpiderFootHelpers::test_urlBaseDir PASSED [ 22%]
test/unit/spiderfoot/test_spiderfoothelpers.py::TestSpiderFootHelpers::test_urlBaseUrl PASSED [ 22%]
test/unit/spiderfoot/test_spiderfoothelpers.py::TestSpiderFootHelpers::test_urlRelativeToAbsolute PASSED [ 22%]
test/unit/spiderfoot/test_spiderfoothelpers.py::TestSpiderFootHelpers::test_usernamesFromWordlists PASSED [ 22%]
test/unit/spiderfoot/test_spiderfoothelpers.py::TestSpiderFootHelpers::test_validEmail PASSED [ 22%]
test/unit/spiderfoot/test_spiderfoothelpers.py::TestSpiderFootHelpers::test_validLEI PASSED [ 22%]
test/unit/spiderfoot/test_spiderfoothelpers.py::TestSpiderFootHelpers::test_validPhoneNumber PASSED [ 22%]
test/unit/spiderfoot/test_spiderfoothelpers_extended.py::TestSpiderFootHelpersEnhanced::test_dataPath_exception_fallback PASSED [ 22%]
test/unit/spiderfoot/test_spiderfoothelpers_extended.py::TestSpiderFootHelpersEnhanced::test_cachePath_exception_fallback PASSED [ 22%]
test/unit/spiderfoot/test_spiderfoothelpers_extended.py::TestSpiderFootHelpersEnhanced::test_logPath_exception_fallback PASSED [ 22%]
test/unit/spiderfoot/test_spiderfoothelpers_extended.py::TestSpiderFootHelpersEnhanced::test_targetTypeFromString_edge_cases PASSED [ 22%]
test/unit/spiderfoot/test_spiderfoothelpers_extended.py::TestSpiderFootHelpersEnhanced::test_loadModulesAsDict_file_system_errors PASSED [ 22%]
test/unit/spiderfoot/test_spiderfoothelpers_extended.py::TestSpiderFootHelpersEnhanced::test_loadCorrelationRulesRaw_file_system_errors PASSED [ 22%]
test/unit/spiderfoot/test_spiderfoothelpers_extended.py::TestSpiderFootHelpersEnhanced::test_urlBaseUrl_edge_cases PASSED [ 22%]
test/unit/spiderfoot/test_spiderfoothelpers_extended.py::TestSpiderFootHelpersEnhanced::test_urlBaseDir_edge_cases PASSED [ 22%]
test/unit/spiderfoot/test_spiderfoothelpers_extended.py::TestSpiderFootHelpersEnhanced::test_urlRelativeToAbsolute_edge_cases PASSED [ 22%]
test/unit/spiderfoot/test_spiderfoothelpers_extended.py::TestSpiderFootHelpersEnhanced::test_sanitiseInput_edge_cases PASSED [ 22%]
test/unit/spiderfoot/test_spiderfoothelpers_extended.py::TestSpiderFootHelpersEnhanced::test_dictionaryWordsFromWordlists_error_handling PASSED [ 22%]
test/unit/spiderfoot/test_spiderfoothelpers_extended.py::TestSpiderFootHelpersEnhanced::test_humanNamesFromWordlists_error_handling PASSED [ 22%]
test/unit/spiderfoot/test_spiderfoothelpers_extended.py::TestSpiderFootHelpersEnhanced::test_usernamesFromWordlists_error_handling PASSED [ 22%]
test/unit/spiderfoot/test_spiderfoothelpers_extended.py::TestSpiderFootHelpersEnhanced::test_buildGraphGexf_complex_data PASSED [ 22%]
test/unit/spiderfoot/test_spiderfoothelpers_extended.py::TestSpiderFootHelpersEnhanced::test_buildGraphJson_complex_data PASSED [ 22%]
test/unit/spiderfoot/test_spiderfoothelpers_extended.py::TestSpiderFootHelpersEnhanced::test_buildGraphData_filtered_results PASSED [ 22%]
test/unit/spiderfoot/test_spiderfoothelpers_extended.py::TestSpiderFootHelpersEnhanced::test_dataParentChildToTree_complex_structure PASSED [ 22%]
test/unit/spiderfoot/test_spiderfoothelpers_extended.py::TestSpiderFootHelpersEnhanced::test_validLEI_edge_cases PASSED [ 22%]
test/unit/spiderfoot/test_spiderfoothelpers_extended.py::TestSpiderFootHelpersEnhanced::test_validEmail_edge_cases PASSED [ 22%]
test/unit/spiderfoot/test_spiderfoothelpers_extended.py::TestSpiderFootHelpersEnhanced::test_validPhoneNumber_edge_cases PASSED [ 22%]
test/unit/spiderfoot/test_spiderfoothelpers_extended.py::TestSpiderFootHelpersEnhanced::test_extractLinksFromHtml_complex_html PASSED [ 22%]
test/unit/spiderfoot/test_spiderfoothelpers_extended.py::TestSpiderFootHelpersEnhanced::test_extractHashesFromText_various_hashes PASSED [ 22%]
test/unit/spiderfoot/test_spiderfoothelpers_extended.py::TestSpiderFootHelpersEnhanced::test_extractUrlsFromRobotsTxt_complex_robots PASSED [ 22%]
test/unit/spiderfoot/test_spiderfoothelpers_extended.py::TestSpiderFootHelpersEnhanced::test_extractPgpKeysFromText_various_formats PASSED [ 22%]
test/unit/spiderfoot/test_spiderfoothelpers_extended.py::TestSpiderFootHelpersEnhanced::test_extractEmailsFromText_various_formats PASSED [ 22%]
test/unit/spiderfoot/test_spiderfoothelpers_extended.py::TestSpiderFootHelpersEnhanced::test_fixModuleImport_complex_scenarios PASSED [ 22%]
test/unit/spiderfoot/test_spiderfoothelpers_extended.py::TestSpiderFootHelpersEnhanced::test_sslDerToPem_edge_cases PASSED [ 22%]
test/unit/spiderfoot/test_spiderfoothelpers_extended.py::TestSpiderFootHelpersEnhanced::test_countryNameFromCountryCode_edge_cases PASSED [ 22%]
test/unit/spiderfoot/test_spiderfoothelpers_extended.py::TestSpiderFootHelpersEnhanced::test_countryNameFromTld_edge_cases PASSED [ 22%]
test/unit/spiderfoot/test_spiderfoothelpers_extended.py::TestSpiderFootHelpersEnhanced::test_memory_and_performance_edge_cases PASSED [ 22%]
test/unit/spiderfoot/test_spiderfootlogger.py::TestLoggerIntegration::test_db_log_handler_emit_and_batch 
-------------------------------- live log call --------------------------------
23:22:19 [INFO] test message
PASSED                                                                   [ 22%]
test/unit/spiderfoot/test_spiderfootlogger.py::TestLoggerIntegration::test_log_listener_setup_and_stop PASSED [ 22%]
test/unit/spiderfoot/test_spiderfootlogger.py::TestLoggerIntegration::test_log_worker_setup 
-------------------------------- live log call --------------------------------
23:22:21 [INFO] worker test message
PASSED                                                                   [ 22%]
test/unit/spiderfoot/test_spiderfootlogger.py::TestLoggerIntegration::test_rotate_logs PASSED [ 22%]
test/unit/spiderfoot/test_spiderfootmcp.py::TestMCPIntegrationSmoke::test_main_callable PASSED [ 22%]
test/unit/spiderfoot/test_spiderfootmcp.py::TestMCPIntegrationSmoke::test_module_import PASSED [ 22%]
test/unit/spiderfoot/test_spiderfootmcp.py::TestMCPIntegrationSmoke::test_public_classes_instantiable PASSED [ 22%]
test/unit/spiderfoot/test_spiderfootplugin.py::TestSpiderFootPlugin::test_asdict PASSED [ 22%]
test/unit/spiderfoot/test_spiderfootplugin.py::TestSpiderFootPlugin::test_checkForStop PASSED [ 22%]
test/unit/spiderfoot/test_spiderfootplugin.py::TestSpiderFootPlugin::test_checkForStop_with_no_scan_status PASSED [ 22%]
test/unit/spiderfoot/test_spiderfootplugin.py::TestSpiderFootPlugin::test_checkForStop_with_running_scan PASSED [ 22%]
test/unit/spiderfoot/test_spiderfootplugin.py::TestSpiderFootPlugin::test_checkForStop_with_scanId PASSED [ 22%]
test/unit/spiderfoot/test_spiderfootplugin.py::TestSpiderFootPlugin::test_checkForStop_with_threading PASSED [ 22%]
test/unit/spiderfoot/test_spiderfootplugin.py::TestSpiderFootPlugin::test_checkForStop_without_scanId PASSED [ 22%]
test/unit/spiderfoot/test_spiderfootplugin.py::TestSpiderFootPlugin::test_clearListeners PASSED [ 22%]
test/unit/spiderfoot/test_spiderfootplugin.py::TestSpiderFootPlugin::test_enrichTarget PASSED [ 22%]
test/unit/spiderfoot/test_spiderfootplugin.py::TestSpiderFootPlugin::test_error PASSED [ 22%]
test/unit/spiderfoot/test_spiderfootplugin.py::TestSpiderFootPlugin::test_finish PASSED [ 22%]
test/unit/spiderfoot/test_spiderfootplugin.py::TestSpiderFootPlugin::test_getScanId PASSED [ 22%]
test/unit/spiderfoot/test_spiderfootplugin.py::TestSpiderFootPlugin::test_getScanId_not_set PASSED [ 22%]
test/unit/spiderfoot/test_spiderfootplugin.py::TestSpiderFootPlugin::test_getTarget PASSED [ 22%]
test/unit/spiderfoot/test_spiderfootplugin.py::TestSpiderFootPlugin::test_getTarget_not_set PASSED [ 22%]
test/unit/spiderfoot/test_spiderfootplugin.py::TestSpiderFootPlugin::test_handleEvent PASSED [ 22%]
test/unit/spiderfoot/test_spiderfootplugin.py::TestSpiderFootPlugin::test_info 
-------------------------------- live log call --------------------------------
23:23:02 [ERROR] Failed to recreate pool pool_0: connection to server at "localhost" (::1), port 5432 failed: Connection refused (0x0000274D/10061)
	Is the server running on that host and accepting TCP/IP connections?
connection to server at "localhost" (127.0.0.1), port 5432 failed: Connection refused (0x0000274D/10061)
	Is the server running on that host and accepting TCP/IP connections?

23:23:02 [ERROR] Failed to recreate pool pool_0: connection to server at "localhost" (::1), port 5432 failed: Connection refused (0x0000274D/10061)
	Is the server running on that host and accepting TCP/IP connections?
connection to server at "localhost" (127.0.0.1), port 5432 failed: Connection refused (0x0000274D/10061)
	Is the server running on that host and accepting TCP/IP connections?

23:23:02 [INFO] Scaled down pool_0 from 10 to 5 connections
PASSED                                                                   [ 22%]
test/unit/spiderfoot/test_spiderfootplugin.py::TestSpiderFootPlugin::test_init PASSED [ 22%]
test/unit/spiderfoot/test_spiderfootplugin.py::TestSpiderFootPlugin::test_log 
-------------------------------- live log call --------------------------------
23:23:04 [ERROR] Failed to scale down pool_0: '>' not supported between instances of 'int' and 'MagicMock'
23:23:04 [ERROR] Failed to scale down pool_0: '>' not supported between instances of 'int' and 'MagicMock'
PASSED                                                                   [ 22%]
test/unit/spiderfoot/test_spiderfootplugin.py::TestSpiderFootPlugin::test_notifyListeners PASSED [ 22%]
test/unit/spiderfoot/test_spiderfootplugin.py::TestSpiderFootPlugin::test_notifyListeners_with_incomingEventQueue PASSED [ 22%]
test/unit/spiderfoot/test_spiderfootplugin.py::TestSpiderFootPlugin::test_notifyListeners_with_outgoingEventQueue PASSED [ 22%]
test/unit/spiderfoot/test_spiderfootplugin.py::TestSpiderFootPlugin::test_notifyListeners_with_output_filter PASSED [ 23%]
test/unit/spiderfoot/test_spiderfootplugin.py::TestSpiderFootPlugin::test_notifyListeners_with_storeOnly 
-------------------------------- live log call --------------------------------
23:23:15 [WARNING] Module spiderfoot.plugins.plugin emitted undeclared event type 'FILTERED_EVENT' (declared: <none>)
PASSED                                                                   [ 23%]
test/unit/spiderfoot/test_spiderfootplugin.py::TestSpiderFootPlugin::test_poolExecute PASSED [ 23%]
test/unit/spiderfoot/test_spiderfootplugin.py::TestSpiderFootPlugin::test_poolExecute_with_non_storage_module PASSED [ 23%]
test/unit/spiderfoot/test_spiderfootplugin.py::TestSpiderFootPlugin::test_poolExecute_with_shared_thread_pool PASSED [ 23%]
test/unit/spiderfoot/test_spiderfootplugin.py::TestSpiderFootPlugin::test_poolExecute_with_storage_module PASSED [ 23%]
test/unit/spiderfoot/test_spiderfootplugin.py::TestSpiderFootPlugin::test_producedEvents PASSED [ 23%]
test/unit/spiderfoot/test_spiderfootplugin.py::TestSpiderFootPlugin::test_registerListener PASSED [ 23%]
test/unit/spiderfoot/test_spiderfootplugin.py::TestSpiderFootPlugin::test_running PASSED [ 23%]
test/unit/spiderfoot/test_spiderfootplugin.py::TestSpiderFootPlugin::test_setDbh PASSED [ 23%]
test/unit/spiderfoot/test_spiderfootplugin.py::TestSpiderFootPlugin::test_setOutputFilter PASSED [ 23%]
test/unit/spiderfoot/test_spiderfootplugin.py::TestSpiderFootPlugin::test_setScanId PASSED [ 23%]
test/unit/spiderfoot/test_spiderfootplugin.py::TestSpiderFootPlugin::test_setScanId_invalid_type PASSED [ 23%]
test/unit/spiderfoot/test_spiderfootplugin.py::TestSpiderFootPlugin::test_setSharedThreadPool PASSED [ 23%]
test/unit/spiderfoot/test_spiderfootplugin.py::TestSpiderFootPlugin::test_setSharedThreadPool_with_argument PASSED [ 23%]
test/unit/spiderfoot/test_spiderfootplugin.py::TestSpiderFootPlugin::test_setTarget PASSED [ 23%]
test/unit/spiderfoot/test_spiderfootplugin.py::TestSpiderFootPlugin::test_setTarget_invalid_type PASSED [ 23%]
test/unit/spiderfoot/test_spiderfootplugin.py::TestSpiderFootPlugin::test_setup PASSED [ 23%]
test/unit/spiderfoot/test_spiderfootplugin.py::TestSpiderFootPlugin::test_start PASSED [ 23%]
test/unit/spiderfoot/test_spiderfootplugin.py::TestSpiderFootPlugin::test_start_thread_daemon PASSED [ 23%]
test/unit/spiderfoot/test_spiderfootplugin.py::TestSpiderFootPlugin::test_tempStorage PASSED [ 23%]
test/unit/spiderfoot/test_spiderfootplugin.py::TestSpiderFootPlugin::test_threadPool PASSED [ 23%]
test/unit/spiderfoot/test_spiderfootplugin.py::TestSpiderFootPlugin::test_threadPool_with_arguments PASSED [ 23%]
test/unit/spiderfoot/test_spiderfootplugin.py::TestSpiderFootPlugin::test_threadWorker 
-------------------------------- live log call --------------------------------
23:24:04 [ERROR] Failed to scale down pool_0: '>' not supported between instances of 'int' and 'MagicMock'
23:24:04 [ERROR] Failed to scale down pool_0: '>' not supported between instances of 'int' and 'MagicMock'
PASSED                                                                   [ 23%]
test/unit/spiderfoot/test_spiderfootplugin.py::TestSpiderFootPlugin::test_threadWorker_with_incomingEventQueue 
-------------------------------- live log call --------------------------------
23:24:06 [ERROR] Failed to recreate pool pool_0: connection to server at "localhost" (::1), port 5432 failed: Connection refused (0x0000274D/10061)
	Is the server running on that host and accepting TCP/IP connections?
connection to server at "localhost" (127.0.0.1), port 5432 failed: Connection refused (0x0000274D/10061)
	Is the server running on that host and accepting TCP/IP connections?

23:24:06 [ERROR] Failed to recreate pool pool_0: connection to server at "localhost" (::1), port 5432 failed: Connection refused (0x0000274D/10061)
	Is the server running on that host and accepting TCP/IP connections?
connection to server at "localhost" (127.0.0.1), port 5432 failed: Connection refused (0x0000274D/10061)
	Is the server running on that host and accepting TCP/IP connections?

23:24:06 [INFO] Scaled up pool_0 from 5 to 10 connections
23:24:06 [INFO] Scaled down pool_0 from 10 to 5 connections
PASSED                                                                   [ 23%]
test/unit/spiderfoot/test_spiderfootplugin.py::TestSpiderFootPlugin::test_threadWorker_with_keyboard_interrupt PASSED [ 23%]
test/unit/spiderfoot/test_spiderfootplugin.py::TestSpiderFootPlugin::test_thread_cleanup_on_finish PASSED [ 23%]
test/unit/spiderfoot/test_spiderfootplugin.py::TestSpiderFootPlugin::test_updateSocket PASSED [ 23%]
test/unit/spiderfoot/test_spiderfootplugin.py::TestSpiderFootPlugin::test_watchedEvents PASSED [ 23%]
test/unit/spiderfoot/test_spiderfoottarget.py::TestSpiderFootTarget::test_getAddresses PASSED [ 23%]
test/unit/spiderfoot/test_spiderfoottarget.py::TestSpiderFootTarget::test_getEquivalents PASSED [ 23%]
test/unit/spiderfoot/test_spiderfoottarget.py::TestSpiderFootTarget::test_getNames PASSED [ 23%]
test/unit/spiderfoot/test_spiderfoottarget.py::TestSpiderFootTarget::test_init PASSED [ 23%]
test/unit/spiderfoot/test_spiderfoottarget.py::TestSpiderFootTarget::test_matches PASSED [ 23%]
test/unit/spiderfoot/test_spiderfoottarget.py::TestSpiderFootTarget::test_matches_child_domain PASSED [ 23%]
test/unit/spiderfoot/test_spiderfoottarget.py::TestSpiderFootTarget::test_matches_ip PASSED [ 23%]
test/unit/spiderfoot/test_spiderfoottarget.py::TestSpiderFootTarget::test_matches_parent_domain PASSED [ 23%]
test/unit/spiderfoot/test_spiderfoottarget.py::TestSpiderFootTarget::test_matches_subnet PASSED [ 23%]
test/unit/spiderfoot/test_spiderfoottarget.py::TestSpiderFootTarget::test_setAlias PASSED [ 23%]
test/unit/spiderfoot/test_spiderfoottarget.py::TestSpiderFootTarget::test_setAlias_empty_typeName PASSED [ 23%]
test/unit/spiderfoot/test_spiderfoottarget.py::TestSpiderFootTarget::test_setAlias_empty_value PASSED [ 23%]
test/unit/spiderfoot/test_spiderfoottarget.py::TestSpiderFootTarget::test_setAlias_invalid_typeName_type PASSED [ 23%]
test/unit/spiderfoot/test_spiderfoottarget.py::TestSpiderFootTarget::test_setAlias_invalid_value_type PASSED [ 23%]
test/unit/spiderfoot/test_spiderfoottarget.py::TestSpiderFootTarget::test_targetType_setter_invalid_type PASSED [ 23%]
test/unit/spiderfoot/test_spiderfoottarget.py::TestSpiderFootTarget::test_targetType_setter_invalid_value PASSED [ 23%]
test/unit/spiderfoot/test_spiderfoottarget.py::TestSpiderFootTarget::test_targetValue_setter_empty_value PASSED [ 23%]
test/unit/spiderfoot/test_spiderfoottarget.py::TestSpiderFootTarget::test_targetValue_setter_invalid_type PASSED [ 23%]
test/unit/spiderfoot/test_spiderfootthreadpool.py::TestSpiderFootThreadPool::test_countQueuedTasks PASSED [ 23%]
test/unit/spiderfoot/test_spiderfootthreadpool.py::TestSpiderFootThreadPool::test_enter_exit PASSED [ 23%]
test/unit/spiderfoot/test_spiderfootthreadpool.py::TestSpiderFootThreadPool::test_feedQueue PASSED [ 23%]
test/unit/spiderfoot/test_spiderfootthreadpool.py::TestSpiderFootThreadPool::test_finished 
-------------------------------- live log call --------------------------------
23:25:04 [ERROR] Failed to scale down pool_0: '>' not supported between instances of 'int' and 'MagicMock'
23:25:04 [ERROR] Failed to scale down pool_0: '>' not supported between instances of 'int' and 'MagicMock'
PASSED                                                                   [ 23%]
test/unit/spiderfoot/test_spiderfootthreadpool.py::TestSpiderFootThreadPool::test_init PASSED [ 23%]
test/unit/spiderfoot/test_spiderfootthreadpool.py::TestSpiderFootThreadPool::test_inputQueue PASSED [ 23%]
test/unit/spiderfoot/test_spiderfootthreadpool.py::TestSpiderFootThreadPool::test_map 
-------------------------------- live log call --------------------------------
23:25:10 [ERROR] Failed to recreate pool pool_0: connection to server at "localhost" (::1), port 5432 failed: Connection refused (0x0000274D/10061)
	Is the server running on that host and accepting TCP/IP connections?
connection to server at "localhost" (127.0.0.1), port 5432 failed: Connection refused (0x0000274D/10061)
	Is the server running on that host and accepting TCP/IP connections?

23:25:10 [INFO] Scaled down pool_0 from 10 to 5 connections
23:25:10 [ERROR] Failed to recreate pool pool_0: connection to server at "localhost" (::1), port 5432 failed: Connection refused (0x0000274D/10061)
	Is the server running on that host and accepting TCP/IP connections?
connection to server at "localhost" (127.0.0.1), port 5432 failed: Connection refused (0x0000274D/10061)
	Is the server running on that host and accepting TCP/IP connections?

23:25:10 [INFO] Scaled up pool_0 from 5 to 10 connections
PASSED                                                                   [ 23%]
test/unit/spiderfoot/test_spiderfootthreadpool.py::TestSpiderFootThreadPool::test_outputQueue PASSED [ 23%]
test/unit/spiderfoot/test_spiderfootthreadpool.py::TestSpiderFootThreadPool::test_results PASSED [ 23%]
test/unit/spiderfoot/test_spiderfootthreadpool.py::TestSpiderFootThreadPool::test_shutdown PASSED [ 23%]
test/unit/spiderfoot/test_spiderfootthreadpool.py::TestSpiderFootThreadPool::test_start PASSED [ 23%]
test/unit/spiderfoot/test_spiderfootthreadpool.py::TestSpiderFootThreadPool::test_stop_setter PASSED [ 23%]
test/unit/spiderfoot/test_spiderfootthreadpool.py::TestSpiderFootThreadPool::test_submit PASSED [ 23%]
test/unit/spiderfoot/test_spiderfootthreadpool.py::TestThreadPoolWorker::test_init PASSED [ 23%]
test/unit/spiderfoot/test_spiderfootthreadpool.py::TestThreadPoolWorker::test_run PASSED [ 23%]
test/unit/spiderfoot/test_spiderfootthreadpool.py::TestThreadPoolWorker::test_run_with_exception PASSED [ 23%]
test/unit/test_adaptive_stealth.py::TestWAFVendor::test_all_vendors_have_string_values PASSED [ 23%]
test/unit/test_adaptive_stealth.py::TestWAFVendor::test_unknown_vendor PASSED [ 23%]
test/unit/test_adaptive_stealth.py::TestWAFVendor::test_cloudflare_vendor PASSED [ 23%]
test/unit/test_adaptive_stealth.py::TestWAFVendor::test_vendor_count PASSED [ 23%]
test/unit/test_adaptive_stealth.py::TestWAFVendor::test_all_unique_values PASSED [ 23%]
test/unit/test_adaptive_stealth.py::TestDetectionType::test_rate_limit PASSED [ 23%]
test/unit/test_adaptive_stealth.py::TestDetectionType::test_waf_block PASSED [ 23%]
test/unit/test_adaptive_stealth.py::TestDetectionType::test_none_type PASSED [ 23%]
test/unit/test_adaptive_stealth.py::TestDetectionType::test_all_detection_types PASSED [ 23%]
test/unit/test_adaptive_stealth.py::TestWAFSignature::test_create_empty_signature PASSED [ 23%]
test/unit/test_adaptive_stealth.py::TestWAFSignature::test_create_with_patterns PASSED [ 23%]
test/unit/test_adaptive_stealth.py::TestWAFSignature::test_builtin_signatures_present PASSED [ 23%]
test/unit/test_adaptive_stealth.py::TestWAFSignature::test_cloudflare_signature_exists PASSED [ 23%]
test/unit/test_adaptive_stealth.py::TestWAFSignature::test_akamai_signature_exists PASSED [ 23%]
test/unit/test_adaptive_stealth.py::TestWAFSignature::test_all_signatures_have_vendor PASSED [ 23%]
test/unit/test_adaptive_stealth.py::TestWAFDetectionResult::test_no_detection_str PASSED [ 23%]
test/unit/test_adaptive_stealth.py::TestWAFDetectionResult::test_detection_str PASSED [ 23%]
test/unit/test_adaptive_stealth.py::TestWAFDetectionResult::test_fields PASSED [ 23%]
test/unit/test_adaptive_stealth.py::TestWAFDetector::test_create_detector PASSED [ 23%]
test/unit/test_adaptive_stealth.py::TestWAFDetector::test_detect_cloudflare_by_header PASSED [ 23%]
test/unit/test_adaptive_stealth.py::TestWAFDetector::test_detect_cloudflare_by_body PASSED [ 23%]
test/unit/test_adaptive_stealth.py::TestWAFDetector::test_detect_akamai_by_header PASSED [ 23%]
test/unit/test_adaptive_stealth.py::TestWAFDetector::test_detect_imperva_by_cookie PASSED [ 23%]
test/unit/test_adaptive_stealth.py::TestWAFDetector::test_detect_sucuri_by_header PASSED [ 23%]
test/unit/test_adaptive_stealth.py::TestWAFDetector::test_detect_f5_by_cookie PASSED [ 24%]
test/unit/test_adaptive_stealth.py::TestWAFDetector::test_detect_fastly_by_header PASSED [ 24%]
test/unit/test_adaptive_stealth.py::TestWAFDetector::test_detect_ddos_guard_by_header PASSED [ 24%]
test/unit/test_adaptive_stealth.py::TestWAFDetector::test_detect_wordfence_by_body PASSED [ 24%]
test/unit/test_adaptive_stealth.py::TestWAFDetector::test_no_detection PASSED [ 24%]
test/unit/test_adaptive_stealth.py::TestWAFDetector::test_caching PASSED [ 24%]
test/unit/test_adaptive_stealth.py::TestWAFDetector::test_cache_miss PASSED [ 24%]
test/unit/test_adaptive_stealth.py::TestWAFDetector::test_classify_rate_limit PASSED [ 24%]
test/unit/test_adaptive_stealth.py::TestWAFDetector::test_classify_captcha PASSED [ 24%]
test/unit/test_adaptive_stealth.py::TestWAFDetector::test_classify_bot_detection PASSED [ 24%]
test/unit/test_adaptive_stealth.py::TestWAFDetector::test_classify_waf_block PASSED [ 24%]
test/unit/test_adaptive_stealth.py::TestWAFDetector::test_classify_auth_challenge PASSED [ 24%]
test/unit/test_adaptive_stealth.py::TestWAFDetector::test_detect_no_target_no_cache PASSED [ 24%]
test/unit/test_adaptive_stealth.py::TestDetectionEvent::test_create_default PASSED [ 24%]
test/unit/test_adaptive_stealth.py::TestDetectionEvent::test_auto_severity PASSED [ 24%]
test/unit/test_adaptive_stealth.py::TestDetectionEvent::test_auto_severity_waf_block PASSED [ 24%]
test/unit/test_adaptive_stealth.py::TestDetectionEvent::test_auto_severity_ip_block PASSED [ 24%]
test/unit/test_adaptive_stealth.py::TestDetectionEvent::test_explicit_severity_overrides PASSED [ 24%]
test/unit/test_adaptive_stealth.py::TestDetectionEvent::test_fields PASSED [ 24%]
test/unit/test_adaptive_stealth.py::TestDetectionEvent::test_none_severity_is_zero PASSED [ 24%]
test/unit/test_adaptive_stealth.py::TestSeverityMap::test_all_detection_types_mapped PASSED [ 24%]
test/unit/test_adaptive_stealth.py::TestSeverityMap::test_severity_range PASSED [ 24%]
test/unit/test_adaptive_stealth.py::TestSeverityMap::test_ip_block_highest PASSED [ 24%]
test/unit/test_adaptive_stealth.py::TestTargetProfile::test_create_default PASSED [ 24%]
test/unit/test_adaptive_stealth.py::TestTargetProfile::test_detection_rate_pct_zero PASSED [ 24%]
test/unit/test_adaptive_stealth.py::TestTargetProfile::test_detection_rate_pct PASSED [ 24%]
test/unit/test_adaptive_stealth.py::TestTargetProfile::test_update_response_time PASSED [ 24%]
test/unit/test_adaptive_stealth.py::TestTargetProfile::test_response_time_window_limit PASSED [ 24%]
test/unit/test_adaptive_stealth.py::TestTargetProfile::test_to_dict PASSED [ 24%]
test/unit/test_adaptive_stealth.py::TestTargetProfile::test_to_dict_keys PASSED [ 24%]
test/unit/test_adaptive_stealth.py::TestThreatLevel::test_ordering PASSED [ 24%]
test/unit/test_adaptive_stealth.py::TestThreatLevel::test_string_values PASSED [ 24%]
test/unit/test_adaptive_stealth.py::TestThreatLevel::test_count PASSED   [ 24%]
test/unit/test_adaptive_stealth.py::TestAdaptiveController::test_create_default PASSED [ 24%]
test/unit/test_adaptive_stealth.py::TestAdaptiveController::test_create_custom PASSED [ 24%]
test/unit/test_adaptive_stealth.py::TestAdaptiveController::test_update_on_detection_increases_delay PASSED [ 24%]
test/unit/test_adaptive_stealth.py::TestAdaptiveController::test_update_on_detection_tracks_failures PASSED [ 24%]
test/unit/test_adaptive_stealth.py::TestAdaptiveController::test_update_on_success_decays_multiplier PASSED [ 24%]
test/unit/test_adaptive_stealth.py::TestAdaptiveController::test_update_on_success_tracks PASSED [ 24%]
test/unit/test_adaptive_stealth.py::TestAdaptiveController::test_delay_never_exceeds_max PASSED [ 24%]
test/unit/test_adaptive_stealth.py::TestAdaptiveController::test_delay_never_below_one_on_success PASSED [ 24%]
test/unit/test_adaptive_stealth.py::TestAdaptiveController::test_escalation_reduces_rotation_interval PASSED [ 24%]
test/unit/test_adaptive_stealth.py::TestAdaptiveController::test_ip_block_sets_proxy_urgency_max PASSED [ 24%]
test/unit/test_adaptive_stealth.py::TestAdaptiveController::test_waf_block_increases_proxy_urgency PASSED [ 24%]
test/unit/test_adaptive_stealth.py::TestAdaptiveController::test_threat_level_escalation PASSED [ 24%]
test/unit/test_adaptive_stealth.py::TestAdaptiveController::test_threat_level_recovery PASSED [ 24%]
test/unit/test_adaptive_stealth.py::TestAdaptiveController::test_detection_rate_ema_increases PASSED [ 24%]
test/unit/test_adaptive_stealth.py::TestAdaptiveController::test_detection_rate_ema_decreases PASSED [ 24%]
test/unit/test_adaptive_stealth.py::TestAdaptiveController::test_recovery_of_rotation_interval PASSED [ 24%]
test/unit/test_adaptive_stealth.py::TestAdaptiveController::test_waf_vendor_updated_on_detection PASSED [ 24%]
test/unit/test_adaptive_stealth.py::TestTargetStealthManager::test_create_default PASSED [ 24%]
test/unit/test_adaptive_stealth.py::TestTargetStealthManager::test_analyze_clean_response PASSED [ 24%]
test/unit/test_adaptive_stealth.py::TestTargetStealthManager::test_analyze_creates_profile PASSED [ 24%]
test/unit/test_adaptive_stealth.py::TestTargetStealthManager::test_analyze_waf_response PASSED [ 24%]
test/unit/test_adaptive_stealth.py::TestTargetStealthManager::test_delay_multiplier_default PASSED [ 24%]
test/unit/test_adaptive_stealth.py::TestTargetStealthManager::test_delay_multiplier_increases_on_detection PASSED [ 24%]
test/unit/test_adaptive_stealth.py::TestTargetStealthManager::test_threat_level_default PASSED [ 24%]
test/unit/test_adaptive_stealth.py::TestTargetStealthManager::test_should_switch_proxy_default PASSED [ 24%]
test/unit/test_adaptive_stealth.py::TestTargetStealthManager::test_should_switch_proxy_on_ip_block PASSED [ 24%]
test/unit/test_adaptive_stealth.py::TestTargetStealthManager::test_should_rotate_profile PASSED [ 24%]
test/unit/test_adaptive_stealth.py::TestTargetStealthManager::test_should_not_rotate_profile PASSED [ 24%]
test/unit/test_adaptive_stealth.py::TestTargetStealthManager::test_global_stats_empty PASSED [ 24%]
test/unit/test_adaptive_stealth.py::TestTargetStealthManager::test_global_stats_after_activity PASSED [ 24%]
test/unit/test_adaptive_stealth.py::TestTargetStealthManager::test_global_stats_detection_rate PASSED [ 24%]
test/unit/test_adaptive_stealth.py::TestTargetStealthManager::test_reset PASSED [ 24%]
test/unit/test_adaptive_stealth.py::TestTargetStealthManager::test_multiple_targets_independent PASSED [ 24%]
test/unit/test_adaptive_stealth.py::TestTargetStealthManager::test_response_time_tracking PASSED [ 24%]
test/unit/test_adaptive_stealth.py::TestTargetStealthManager::test_waf_detection_updates_profile PASSED [ 24%]
test/unit/test_adaptive_stealth.py::TestTargetStealthManager::test_escalation_over_time PASSED [ 24%]
test/unit/test_adaptive_stealth.py::TestTargetStealthManager::test_get_all_targets PASSED [ 24%]
test/unit/test_adaptive_stealth.py::TestThreadSafety::test_concurrent_analyze PASSED [ 24%]
test/unit/test_adaptive_stealth.py::TestThreadSafety::test_concurrent_stats PASSED [ 24%]
test/unit/test_adaptive_stealth.py::TestThreadSafety::test_concurrent_detector PASSED [ 24%]
test/unit/test_adaptive_stealth.py::TestIntegrationScenarios::test_full_scan_lifecycle PASSED [ 24%]
test/unit/test_adaptive_stealth.py::TestIntegrationScenarios::test_multi_waf_targets PASSED [ 24%]
test/unit/test_adaptive_stealth.py::TestIntegrationScenarios::test_rate_limit_adaptation PASSED [ 24%]
test/unit/test_adaptive_stealth.py::TestIntegrationScenarios::test_progressive_hardening PASSED [ 24%]
test/unit/test_adaptive_stealth.py::TestIntegrationScenarios::test_global_stats_comprehensive PASSED [ 24%]
test/unit/test_adaptive_stealth.py::TestIntegrationScenarios::test_should_rotate_unknown_target PASSED [ 24%]
test/unit/test_adaptive_stealth.py::TestIntegrationScenarios::test_custom_controller_params PASSED [ 24%]
test/unit/test_advanced_analysis.py::TestEntityNode::test_feature_vector PASSED [ 24%]
test/unit/test_advanced_analysis.py::TestEntityNode::test_defaults PASSED [ 24%]
test/unit/test_advanced_analysis.py::TestGraphRiskScorer::test_add_node PASSED [ 24%]
test/unit/test_advanced_analysis.py::TestGraphRiskScorer::test_add_edge PASSED [ 24%]
test/unit/test_advanced_analysis.py::TestGraphRiskScorer::test_base_risk_assignment PASSED [ 24%]
test/unit/test_advanced_analysis.py::TestGraphRiskScorer::test_propagation PASSED [ 24%]
test/unit/test_advanced_analysis.py::TestGraphRiskScorer::test_vulnerability_stays_high PASSED [ 25%]
test/unit/test_advanced_analysis.py::TestGraphRiskScorer::test_top_risks PASSED [ 25%]
test/unit/test_advanced_analysis.py::TestGraphRiskScorer::test_risk_distribution PASSED [ 25%]
test/unit/test_advanced_analysis.py::TestGraphRiskScorer::test_isolated_node PASSED [ 25%]
test/unit/test_advanced_analysis.py::TestGraphRiskScorer::test_damping_factor PASSED [ 25%]
test/unit/test_advanced_analysis.py::TestNaturalLanguageParser::test_find_emails PASSED [ 25%]
test/unit/test_advanced_analysis.py::TestNaturalLanguageParser::test_scan_ports PASSED [ 25%]
test/unit/test_advanced_analysis.py::TestNaturalLanguageParser::test_monitor_query PASSED [ 25%]
test/unit/test_advanced_analysis.py::TestNaturalLanguageParser::test_ip_target PASSED [ 25%]
test/unit/test_advanced_analysis.py::TestNaturalLanguageParser::test_passive_constraint PASSED [ 25%]
test/unit/test_advanced_analysis.py::TestNaturalLanguageParser::test_thorough_constraint PASSED [ 25%]
test/unit/test_advanced_analysis.py::TestNaturalLanguageParser::test_confidence_scoring PASSED [ 25%]
test/unit/test_advanced_analysis.py::TestNaturalLanguageParser::test_to_dict PASSED [ 25%]
test/unit/test_advanced_analysis.py::TestNaturalLanguageParser::test_suggest_no_target PASSED [ 25%]
test/unit/test_advanced_analysis.py::TestNaturalLanguageParser::test_certificate_query PASSED [ 25%]
test/unit/test_advanced_analysis.py::TestNaturalLanguageParser::test_multi_entity PASSED [ 25%]
test/unit/test_advanced_analysis.py::TestNaturalLanguageParser::test_default_entities PASSED [ 25%]
test/unit/test_advanced_analysis.py::TestModuleFPStats::test_fp_rate PASSED [ 25%]
test/unit/test_advanced_analysis.py::TestModuleFPStats::test_precision PASSED [ 25%]
test/unit/test_advanced_analysis.py::TestModuleFPStats::test_empty_rate PASSED [ 25%]
test/unit/test_advanced_analysis.py::TestFalsePositiveReducer::test_record_feedback PASSED [ 25%]
test/unit/test_advanced_analysis.py::TestFalsePositiveReducer::test_adjust_high_fp_module PASSED [ 25%]
test/unit/test_advanced_analysis.py::TestFalsePositiveReducer::test_adjust_good_module PASSED [ 25%]
test/unit/test_advanced_analysis.py::TestFalsePositiveReducer::test_adjust_unknown_module PASSED [ 25%]
test/unit/test_advanced_analysis.py::TestFalsePositiveReducer::test_adjust_insufficient_samples PASSED [ 25%]
test/unit/test_advanced_analysis.py::TestFalsePositiveReducer::test_problematic_modules PASSED [ 25%]
test/unit/test_advanced_analysis.py::TestFalsePositiveReducer::test_recommendations PASSED [ 25%]
test/unit/test_advanced_analysis.py::TestFalsePositiveReducer::test_summary PASSED [ 25%]
test/unit/test_advanced_analysis.py::TestFalsePositiveReducer::test_target_type_fp_rate PASSED [ 25%]
test/unit/test_advanced_analysis.py::TestFalsePositiveReducer::test_min_confidence_floor PASSED [ 25%]
test/unit/test_advanced_analysis.py::TestIntegration::test_gnn_risk_to_fp_reduction PASSED [ 25%]
test/unit/test_advanced_analysis.py::TestIntegration::test_nl_query_to_modules PASSED [ 25%]
test/unit/test_advanced_analysis.py::TestIntegration::test_full_pipeline PASSED [ 25%]
test/unit/test_adversarial_validation.py::TestDetectionVector::test_count PASSED [ 25%]
test/unit/test_adversarial_validation.py::TestDetectionVector::test_values PASSED [ 25%]
test/unit/test_adversarial_validation.py::TestBenchmarkCategory::test_count PASSED [ 25%]
test/unit/test_adversarial_validation.py::TestBenchmarkCategory::test_overall PASSED [ 25%]
test/unit/test_adversarial_validation.py::TestTestStatus::test_count PASSED [ 25%]
test/unit/test_adversarial_validation.py::TestTestStatus::test_values PASSED [ 25%]
test/unit/test_adversarial_validation.py::TestTestResult::test_creation PASSED [ 25%]
test/unit/test_adversarial_validation.py::TestTestResult::test_to_dict PASSED [ 25%]
test/unit/test_adversarial_validation.py::TestTestResult::test_default_values PASSED [ 25%]
test/unit/test_adversarial_validation.py::TestBenchmarkScore::test_pass_rate_zero PASSED [ 25%]
test/unit/test_adversarial_validation.py::TestBenchmarkScore::test_pass_rate PASSED [ 25%]
test/unit/test_adversarial_validation.py::TestBenchmarkScore::test_to_dict PASSED [ 25%]
test/unit/test_adversarial_validation.py::TestAdversarialProbe::test_to_dict PASSED [ 25%]
test/unit/test_adversarial_validation.py::TestProbeResult::test_to_dict PASSED [ 25%]
test/unit/test_adversarial_validation.py::TestDetectionSignature::test_to_dict PASSED [ 25%]
test/unit/test_adversarial_validation.py::TestDetectionSignature::test_defaults PASSED [ 25%]
test/unit/test_adversarial_validation.py::TestValidationSuite::test_default_probes PASSED [ 25%]
test/unit/test_adversarial_validation.py::TestValidationSuite::test_get_by_category PASSED [ 25%]
test/unit/test_adversarial_validation.py::TestValidationSuite::test_get_by_vector PASSED [ 25%]
test/unit/test_adversarial_validation.py::TestValidationSuite::test_add_probe PASSED [ 25%]
test/unit/test_adversarial_validation.py::TestValidationSuite::test_to_dict PASSED [ 25%]
test/unit/test_adversarial_validation.py::TestValidationSuite::test_check_tls_rotation_pass PASSED [ 25%]
test/unit/test_adversarial_validation.py::TestValidationSuite::test_check_tls_rotation_warning PASSED [ 25%]
test/unit/test_adversarial_validation.py::TestValidationSuite::test_check_tls_rotation_fail PASSED [ 25%]
test/unit/test_adversarial_validation.py::TestValidationSuite::test_check_ja3_pass PASSED [ 25%]
test/unit/test_adversarial_validation.py::TestValidationSuite::test_check_ja3_fail PASSED [ 25%]
test/unit/test_adversarial_validation.py::TestValidationSuite::test_check_ja4_pass PASSED [ 25%]
test/unit/test_adversarial_validation.py::TestValidationSuite::test_check_ja4_fail PASSED [ 25%]
test/unit/test_adversarial_validation.py::TestValidationSuite::test_check_timing_pass PASSED [ 25%]
test/unit/test_adversarial_validation.py::TestValidationSuite::test_check_timing_warning PASSED [ 25%]
test/unit/test_adversarial_validation.py::TestValidationSuite::test_check_timing_fail PASSED [ 25%]
test/unit/test_adversarial_validation.py::TestValidationSuite::test_check_rate_pass PASSED [ 25%]
test/unit/test_adversarial_validation.py::TestValidationSuite::test_check_rate_warning PASSED [ 25%]
test/unit/test_adversarial_validation.py::TestValidationSuite::test_check_rate_fail PASSED [ 25%]
test/unit/test_adversarial_validation.py::TestValidationSuite::test_check_tcp_pass PASSED [ 25%]
test/unit/test_adversarial_validation.py::TestValidationSuite::test_check_tcp_warn PASSED [ 25%]
test/unit/test_adversarial_validation.py::TestValidationSuite::test_check_header_order_pass PASSED [ 25%]
test/unit/test_adversarial_validation.py::TestValidationSuite::test_check_header_order_fail PASSED [ 25%]
test/unit/test_adversarial_validation.py::TestValidationSuite::test_check_http2_pass PASSED [ 25%]
test/unit/test_adversarial_validation.py::TestValidationSuite::test_check_http2_warn PASSED [ 25%]
test/unit/test_adversarial_validation.py::TestValidationSuite::test_check_ua_pass PASSED [ 25%]
test/unit/test_adversarial_validation.py::TestValidationSuite::test_check_ua_fail PASSED [ 25%]
test/unit/test_adversarial_validation.py::TestValidationSuite::test_check_ua_warn PASSED [ 25%]
test/unit/test_adversarial_validation.py::TestValidationSuite::test_check_dns_pass PASSED [ 25%]
test/unit/test_adversarial_validation.py::TestValidationSuite::test_check_dns_fail PASSED [ 25%]
test/unit/test_adversarial_validation.py::TestValidationSuite::test_check_cookie_pass PASSED [ 25%]
test/unit/test_adversarial_validation.py::TestValidationSuite::test_check_cookie_warn PASSED [ 25%]
test/unit/test_adversarial_validation.py::TestValidationSuite::test_check_behavioral_pass PASSED [ 25%]
test/unit/test_adversarial_validation.py::TestValidationSuite::test_check_behavioral_fail PASSED [ 25%]
test/unit/test_adversarial_validation.py::TestValidationSuite::test_check_ip_pass PASSED [ 25%]
test/unit/test_adversarial_validation.py::TestValidationSuite::test_check_ip_warn PASSED [ 25%]
test/unit/test_adversarial_validation.py::TestValidationSuite::test_check_geo_pass PASSED [ 25%]
test/unit/test_adversarial_validation.py::TestValidationSuite::test_check_geo_fail PASSED [ 25%]
test/unit/test_adversarial_validation.py::TestValidationSuite::test_check_captcha_pass PASSED [ 25%]
test/unit/test_adversarial_validation.py::TestValidationSuite::test_check_captcha_warn PASSED [ 26%]
test/unit/test_adversarial_validation.py::TestValidationSuite::test_check_captcha_fail PASSED [ 26%]
test/unit/test_adversarial_validation.py::TestValidationSuite::test_check_session_pass PASSED [ 26%]
test/unit/test_adversarial_validation.py::TestValidationSuite::test_check_session_warn PASSED [ 26%]
test/unit/test_adversarial_validation.py::TestStealthBenchmarkRunner::test_run_category_tls PASSED [ 26%]
test/unit/test_adversarial_validation.py::TestStealthBenchmarkRunner::test_run_category_empty PASSED [ 26%]
test/unit/test_adversarial_validation.py::TestStealthBenchmarkRunner::test_run_all_good PASSED [ 26%]
test/unit/test_adversarial_validation.py::TestStealthBenchmarkRunner::test_run_all_bad PASSED [ 26%]
test/unit/test_adversarial_validation.py::TestStealthBenchmarkRunner::test_grade_computation PASSED [ 26%]
test/unit/test_adversarial_validation.py::TestAdversarialValidator::test_creation PASSED [ 26%]
test/unit/test_adversarial_validation.py::TestAdversarialValidator::test_run_probes PASSED [ 26%]
test/unit/test_adversarial_validation.py::TestAdversarialValidator::test_run_probes_category PASSED [ 26%]
test/unit/test_adversarial_validation.py::TestAdversarialValidator::test_run_probes_bad_context PASSED [ 26%]
test/unit/test_adversarial_validation.py::TestAdversarialValidator::test_run_benchmark PASSED [ 26%]
test/unit/test_adversarial_validation.py::TestAdversarialValidator::test_benchmark_history PASSED [ 26%]
test/unit/test_adversarial_validation.py::TestAdversarialValidator::test_clear_history PASSED [ 26%]
test/unit/test_adversarial_validation.py::TestAdversarialValidator::test_get_signatures PASSED [ 26%]
test/unit/test_adversarial_validation.py::TestAdversarialValidator::test_test_against_signatures PASSED [ 26%]
test/unit/test_adversarial_validation.py::TestAdversarialValidator::test_get_suite PASSED [ 26%]
test/unit/test_adversarial_validation.py::TestAdversarialValidator::test_get_stats PASSED [ 26%]
test/unit/test_adversarial_validation.py::TestAdversarialValidator::test_get_stats_after_run PASSED [ 26%]
test/unit/test_adversarial_validation.py::TestAdversarialValidator::test_get_dashboard_data PASSED [ 26%]
test/unit/test_adversarial_validation.py::TestAdversarialValidator::test_concurrent PASSED [ 26%]
test/unit/test_adversarial_validation.py::TestModuleFunctions::test_get_detection_vectors PASSED [ 26%]
test/unit/test_adversarial_validation.py::TestModuleFunctions::test_get_benchmark_categories PASSED [ 26%]
test/unit/test_adversarial_validation.py::TestModuleFunctions::test_get_test_statuses PASSED [ 26%]
test/unit/test_ai_enhancement.py::TestVerdict::test_values PASSED        [ 26%]
test/unit/test_ai_enhancement.py::TestVerdict::test_count PASSED         [ 26%]
test/unit/test_ai_enhancement.py::TestValidationResult::test_basic PASSED [ 26%]
test/unit/test_ai_enhancement.py::TestValidationResult::test_to_dict PASSED [ 26%]
test/unit/test_ai_enhancement.py::TestValidationResult::test_confidence_rounding PASSED [ 26%]
test/unit/test_ai_enhancement.py::TestConfidenceCalibrator::test_defaults_loaded PASSED [ 26%]
test/unit/test_ai_enhancement.py::TestConfidenceCalibrator::test_penalty_below_threshold PASSED [ 26%]
test/unit/test_ai_enhancement.py::TestConfidenceCalibrator::test_no_penalty_above_threshold PASSED [ 26%]
test/unit/test_ai_enhancement.py::TestConfidenceCalibrator::test_boost PASSED [ 26%]
test/unit/test_ai_enhancement.py::TestConfidenceCalibrator::test_confidence_clamped_min PASSED [ 26%]
test/unit/test_ai_enhancement.py::TestConfidenceCalibrator::test_confidence_clamped_max PASSED [ 26%]
test/unit/test_ai_enhancement.py::TestConfidenceCalibrator::test_no_matching_rule PASSED [ 26%]
test/unit/test_ai_enhancement.py::TestConfidenceCalibrator::test_custom_rule PASSED [ 26%]
test/unit/test_ai_enhancement.py::TestConfidenceCalibrator::test_preserves_other_fields PASSED [ 26%]
test/unit/test_ai_enhancement.py::TestFeedbackType::test_values PASSED   [ 26%]
test/unit/test_ai_enhancement.py::TestFeedbackStore::test_empty PASSED   [ 26%]
test/unit/test_ai_enhancement.py::TestFeedbackStore::test_add_and_count PASSED [ 26%]
test/unit/test_ai_enhancement.py::TestFeedbackStore::test_accuracy_all_agree PASSED [ 26%]
test/unit/test_ai_enhancement.py::TestFeedbackStore::test_accuracy_mixed PASSED [ 26%]
test/unit/test_ai_enhancement.py::TestFeedbackStore::test_accuracy_by_agent PASSED [ 26%]
test/unit/test_ai_enhancement.py::TestFeedbackStore::test_get_disagreements PASSED [ 26%]
test/unit/test_ai_enhancement.py::TestFeedbackStore::test_get_stats PASSED [ 26%]
test/unit/test_ai_enhancement.py::TestFeedbackStore::test_empty_stats PASSED [ 26%]
test/unit/test_ai_enhancement.py::TestPromptCache::test_compute_key_deterministic PASSED [ 26%]
test/unit/test_ai_enhancement.py::TestPromptCache::test_compute_key_normalization PASSED [ 26%]
test/unit/test_ai_enhancement.py::TestPromptCache::test_put_and_get PASSED [ 26%]
test/unit/test_ai_enhancement.py::TestPromptCache::test_miss PASSED      [ 26%]
test/unit/test_ai_enhancement.py::TestPromptCache::test_invalidate PASSED [ 26%]
test/unit/test_ai_enhancement.py::TestPromptCache::test_clear PASSED     [ 26%]
test/unit/test_ai_enhancement.py::TestPromptCache::test_max_size_eviction PASSED [ 26%]
test/unit/test_ai_enhancement.py::TestPromptCache::test_expired_entry PASSED [ 26%]
test/unit/test_ai_enhancement.py::TestPromptCache::test_hit_rate PASSED  [ 26%]
test/unit/test_ai_enhancement.py::TestPromptCache::test_stats PASSED     [ 26%]
test/unit/test_ai_enhancement.py::TestPromptCache::test_empty_hit_rate PASSED [ 26%]
test/unit/test_ai_enhancement.py::TestSchemaField::test_basic PASSED     [ 26%]
test/unit/test_ai_enhancement.py::TestSchemaField::test_optional PASSED  [ 26%]
test/unit/test_ai_enhancement.py::TestOutputSchema::test_valid_output PASSED [ 26%]
test/unit/test_ai_enhancement.py::TestOutputSchema::test_missing_required PASSED [ 26%]
test/unit/test_ai_enhancement.py::TestOutputSchema::test_wrong_type PASSED [ 26%]
test/unit/test_ai_enhancement.py::TestOutputSchema::test_float_accepts_int PASSED [ 26%]
test/unit/test_ai_enhancement.py::TestOutputSchema::test_allowed_values PASSED [ 26%]
test/unit/test_ai_enhancement.py::TestOutputSchema::test_min_value PASSED [ 26%]
test/unit/test_ai_enhancement.py::TestOutputSchema::test_max_value PASSED [ 26%]
test/unit/test_ai_enhancement.py::TestOutputSchema::test_optional_field_missing_ok PASSED [ 26%]
test/unit/test_ai_enhancement.py::TestOutputSchema::test_add_field PASSED [ 26%]
test/unit/test_ai_enhancement.py::TestOutputSchema::test_finding_validation_schema PASSED [ 26%]
test/unit/test_ai_enhancement.py::TestOutputSchema::test_finding_schema_rejects_bad_verdict PASSED [ 26%]
test/unit/test_ai_enhancement.py::TestRetrievalResult::test_to_dict PASSED [ 26%]
test/unit/test_ai_enhancement.py::TestMockVectorStore::test_add_and_count PASSED [ 26%]
test/unit/test_ai_enhancement.py::TestMockVectorStore::test_search_by_keyword PASSED [ 26%]
test/unit/test_ai_enhancement.py::TestMockVectorStore::test_search_top_k PASSED [ 26%]
test/unit/test_ai_enhancement.py::TestMockVectorStore::test_search_empty_query PASSED [ 26%]
test/unit/test_ai_enhancement.py::TestMockVectorStore::test_search_no_match PASSED [ 26%]
test/unit/test_ai_enhancement.py::TestMockVectorStore::test_add_batch PASSED [ 26%]
test/unit/test_ai_enhancement.py::TestMockVectorStore::test_delete PASSED [ 26%]
test/unit/test_ai_enhancement.py::TestMockVectorStore::test_search_scores_ordered PASSED [ 26%]
test/unit/test_ai_enhancement.py::TestQueryExpander::test_expand_known_term PASSED [ 26%]
test/unit/test_ai_enhancement.py::TestQueryExpander::test_expand_unknown_term PASSED [ 26%]
test/unit/test_ai_enhancement.py::TestQueryExpander::test_get_synonyms PASSED [ 26%]
test/unit/test_ai_enhancement.py::TestQueryExpander::test_get_synonyms_unknown PASSED [ 26%]
test/unit/test_ai_enhancement.py::TestQueryExpander::test_no_duplicates PASSED [ 26%]
test/unit/test_ai_enhancement.py::TestGraphNode::test_basic PASSED       [ 27%]
test/unit/test_ai_enhancement.py::TestIntelligenceGraph::test_add_node PASSED [ 27%]
test/unit/test_ai_enhancement.py::TestIntelligenceGraph::test_add_edge PASSED [ 27%]
test/unit/test_ai_enhancement.py::TestIntelligenceGraph::test_get_node PASSED [ 27%]
test/unit/test_ai_enhancement.py::TestIntelligenceGraph::test_get_neighbors PASSED [ 27%]
test/unit/test_ai_enhancement.py::TestIntelligenceGraph::test_shortest_path PASSED [ 27%]
test/unit/test_ai_enhancement.py::TestIntelligenceGraph::test_shortest_path_self PASSED [ 27%]
test/unit/test_ai_enhancement.py::TestIntelligenceGraph::test_shortest_path_no_path PASSED [ 27%]
test/unit/test_ai_enhancement.py::TestIntelligenceGraph::test_shortest_path_bad_node PASSED [ 27%]
test/unit/test_ai_enhancement.py::TestIntelligenceGraph::test_detect_communities PASSED [ 27%]
test/unit/test_ai_enhancement.py::TestIntelligenceGraph::test_to_stix_bundle PASSED [ 27%]
test/unit/test_ai_enhancement.py::TestIntelligenceGraph::test_stix_identity PASSED [ 27%]
test/unit/test_ai_enhancement.py::TestIntelligenceGraph::test_stix_vulnerability PASSED [ 27%]
test/unit/test_ai_enhancement.py::TestIntelligenceGraph::test_stix_custom_type PASSED [ 27%]
test/unit/test_ai_enhancement.py::TestIntelligenceGraph::test_get_stats PASSED [ 27%]
test/unit/test_ai_enhancement.py::TestThreatIndicator::test_to_dict PASSED [ 27%]
test/unit/test_ai_enhancement.py::TestThreatFeedStore::test_add_and_count PASSED [ 27%]
test/unit/test_ai_enhancement.py::TestThreatFeedStore::test_dedup_by_key PASSED [ 27%]
test/unit/test_ai_enhancement.py::TestThreatFeedStore::test_dedup_older_not_updated PASSED [ 27%]
test/unit/test_ai_enhancement.py::TestThreatFeedStore::test_get_not_found PASSED [ 27%]
test/unit/test_ai_enhancement.py::TestThreatFeedStore::test_add_batch PASSED [ 27%]
test/unit/test_ai_enhancement.py::TestThreatFeedStore::test_search_by_type PASSED [ 27%]
test/unit/test_ai_enhancement.py::TestThreatFeedStore::test_search_by_pattern PASSED [ 27%]
test/unit/test_ai_enhancement.py::TestThreatFeedStore::test_search_by_regex PASSED [ 27%]
test/unit/test_ai_enhancement.py::TestThreatFeedStore::test_search_by_confidence PASSED [ 27%]
test/unit/test_ai_enhancement.py::TestThreatFeedStore::test_search_by_tags PASSED [ 27%]
test/unit/test_ai_enhancement.py::TestThreatFeedStore::test_match_events_ip PASSED [ 27%]
test/unit/test_ai_enhancement.py::TestThreatFeedStore::test_match_events_domain PASSED [ 27%]
test/unit/test_ai_enhancement.py::TestThreatFeedStore::test_match_events_no_match PASSED [ 27%]
test/unit/test_ai_enhancement.py::TestThreatFeedStore::test_get_stats PASSED [ 27%]
test/unit/test_ai_enhancement.py::TestIntegration::test_calibrate_and_validate PASSED [ 27%]
test/unit/test_ai_enhancement.py::TestIntegration::test_cache_then_feedback PASSED [ 27%]
test/unit/test_ai_enhancement.py::TestIntegration::test_graph_to_threat_feed PASSED [ 27%]
test/unit/test_ai_enhancement.py::TestIntegration::test_vector_store_with_query_expansion PASSED [ 27%]
test/unit/test_ai_enhancement.py::TestIntegration::test_full_pipeline_flow PASSED [ 27%]
test/unit/test_alert_rules.py::TestAlertCondition::test_event_type_match PASSED [ 27%]
------------------------------ live log teardown ------------------------------
23:26:04 [ERROR] Failed to scale down pool_0: '>' not supported between instances of 'int' and 'MagicMock'

23:26:04 [ERROR] Failed to scale down pool_0: '>' not supported between instances of 'int' and 'MagicMock'

test/unit/test_alert_rules.py::TestAlertCondition::test_pattern_match PASSED [ 27%]
test/unit/test_alert_rules.py::TestAlertCondition::test_severity_gte PASSED [ 27%]
test/unit/test_alert_rules.py::TestAlertCondition::test_severity_eq PASSED [ 27%]
test/unit/test_alert_rules.py::TestAlertCondition::test_count_threshold PASSED [ 27%]
test/unit/test_alert_rules.py::TestAlertCondition::test_rate_threshold PASSED [ 27%]
test/unit/test_alert_rules.py::TestAlertCondition::test_custom_callable PASSED [ 27%]
test/unit/test_alert_rules.py::TestAlertCondition::test_to_dict PASSED   [ 27%]
test/unit/test_alert_rules.py::TestAlert::test_defaults PASSED           [ 27%]
test/unit/test_alert_rules.py::TestAlert::test_acknowledge PASSED        [ 27%]
test/unit/test_alert_rules.py::TestAlert::test_to_dict PASSED            [ 27%]
test/unit/test_alert_rules.py::TestAlertRule::test_basic_trigger PASSED  [ 27%]
test/unit/test_alert_rules.py::TestAlertRule::test_no_trigger PASSED     [ 27%]
test/unit/test_alert_rules.py::TestAlertRule::test_disabled_rule PASSED  [ 27%]
test/unit/test_alert_rules.py::TestAlertRule::test_match_any PASSED      [ 27%]
test/unit/test_alert_rules.py::TestAlertRule::test_match_all PASSED      [ 27%]
test/unit/test_alert_rules.py::TestAlertRule::test_max_alerts PASSED     [ 27%]
test/unit/test_alert_rules.py::TestAlertRule::test_cooldown PASSED       [ 27%]
test/unit/test_alert_rules.py::TestAlertRule::test_message_template PASSED [ 27%]
test/unit/test_alert_rules.py::TestAlertRule::test_chaining PASSED       [ 27%]
test/unit/test_alert_rules.py::TestAlertRule::test_reset PASSED          [ 27%]
test/unit/test_alert_rules.py::TestAlertRule::test_to_dict PASSED        [ 27%]
test/unit/test_alert_rules.py::TestAlertRule::test_no_conditions PASSED  [ 27%]
test/unit/test_alert_rules.py::TestAlertEngine::test_add_and_process PASSED [ 27%]
test/unit/test_alert_rules.py::TestAlertEngine::test_no_trigger PASSED   [ 27%]
test/unit/test_alert_rules.py::TestAlertEngine::test_multiple_rules PASSED [ 27%]
test/unit/test_alert_rules.py::TestAlertEngine::test_handler_called PASSED [ 27%]
test/unit/test_alert_rules.py::TestAlertEngine::test_handler_error_isolated PASSED [ 27%]
test/unit/test_alert_rules.py::TestAlertEngine::test_remove_rule PASSED  [ 27%]
test/unit/test_alert_rules.py::TestAlertEngine::test_get_rule PASSED     [ 27%]
test/unit/test_alert_rules.py::TestAlertEngine::test_alerts_by_severity PASSED [ 27%]
test/unit/test_alert_rules.py::TestAlertEngine::test_acknowledge_all PASSED [ 27%]
test/unit/test_alert_rules.py::TestAlertEngine::test_clear_alerts PASSED [ 27%]
test/unit/test_alert_rules.py::TestAlertEngine::test_reset PASSED        [ 27%]
test/unit/test_alert_rules.py::TestAlertEngine::test_summary PASSED      [ 27%]
test/unit/test_alert_rules.py::TestAlertEngine::test_to_dict PASSED      [ 27%]
test/unit/test_alert_rules.py::TestAlertEngine::test_history_limit PASSED [ 27%]
test/unit/test_api_devtools.py::TestChangeType::test_all_values PASSED   [ 27%]
test/unit/test_api_devtools.py::TestChangeType::test_string_enum PASSED  [ 27%]
test/unit/test_api_devtools.py::TestChangelogEntry::test_basic_entry PASSED [ 27%]
test/unit/test_api_devtools.py::TestChangelogEntry::test_frozen PASSED   [ 27%]
test/unit/test_api_devtools.py::TestChangelogEntry::test_with_endpoint PASSED [ 27%]
test/unit/test_api_devtools.py::TestChangelogEntry::test_breaking_default_false PASSED [ 27%]
test/unit/test_api_devtools.py::TestAPIChangelog::test_builtin_entries PASSED [ 27%]
test/unit/test_api_devtools.py::TestAPIChangelog::test_get_history PASSED [ 27%]
test/unit/test_api_devtools.py::TestAPIChangelog::test_get_history_by_version PASSED [ 27%]
test/unit/test_api_devtools.py::TestAPIChangelog::test_get_history_by_type PASSED [ 27%]
test/unit/test_api_devtools.py::TestAPIChangelog::test_get_breaking_changes PASSED [ 27%]
test/unit/test_api_devtools.py::TestAPIChangelog::test_get_versions PASSED [ 27%]
test/unit/test_api_devtools.py::TestAPIChangelog::test_add_entry PASSED  [ 27%]
test/unit/test_api_devtools.py::TestAPIChangelog::test_to_markdown PASSED [ 27%]
test/unit/test_api_devtools.py::TestAPIChangelog::test_to_markdown_has_breaking PASSED [ 27%]
test/unit/test_api_devtools.py::TestAPIChangelog::test_versions_sorted_descending PASSED [ 28%]
test/unit/test_api_devtools.py::TestEventTypeConstants::test_event_types_populated PASSED [ 28%]
test/unit/test_api_devtools.py::TestEventTypeConstants::test_domain_name_exists PASSED [ 28%]
test/unit/test_api_devtools.py::TestEventTypeConstants::test_ip_address_exists PASSED [ 28%]
test/unit/test_api_devtools.py::TestEventTypeConstants::test_email_exists PASSED [ 28%]
test/unit/test_api_devtools.py::TestEventTypeConstants::test_all_have_descriptions PASSED [ 28%]
test/unit/test_api_devtools.py::TestEventTypeConstants::test_no_duplicate_descriptions PASSED [ 28%]
test/unit/test_api_devtools.py::TestModuleCategoryConstants::test_categories_populated PASSED [ 28%]
test/unit/test_api_devtools.py::TestModuleCategoryConstants::test_dns_category PASSED [ 28%]
test/unit/test_api_devtools.py::TestModuleCategoryConstants::test_social_media PASSED [ 28%]
test/unit/test_api_devtools.py::TestAPIIntrospector::test_get_event_types PASSED [ 28%]
test/unit/test_api_devtools.py::TestAPIIntrospector::test_get_event_types_filtered PASSED [ 28%]
test/unit/test_api_devtools.py::TestAPIIntrospector::test_get_event_types_regex PASSED [ 28%]
test/unit/test_api_devtools.py::TestAPIIntrospector::test_get_module_categories PASSED [ 28%]
test/unit/test_api_devtools.py::TestAPIIntrospector::test_register_event_type PASSED [ 28%]
test/unit/test_api_devtools.py::TestAPIIntrospector::test_register_category PASSED [ 28%]
test/unit/test_api_devtools.py::TestAPIIntrospector::test_get_api_summary PASSED [ 28%]
test/unit/test_api_devtools.py::TestAPIIntrospector::test_get_endpoints PASSED [ 28%]
test/unit/test_api_devtools.py::TestAPIIntrospector::test_get_endpoints_by_method PASSED [ 28%]
test/unit/test_api_devtools.py::TestAPIIntrospector::test_get_endpoints_by_tag PASSED [ 28%]
test/unit/test_api_devtools.py::TestAPIIntrospector::test_add_endpoint PASSED [ 28%]
test/unit/test_api_devtools.py::TestAPIIntrospector::test_endpoints_by_method_counts PASSED [ 28%]
test/unit/test_api_devtools.py::TestAPIIntrospector::test_endpoints_by_tag_counts PASSED [ 28%]
test/unit/test_api_devtools.py::TestEndpointInfo::test_operation_id PASSED [ 28%]
test/unit/test_api_devtools.py::TestEndpointInfo::test_operation_id_with_params PASSED [ 28%]
test/unit/test_api_devtools.py::TestEndpointInfo::test_default_auth_required PASSED [ 28%]
test/unit/test_api_devtools.py::TestEndpointInfo::test_deprecated_default_false PASSED [ 28%]
test/unit/test_api_devtools.py::TestOpenAPIExampleGenerator::test_generate_all PASSED [ 28%]
test/unit/test_api_devtools.py::TestOpenAPIExampleGenerator::test_endpoint_count PASSED [ 28%]
test/unit/test_api_devtools.py::TestOpenAPIExampleGenerator::test_for_endpoint_scan_create PASSED [ 28%]
test/unit/test_api_devtools.py::TestOpenAPIExampleGenerator::test_for_endpoint_bulk_scan PASSED [ 28%]
test/unit/test_api_devtools.py::TestOpenAPIExampleGenerator::test_for_endpoint_modules PASSED [ 28%]
test/unit/test_api_devtools.py::TestOpenAPIExampleGenerator::test_for_endpoint_not_found PASSED [ 28%]
test/unit/test_api_devtools.py::TestOpenAPIExampleGenerator::test_add_example PASSED [ 28%]
test/unit/test_api_devtools.py::TestOpenAPIExampleGenerator::test_scan_list PASSED [ 28%]
test/unit/test_api_devtools.py::TestOpenAPIExampleGenerator::test_event_types_example PASSED [ 28%]
test/unit/test_api_devtools.py::TestOpenAPIExampleGenerator::test_changelog_example PASSED [ 28%]
test/unit/test_api_devtools.py::TestSDKStubGenerator::test_generate_python_has_class PASSED [ 28%]
test/unit/test_api_devtools.py::TestSDKStubGenerator::test_generate_python_has_methods PASSED [ 28%]
test/unit/test_api_devtools.py::TestSDKStubGenerator::test_generate_python_has_imports PASSED [ 28%]
test/unit/test_api_devtools.py::TestSDKStubGenerator::test_generate_python_has_init PASSED [ 28%]
test/unit/test_api_devtools.py::TestSDKStubGenerator::test_generate_python_post_has_data PASSED [ 28%]
test/unit/test_api_devtools.py::TestSDKStubGenerator::test_generate_python_compiles PASSED [ 28%]
test/unit/test_api_devtools.py::TestSDKStubGenerator::test_generate_go_has_struct PASSED [ 28%]
test/unit/test_api_devtools.py::TestSDKStubGenerator::test_generate_go_has_functions PASSED [ 28%]
------------------------------ live log teardown ------------------------------
23:26:14 [ERROR] Failed to recreate pool pool_0: connection to server at "localhost" (::1), port 5432 failed: Connection refused (0x0000274D/10061)
	Is the server running on that host and accepting TCP/IP connections?
connection to server at "localhost" (127.0.0.1), port 5432 failed: Connection refused (0x0000274D/10061)
	Is the server running on that host and accepting TCP/IP connections?


23:26:14 [ERROR] Failed to recreate pool pool_0: connection to server at "localhost" (::1), port 5432 failed: Connection refused (0x0000274D/10061)
	Is the server running on that host and accepting TCP/IP connections?
connection to server at "localhost" (127.0.0.1), port 5432 failed: Connection refused (0x0000274D/10061)
	Is the server running on that host and accepting TCP/IP connections?

23:26:14 [INFO] Scaled down pool_0 from 10 to 5 connections
23:26:14 [INFO] Scaled up pool_0 from 5 to 10 connections

test/unit/test_api_devtools.py::TestSDKStubGenerator::test_generate_go_has_constructor PASSED [ 28%]
test/unit/test_api_devtools.py::TestSDKStubGenerator::test_generate_go_has_package PASSED [ 28%]
test/unit/test_api_devtools.py::TestSDKStubGenerator::test_empty_endpoints PASSED [ 28%]
test/unit/test_api_devtools.py::TestSDKStubGenerator::test_go_empty_endpoints PASSED [ 28%]
test/unit/test_api_devtools.py::TestBulkScanRequest::test_valid_request PASSED [ 28%]
test/unit/test_api_devtools.py::TestBulkScanRequest::test_empty_targets PASSED [ 28%]
test/unit/test_api_devtools.py::TestBulkScanRequest::test_too_many_targets PASSED [ 28%]
test/unit/test_api_devtools.py::TestBulkScanRequest::test_empty_target_value PASSED [ 28%]
test/unit/test_api_devtools.py::TestBulkScanRequest::test_with_modules PASSED [ 28%]
test/unit/test_api_devtools.py::TestBulkScanRequest::test_with_template PASSED [ 28%]
test/unit/test_api_devtools.py::TestBulkScanResponse::test_success_count PASSED [ 28%]
test/unit/test_api_devtools.py::TestBulkScanResponse::test_empty_response PASSED [ 28%]
test/unit/test_api_devtools.py::TestScanTemplate::test_valid_template PASSED [ 28%]
test/unit/test_api_devtools.py::TestScanTemplate::test_missing_name PASSED [ 28%]
test/unit/test_api_devtools.py::TestScanTemplate::test_missing_modules PASSED [ 28%]
test/unit/test_api_devtools.py::TestScanTemplate::test_with_options PASSED [ 28%]
test/unit/test_api_devtools.py::TestScanTemplateStore::test_create PASSED [ 28%]
test/unit/test_api_devtools.py::TestScanTemplateStore::test_get PASSED   [ 28%]
test/unit/test_api_devtools.py::TestScanTemplateStore::test_get_not_found PASSED [ 28%]
test/unit/test_api_devtools.py::TestScanTemplateStore::test_list PASSED  [ 28%]
test/unit/test_api_devtools.py::TestScanTemplateStore::test_update PASSED [ 28%]
test/unit/test_api_devtools.py::TestScanTemplateStore::test_update_not_found PASSED [ 28%]
test/unit/test_api_devtools.py::TestScanTemplateStore::test_delete PASSED [ 28%]
test/unit/test_api_devtools.py::TestScanTemplateStore::test_delete_not_found PASSED [ 28%]
test/unit/test_api_devtools.py::TestScanTemplateStore::test_count PASSED [ 28%]
test/unit/test_api_devtools.py::TestScanTemplateStore::test_sequential_ids PASSED [ 28%]
test/unit/test_api_devtools.py::TestIntegration::test_changelog_to_markdown_complete PASSED [ 28%]
test/unit/test_api_devtools.py::TestIntegration::test_introspector_endpoint_coverage PASSED [ 28%]
test/unit/test_api_devtools.py::TestIntegration::test_sdk_from_introspector PASSED [ 28%]
test/unit/test_api_devtools.py::TestIntegration::test_examples_cover_main_endpoints PASSED [ 28%]
test/unit/test_api_devtools.py::TestIntegration::test_template_workflow PASSED [ 28%]
test/unit/test_api_devtools.py::TestIntegration::test_bulk_scan_validation_workflow PASSED [ 28%]
test/unit/test_api_gateway.py::TestCircuitBreaker::test_half_open_after_recovery_timeout 
-------------------------------- live log call --------------------------------
23:26:17 [WARNING] Circuit breaker opened (failures=1)
PASSED                                                                   [ 28%]
test/unit/test_api_gateway.py::TestCircuitBreaker::test_half_open_limits_calls 
-------------------------------- live log call --------------------------------
23:26:17 [WARNING] Circuit breaker opened (failures=1)
PASSED                                                                   [ 28%]
test/unit/test_api_gateway.py::TestCircuitBreaker::test_opens_after_threshold 
-------------------------------- live log call --------------------------------
23:26:17 [WARNING] Circuit breaker opened (failures=3)
PASSED                                                                   [ 28%]
test/unit/test_api_gateway.py::TestCircuitBreaker::test_starts_closed PASSED [ 28%]
test/unit/test_api_gateway.py::TestCircuitBreaker::test_success_resets_failures PASSED [ 28%]
test/unit/test_api_gateway.py::TestCircuitBreaker::test_to_dict PASSED   [ 28%]
test/unit/test_api_gateway.py::TestRateLimiter::test_allows_within_burst PASSED [ 28%]
test/unit/test_api_gateway.py::TestRateLimiter::test_cleanup PASSED      [ 28%]
test/unit/test_api_gateway.py::TestRateLimiter::test_rejects_over_burst PASSED [ 28%]
test/unit/test_api_gateway.py::TestRateLimiter::test_separate_clients PASSED [ 28%]
test/unit/test_api_gateway.py::TestAPIGateway::test_circuit_breaker_on_failure 
-------------------------------- live log call --------------------------------
23:26:18 [WARNING] Circuit breaker opened (failures=1)
23:26:18 [ERROR] Gateway routing failed for svc.fail
Traceback (most recent call last):
  File "D:\github\spiderfoot\spiderfoot\api\gateway.py", line 258, in route
    result = self._route_local(service, method, payload)
  File "D:\github\spiderfoot\spiderfoot\api\gateway.py", line 289, in _route_local
    return handler(payload)
  File "D:\github\spiderfoot\test\unit\test_api_gateway.py", line 124, in fail_handler
    raise RuntimeError("boom")
RuntimeError: boom
PASSED                                                                   [ 29%]
test/unit/test_api_gateway.py::TestAPIGateway::test_gateway_error_status PASSED [ 29%]
test/unit/test_api_gateway.py::TestAPIGateway::test_handler_receives_payload PASSED [ 29%]
test/unit/test_api_gateway.py::TestAPIGateway::test_missing_handler_raises PASSED [ 29%]
test/unit/test_api_gateway.py::TestAPIGateway::test_missing_service_raises PASSED [ 29%]
test/unit/test_api_gateway.py::TestAPIGateway::test_monolith_routing PASSED [ 29%]
test/unit/test_api_gateway.py::TestAPIGateway::test_rate_limit_enforced PASSED [ 29%]
test/unit/test_api_gateway.py::TestAPIGateway::test_stats PASSED         [ 29%]
test/unit/test_api_key_rotation.py::TestAPIKeyRecord::test_is_valid_when_enabled PASSED [ 29%]
test/unit/test_api_key_rotation.py::TestAPIKeyRecord::test_not_valid_when_disabled PASSED [ 29%]
test/unit/test_api_key_rotation.py::TestAPIKeyRecord::test_not_valid_when_expired PASSED [ 29%]
test/unit/test_api_key_rotation.py::TestAPIKeyRecord::test_valid_when_not_expired PASSED [ 29%]
test/unit/test_api_key_rotation.py::TestAPIKeyRecord::test_to_dict_excludes_hash PASSED [ 29%]
test/unit/test_api_key_rotation.py::TestAPIKeyRecord::test_to_dict_includes_hash PASSED [ 29%]
test/unit/test_api_key_rotation.py::TestAPIKeyRecord::test_roundtrip PASSED [ 29%]
test/unit/test_api_key_rotation.py::TestKeyGeneration::test_key_has_prefix PASSED [ 29%]
test/unit/test_api_key_rotation.py::TestKeyGeneration::test_key_id_is_prefix_of_key PASSED [ 29%]
test/unit/test_api_key_rotation.py::TestKeyGeneration::test_keys_are_unique PASSED [ 29%]
test/unit/test_api_key_rotation.py::TestKeyGeneration::test_hash_deterministic PASSED [ 29%]
test/unit/test_api_key_rotation.py::TestKeyGeneration::test_hash_different_for_different_keys PASSED [ 29%]
test/unit/test_api_key_rotation.py::TestCreateAndAuth::test_create_returns_key_id_and_full_key 
-------------------------------- live log call --------------------------------
23:26:20 [INFO] Created API key 'sfk_2b68201d0ef8' (role=analyst) for 'Test Key'
PASSED                                                                   [ 29%]
test/unit/test_api_key_rotation.py::TestCreateAndAuth::test_authenticate_with_created_key 
-------------------------------- live log call --------------------------------
23:26:20 [INFO] Created API key 'sfk_736471c32c86' (role=analyst) for 'Test Key'
PASSED                                                                   [ 29%]
test/unit/test_api_key_rotation.py::TestCreateAndAuth::test_authenticate_with_wrong_key 
-------------------------------- live log call --------------------------------
23:26:20 [INFO] Created API key 'sfk_8c02dd950548' (role=analyst) for 'Test Key'
PASSED                                                                   [ 29%]
test/unit/test_api_key_rotation.py::TestRotateKey::test_rotate_returns_new_key 
-------------------------------- live log call --------------------------------
23:26:21 [INFO] Created API key 'sfk_18c98bbcd866' (role=analyst) for 'Test Key'
23:26:21 [INFO] Rotated API key 'sfk_18c98bbcd866' ù old hash invalidated
PASSED                                                                   [ 29%]
test/unit/test_api_key_rotation.py::TestRotateKey::test_old_key_invalidated_after_rotation 
-------------------------------- live log call --------------------------------
23:26:21 [INFO] Created API key 'sfk_cd04754c2ed5' (role=analyst) for 'Test Key'
23:26:21 [INFO] Rotated API key 'sfk_cd04754c2ed5' ù old hash invalidated
PASSED                                                                   [ 29%]
test/unit/test_api_key_rotation.py::TestRotateKey::test_new_key_authenticates_after_rotation 
-------------------------------- live log call --------------------------------
23:26:21 [INFO] Created API key 'sfk_3679003efb3d' (role=analyst) for 'Test Key'
23:26:21 [INFO] Rotated API key 'sfk_3679003efb3d' ù old hash invalidated
PASSED                                                                   [ 29%]
test/unit/test_api_key_rotation.py::TestRotateKey::test_metadata_preserved_after_rotation 
-------------------------------- live log call --------------------------------
23:26:21 [INFO] Created API key 'sfk_bf00a8921305' (role=analyst) for 'Test Key'
23:26:21 [INFO] Rotated API key 'sfk_bf00a8921305' ù old hash invalidated
PASSED                                                                   [ 29%]
test/unit/test_api_key_rotation.py::TestRotateKey::test_rotate_nonexistent_key PASSED [ 29%]
test/unit/test_api_key_rotation.py::TestRotateKey::test_double_rotation 
-------------------------------- live log call --------------------------------
23:26:21 [INFO] Created API key 'sfk_a418e8fcc2aa' (role=analyst) for 'Test Key'
23:26:21 [INFO] Rotated API key 'sfk_a418e8fcc2aa' ù old hash invalidated
23:26:21 [INFO] Rotated API key 'sfk_a418e8fcc2aa' ù old hash invalidated
PASSED                                                                   [ 29%]
test/unit/test_api_key_rotation.py::TestRotateKey::test_rotation_resets_last_used 
-------------------------------- live log call --------------------------------
23:26:21 [INFO] Created API key 'sfk_3df73762f577' (role=analyst) for 'Test Key'
23:26:21 [INFO] Rotated API key 'sfk_3df73762f577' ù old hash invalidated
PASSED                                                                   [ 29%]
test/unit/test_api_key_rotation.py::TestRotateKey::test_rotation_uses_pipeline 
-------------------------------- live log call --------------------------------
23:26:21 [INFO] Created API key 'sfk_9665a70c0c5d' (role=analyst) for 'Test Key'
23:26:21 [INFO] Rotated API key 'sfk_9665a70c0c5d' ù old hash invalidated
PASSED                                                                   [ 29%]
test/unit/test_api_key_rotation.py::TestRevokeAndDelete::test_revoke_prevents_auth 
-------------------------------- live log call --------------------------------
23:26:21 [INFO] Created API key 'sfk_400cceb32bf9' (role=analyst) for 'Test Key'
23:26:21 [INFO] Revoked API key 'sfk_400cceb32bf9'
PASSED                                                                   [ 29%]
test/unit/test_api_key_rotation.py::TestRevokeAndDelete::test_delete_removes_key 
-------------------------------- live log call --------------------------------
23:26:22 [INFO] Created API key 'sfk_91641cbbb720' (role=analyst) for 'Test Key'
23:26:22 [INFO] Deleted API key 'sfk_91641cbbb720'
PASSED                                                                   [ 29%]
test/unit/test_api_key_rotation.py::TestRevokeAndDelete::test_rotate_then_delete 
-------------------------------- live log call --------------------------------
23:26:22 [INFO] Created API key 'sfk_e4db85b8315d' (role=analyst) for 'Test Key'
23:26:22 [INFO] Rotated API key 'sfk_e4db85b8315d' ù old hash invalidated
23:26:22 [INFO] Deleted API key 'sfk_e4db85b8315d'
PASSED                                                                   [ 29%]
test/unit/test_api_versioning.py::TestAPIVersion::test_basic PASSED      [ 29%]
test/unit/test_api_versioning.py::TestAPIVersion::test_deprecated PASSED [ 29%]
test/unit/test_api_versioning.py::TestAPIVersion::test_numeric PASSED    [ 29%]
test/unit/test_api_versioning.py::TestAPIVersion::test_sunset PASSED     [ 29%]
test/unit/test_api_versioning.py::TestAPIVersion::test_to_dict PASSED    [ 29%]
test/unit/test_api_versioning.py::TestVersionedRoute::test_full_path PASSED [ 29%]
test/unit/test_api_versioning.py::TestVersionedRoute::test_to_dict PASSED [ 29%]
test/unit/test_api_versioning.py::TestVersionNegotiator::test_accept_header PASSED [ 29%]
test/unit/test_api_versioning.py::TestVersionNegotiator::test_fallback_to_default PASSED [ 29%]
test/unit/test_api_versioning.py::TestVersionNegotiator::test_header PASSED [ 29%]
test/unit/test_api_versioning.py::TestVersionNegotiator::test_multiple_strategies_priority PASSED [ 29%]
test/unit/test_api_versioning.py::TestVersionNegotiator::test_query PASSED [ 29%]
test/unit/test_api_versioning.py::TestVersionNegotiator::test_url_prefix PASSED [ 29%]
test/unit/test_api_versioning.py::TestVersionNegotiator::test_url_prefix_no_match PASSED [ 29%]
test/unit/test_api_versioning.py::TestAPIVersionManager::test_add_route 
-------------------------------- live log call --------------------------------
23:26:23 [INFO] Registered API version v1 (deprecated)
23:26:23 [INFO] Registered API version v2 (current)
23:26:23 [INFO] Registered API version v3 (beta)
PASSED                                                                   [ 29%]
test/unit/test_api_versioning.py::TestAPIVersionManager::test_add_routes_batch 
-------------------------------- live log call --------------------------------
23:26:23 [INFO] Registered API version v1 (deprecated)
23:26:23 [INFO] Registered API version v2 (current)
23:26:23 [INFO] Registered API version v3 (beta)
PASSED                                                                   [ 29%]
test/unit/test_api_versioning.py::TestAPIVersionManager::test_copy_routes 
-------------------------------- live log call --------------------------------
23:26:23 [INFO] Registered API version v1 (deprecated)
23:26:23 [INFO] Registered API version v2 (current)
23:26:23 [INFO] Registered API version v3 (beta)
PASSED                                                                   [ 29%]
test/unit/test_api_versioning.py::TestAPIVersionManager::test_copy_routes_exclude 
-------------------------------- live log call --------------------------------
23:26:23 [INFO] Registered API version v1 (deprecated)
23:26:23 [INFO] Registered API version v2 (current)
23:26:23 [INFO] Registered API version v3 (beta)
PASSED                                                                   [ 29%]
test/unit/test_api_versioning.py::TestAPIVersionManager::test_current_version 
-------------------------------- live log call --------------------------------
23:26:24 [INFO] Registered API version v1 (deprecated)
23:26:24 [INFO] Registered API version v2 (current)
23:26:24 [INFO] Registered API version v3 (beta)
PASSED                                                                   [ 29%]
test/unit/test_api_versioning.py::TestAPIVersionManager::test_deprecate_nonexistent 
-------------------------------- live log call --------------------------------
23:26:24 [INFO] Registered API version v1 (deprecated)
23:26:24 [INFO] Registered API version v2 (current)
23:26:24 [INFO] Registered API version v3 (beta)
PASSED                                                                   [ 29%]
test/unit/test_api_versioning.py::TestAPIVersionManager::test_deprecate_version 
-------------------------------- live log call --------------------------------
23:26:24 [INFO] Registered API version v1 (deprecated)
23:26:24 [INFO] Registered API version v2 (current)
23:26:24 [INFO] Registered API version v3 (beta)
23:26:24 [INFO] Deprecated API version v2
PASSED                                                                   [ 29%]
test/unit/test_api_versioning.py::TestAPIVersionManager::test_deprecation_headers 
-------------------------------- live log call --------------------------------
23:26:24 [INFO] Registered API version v1 (deprecated)
23:26:24 [INFO] Registered API version v2 (current)
23:26:24 [INFO] Registered API version v3 (beta)
PASSED                                                                   [ 29%]
test/unit/test_api_versioning.py::TestAPIVersionManager::test_deprecation_headers_not_deprecated 
-------------------------------- live log call --------------------------------
23:26:24 [INFO] Registered API version v1 (deprecated)
23:26:24 [INFO] Registered API version v2 (current)
23:26:24 [INFO] Registered API version v3 (beta)
PASSED                                                                   [ 29%]
test/unit/test_api_versioning.py::TestAPIVersionManager::test_find_route 
-------------------------------- live log call --------------------------------
23:26:24 [INFO] Registered API version v1 (deprecated)
23:26:24 [INFO] Registered API version v2 (current)
23:26:24 [INFO] Registered API version v3 (beta)
PASSED                                                                   [ 29%]
test/unit/test_api_versioning.py::TestAPIVersionManager::test_find_route_missing 
-------------------------------- live log call --------------------------------
23:26:24 [INFO] Registered API version v1 (deprecated)
23:26:24 [INFO] Registered API version v2 (current)
23:26:24 [INFO] Registered API version v3 (beta)
PASSED                                                                   [ 29%]
test/unit/test_api_versioning.py::TestAPIVersionManager::test_get_version 
-------------------------------- live log call --------------------------------
23:26:24 [INFO] Registered API version v1 (deprecated)
23:26:24 [INFO] Registered API version v2 (current)
23:26:24 [INFO] Registered API version v3 (beta)
PASSED                                                                   [ 29%]
test/unit/test_api_versioning.py::TestAPIVersionManager::test_get_version_missing 
-------------------------------- live log call --------------------------------
23:26:24 [INFO] Registered API version v1 (deprecated)
23:26:24 [INFO] Registered API version v2 (current)
23:26:24 [INFO] Registered API version v3 (beta)
PASSED                                                                   [ 29%]
test/unit/test_api_versioning.py::TestAPIVersionManager::test_is_compatible 
-------------------------------- live log call --------------------------------
23:26:24 [INFO] Registered API version v1 (deprecated)
23:26:24 [INFO] Registered API version v2 (current)
23:26:24 [INFO] Registered API version v3 (beta)
PASSED                                                                   [ 29%]
test/unit/test_api_versioning.py::TestAPIVersionManager::test_is_compatible_missing 
-------------------------------- live log call --------------------------------
23:26:25 [INFO] Registered API version v1 (deprecated)
23:26:25 [INFO] Registered API version v2 (current)
23:26:25 [INFO] Registered API version v3 (beta)
PASSED                                                                   [ 29%]
test/unit/test_api_versioning.py::TestAPIVersionManager::test_list_versions_exclude_sunset 
-------------------------------- live log call --------------------------------
23:26:25 [INFO] Registered API version v1 (deprecated)
23:26:25 [INFO] Registered API version v2 (current)
23:26:25 [INFO] Registered API version v3 (beta)
23:26:25 [INFO] Sunset API version v1
PASSED                                                                   [ 29%]
test/unit/test_api_versioning.py::TestAPIVersionManager::test_list_versions_sorted 
-------------------------------- live log call --------------------------------
23:26:25 [INFO] Registered API version v1 (deprecated)
23:26:25 [INFO] Registered API version v2 (current)
23:26:25 [INFO] Registered API version v3 (beta)
PASSED                                                                   [ 29%]
test/unit/test_api_versioning.py::TestAPIVersionManager::test_negotiate_sunset_fallback 
-------------------------------- live log call --------------------------------
23:26:25 [INFO] Registered API version v1 (deprecated)
23:26:25 [INFO] Registered API version v2 (current)
23:26:25 [INFO] Registered API version v3 (beta)
23:26:25 [INFO] Sunset API version v1
PASSED                                                                   [ 29%]
test/unit/test_api_versioning.py::TestAPIVersionManager::test_negotiate_url 
-------------------------------- live log call --------------------------------
23:26:25 [INFO] Registered API version v1 (deprecated)
23:26:25 [INFO] Registered API version v2 (current)
23:26:25 [INFO] Registered API version v3 (beta)
PASSED                                                                   [ 29%]
test/unit/test_api_versioning.py::TestAPIVersionManager::test_register_version 
-------------------------------- live log call --------------------------------
23:26:25 [INFO] Registered API version v1 (deprecated)
23:26:25 [INFO] Registered API version v2 (current)
23:26:25 [INFO] Registered API version v3 (beta)
PASSED                                                                   [ 29%]
test/unit/test_api_versioning.py::TestAPIVersionManager::test_response_transform 
-------------------------------- live log call --------------------------------
23:26:25 [INFO] Registered API version v1 (deprecated)
23:26:25 [INFO] Registered API version v2 (current)
23:26:25 [INFO] Registered API version v3 (beta)
PASSED                                                                   [ 29%]
test/unit/test_api_versioning.py::TestAPIVersionManager::test_stats 
-------------------------------- live log call --------------------------------
23:26:25 [INFO] Registered API version v1 (deprecated)
23:26:25 [INFO] Registered API version v2 (current)
23:26:25 [INFO] Registered API version v3 (beta)
PASSED                                                                   [ 29%]
test/unit/test_api_versioning.py::TestAPIVersionManager::test_sunset_version 
-------------------------------- live log call --------------------------------
23:26:25 [INFO] Registered API version v1 (deprecated)
23:26:25 [INFO] Registered API version v2 (current)
23:26:25 [INFO] Registered API version v3 (beta)
23:26:25 [INFO] Sunset API version v1
PASSED                                                                   [ 29%]
test/unit/test_app_config.py::TestSectionDefaults::test_core_defaults PASSED [ 29%]
test/unit/test_app_config.py::TestSectionDefaults::test_network_defaults PASSED [ 29%]
test/unit/test_app_config.py::TestSectionDefaults::test_database_defaults PASSED [ 29%]
test/unit/test_app_config.py::TestSectionDefaults::test_web_defaults PASSED [ 29%]
test/unit/test_app_config.py::TestSectionDefaults::test_api_defaults PASSED [ 29%]
test/unit/test_app_config.py::TestSectionDefaults::test_cache_defaults PASSED [ 29%]
test/unit/test_app_config.py::TestSectionDefaults::test_eventbus_defaults PASSED [ 29%]
test/unit/test_app_config.py::TestSectionDefaults::test_vector_defaults PASSED [ 29%]
test/unit/test_app_config.py::TestSectionDefaults::test_worker_defaults PASSED [ 29%]
test/unit/test_app_config.py::TestSectionDefaults::test_redis_defaults PASSED [ 29%]
test/unit/test_app_config.py::TestSectionDefaults::test_elasticsearch_defaults PASSED [ 29%]
test/unit/test_app_config.py::TestAppConfigConstruction::test_default_construction PASSED [ 29%]
test/unit/test_app_config.py::TestAppConfigConstruction::test_from_dict_core_fields PASSED [ 29%]
test/unit/test_app_config.py::TestAppConfigConstruction::test_from_dict_all_defaults PASSED [ 29%]
test/unit/test_app_config.py::TestAppConfigConstruction::test_from_dict_modules PASSED [ 29%]
test/unit/test_app_config.py::TestAppConfigConstruction::test_from_dict_correlation_rules PASSED [ 29%]
test/unit/test_app_config.py::TestAppConfigConstruction::test_from_dict_version PASSED [ 30%]
test/unit/test_app_config.py::TestAppConfigConstruction::test_from_dict_extra_keys_preserved PASSED [ 30%]
test/unit/test_app_config.py::TestAppConfigConstruction::test_from_dict_proxy_settings PASSED [ 30%]
test/unit/test_app_config.py::TestAppConfigConstruction::test_from_dict_api_settings PASSED [ 30%]
test/unit/test_app_config.py::TestAppConfigConstruction::test_from_dict_globaloptdescs_ignored PASSED [ 30%]
test/unit/test_app_config.py::TestToDict::test_to_dict_contains_core_keys PASSED [ 30%]
test/unit/test_app_config.py::TestToDict::test_to_dict_modules PASSED    [ 30%]
test/unit/test_app_config.py::TestToDict::test_to_dict_descriptions PASSED [ 30%]
test/unit/test_app_config.py::TestToDict::test_to_dict_extras_preserved PASSED [ 30%]
test/unit/test_app_config.py::TestToDict::test_round_trip_preserves_values PASSED [ 30%]
test/unit/test_app_config.py::TestToDict::test_round_trip_default_config PASSED [ 30%]
test/unit/test_app_config.py::TestToDict::test_version_round_trip PASSED [ 30%]
test/unit/test_app_config.py::TestEnvOverrides::test_apply_single_env_var 
-------------------------------- live log call --------------------------------
23:26:28 [INFO] Applied 1 env-var override(s): SF_DEBUG
PASSED                                                                   [ 30%]
test/unit/test_app_config.py::TestEnvOverrides::test_apply_numeric_env_var 
-------------------------------- live log call --------------------------------
23:26:28 [INFO] Applied 1 env-var override(s): SF_MAX_THREADS
PASSED                                                                   [ 30%]
test/unit/test_app_config.py::TestEnvOverrides::test_apply_multiple_env_vars 
-------------------------------- live log call --------------------------------
23:26:29 [INFO] Applied 3 env-var override(s): SF_FETCH_TIMEOUT, SF_DNS_SERVER, SF_API_KEY
PASSED                                                                   [ 30%]
test/unit/test_app_config.py::TestEnvOverrides::test_env_var_bool_false 
-------------------------------- live log call --------------------------------
23:26:29 [INFO] Applied 1 env-var override(s): SF_DEBUG
PASSED                                                                   [ 30%]
test/unit/test_app_config.py::TestEnvOverrides::test_no_env_vars_returns_empty PASSED [ 30%]
test/unit/test_app_config.py::TestEnvOverrides::test_env_postgres_settings 
-------------------------------- live log call --------------------------------
23:26:29 [INFO] Applied 5 env-var override(s): POSTGRES_HOST, POSTGRES_PORT, POSTGRES_DB, POSTGRES_USER, POSTGRES_PASSWORD
PASSED                                                                   [ 30%]
test/unit/test_app_config.py::TestEnvOverrides::test_env_redis_settings 
-------------------------------- live log call --------------------------------
23:26:29 [INFO] Applied 1 env-var override(s): SF_REDIS_URL
PASSED                                                                   [ 30%]
test/unit/test_app_config.py::TestEnvOverrides::test_env_eventbus_settings 
-------------------------------- live log call --------------------------------
23:26:29 [INFO] Applied 2 env-var override(s): SF_EVENTBUS_BACKEND, SF_EVENTBUS_NATS_URL
PASSED                                                                   [ 30%]
test/unit/test_app_config.py::TestEnvOverrides::test_env_vector_settings 
-------------------------------- live log call --------------------------------
23:26:29 [INFO] Applied 2 env-var override(s): SF_VECTOR_ENABLED, SF_VECTOR_ENDPOINT
PASSED                                                                   [ 30%]
test/unit/test_app_config.py::TestEnvOverrides::test_env_worker_settings 
-------------------------------- live log call --------------------------------
23:26:29 [INFO] Applied 3 env-var override(s): SF_WORKER_MAX, SF_WORKER_STRATEGY, SF_SCANNER_MAX_SCANS
PASSED                                                                   [ 30%]
test/unit/test_app_config.py::TestValidation::test_valid_config PASSED   [ 30%]
test/unit/test_app_config.py::TestValidation::test_max_threads_too_low PASSED [ 30%]
test/unit/test_app_config.py::TestValidation::test_max_threads_too_high PASSED [ 30%]
test/unit/test_app_config.py::TestValidation::test_fetch_timeout_too_low PASSED [ 30%]
test/unit/test_app_config.py::TestValidation::test_fetch_timeout_too_high PASSED [ 30%]
test/unit/test_app_config.py::TestValidation::test_dns_timeout_too_low PASSED [ 30%]
test/unit/test_app_config.py::TestValidation::test_invalid_proxy_type PASSED [ 30%]
test/unit/test_app_config.py::TestValidation::test_proxy_without_host PASSED [ 30%]
test/unit/test_app_config.py::TestValidation::test_proxy_with_host_ok PASSED [ 30%]
test/unit/test_app_config.py::TestValidation::test_invalid_web_port PASSED [ 30%]
test/unit/test_app_config.py::TestValidation::test_invalid_web_port_too_high PASSED [ 30%]
test/unit/test_app_config.py::TestValidation::test_invalid_api_port PASSED [ 30%]
test/unit/test_app_config.py::TestValidation::test_invalid_log_level PASSED [ 30%]
test/unit/test_app_config.py::TestValidation::test_invalid_cache_backend PASSED [ 30%]
test/unit/test_app_config.py::TestValidation::test_invalid_eventbus_backend PASSED [ 30%]
test/unit/test_app_config.py::TestValidation::test_invalid_worker_strategy PASSED [ 30%]
test/unit/test_app_config.py::TestValidation::test_worker_max_too_low PASSED [ 30%]
test/unit/test_app_config.py::TestValidation::test_max_scans_too_low PASSED [ 30%]
test/unit/test_app_config.py::TestValidation::test_cache_ttl_negative PASSED [ 30%]
test/unit/test_app_config.py::TestValidation::test_tld_cache_negative PASSED [ 30%]
test/unit/test_app_config.py::TestValidation::test_pg_port_invalid PASSED [ 30%]
test/unit/test_app_config.py::TestValidation::test_validation_error_repr PASSED [ 30%]
test/unit/test_app_config.py::TestValidation::test_multiple_errors PASSED [ 30%]
test/unit/test_app_config.py::TestDictAccess::test_getitem_core PASSED   [ 30%]
test/unit/test_app_config.py::TestDictAccess::test_getitem_modules PASSED [ 30%]
test/unit/test_app_config.py::TestDictAccess::test_getitem_missing_raises PASSED [ 30%]
test/unit/test_app_config.py::TestDictAccess::test_contains PASSED       [ 30%]
test/unit/test_app_config.py::TestDictAccess::test_get_with_default PASSED [ 30%]
test/unit/test_app_config.py::TestDictAccess::test_get_globaloptdescs PASSED [ 30%]
test/unit/test_app_config.py::TestDictAccess::test_get_extra_key PASSED  [ 30%]
test/unit/test_app_config.py::TestMerge::test_merge_updates_fields PASSED [ 30%]
test/unit/test_app_config.py::TestMerge::test_merge_modules PASSED       [ 30%]
test/unit/test_app_config.py::TestMerge::test_merge_extra_keys PASSED    [ 30%]
test/unit/test_app_config.py::TestMerge::test_merge_preserves_unrelated PASSED [ 30%]
test/unit/test_app_config.py::TestMerge::test_merge_version PASSED       [ 30%]
test/unit/test_app_config.py::TestTypeCoercion::test_string_to_bool_true PASSED [ 30%]
test/unit/test_app_config.py::TestTypeCoercion::test_string_to_bool_false PASSED [ 30%]
test/unit/test_app_config.py::TestTypeCoercion::test_string_to_int PASSED [ 30%]
test/unit/test_app_config.py::TestTypeCoercion::test_float_to_int PASSED [ 30%]
test/unit/test_app_config.py::TestTypeCoercion::test_string_to_int_invalid PASSED [ 30%]
test/unit/test_app_config.py::TestTypeCoercion::test_int_to_bool PASSED  [ 30%]
test/unit/test_app_config.py::TestTypeCoercion::test_none_for_optional PASSED [ 30%]
test/unit/test_app_config.py::TestMappings::test_key_to_field_all_sections_valid PASSED [ 30%]
test/unit/test_app_config.py::TestMappings::test_env_map_all_keys_exist PASSED [ 30%]
test/unit/test_app_config.py::TestMappings::test_field_to_key_reverse PASSED [ 30%]
test/unit/test_app_config.py::TestSummary::test_summary_keys PASSED      [ 30%]
test/unit/test_app_config.py::TestSummary::test_summary_format PASSED    [ 30%]
test/unit/test_app_config.py::TestEnums::test_proxy_type_values PASSED   [ 30%]
test/unit/test_app_config.py::TestEnums::test_cache_backend_values PASSED [ 30%]
test/unit/test_app_config.py::TestEnums::test_eventbus_backend_values PASSED [ 30%]
test/unit/test_app_config.py::TestEnums::test_worker_strategy_values PASSED [ 30%]
test/unit/test_app_config.py::TestEnums::test_log_level_values PASSED    [ 30%]
test/unit/test_app_config.py::TestEdgeCases::test_empty_dict PASSED      [ 30%]
test/unit/test_app_config.py::TestEdgeCases::test_from_dict_is_independent PASSED [ 30%]
test/unit/test_app_config.py::TestEdgeCases::test_to_dict_is_independent PASSED [ 30%]
test/unit/test_app_config.py::TestEdgeCases::test_multiple_legacy_keys_for_same_field PASSED [ 30%]
test/unit/test_app_config.py::TestEdgeCases::test_descriptions_not_empty PASSED [ 30%]
test/unit/test_app_config.py::TestEdgeCases::test_large_extra_dict_preserved PASSED [ 30%]
test/unit/test_async_plugin.py::TestAsyncResult::test_error_result PASSED [ 30%]
test/unit/test_async_plugin.py::TestAsyncResult::test_ok_result PASSED   [ 30%]
test/unit/test_async_plugin.py::TestAsyncResult::test_repr PASSED        [ 30%]
test/unit/test_async_plugin.py::TestEventLoop::test_get_event_loop PASSED [ 30%]
test/unit/test_async_plugin.py::TestEventLoop::test_shutdown_and_recreate PASSED [ 30%]
test/unit/test_async_plugin.py::TestRunAsync::test_run_async_simple PASSED [ 30%]
test/unit/test_async_plugin.py::TestRunAsync::test_run_async_with_await PASSED [ 30%]
test/unit/test_async_plugin.py::TestAsyncFetchUrl::test_async_fetch_url PASSED [ 31%]
test/unit/test_async_plugin.py::TestAsyncFetchUrl::test_async_fetch_url_error PASSED [ 31%]
test/unit/test_async_plugin.py::TestAsyncDns::test_async_resolve_host PASSED [ 31%]
test/unit/test_async_plugin.py::TestAsyncDns::test_async_reverse_resolve PASSED [ 31%]
test/unit/test_async_plugin.py::TestAsyncBatch::test_batch_concurrency_limit PASSED [ 31%]
test/unit/test_async_plugin.py::TestAsyncBatch::test_batch_operations PASSED [ 31%]
test/unit/test_async_plugin.py::TestAsyncBatch::test_batch_with_errors PASSED [ 31%]
test/unit/test_async_plugin.py::TestAsyncBatch::test_empty_batch PASSED  [ 31%]
test/unit/test_async_plugin.py::TestAsyncCleanup::test_finished_cleans_up PASSED [ 31%]
test/unit/test_async_plugin.py::TestAsyncCleanup::test_semaphore_lazy PASSED [ 31%]
test/unit/test_audit_log.py::TestAuditEvent::test_defaults PASSED        [ 31%]
test/unit/test_audit_log.py::TestAuditEvent::test_to_dict PASSED         [ 31%]
test/unit/test_audit_log.py::TestAuditEvent::test_from_dict PASSED       [ 31%]
test/unit/test_audit_log.py::TestAuditEvent::test_from_dict_unknown_category PASSED [ 31%]
test/unit/test_audit_log.py::TestAuditEvent::test_round_trip PASSED      [ 31%]
test/unit/test_audit_log.py::TestAuditEvent::test_unique_event_ids PASSED [ 31%]
test/unit/test_audit_log.py::TestMemoryAuditBackend::test_write_and_query PASSED [ 31%]
test/unit/test_audit_log.py::TestMemoryAuditBackend::test_query_by_category PASSED [ 31%]
test/unit/test_audit_log.py::TestMemoryAuditBackend::test_query_by_actor PASSED [ 31%]
test/unit/test_audit_log.py::TestMemoryAuditBackend::test_query_limit PASSED [ 31%]
test/unit/test_audit_log.py::TestMemoryAuditBackend::test_query_most_recent_first PASSED [ 31%]
test/unit/test_audit_log.py::TestMemoryAuditBackend::test_bounded_buffer PASSED [ 31%]
test/unit/test_audit_log.py::TestMemoryAuditBackend::test_count PASSED   [ 31%]
test/unit/test_audit_log.py::TestMemoryAuditBackend::test_query_by_severity PASSED [ 31%]
test/unit/test_audit_log.py::TestMemoryAuditBackend::test_query_time_range PASSED [ 31%]
test/unit/test_audit_log.py::TestFileAuditBackend::test_write_and_query PASSED [ 31%]
test/unit/test_audit_log.py::TestFileAuditBackend::test_append_only PASSED [ 31%]
test/unit/test_audit_log.py::TestFileAuditBackend::test_query_nonexistent_file PASSED [ 31%]
test/unit/test_audit_log.py::TestFileAuditBackend::test_filter_on_file PASSED [ 31%]
test/unit/test_audit_log.py::TestAuditLogger::test_log_and_query PASSED  [ 31%]
test/unit/test_audit_log.py::TestAuditLogger::test_log_auth PASSED       [ 31%]
test/unit/test_audit_log.py::TestAuditLogger::test_log_config PASSED     [ 31%]
test/unit/test_audit_log.py::TestAuditLogger::test_log_scan PASSED       [ 31%]
test/unit/test_audit_log.py::TestAuditLogger::test_log_api PASSED        [ 31%]
test/unit/test_audit_log.py::TestAuditLogger::test_multiple_backends PASSED [ 31%]
test/unit/test_audit_log.py::TestAuditLogger::test_hooks PASSED          [ 31%]
test/unit/test_audit_log.py::TestAuditLogger::test_stats PASSED          [ 31%]
test/unit/test_audit_log.py::TestAuditLogger::test_add_backend PASSED    [ 31%]
test/unit/test_audit_log.py::TestSingleton::test_get_audit_logger PASSED [ 31%]
test/unit/test_auth.py::TestPasswordHashing::test_hash_deterministic FAILED [ 31%]
test/unit/test_auth.py::TestPasswordHashing::test_verify_correct PASSED  [ 31%]
test/unit/test_auth.py::TestPasswordHashing::test_verify_incorrect PASSED [ 31%]
test/unit/test_auth.py::TestAuthConfig::test_defaults PASSED             [ 31%]
test/unit/test_auth.py::TestAuthConfig::test_from_config_api_key PASSED  [ 31%]
test/unit/test_auth.py::TestAuthConfig::test_from_config_basic PASSED    [ 31%]
test/unit/test_auth.py::TestAuthConfig::test_from_config_invalid_method PASSED [ 31%]
test/unit/test_auth.py::TestAuthResult::test_authenticated PASSED        [ 31%]
test/unit/test_auth.py::TestAuthResult::test_to_dict PASSED              [ 31%]
test/unit/test_auth.py::TestAuthResult::test_unauthenticated PASSED      [ 31%]
test/unit/test_auth.py::TestAuthResult::test_viewer_permissions PASSED   [ 31%]
test/unit/test_auth.py::TestAuthGuard::test_api_key_from_query_param PASSED [ 31%]
test/unit/test_auth.py::TestAuthGuard::test_api_key_invalid PASSED       [ 31%]
test/unit/test_auth.py::TestAuthGuard::test_api_key_missing PASSED       [ 31%]
test/unit/test_auth.py::TestAuthGuard::test_api_key_valid PASSED         [ 31%]
test/unit/test_auth.py::TestAuthGuard::test_basic_auth_missing_header PASSED [ 31%]
test/unit/test_auth.py::TestAuthGuard::test_basic_auth_valid PASSED      [ 31%]
test/unit/test_auth.py::TestAuthGuard::test_basic_auth_wrong_password PASSED [ 31%]
test/unit/test_auth.py::TestAuthGuard::test_generate_api_key PASSED      [ 31%]
test/unit/test_auth.py::TestAuthGuard::test_jwt_expired PASSED           [ 31%]
test/unit/test_auth.py::TestAuthGuard::test_jwt_roundtrip PASSED         [ 31%]
test/unit/test_auth.py::TestAuthGuard::test_no_auth_allows_all FAILED    [ 31%]
test/unit/test_auth.py::TestAuthGuard::test_public_path_bypasses_auth PASSED [ 31%]
test/unit/test_auth.py::TestAuthGuard::test_role_assignment PASSED       [ 31%]
test/unit/test_auth.py::TestRolePermissions::test_admin_has_all PASSED   [ 31%]
test/unit/test_auth.py::TestRolePermissions::test_viewer_limited PASSED  [ 31%]
test/unit/test_benchmarks.py::TestPercentile::test_empty_data PASSED     [ 31%]
test/unit/test_benchmarks.py::TestPercentile::test_single_value PASSED   [ 31%]
test/unit/test_benchmarks.py::TestPercentile::test_p50_odd PASSED        [ 31%]
test/unit/test_benchmarks.py::TestPercentile::test_p95 PASSED            [ 31%]
test/unit/test_benchmarks.py::TestPercentile::test_p99 PASSED            [ 31%]
test/unit/test_benchmarks.py::TestBenchmarkResult::test_duration PASSED  [ 31%]
test/unit/test_benchmarks.py::TestBenchmarkResult::test_events_per_second PASSED [ 31%]
test/unit/test_benchmarks.py::TestBenchmarkResult::test_events_per_second_zero_duration PASSED [ 31%]
test/unit/test_benchmarks.py::TestBenchmarkResult::test_db_writes_per_second PASSED [ 31%]
test/unit/test_benchmarks.py::TestBenchmarkResult::test_latency_percentiles PASSED [ 31%]
test/unit/test_benchmarks.py::TestBenchmarkResult::test_latency_no_samples PASSED [ 31%]
test/unit/test_benchmarks.py::TestBenchmarkResult::test_to_dict PASSED   [ 31%]
test/unit/test_benchmarks.py::TestScanBenchmark::test_basic_flow PASSED  [ 31%]
test/unit/test_benchmarks.py::TestScanBenchmark::test_record_error PASSED [ 31%]
test/unit/test_benchmarks.py::TestScanBenchmark::test_record_memory PASSED [ 31%]
test/unit/test_benchmarks.py::TestMultiBenchmark::test_empty PASSED      [ 31%]
test/unit/test_benchmarks.py::TestMultiBenchmark::test_single_result PASSED [ 31%]
test/unit/test_benchmarks.py::TestMultiBenchmark::test_multiple_results PASSED [ 31%]
test/unit/test_benchmarks.py::TestPgTuningRecommendation::test_to_dict PASSED [ 31%]
test/unit/test_benchmarks.py::TestPostgresTuningAdvisor::test_recommend_16gb PASSED [ 31%]
test/unit/test_benchmarks.py::TestPostgresTuningAdvisor::test_shared_buffers_calculation PASSED [ 31%]
test/unit/test_benchmarks.py::TestPostgresTuningAdvisor::test_shared_buffers_capped_at_8gb PASSED [ 31%]
test/unit/test_benchmarks.py::TestPostgresTuningAdvisor::test_work_mem_calculation PASSED [ 32%]
test/unit/test_benchmarks.py::TestPostgresTuningAdvisor::test_parallel_workers PASSED [ 32%]
test/unit/test_benchmarks.py::TestPostgresTuningAdvisor::test_ssd_random_page_cost PASSED [ 32%]
test/unit/test_benchmarks.py::TestPostgresTuningAdvisor::test_no_ssd_no_random_page_cost PASSED [ 32%]
test/unit/test_benchmarks.py::TestPostgresTuningAdvisor::test_summary PASSED [ 32%]
test/unit/test_benchmarks.py::TestPostgresTuningAdvisor::test_generate_config PASSED [ 32%]
test/unit/test_benchmarks.py::TestPostgresTuningAdvisor::test_small_ram PASSED [ 32%]
test/unit/test_benchmarks.py::TestPostgresTuningAdvisor::test_detect_cores PASSED [ 32%]
test/unit/test_benchmarks.py::TestPostgresTuningAdvisor::test_detect_ram PASSED [ 32%]
test/unit/test_benchmarks.py::TestPerformanceThreshold::test_gte_pass PASSED [ 32%]
test/unit/test_benchmarks.py::TestPerformanceThreshold::test_gte_fail PASSED [ 32%]
test/unit/test_benchmarks.py::TestPerformanceThreshold::test_lte_pass PASSED [ 32%]
test/unit/test_benchmarks.py::TestPerformanceThreshold::test_lte_fail PASSED [ 32%]
test/unit/test_benchmarks.py::TestPerformanceThreshold::test_gt PASSED   [ 32%]
test/unit/test_benchmarks.py::TestPerformanceThreshold::test_lt PASSED   [ 32%]
test/unit/test_benchmarks.py::TestPerformanceThreshold::test_invalid_operator PASSED [ 32%]
test/unit/test_benchmarks.py::TestPerformanceThreshold::test_to_dict PASSED [ 32%]
test/unit/test_benchmarks.py::TestPerformanceRegressionRunner::test_check_passing PASSED [ 32%]
test/unit/test_benchmarks.py::TestPerformanceRegressionRunner::test_check_failing PASSED [ 32%]
test/unit/test_benchmarks.py::TestPerformanceRegressionRunner::test_custom_thresholds PASSED [ 32%]
test/unit/test_benchmarks.py::TestPerformanceRegressionRunner::test_clear_thresholds PASSED [ 32%]
test/unit/test_benchmarks.py::TestPerformanceRegressionRunner::test_run_single PASSED [ 32%]
test/unit/test_benchmarks.py::TestPerformanceRegressionRunner::test_run_multiple PASSED [ 32%]
test/unit/test_benchmarks.py::TestPerformanceRegressionRunner::test_run_with_warmup PASSED [ 32%]
test/unit/test_benchmarks.py::TestPerformanceRegressionRunner::test_run_with_error PASSED [ 32%]
test/unit/test_benchmarks.py::TestPerformanceRegressionRunner::test_default_thresholds PASSED [ 32%]
test/unit/test_benchmarks.py::TestThroughputSimulator::test_basic_simulation PASSED [ 32%]
test/unit/test_benchmarks.py::TestThroughputSimulator::test_error_rate PASSED [ 32%]
test/unit/test_benchmarks.py::TestThroughputSimulator::test_custom_name PASSED [ 32%]
test/unit/test_benchmarks.py::TestThroughputSimulator::test_large_event_size PASSED [ 32%]
test/unit/test_benchmarks.py::TestDBWriteBenchmark::test_single_insert_no_fn PASSED [ 32%]
test/unit/test_benchmarks.py::TestDBWriteBenchmark::test_single_insert_with_fn PASSED [ 32%]
test/unit/test_benchmarks.py::TestDBWriteBenchmark::test_single_insert_with_errors PASSED [ 32%]
test/unit/test_benchmarks.py::TestDBWriteBenchmark::test_bulk_insert_no_fn PASSED [ 32%]
test/unit/test_benchmarks.py::TestDBWriteBenchmark::test_bulk_insert_with_fn PASSED [ 32%]
test/unit/test_benchmarks.py::TestDBWriteBenchmark::test_bulk_insert_remainder PASSED [ 32%]
test/unit/test_benchmarks.py::TestEventPipelineBenchmark::test_basic_pipeline PASSED [ 32%]
test/unit/test_benchmarks.py::TestEventPipelineBenchmark::test_pipeline_with_dedup PASSED [ 32%]
test/unit/test_benchmarks.py::TestEventPipelineBenchmark::test_pipeline_with_dispatch PASSED [ 32%]
test/unit/test_benchmarks.py::TestEventPipelineBenchmark::test_pipeline_dispatch_error PASSED [ 32%]
test/unit/test_cache_service.py::TestCacheConfig::test_defaults PASSED   [ 32%]
test/unit/test_cache_service.py::TestCacheConfig::test_from_sf_config PASSED [ 32%]
test/unit/test_cache_service.py::TestCacheConfig::test_unknown_backend_defaults PASSED [ 32%]
test/unit/test_cache_service.py::TestMemoryCache::test_clear PASSED      [ 32%]
test/unit/test_cache_service.py::TestMemoryCache::test_delete PASSED     [ 32%]
test/unit/test_cache_service.py::TestMemoryCache::test_delete_nonexistent PASSED [ 32%]
test/unit/test_cache_service.py::TestMemoryCache::test_eviction PASSED   [ 32%]
test/unit/test_cache_service.py::TestMemoryCache::test_exists PASSED     [ 32%]
test/unit/test_cache_service.py::TestMemoryCache::test_get_missing_key PASSED [ 32%]
test/unit/test_cache_service.py::TestMemoryCache::test_hash_key PASSED   [ 32%]
test/unit/test_cache_service.py::TestMemoryCache::test_put_and_get PASSED [ 32%]
test/unit/test_cache_service.py::TestMemoryCache::test_put_dict PASSED   [ 32%]
test/unit/test_cache_service.py::TestMemoryCache::test_put_list PASSED   [ 32%]
test/unit/test_cache_service.py::TestMemoryCache::test_size PASSED       [ 32%]
test/unit/test_cache_service.py::TestMemoryCache::test_stats PASSED      [ 32%]
test/unit/test_cache_service.py::TestMemoryCache::test_ttl_expiry PASSED [ 32%]
test/unit/test_cache_service.py::TestFileCache::test_clear PASSED        [ 32%]
test/unit/test_cache_service.py::TestFileCache::test_delete PASSED       [ 32%]
test/unit/test_cache_service.py::TestFileCache::test_exists PASSED       [ 32%]
test/unit/test_cache_service.py::TestFileCache::test_get_missing PASSED  [ 32%]
test/unit/test_cache_service.py::TestFileCache::test_put_and_get_dict PASSED [ 32%]
test/unit/test_cache_service.py::TestFileCache::test_put_and_get_string PASSED [ 32%]
test/unit/test_cache_service.py::TestFileCache::test_size PASSED         [ 32%]
test/unit/test_cache_service.py::TestFactory::test_create_default PASSED [ 32%]
test/unit/test_cache_service.py::TestFactory::test_create_file PASSED    [ 32%]
test/unit/test_cache_service.py::TestFactory::test_create_from_config PASSED [ 32%]
test/unit/test_cache_service.py::TestFactory::test_create_memory PASSED  [ 32%]
test/unit/test_cache_service.py::TestFactory::test_create_redis PASSED   [ 32%]
test/unit/test_celery_pipeline.py::TestRunScanTaskSignature::test_run_scan_has_correct_queue PASSED [ 32%]
test/unit/test_celery_pipeline.py::TestRunScanTaskSignature::test_run_scan_importable PASSED [ 32%]
test/unit/test_celery_pipeline.py::TestRunScanTaskSignature::test_run_scan_is_celery_task PASSED [ 32%]
test/unit/test_celery_pipeline.py::TestScannerStartup::test_startSpiderFootScanner_importable PASSED [ 32%]
test/unit/test_celery_pipeline.py::TestLoadModulesPipeline::test_modules_have_handleEvent PASSED [ 32%]
test/unit/test_celery_pipeline.py::TestLoadModulesPipeline::test_modules_have_producedEvents PASSED [ 32%]
test/unit/test_celery_pipeline.py::TestLoadModulesPipeline::test_modules_have_watchedEvents PASSED [ 32%]
test/unit/test_celery_pipeline.py::TestLoadModulesPipeline::test_modules_loaded PASSED [ 32%]
test/unit/test_celery_pipeline.py::TestModuleHandleEventCallable::test_example_module_handleEvent_callable PASSED [ 32%]
test/unit/test_celery_pipeline.py::TestModuleHandleEventCallable::test_worker_pool_config_autosize PASSED [ 32%]
test/unit/test_celery_pipeline.py::TestModuleHandleEventCallable::test_worker_pool_config_from_opts PASSED [ 32%]
test/unit/test_cli_service.py::TestPrintTable::test_empty_rows PASSED    [ 32%]
test/unit/test_cli_service.py::TestPrintTable::test_simple_table PASSED  [ 32%]
test/unit/test_cli_service.py::TestBuildParser::test_config_get PASSED   [ 32%]
test/unit/test_cli_service.py::TestBuildParser::test_correlate_command PASSED [ 32%]
test/unit/test_cli_service.py::TestBuildParser::test_metrics_command PASSED [ 32%]
test/unit/test_cli_service.py::TestBuildParser::test_modules_command PASSED [ 32%]
test/unit/test_cli_service.py::TestBuildParser::test_parser_creates PASSED [ 32%]
test/unit/test_cli_service.py::TestBuildParser::test_scan_submit_command PASSED [ 32%]
test/unit/test_cli_service.py::TestBuildParser::test_status_command PASSED [ 33%]
test/unit/test_cli_service.py::TestBuildParser::test_version_command PASSED [ 33%]
test/unit/test_cli_service.py::TestCmdVersion::test_prints_version PASSED [ 33%]
test/unit/test_cli_service.py::TestMainNoArgs::test_no_args_prints_help PASSED [ 33%]
test/unit/test_concurrency_performance.py::TestWorkStealingScheduler::test_register_unregister PASSED [ 33%]
test/unit/test_concurrency_performance.py::TestWorkStealingScheduler::test_stats PASSED [ 33%]
test/unit/test_concurrency_performance.py::TestWorkStealingScheduler::test_steal_from_busiest PASSED [ 33%]
test/unit/test_concurrency_performance.py::TestWorkStealingScheduler::test_steal_nothing_available PASSED [ 33%]
test/unit/test_concurrency_performance.py::TestWorkStealingScheduler::test_steal_updates_stats PASSED [ 33%]
test/unit/test_concurrency_performance.py::TestWorkStealingScheduler::test_submit_and_get PASSED [ 33%]
test/unit/test_concurrency_performance.py::TestWorkStealingScheduler::test_submit_nonexistent_worker PASSED [ 33%]
test/unit/test_concurrency_performance.py::TestWorkStealingScheduler::test_total_pending PASSED [ 33%]
test/unit/test_concurrency_performance.py::TestModulePriorityScheduler::test_execution_order PASSED [ 33%]
test/unit/test_concurrency_performance.py::TestModulePriorityScheduler::test_priority_clamped PASSED [ 33%]
test/unit/test_concurrency_performance.py::TestModulePriorityScheduler::test_priority_groups PASSED [ 33%]
test/unit/test_concurrency_performance.py::TestModulePriorityScheduler::test_same_priority_preserves_order PASSED [ 33%]
test/unit/test_concurrency_performance.py::TestModulePriorityScheduler::test_set_priority PASSED [ 33%]
test/unit/test_concurrency_performance.py::TestModulePriorityScheduler::test_unregister PASSED [ 33%]
test/unit/test_concurrency_performance.py::TestModulePreloader::test_clear PASSED [ 33%]
test/unit/test_concurrency_performance.py::TestModulePreloader::test_get_module PASSED [ 33%]
test/unit/test_concurrency_performance.py::TestModulePreloader::test_preload_builtin PASSED [ 33%]
test/unit/test_concurrency_performance.py::TestModulePreloader::test_preload_nonexistent 
-------------------------------- live log call --------------------------------
23:26:59 [WARNING] Failed to preload fake_module: No module named 'nonexistent_package_xyz'
PASSED                                                                   [ 33%]
test/unit/test_concurrency_performance.py::TestEventDeduplicator::test_active_entries PASSED [ 33%]
test/unit/test_concurrency_performance.py::TestEventDeduplicator::test_different_event_not_duplicate PASSED [ 33%]
test/unit/test_concurrency_performance.py::TestEventDeduplicator::test_different_scan_not_duplicate PASSED [ 33%]
test/unit/test_concurrency_performance.py::TestEventDeduplicator::test_different_type_not_duplicate PASSED [ 33%]
test/unit/test_concurrency_performance.py::TestEventDeduplicator::test_first_event_not_duplicate PASSED [ 33%]
test/unit/test_concurrency_performance.py::TestEventDeduplicator::test_max_entries_eviction PASSED [ 33%]
test/unit/test_concurrency_performance.py::TestEventDeduplicator::test_same_event_after_window_not_duplicate PASSED [ 33%]
test/unit/test_concurrency_performance.py::TestEventDeduplicator::test_same_event_within_window_is_duplicate PASSED [ 33%]
test/unit/test_concurrency_performance.py::TestEventDeduplicator::test_start_stop PASSED [ 33%]
test/unit/test_concurrency_performance.py::TestEventDeduplicator::test_stats PASSED [ 33%]
test/unit/test_concurrency_performance.py::TestBackpressureController::test_blocked_state 
-------------------------------- live log call --------------------------------
23:27:01 [INFO] Backpressure state: normal -> blocked (depth=9500/10000)
PASSED                                                                   [ 33%]
test/unit/test_concurrency_performance.py::TestBackpressureController::test_critical_state 
-------------------------------- live log call --------------------------------
23:27:01 [INFO] Backpressure state: normal -> critical (depth=8000/10000)
PASSED                                                                   [ 33%]
test/unit/test_concurrency_performance.py::TestBackpressureController::test_depth_fn_required PASSED [ 33%]
test/unit/test_concurrency_performance.py::TestBackpressureController::test_normal_state PASSED [ 33%]
test/unit/test_concurrency_performance.py::TestBackpressureController::test_state_change_callback 
-------------------------------- live log call --------------------------------
23:27:01 [INFO] Backpressure state: normal -> blocked (depth=95/100)
PASSED                                                                   [ 33%]
test/unit/test_concurrency_performance.py::TestBackpressureController::test_stats PASSED [ 33%]
test/unit/test_concurrency_performance.py::TestBackpressureController::test_utilization PASSED [ 33%]
test/unit/test_concurrency_performance.py::TestBackpressureController::test_warning_state 
-------------------------------- live log call --------------------------------
23:27:02 [INFO] Backpressure state: normal -> warning (depth=5500/10000)
PASSED                                                                   [ 33%]
test/unit/test_concurrency_performance.py::TestScaleSignal::test_to_dict PASSED [ 33%]
test/unit/test_concurrency_performance.py::TestWorkerAutoScaler::test_cooldown PASSED [ 33%]
test/unit/test_concurrency_performance.py::TestWorkerAutoScaler::test_depth_fn_required PASSED [ 33%]
test/unit/test_concurrency_performance.py::TestWorkerAutoScaler::test_history PASSED [ 33%]
test/unit/test_concurrency_performance.py::TestWorkerAutoScaler::test_no_change PASSED [ 33%]
test/unit/test_concurrency_performance.py::TestWorkerAutoScaler::test_respects_max PASSED [ 33%]
test/unit/test_concurrency_performance.py::TestWorkerAutoScaler::test_respects_min PASSED [ 33%]
test/unit/test_concurrency_performance.py::TestWorkerAutoScaler::test_scale_down PASSED [ 33%]
test/unit/test_concurrency_performance.py::TestWorkerAutoScaler::test_scale_up PASSED [ 33%]
test/unit/test_concurrency_performance.py::TestSpanRecord::test_finish PASSED [ 33%]
test/unit/test_concurrency_performance.py::TestSpanRecord::test_finish_with_error PASSED [ 33%]
test/unit/test_concurrency_performance.py::TestSpanRecord::test_to_dict PASSED [ 33%]
test/unit/test_concurrency_performance.py::TestTracingMiddleware::test_error_spans PASSED [ 33%]
test/unit/test_concurrency_performance.py::TestTracingMiddleware::test_slow_spans PASSED [ 33%]
test/unit/test_concurrency_performance.py::TestTracingMiddleware::test_start_and_finish_span PASSED [ 33%]
test/unit/test_concurrency_performance.py::TestTracingMiddleware::test_summary PASSED [ 33%]
test/unit/test_concurrency_performance.py::TestCeleryRetryConfig::test_contains_required_keys PASSED [ 33%]
test/unit/test_concurrency_performance.py::TestCeleryRetryConfig::test_custom_config PASSED [ 33%]
test/unit/test_concurrency_performance.py::TestCeleryRetryConfig::test_default_config PASSED [ 33%]
test/unit/test_concurrency_performance.py::TestModuleTimeoutEnforcer::test_celery_limits PASSED [ 33%]
test/unit/test_concurrency_performance.py::TestModuleTimeoutEnforcer::test_check_active PASSED [ 33%]
test/unit/test_concurrency_performance.py::TestModuleTimeoutEnforcer::test_custom_timeout PASSED [ 33%]
test/unit/test_concurrency_performance.py::TestModuleTimeoutEnforcer::test_default_timeout PASSED [ 33%]
------------------------------ live log teardown ------------------------------
23:27:04 [ERROR] Failed to scale down pool_0: '>' not supported between instances of 'int' and 'MagicMock'

23:27:04 [ERROR] Failed to scale down pool_0: '>' not supported between instances of 'int' and 'MagicMock'

test/unit/test_concurrency_performance.py::TestModuleTimeoutEnforcer::test_no_violation_within_timeout PASSED [ 33%]
test/unit/test_concurrency_performance.py::TestModuleTimeoutEnforcer::test_stop_untracked_returns_zero PASSED [ 33%]
test/unit/test_concurrency_performance.py::TestModuleTimeoutEnforcer::test_timeout_violation 
-------------------------------- live log call --------------------------------
23:27:04 [WARNING] Module sfp_slow exceeded timeout: 0.1s > 0.1s
PASSED                                                                   [ 33%]
test/unit/test_concurrency_performance.py::TestModuleTimeoutEnforcer::test_tracking PASSED [ 33%]
test/unit/test_concurrency_performance.py::TestScanChunk::test_to_dict PASSED [ 33%]
test/unit/test_concurrency_performance.py::TestScanSplitter::test_chunk_metadata PASSED [ 33%]
test/unit/test_concurrency_performance.py::TestScanSplitter::test_estimate_chunks_invalid PASSED [ 33%]
test/unit/test_concurrency_performance.py::TestScanSplitter::test_estimate_chunks_ip PASSED [ 33%]
test/unit/test_concurrency_performance.py::TestScanSplitter::test_split_by_module_category PASSED [ 33%]
test/unit/test_concurrency_performance.py::TestScanSplitter::test_split_invalid_cidr PASSED [ 33%]
test/unit/test_concurrency_performance.py::TestScanSplitter::test_split_single_ip PASSED [ 33%]
test/unit/test_concurrency_performance.py::TestScanSplitter::test_split_slash16 PASSED [ 33%]
test/unit/test_concurrency_performance.py::TestScanSplitter::test_split_slash24 PASSED [ 33%]
test/unit/test_concurrency_performance.py::TestScanSplitter::test_split_subdomains PASSED [ 33%]
test/unit/test_config_api_modernization.py::TestConfigWrapsAppConfig::test_app_config_property PASSED [ 33%]
test/unit/test_config_api_modernization.py::TestConfigWrapsAppConfig::test_get_config_returns_dict PASSED [ 33%]
test/unit/test_config_api_modernization.py::TestConfigWrapsAppConfig::test_config_property_alias PASSED [ 33%]
test/unit/test_config_api_modernization.py::TestConfigWrapsAppConfig::test_version_preserved PASSED [ 33%]
test/unit/test_config_api_modernization.py::TestConfigWrapsAppConfig::test_modules_preserved PASSED [ 33%]
test/unit/test_config_api_modernization.py::TestConfigWrapsAppConfig::test_debug_flag_round_trip PASSED [ 33%]
test/unit/test_config_api_modernization.py::TestConfigWrapsAppConfig::test_extra_keys_preserved PASSED [ 33%]
test/unit/test_config_api_modernization.py::TestConfigWrapsAppConfig::test_set_config_option PASSED [ 33%]
test/unit/test_config_api_modernization.py::TestConfigWrapsAppConfig::test_update_config PASSED [ 33%]
test/unit/test_config_api_modernization.py::TestConfigWrapsAppConfig::test_replace_config PASSED [ 33%]
test/unit/test_config_api_modernization.py::TestConfigWrapsAppConfig::test_config_setter PASSED [ 34%]
test/unit/test_config_api_modernization.py::TestConfigValidation::test_valid_config PASSED [ 34%]
test/unit/test_config_api_modernization.py::TestConfigValidation::test_invalid_max_threads PASSED [ 34%]
test/unit/test_config_api_modernization.py::TestConfigValidation::test_invalid_fetch_timeout PASSED [ 34%]
test/unit/test_config_api_modernization.py::TestConfigValidation::test_invalid_proxy_type PASSED [ 34%]
test/unit/test_config_api_modernization.py::TestConfigValidation::test_invalid_port PASSED [ 34%]
test/unit/test_config_api_modernization.py::TestConfigValidation::test_invalid_log_level PASSED [ 34%]
test/unit/test_config_api_modernization.py::TestConfigValidation::test_invalid_cache_backend PASSED [ 34%]
test/unit/test_config_api_modernization.py::TestConfigValidation::test_invalid_eventbus_backend PASSED [ 34%]
test/unit/test_config_api_modernization.py::TestConfigValidation::test_invalid_worker_strategy PASSED [ 34%]
test/unit/test_config_api_modernization.py::TestConfigValidation::test_validation_with_options_dict PASSED [ 34%]
test/unit/test_config_api_modernization.py::TestConfigValidation::test_validation_error_structure PASSED [ 34%]
test/unit/test_config_api_modernization.py::TestConfigValidation::test_multiple_errors PASSED [ 34%]
test/unit/test_config_api_modernization.py::TestScanWorkspaceDefaults::test_get_scan_defaults PASSED [ 34%]
test/unit/test_config_api_modernization.py::TestScanWorkspaceDefaults::test_set_scan_defaults PASSED [ 34%]
test/unit/test_config_api_modernization.py::TestScanWorkspaceDefaults::test_get_workspace_defaults PASSED [ 34%]
test/unit/test_config_api_modernization.py::TestScanWorkspaceDefaults::test_set_workspace_defaults PASSED [ 34%]
test/unit/test_config_api_modernization.py::TestApiKeyManagement::test_get_api_keys PASSED [ 34%]
test/unit/test_config_api_modernization.py::TestApiKeyManagement::test_add_api_key PASSED [ 34%]
test/unit/test_config_api_modernization.py::TestApiKeyManagement::test_delete_api_key PASSED [ 34%]
test/unit/test_config_api_modernization.py::TestApiKeyManagement::test_get_credentials PASSED [ 34%]
test/unit/test_config_api_modernization.py::TestApiKeyManagement::test_add_credential PASSED [ 34%]
test/unit/test_config_api_modernization.py::TestApiKeyManagement::test_delete_credential PASSED [ 34%]
test/unit/test_config_api_modernization.py::TestModuleConfig::test_get_module_config PASSED [ 34%]
test/unit/test_config_api_modernization.py::TestModuleConfig::test_get_module_config_not_found PASSED [ 34%]
test/unit/test_config_api_modernization.py::TestModuleConfig::test_update_module_config PASSED [ 34%]
test/unit/test_config_api_modernization.py::TestModuleConfig::test_update_module_config_not_found PASSED [ 34%]
test/unit/test_config_api_modernization.py::TestConfigSummary::test_config_summary PASSED [ 34%]
test/unit/test_config_api_modernization.py::TestConfigSummary::test_config_summary_values PASSED [ 34%]
test/unit/test_config_api_modernization.py::TestSaveReload::test_save_config_calls_db 
-------------------------------- live log call --------------------------------
23:27:10 [INFO] Configuration saved to database
PASSED                                                                   [ 34%]
test/unit/test_config_api_modernization.py::TestSaveReload::test_save_config_handles_failure 
-------------------------------- live log call --------------------------------
23:27:10 [WARNING] Failed to save config to DB: DB error
PASSED                                                                   [ 34%]
test/unit/test_config_api_modernization.py::TestSaveReload::test_reload_reads_db 
-------------------------------- live log call --------------------------------
23:27:10 [INFO] Configuration reloaded from database
PASSED                                                                   [ 34%]
test/unit/test_config_api_modernization.py::TestSaveReload::test_reload_handles_failure 
-------------------------------- live log call --------------------------------
23:27:10 [WARNING] Failed to reload config from DB: DB error
PASSED                                                                   [ 34%]
test/unit/test_config_api_modernization.py::TestEnvOverlay::test_env_override_applied 
-------------------------------- live log call --------------------------------
23:27:10 [INFO] Applied 2 env-var override(s): SF_DEBUG, SF_MAX_THREADS
PASSED                                                                   [ 34%]
test/unit/test_config_api_modernization.py::TestResetAppConfig::test_reset_clears_singleton PASSED [ 34%]
test/unit/test_config_api_modernization.py::TestConfigEndpoints::test_get_config 
-------------------------------- live log call --------------------------------
23:27:10 [INFO] HTTP Request: GET http://testserver/api/config "HTTP/1.1 200 OK"
PASSED                                                                   [ 34%]
test/unit/test_config_api_modernization.py::TestConfigEndpoints::test_get_config_no_dunder_keys 
-------------------------------- live log call --------------------------------
23:27:11 [INFO] HTTP Request: GET http://testserver/api/config "HTTP/1.1 200 OK"
PASSED                                                                   [ 34%]
test/unit/test_config_api_modernization.py::TestConfigEndpoints::test_patch_config_valid 
-------------------------------- live log call --------------------------------
23:27:11 [WARNING] Failed to save config to DB: __database must be a non-empty connection string
23:27:11 [INFO] HTTP Request: PATCH http://testserver/api/config "HTTP/1.1 200 OK"
PASSED                                                                   [ 34%]
test/unit/test_config_api_modernization.py::TestConfigEndpoints::test_patch_config_invalid 
-------------------------------- live log call --------------------------------
23:27:11 [INFO] HTTP Request: PATCH http://testserver/api/config "HTTP/1.1 200 OK"
PASSED                                                                   [ 34%]
test/unit/test_config_api_modernization.py::TestConfigEndpoints::test_validate_config_valid 
-------------------------------- live log call --------------------------------
23:27:11 [INFO] HTTP Request: POST http://testserver/api/config/validate "HTTP/1.1 200 OK"
PASSED                                                                   [ 34%]
test/unit/test_config_api_modernization.py::TestConfigEndpoints::test_validate_config_invalid 
-------------------------------- live log call --------------------------------
23:27:11 [INFO] HTTP Request: POST http://testserver/api/config/validate "HTTP/1.1 200 OK"
PASSED                                                                   [ 34%]
test/unit/test_config_api_modernization.py::TestConfigEndpoints::test_get_modules 
-------------------------------- live log call --------------------------------
23:27:11 [INFO] HTTP Request: GET http://testserver/api/modules "HTTP/1.1 200 OK"
PASSED                                                                   [ 34%]
test/unit/test_config_api_modernization.py::TestConfigEndpoints::test_get_scan_defaults 
-------------------------------- live log call --------------------------------
23:27:11 [INFO] HTTP Request: GET http://testserver/api/config/scan-defaults "HTTP/1.1 200 OK"
PASSED                                                                   [ 34%]
test/unit/test_config_api_modernization.py::TestConfigEndpoints::test_get_workspace_defaults 
-------------------------------- live log call --------------------------------
23:27:11 [INFO] HTTP Request: GET http://testserver/api/config/workspace-defaults "HTTP/1.1 200 OK"
PASSED                                                                   [ 34%]
test/unit/test_config_api_modernization.py::TestConfigEndpoints::test_get_api_keys 
-------------------------------- live log call --------------------------------
23:27:12 [INFO] HTTP Request: GET http://testserver/api/config/api-keys "HTTP/1.1 200 OK"
PASSED                                                                   [ 34%]
test/unit/test_config_api_modernization.py::TestConfigEndpoints::test_get_credentials 
-------------------------------- live log call --------------------------------
23:27:12 [INFO] HTTP Request: GET http://testserver/api/config/credentials "HTTP/1.1 200 OK"
PASSED                                                                   [ 34%]
test/unit/test_config_api_modernization.py::TestConfigEndpoints::test_reload_endpoint 
-------------------------------- live log call --------------------------------
23:27:12 [INFO] Configuration reloaded from database
23:27:12 [INFO] HTTP Request: POST http://testserver/api/config/reload "HTTP/1.1 200 OK"
PASSED                                                                   [ 34%]
test/unit/test_config_api_modernization.py::TestConfigEndpoints::test_export_config 
-------------------------------- live log call --------------------------------
23:27:12 [INFO] HTTP Request: GET http://testserver/api/config/export "HTTP/1.1 200 OK"
PASSED                                                                   [ 34%]
test/unit/test_config_api_modernization.py::TestConfigEndpoints::test_import_config 
-------------------------------- live log call --------------------------------
23:27:12 [INFO] Configuration saved to database
23:27:12 [INFO] HTTP Request: POST http://testserver/api/config/import "HTTP/1.1 200 OK"
PASSED                                                                   [ 34%]
test/unit/test_config_api_modernization.py::TestConfigEndpoints::test_get_config_summary_endpoint 
-------------------------------- live log call --------------------------------
23:27:12 [INFO] HTTP Request: GET http://testserver/api/config/summary "HTTP/1.1 200 OK"
PASSED                                                                   [ 34%]
test/unit/test_config_api_modernization.py::TestBackwardCompatibility::test_config_dict_key_access PASSED [ 34%]
test/unit/test_config_api_modernization.py::TestBackwardCompatibility::test_modules_in_flat_dict PASSED [ 34%]
test/unit/test_config_api_modernization.py::TestBackwardCompatibility::test_global_opt_descs PASSED [ 34%]
test/unit/test_config_api_modernization.py::TestBackwardCompatibility::test_round_trip PASSED [ 34%]
test/unit/test_config_api_modernization.py::TestBackwardCompatibility::test_scan_result_delete_stub PASSED [ 34%]
test/unit/test_config_schema.py::TestFieldSchema::test_enum PASSED       [ 34%]
test/unit/test_config_schema.py::TestFieldSchema::test_float_accepts_int PASSED [ 34%]
test/unit/test_config_schema.py::TestFieldSchema::test_max_length PASSED [ 34%]
test/unit/test_config_schema.py::TestFieldSchema::test_max_value PASSED  [ 34%]
test/unit/test_config_schema.py::TestFieldSchema::test_min_length PASSED [ 34%]
test/unit/test_config_schema.py::TestFieldSchema::test_min_value PASSED  [ 34%]
test/unit/test_config_schema.py::TestFieldSchema::test_optional_missing PASSED [ 34%]
test/unit/test_config_schema.py::TestFieldSchema::test_pattern PASSED    [ 34%]
test/unit/test_config_schema.py::TestFieldSchema::test_required_missing PASSED [ 34%]
test/unit/test_config_schema.py::TestFieldSchema::test_to_dict PASSED    [ 34%]
test/unit/test_config_schema.py::TestFieldSchema::test_type_mismatch PASSED [ 34%]
test/unit/test_config_schema.py::TestFieldSchema::test_valid_bool PASSED [ 34%]
test/unit/test_config_schema.py::TestFieldSchema::test_valid_int PASSED  [ 34%]
test/unit/test_config_schema.py::TestFieldSchema::test_valid_string PASSED [ 34%]
test/unit/test_config_schema.py::TestConfigSchema::test_chaining PASSED  [ 34%]
test/unit/test_config_schema.py::TestConfigSchema::test_contains PASSED  [ 34%]
test/unit/test_config_schema.py::TestConfigSchema::test_find_unknown_keys PASSED [ 34%]
test/unit/test_config_schema.py::TestConfigSchema::test_get_defaults PASSED [ 34%]
test/unit/test_config_schema.py::TestConfigSchema::test_get_field PASSED [ 34%]
test/unit/test_config_schema.py::TestConfigSchema::test_len PASSED       [ 34%]
test/unit/test_config_schema.py::TestConfigSchema::test_required_fields PASSED [ 34%]
test/unit/test_config_schema.py::TestConfigSchema::test_sensitive_fields PASSED [ 34%]
test/unit/test_config_schema.py::TestConfigSchema::test_to_dict PASSED   [ 34%]
test/unit/test_config_schema.py::TestConfigSchema::test_validate_missing_required PASSED [ 34%]
test/unit/test_config_schema.py::TestConfigSchema::test_validate_range_error PASSED [ 34%]
test/unit/test_config_schema.py::TestConfigSchema::test_validate_type_error PASSED [ 34%]
test/unit/test_config_schema.py::TestConfigSchema::test_validate_valid PASSED [ 34%]
test/unit/test_config_schema.py::TestInferSchema::test_infer_description PASSED [ 34%]
test/unit/test_config_schema.py::TestInferSchema::test_infer_types PASSED [ 34%]
test/unit/test_config_schema.py::TestInferSchema::test_sensitive_detection PASSED [ 34%]
test/unit/test_config_schema.py::TestValidateModuleConfig::test_type_mismatch PASSED [ 34%]
test/unit/test_config_schema.py::TestValidateModuleConfig::test_valid_config PASSED [ 34%]
test/unit/test_config_service.py::TestCoerce::test_bool_false PASSED     [ 35%]
test/unit/test_config_service.py::TestCoerce::test_bool_true PASSED      [ 35%]
test/unit/test_config_service.py::TestCoerce::test_float PASSED          [ 35%]
test/unit/test_config_service.py::TestCoerce::test_int PASSED            [ 35%]
test/unit/test_config_service.py::TestCoerce::test_list PASSED           [ 35%]
test/unit/test_config_service.py::TestCoerce::test_none PASSED           [ 35%]
test/unit/test_config_service.py::TestConfigValidator::test_apply_defaults PASSED [ 35%]
test/unit/test_config_service.py::TestConfigValidator::test_choices PASSED [ 35%]
test/unit/test_config_service.py::TestConfigValidator::test_min_max PASSED [ 35%]
test/unit/test_config_service.py::TestConfigValidator::test_required_missing PASSED [ 35%]
test/unit/test_config_service.py::TestConfigValidator::test_type_coercion PASSED [ 35%]
test/unit/test_config_service.py::TestConfigService::test_env_overrides 
-------------------------------- live log call --------------------------------
23:27:17 [INFO] Applied 2 environment variable overrides
PASSED                                                                   [ 35%]
test/unit/test_config_service.py::TestConfigService::test_get_default PASSED [ 35%]
test/unit/test_config_service.py::TestConfigService::test_get_with_cast PASSED [ 35%]
test/unit/test_config_service.py::TestConfigService::test_has PASSED     [ 35%]
test/unit/test_config_service.py::TestConfigService::test_keys PASSED    [ 35%]
test/unit/test_config_service.py::TestConfigService::test_load_defaults PASSED [ 35%]
test/unit/test_config_service.py::TestConfigService::test_load_dict PASSED [ 35%]
test/unit/test_config_service.py::TestConfigService::test_load_from_json_file 
-------------------------------- live log call --------------------------------
23:27:18 [INFO] Loaded config from C:\Users\agost\AppData\Local\Temp\tmptv97a1s9.json (1 keys)
PASSED                                                                   [ 35%]
------------------------------ live log teardown ------------------------------
23:27:18 [ERROR] Failed to recreate pool pool_0: connection to server at "localhost" (::1), port 5432 failed: Connection refused (0x0000274D/10061)
	Is the server running on that host and accepting TCP/IP connections?
connection to server at "localhost" (127.0.0.1), port 5432 failed: Connection refused (0x0000274D/10061)
	Is the server running on that host and accepting TCP/IP connections?

23:27:18 [INFO] Scaled down pool_0 from 10 to 5 connections
23:27:18 [ERROR] Failed to recreate pool pool_0: connection to server at "localhost" (::1), port 5432 failed: Connection refused (0x0000274D/10061)
	Is the server running on that host and accepting TCP/IP connections?
connection to server at "localhost" (127.0.0.1), port 5432 failed: Connection refused (0x0000274D/10061)
	Is the server running on that host and accepting TCP/IP connections?

23:27:18 [INFO] Scaled up pool_0 from 5 to 10 connections

test/unit/test_config_service.py::TestConfigService::test_load_from_missing_file 
-------------------------------- live log call --------------------------------
23:27:18 [WARNING] Config file not found: /nonexistent/path.json
PASSED                                                                   [ 35%]
test/unit/test_config_service.py::TestConfigService::test_snapshot PASSED [ 35%]
test/unit/test_config_service.py::TestConfigService::test_stats PASSED   [ 35%]
test/unit/test_config_service.py::TestConfigService::test_validate PASSED [ 35%]
test/unit/test_config_service.py::TestConfigService::test_watch PASSED   [ 35%]
test/unit/test_config_service.py::TestConfigSingleton::test_reset PASSED [ 35%]
test/unit/test_config_service.py::TestConfigSingleton::test_same_instance PASSED [ 35%]
test/unit/test_config_service.py::TestEnvMap::test_all_values_start_with_underscore PASSED [ 35%]
test/unit/test_config_service.py::TestEnvMap::test_env_map_not_empty PASSED [ 35%]
test/unit/test_context_window.py::TestEstimateTokens::test_basic PASSED  [ 35%]
test/unit/test_context_window.py::TestEstimateTokens::test_empty PASSED  [ 35%]
test/unit/test_context_window.py::TestTruncateToTokens::test_no_truncation PASSED [ 35%]
test/unit/test_context_window.py::TestTruncateToTokens::test_truncation PASSED [ 35%]
test/unit/test_context_window.py::TestWindowConfig::test_defaults PASSED [ 35%]
test/unit/test_context_window.py::TestWindowConfig::test_custom PASSED   [ 35%]
test/unit/test_context_window.py::TestContextWindow::test_to_prompt PASSED [ 35%]
test/unit/test_context_window.py::TestWindowingResult::test_window_count PASSED [ 35%]
test/unit/test_context_window.py::TestWindowingResult::test_empty PASSED [ 35%]
test/unit/test_context_window.py::TestAvailableBudget::test_default_budget PASSED [ 35%]
test/unit/test_context_window.py::TestAvailableBudget::test_custom_budget PASSED [ 35%]
test/unit/test_context_window.py::TestAvailableBudget::test_zero_budget PASSED [ 35%]
test/unit/test_context_window.py::TestCreateWindows::test_empty_context PASSED [ 35%]
test/unit/test_context_window.py::TestCreateWindows::test_single_window 
-------------------------------- live log call --------------------------------
23:27:20 [INFO] Created 1 context window(s) using priority_weighted strategy, 100.0% event coverage (6/6 events)
PASSED                                                                   [ 35%]
test/unit/test_context_window.py::TestCreateWindows::test_window_has_prompts 
-------------------------------- live log call --------------------------------
23:27:20 [INFO] Created 1 context window(s) using priority_weighted strategy, 100.0% event coverage (6/6 events)
PASSED                                                                   [ 35%]
test/unit/test_context_window.py::TestCreateWindows::test_window_includes_statistics 
-------------------------------- live log call --------------------------------
23:27:20 [INFO] Created 1 context window(s) using priority_weighted strategy, 100.0% event coverage (6/6 events)
PASSED                                                                   [ 35%]
test/unit/test_context_window.py::TestCreateWindows::test_window_metadata 
-------------------------------- live log call --------------------------------
23:27:20 [INFO] Created 1 context window(s) using priority_weighted strategy, 100.0% event coverage (6/6 events)
PASSED                                                                   [ 35%]
test/unit/test_context_window.py::TestCreateWindows::test_multi_window_on_small_budget 
-------------------------------- live log call --------------------------------
23:27:21 [INFO] Created 2 context window(s) using priority_weighted strategy, 22.0% event coverage (11/50 events)
PASSED                                                                   [ 35%]
test/unit/test_context_window.py::TestCreateWindows::test_multi_window_disabled 
-------------------------------- live log call --------------------------------
23:27:21 [INFO] Created 1 context window(s) using priority_weighted strategy, 100.0% event coverage (6/6 events)
PASSED                                                                   [ 35%]
test/unit/test_context_window.py::TestAllocationStrategies::test_fixed_allocation 
-------------------------------- live log call --------------------------------
23:27:21 [INFO] Created 1 context window(s) using fixed strategy, 100.0% event coverage (6/6 events)
PASSED                                                                   [ 35%]
test/unit/test_context_window.py::TestAllocationStrategies::test_proportional_allocation 
-------------------------------- live log call --------------------------------
23:27:21 [INFO] Created 1 context window(s) using proportional strategy, 100.0% event coverage (6/6 events)
PASSED                                                                   [ 35%]
test/unit/test_context_window.py::TestAllocationStrategies::test_priority_weighted_allocation 
-------------------------------- live log call --------------------------------
23:27:21 [INFO] Created 1 context window(s) using priority_weighted strategy, 100.0% event coverage (6/6 events)
PASSED                                                                   [ 35%]
test/unit/test_context_window.py::TestAllocationStrategies::test_adaptive_allocation 
-------------------------------- live log call --------------------------------
23:27:21 [INFO] Created 1 context window(s) using adaptive strategy, 100.0% event coverage (6/6 events)
PASSED                                                                   [ 35%]
test/unit/test_context_window.py::TestExecutiveWindow::test_executive_window PASSED [ 35%]
test/unit/test_context_window.py::TestRecommendationsWindow::test_recommendations_window PASSED [ 35%]
test/unit/test_context_window.py::TestPreprocessorIntegration::test_end_to_end 
-------------------------------- live log call --------------------------------
23:27:21 [INFO] Preprocessed 4 events \u2192 4 unique \u2192 4 filtered \u2192 5 sections (0.4ms)\n23:27:21 [INFO] Created 1 context window(s) using priority_weighted strategy, 100.0% event coverage (8/8 events)
PASSED                                                                   [ 35%]
test/unit/test_context_window.py::TestEnums::test_allocation_strategies PASSED [ 35%]
test/unit/test_context_window.py::TestEnums::test_window_roles PASSED    [ 35%]
test/unit/test_correlation_service.py::TestCorrelationServiceConfig::test_defaults PASSED [ 35%]
test/unit/test_correlation_service.py::TestCorrelationServiceConfig::test_from_config PASSED [ 35%]
test/unit/test_correlation_service.py::TestCorrelationServiceConfig::test_from_config_invalid_trigger PASSED [ 35%]
test/unit/test_correlation_service.py::TestCorrelationResult::test_creation PASSED [ 35%]
test/unit/test_correlation_service.py::TestCorrelationService::test_callback_error_resilience 
-------------------------------- live log call --------------------------------
23:27:22 [ERROR] Callback error: boom
PASSED                                                                   [ 35%]
test/unit/test_correlation_service.py::TestCorrelationService::test_callback_registration PASSED [ 35%]
test/unit/test_correlation_service.py::TestCorrelationService::test_clear_all_cache PASSED [ 35%]
test/unit/test_correlation_service.py::TestCorrelationService::test_from_config PASSED [ 35%]
test/unit/test_correlation_service.py::TestCorrelationService::test_init PASSED [ 35%]
test/unit/test_correlation_service.py::TestCorrelationService::test_on_scan_completed_event 
-------------------------------- live log call --------------------------------
23:27:23 [INFO] Auto-triggering correlation for completed scan test-scan-1
PASSED                                                                   [ 35%]
test/unit/test_correlation_service.py::TestCorrelationService::test_on_scan_completed_ignored_manual PASSED [ 35%]
test/unit/test_correlation_service.py::TestCorrelationService::test_result_cache PASSED [ 35%]
test/unit/test_correlation_service.py::TestCorrelationService::test_rules_property PASSED [ 35%]
test/unit/test_correlation_service.py::TestCorrelationService::test_start_stop 
-------------------------------- live log call --------------------------------
23:27:23 [INFO] Loaded 0 correlation rules (filtered from 0)
23:27:23 [INFO] CorrelationService started (trigger=scan, rules=0)
23:27:23 [INFO] CorrelationService stopped
PASSED                                                                   [ 35%]
test/unit/test_correlation_service.py::TestCorrelationService::test_status PASSED [ 35%]
test/unit/test_correlation_service.py::TestCorrelationService::test_submit_scan PASSED [ 35%]
test/unit/test_correlation_service.py::TestCorrelationService::test_to_dict PASSED [ 35%]
test/unit/test_correlation_service.py::TestGetCorrelationService::test_returns_instance PASSED [ 35%]
test/unit/test_correlation_wiring.py::TestCorrelationServiceCRUD::test_get_rule_found PASSED [ 35%]
test/unit/test_correlation_wiring.py::TestCorrelationServiceCRUD::test_get_rule_not_found PASSED [ 35%]
test/unit/test_correlation_wiring.py::TestCorrelationServiceCRUD::test_get_rule_returns_copy PASSED [ 35%]
test/unit/test_correlation_wiring.py::TestCorrelationServiceCRUD::test_add_rule_with_id 
-------------------------------- live log call --------------------------------
23:27:24 [INFO] Added correlation rule new1
PASSED                                                                   [ 35%]
test/unit/test_correlation_wiring.py::TestCorrelationServiceCRUD::test_add_rule_generates_id 
-------------------------------- live log call --------------------------------
23:27:24 [INFO] Added correlation rule 01a3b6f1-d6e0-4d24-b6e6-b4cb3aaef16d
PASSED                                                                   [ 35%]
test/unit/test_correlation_wiring.py::TestCorrelationServiceCRUD::test_add_rule_does_not_mutate_original 
-------------------------------- live log call --------------------------------
23:27:24 [INFO] Added correlation rule 5aed1ea4-fac5-40e7-b955-5ff6e1e1853f
PASSED                                                                   [ 35%]
test/unit/test_correlation_wiring.py::TestCorrelationServiceCRUD::test_update_rule_merges_fields 
-------------------------------- live log call --------------------------------
23:27:24 [INFO] Updated correlation rule r1
PASSED                                                                   [ 35%]
test/unit/test_correlation_wiring.py::TestCorrelationServiceCRUD::test_update_rule_prevents_id_overwrite 
-------------------------------- live log call --------------------------------
23:27:24 [INFO] Updated correlation rule r1
PASSED                                                                   [ 35%]
test/unit/test_correlation_wiring.py::TestCorrelationServiceCRUD::test_update_rule_not_found PASSED [ 35%]
test/unit/test_correlation_wiring.py::TestCorrelationServiceCRUD::test_delete_rule_removes 
-------------------------------- live log call --------------------------------
23:27:24 [INFO] Deleted correlation rule r2
PASSED                                                                   [ 35%]
test/unit/test_correlation_wiring.py::TestCorrelationServiceCRUD::test_delete_rule_not_found PASSED [ 35%]
test/unit/test_correlation_wiring.py::TestFilterRules::test_no_filters PASSED [ 35%]
test/unit/test_correlation_wiring.py::TestFilterRules::test_filter_by_risk PASSED [ 35%]
test/unit/test_correlation_wiring.py::TestFilterRules::test_filter_by_enabled PASSED [ 36%]
test/unit/test_correlation_wiring.py::TestFilterRules::test_filter_by_tag PASSED [ 36%]
test/unit/test_correlation_wiring.py::TestFilterRules::test_filter_combined PASSED [ 36%]
test/unit/test_correlation_wiring.py::TestFilterRules::test_filter_no_match PASSED [ 36%]
test/unit/test_correlation_wiring.py::TestSingleton::test_get_correlation_service_creates_instance PASSED [ 36%]
test/unit/test_correlation_wiring.py::TestSingleton::test_get_correlation_service_returns_same PASSED [ 36%]
test/unit/test_correlation_wiring.py::TestDependsProvider::test_get_correlation_svc_returns_service PASSED [ 36%]
test/unit/test_correlation_wiring.py::TestCorrelationsRouter::test_list_rules 
-------------------------------- live log call --------------------------------
23:27:26 [INFO] HTTP Request: GET http://testserver/correlation-rules "HTTP/1.1 200 OK"
PASSED                                                                   [ 36%]
test/unit/test_correlation_wiring.py::TestCorrelationsRouter::test_list_rules_filter_risk 
-------------------------------- live log call --------------------------------
23:27:26 [INFO] HTTP Request: GET http://testserver/correlation-rules?risk=HIGH "HTTP/1.1 200 OK"
PASSED                                                                   [ 36%]
test/unit/test_correlation_wiring.py::TestCorrelationsRouter::test_list_rules_filter_enabled 
-------------------------------- live log call --------------------------------
23:27:26 [INFO] HTTP Request: GET http://testserver/correlation-rules?enabled=false "HTTP/1.1 200 OK"
PASSED                                                                   [ 36%]
test/unit/test_correlation_wiring.py::TestCorrelationsRouter::test_list_rules_pagination 
-------------------------------- live log call --------------------------------
23:27:26 [INFO] HTTP Request: GET http://testserver/correlation-rules?page=1&page_size=2 "HTTP/1.1 200 OK"
PASSED                                                                   [ 36%]
test/unit/test_correlation_wiring.py::TestCorrelationsRouter::test_create_rule 
-------------------------------- live log call --------------------------------
23:27:26 [INFO] Added correlation rule 4f121967-faa5-4c5b-9744-9d5f8f029d12
23:27:26 [INFO] Created correlation rule: 4f121967-faa5-4c5b-9744-9d5f8f029d12
23:27:26 [INFO] HTTP Request: POST http://testserver/correlation-rules "HTTP/1.1 201 Created"
PASSED                                                                   [ 36%]
test/unit/test_correlation_wiring.py::TestCorrelationsRouter::test_get_rule 
-------------------------------- live log call --------------------------------
23:27:26 [INFO] HTTP Request: GET http://testserver/correlation-rules/r1 "HTTP/1.1 200 OK"
PASSED                                                                   [ 36%]
test/unit/test_correlation_wiring.py::TestCorrelationsRouter::test_get_rule_not_found 
-------------------------------- live log call --------------------------------
23:27:26 [INFO] HTTP Request: GET http://testserver/correlation-rules/nonexistent "HTTP/1.1 404 Not Found"
PASSED                                                                   [ 36%]
test/unit/test_correlation_wiring.py::TestCorrelationsRouter::test_update_rule 
-------------------------------- live log call --------------------------------
23:27:26 [INFO] Updated correlation rule r1
23:27:26 [INFO] Updated correlation rule: r1
23:27:26 [INFO] HTTP Request: PUT http://testserver/correlation-rules/r1 "HTTP/1.1 200 OK"
PASSED                                                                   [ 36%]
test/unit/test_correlation_wiring.py::TestCorrelationsRouter::test_update_rule_not_found 
-------------------------------- live log call --------------------------------
23:27:26 [INFO] HTTP Request: PUT http://testserver/correlation-rules/nope "HTTP/1.1 404 Not Found"
PASSED                                                                   [ 36%]
test/unit/test_correlation_wiring.py::TestCorrelationsRouter::test_delete_rule 
-------------------------------- live log call --------------------------------
23:27:27 [INFO] Deleted correlation rule r2
23:27:27 [INFO] Deleted correlation rule: r2
23:27:27 [INFO] HTTP Request: DELETE http://testserver/correlation-rules/r2 "HTTP/1.1 200 OK"
PASSED                                                                   [ 36%]
test/unit/test_correlation_wiring.py::TestCorrelationsRouter::test_delete_rule_not_found 
-------------------------------- live log call --------------------------------
23:27:27 [INFO] HTTP Request: DELETE http://testserver/correlation-rules/nope "HTTP/1.1 404 Not Found"
PASSED                                                                   [ 36%]
test/unit/test_correlation_wiring.py::TestCorrelationsRouter::test_test_rule_missing_scan_id 
-------------------------------- live log call --------------------------------
23:27:27 [INFO] HTTP Request: POST http://testserver/correlation-rules/r1/test "HTTP/1.1 400 Bad Request"
PASSED                                                                   [ 36%]
test/unit/test_correlation_wiring.py::TestCorrelationsRouter::test_test_rule_not_found 
-------------------------------- live log call --------------------------------
23:27:27 [INFO] HTTP Request: POST http://testserver/correlation-rules/nope/test "HTTP/1.1 404 Not Found"
PASSED                                                                   [ 36%]
test/unit/test_correlation_wiring.py::TestCorrelationsRouter::test_test_rule_executes 
-------------------------------- live log call --------------------------------
23:27:27 [INFO] HTTP Request: POST http://testserver/correlation-rules/r1/test "HTTP/1.1 200 OK"
PASSED                                                                   [ 36%]
test/unit/test_correlation_wiring.py::TestCorrelationsRouter::test_detailed_correlations_empty 
-------------------------------- live log call --------------------------------
23:27:27 [INFO] HTTP Request: GET http://testserver/scans/s1/correlations/detailed "HTTP/1.1 200 OK"
PASSED                                                                   [ 36%]
test/unit/test_correlation_wiring.py::TestCorrelationsRouter::test_detailed_correlations_with_results 
-------------------------------- live log call --------------------------------
23:27:27 [INFO] HTTP Request: GET http://testserver/scans/s1/correlations/detailed "HTTP/1.1 200 OK"
PASSED                                                                   [ 36%]
test/unit/test_correlation_wiring.py::TestCorrelationsRouter::test_detailed_correlations_risk_filter 
-------------------------------- live log call --------------------------------
23:27:27 [INFO] HTTP Request: GET http://testserver/scans/s1/correlations/detailed?risk=HIGH "HTTP/1.1 200 OK"
PASSED                                                                   [ 36%]
test/unit/test_correlation_wiring.py::TestCorrelationsRouter::test_analyze_no_scan_ids 
-------------------------------- live log call --------------------------------
23:27:28 [INFO] HTTP Request: POST http://testserver/correlations/analyze "HTTP/1.1 400 Bad Request"
PASSED                                                                   [ 36%]
test/unit/test_correlation_wiring.py::TestCorrelationsRouter::test_analyze_multi_scan 
-------------------------------- live log call --------------------------------
23:27:28 [INFO] HTTP Request: POST http://testserver/correlations/analyze "HTTP/1.1 200 OK"
PASSED                                                                   [ 36%]
test/unit/test_cveinfo.py::TestCveInfoCircl::test_circl_critical_score PASSED [ 36%]
test/unit/test_cveinfo.py::TestCveInfoCircl::test_circl_exception_falls_through PASSED [ 36%]
test/unit/test_cveinfo.py::TestCveInfoCircl::test_circl_high_score PASSED [ 36%]
test/unit/test_cveinfo.py::TestCveInfoCircl::test_circl_http_error_falls_through PASSED [ 36%]
test/unit/test_cveinfo.py::TestCveInfoCircl::test_circl_low_score PASSED [ 36%]
test/unit/test_cveinfo.py::TestCveInfoCircl::test_circl_medium_score PASSED [ 36%]
test/unit/test_cveinfo.py::TestCveInfoCircl::test_circl_no_cvss_returns_general PASSED [ 36%]
test/unit/test_cveinfo.py::TestCveInfoNist::test_nist_empty_vulns_falls_through PASSED [ 36%]
test/unit/test_cveinfo.py::TestCveInfoNist::test_nist_http_error_falls_through PASSED [ 36%]
test/unit/test_cveinfo.py::TestCveInfoNist::test_nist_v2_fallback PASSED [ 36%]
test/unit/test_cveinfo.py::TestCveInfoNist::test_nist_v31_high_score PASSED [ 36%]
test/unit/test_cveinfo.py::TestCveInfoFallback::test_all_sources_fail PASSED [ 36%]
test/unit/test_cveinfo.py::TestCveInfoFallback::test_circl_fails_nist_succeeds PASSED [ 36%]
test/unit/test_cveinfo.py::TestCveInfoFallback::test_nist_only_source PASSED [ 36%]
test/unit/test_cveinfo.py::TestCveInfoFallback::test_unknown_source_ignored PASSED [ 36%]
test/unit/test_cveinfo.py::TestCveRatingBoundaries::test_score_0_is_low PASSED [ 36%]
test/unit/test_cveinfo.py::TestCveRatingBoundaries::test_score_10_is_critical PASSED [ 36%]
test/unit/test_cveinfo.py::TestCveRatingBoundaries::test_score_3_9_is_low PASSED [ 36%]
test/unit/test_cveinfo.py::TestCveRatingBoundaries::test_score_4_0_is_medium PASSED [ 36%]
test/unit/test_cveinfo.py::TestCveRatingBoundaries::test_score_6_9_is_medium PASSED [ 36%]
test/unit/test_cveinfo.py::TestCveRatingBoundaries::test_score_7_0_is_high PASSED [ 36%]
test/unit/test_cveinfo.py::TestCveRatingBoundaries::test_score_8_9_is_high PASSED [ 36%]
test/unit/test_cveinfo.py::TestCveRatingBoundaries::test_score_9_0_is_critical PASSED [ 36%]
test/unit/test_data_export.py::TestExportEvent::test_to_dict PASSED      [ 36%]
test/unit/test_data_export.py::TestJsonExporter::test_event_type_filter PASSED [ 36%]
test/unit/test_data_export.py::TestJsonExporter::test_export PASSED      [ 36%]
test/unit/test_data_export.py::TestJsonExporter::test_format_info PASSED [ 36%]
test/unit/test_data_export.py::TestJsonExporter::test_include_raw PASSED [ 36%]
test/unit/test_data_export.py::TestJsonExporter::test_max_results PASSED [ 36%]
test/unit/test_data_export.py::TestJsonExporter::test_min_risk PASSED    [ 36%]
test/unit/test_data_export.py::TestJsonExporter::test_module_filter PASSED [ 36%]
test/unit/test_data_export.py::TestJsonExporter::test_no_metadata PASSED [ 36%]
test/unit/test_data_export.py::TestCsvExporter::test_export PASSED       [ 36%]
test/unit/test_data_export.py::TestCsvExporter::test_format_info PASSED  [ 36%]
test/unit/test_data_export.py::TestCsvExporter::test_no_metadata_column PASSED [ 36%]
test/unit/test_data_export.py::TestStixExporter::test_export PASSED      [ 36%]
test/unit/test_data_export.py::TestStixExporter::test_format_info PASSED [ 36%]
test/unit/test_data_export.py::TestStixExporter::test_type_mapping PASSED [ 36%]
test/unit/test_data_export.py::TestStixExporter::test_unknown_type PASSED [ 36%]
test/unit/test_data_export.py::TestSummaryExporter::test_export PASSED   [ 36%]
test/unit/test_data_export.py::TestSummaryExporter::test_format_info PASSED [ 36%]
test/unit/test_data_export.py::TestSummaryExporter::test_risk_distribution PASSED [ 36%]
test/unit/test_data_export.py::TestExportRegistry::test_builtin_formats PASSED [ 36%]
test/unit/test_data_export.py::TestExportRegistry::test_export_json PASSED [ 36%]
test/unit/test_data_export.py::TestExportRegistry::test_export_unknown_format PASSED [ 36%]
test/unit/test_data_export.py::TestExportRegistry::test_get PASSED       [ 36%]
test/unit/test_data_export.py::TestExportRegistry::test_to_dict PASSED   [ 36%]
test/unit/test_data_export.py::TestExportRegistry::test_unregister PASSED [ 36%]
test/unit/test_data_retention.py::TestRetentionRule::test_defaults PASSED [ 36%]
test/unit/test_data_retention.py::TestRetentionRule::test_to_dict_from_dict PASSED [ 36%]
test/unit/test_data_retention.py::TestInMemoryAdapter::test_add_and_list PASSED [ 36%]
test/unit/test_data_retention.py::TestInMemoryAdapter::test_delete PASSED [ 36%]
test/unit/test_data_retention.py::TestInMemoryAdapter::test_delete_nonexistent PASSED [ 36%]
test/unit/test_data_retention.py::TestRetentionManager::test_add_remove_rule PASSED [ 36%]
test/unit/test_data_retention.py::TestRetentionManager::test_list_rules PASSED [ 36%]
test/unit/test_data_retention.py::TestRetentionManager::test_age_based_cleanup PASSED [ 36%]
test/unit/test_data_retention.py::TestRetentionManager::test_count_based_cleanup PASSED [ 36%]
test/unit/test_data_retention.py::TestRetentionManager::test_size_based_cleanup PASSED [ 36%]
test/unit/test_data_retention.py::TestRetentionManager::test_archive_action PASSED [ 36%]
test/unit/test_data_retention.py::TestRetentionManager::test_disabled_rule PASSED [ 36%]
test/unit/test_data_retention.py::TestRetentionManager::test_specific_rule PASSED [ 36%]
test/unit/test_data_retention.py::TestRetentionManager::test_exclude_pattern PASSED [ 37%]
test/unit/test_data_retention.py::TestRetentionManager::test_preview_does_not_modify PASSED [ 37%]
test/unit/test_data_retention.py::TestRetentionManager::test_history PASSED [ 37%]
test/unit/test_data_retention.py::TestRetentionManager::test_stats PASSED [ 37%]
test/unit/test_data_retention.py::TestRetentionManager::test_result_to_dict PASSED [ 37%]
test/unit/test_data_retention.py::TestRetentionManager::test_empty_resource PASSED [ 37%]
test/unit/test_data_retention.py::TestFileResourceAdapter::test_list_items PASSED [ 37%]
test/unit/test_data_retention.py::TestFileResourceAdapter::test_delete_item PASSED [ 37%]
test/unit/test_data_retention.py::TestFileResourceAdapter::test_archive_item PASSED [ 37%]
test/unit/test_data_retention.py::TestFileResourceAdapter::test_list_nonexistent_dir PASSED [ 37%]
test/unit/test_data_retention.py::TestFileResourceAdapter::test_set_directory PASSED [ 37%]
test/unit/test_data_service.py::TestDataServiceConfig::test_backend_enum PASSED [ 37%]
test/unit/test_data_service.py::TestDataServiceConfig::test_custom_config PASSED [ 37%]
test/unit/test_data_service.py::TestDataServiceConfig::test_default_config PASSED [ 37%]
test/unit/test_data_service.py::TestDataServiceABC::test_cannot_instantiate PASSED [ 37%]
test/unit/test_data_service.py::TestLocalDataService::test_config_get PASSED [ 37%]
test/unit/test_data_service.py::TestLocalDataService::test_config_set_global PASSED [ 37%]
test/unit/test_data_service.py::TestLocalDataService::test_event_exists PASSED [ 37%]
test/unit/test_data_service.py::TestLocalDataService::test_event_exists_not_found PASSED [ 37%]
test/unit/test_data_service.py::TestLocalDataService::test_event_get_by_scan PASSED [ 37%]
test/unit/test_data_service.py::TestLocalDataService::test_event_types_list PASSED [ 37%]
test/unit/test_data_service.py::TestLocalDataService::test_scan_instance_create PASSED [ 37%]
test/unit/test_data_service.py::TestLocalDataService::test_scan_instance_create_error 
-------------------------------- live log call --------------------------------
23:27:37 [ERROR] scan_instance_create failed: DB error
PASSED                                                                   [ 37%]
test/unit/test_data_service.py::TestLocalDataService::test_scan_instance_delete PASSED [ 37%]
test/unit/test_data_service.py::TestLocalDataService::test_scan_instance_get PASSED [ 37%]
test/unit/test_data_service.py::TestLocalDataService::test_scan_instance_get_not_found PASSED [ 37%]
test/unit/test_data_service.py::TestLocalDataService::test_scan_instance_list PASSED [ 37%]
test/unit/test_data_service.py::TestLocalDataService::test_scan_log_event PASSED [ 37%]
test/unit/test_data_service.py::TestLocalDataService::test_scan_log_get PASSED [ 37%]
test/unit/test_data_service.py::TestLocalDataService::test_scan_result_summary PASSED [ 37%]
test/unit/test_data_service.py::TestLocalDataService::test_scan_status_set PASSED [ 37%]
test/unit/test_data_service.py::TestLocalDataService::test_set_db_handle PASSED [ 37%]
test/unit/test_data_service.py::TestFactory::test_create_default PASSED  [ 37%]
test/unit/test_data_service.py::TestFactory::test_create_from_config PASSED [ 37%]
test/unit/test_data_service.py::TestFactory::test_create_from_config_unknown_backend 
-------------------------------- live log call --------------------------------
23:27:38 [WARNING] Unknown backend 'unknown', defaulting to local
PASSED                                                                   [ 37%]
test/unit/test_data_service.py::TestFactory::test_create_from_env PASSED [ 37%]
test/unit/test_data_service.py::TestFactory::test_create_http_fallback 
-------------------------------- live log call --------------------------------
23:27:38 [INFO] Using HTTP data service backend: http://localhost:8002
23:27:38 [INFO] Resilient DataService: primary=HttpDataService, fallback=LocalDataService
PASSED                                                                   [ 37%]
test/unit/test_data_service.py::TestFactory::test_create_local_explicit PASSED [ 37%]
test/unit/test_data_service.py::TestDataServiceBridge::test_configSet PASSED [ 37%]
test/unit/test_data_service.py::TestDataServiceBridge::test_eventTypes PASSED [ 37%]
test/unit/test_data_service.py::TestDataServiceBridge::test_scanInstanceCreate PASSED [ 37%]
test/unit/test_data_service.py::TestDataServiceBridge::test_scanInstanceGet PASSED [ 37%]
test/unit/test_data_service.py::TestDataServiceBridge::test_scanInstanceList PASSED [ 37%]
test/unit/test_data_service.py::TestDataServiceBridge::test_scanLogEvent PASSED [ 37%]
test/unit/test_db_performance.py::TestExplainResult::test_import PASSED  [ 37%]
test/unit/test_db_performance.py::TestExplainResult::test_parse_explain_high_cost_warning PASSED [ 37%]
test/unit/test_db_performance.py::TestExplainResult::test_parse_explain_output_index_scan PASSED [ 37%]
test/unit/test_db_performance.py::TestExplainResult::test_parse_explain_output_seq_scan PASSED [ 37%]
test/unit/test_db_performance.py::TestExplainResult::test_parse_slow_execution_warning PASSED [ 37%]
test/unit/test_db_performance.py::TestExplainResult::test_to_dict PASSED [ 37%]
test/unit/test_db_performance.py::TestQueryDiagnostics::test_explain_all_returns_5_queries PASSED [ 37%]
test/unit/test_db_performance.py::TestQueryDiagnostics::test_explain_custom PASSED [ 37%]
test/unit/test_db_performance.py::TestQueryDiagnostics::test_explain_handles_error 
-------------------------------- live log call --------------------------------
23:27:40 [WARNING] EXPLAIN failed for scan_result_listing: connection lost
PASSED                                                                   [ 37%]
test/unit/test_db_performance.py::TestQueryDiagnostics::test_health_check PASSED [ 37%]
test/unit/test_db_performance.py::TestQueryDiagnostics::test_init_none_raises PASSED [ 37%]
test/unit/test_db_performance.py::TestQueryDiagnostics::test_query_patterns_exist PASSED [ 37%]
test/unit/test_db_performance.py::TestIndexSchema::test_dedup_constraint_in_init PASSED [ 37%]
test/unit/test_db_performance.py::TestIndexSchema::test_fp_partial_index_in_init PASSED [ 37%]
test/unit/test_db_performance.py::TestIndexSchema::test_trigram_index_in_core PASSED [ 37%]
test/unit/test_db_performance.py::TestIndexSchema::test_type_time_index_in_init PASSED [ 37%]
test/unit/test_db_performance.py::TestBulkEventInsert::test_bulk_empty_list PASSED [ 37%]
test/unit/test_db_performance.py::TestBulkEventInsert::test_bulk_filters_invalid_events PASSED [ 37%]
test/unit/test_db_performance.py::TestBulkEventInsert::test_bulk_insert_calls_executemany PASSED [ 37%]
test/unit/test_db_performance.py::TestBulkEventInsert::test_bulk_insert_on_conflict_clause PASSED [ 37%]
test/unit/test_db_performance.py::TestBulkEventInsert::test_bulk_insert_with_truncate PASSED [ 37%]
test/unit/test_db_performance.py::TestBulkEventInsert::test_bulk_invalid_instanceid PASSED [ 37%]
test/unit/test_db_performance.py::TestBulkEventInsert::test_bulk_rollback_on_error PASSED [ 37%]
test/unit/test_db_performance.py::TestEventBatchWriter::test_batch_writer_add_below_threshold PASSED [ 37%]
test/unit/test_db_performance.py::TestEventBatchWriter::test_batch_writer_add_triggers_flush PASSED [ 37%]
test/unit/test_db_performance.py::TestEventBatchWriter::test_batch_writer_init PASSED [ 37%]
test/unit/test_db_performance.py::TestEventBatchWriter::test_batch_writer_stats PASSED [ 37%]
test/unit/test_db_performance.py::TestEventBatchWriter::test_batch_writer_stop_flushes PASSED [ 37%]
test/unit/test_db_performance.py::TestEventBatchWriter::test_batch_writer_timed_flush PASSED [ 37%]
test/unit/test_db_performance.py::TestNotifyPayload::test_from_json PASSED [ 37%]
test/unit/test_db_performance.py::TestNotifyPayload::test_roundtrip PASSED [ 37%]
test/unit/test_db_performance.py::TestNotifyPayload::test_to_json PASSED [ 37%]
test/unit/test_db_performance.py::TestPgNotifyService::test_init_none_raises PASSED [ 37%]
test/unit/test_db_performance.py::TestPgNotifyService::test_notify_event PASSED [ 37%]
test/unit/test_db_performance.py::TestPgNotifyService::test_notify_handles_error 
-------------------------------- live log call --------------------------------
23:27:43 [WARNING] NOTIFY failed on sf_scan_events: conn error
PASSED                                                                   [ 37%]
test/unit/test_db_performance.py::TestPgNotifyService::test_notify_scan_status PASSED [ 37%]
test/unit/test_db_performance.py::TestPgNotifyService::test_stop PASSED  [ 37%]
test/unit/test_db_performance.py::TestPartitionManager::test_drop_partition FAILED [ 37%]
test/unit/test_db_performance.py::TestPartitionManager::test_ensure_partition_cached FAILED [ 37%]
test/unit/test_db_performance.py::TestPartitionManager::test_ensure_partition_creates_new FAILED [ 37%]
test/unit/test_db_performance.py::TestPartitionManager::test_ensure_partition_existing FAILED [ 37%]
test/unit/test_db_performance.py::TestPartitionManager::test_get_partitioned_ddl PASSED [ 37%]
test/unit/test_db_performance.py::TestPartitionManager::test_init_none_raises PASSED [ 38%]
test/unit/test_db_performance.py::TestPartitionManager::test_partition_name PASSED [ 38%]
test/unit/test_db_performance.py::TestVacuumAnalyze::test_analyze_only PASSED [ 38%]
test/unit/test_db_performance.py::TestVacuumAnalyze::test_init_none_raises PASSED [ 38%]
test/unit/test_db_performance.py::TestVacuumAnalyze::test_scan_tables_constant PASSED [ 38%]
test/unit/test_db_performance.py::TestVacuumAnalyze::test_vacuum_analyze_all PASSED [ 38%]
test/unit/test_db_performance.py::TestVacuumAnalyze::test_vacuum_analyze_scan FAILED [ 38%]
test/unit/test_db_performance.py::TestDedupQueries::test_get_dedup_constraint_ddl PASSED [ 38%]
test/unit/test_db_performance.py::TestDedupQueries::test_get_dedup_insert_query PASSED [ 38%]
test/unit/test_db_performance.py::TestDedupQueries::test_single_event_store_uses_on_conflict PASSED [ 38%]
test/unit/test_db_performance.py::TestScanStatsCache::test_disabled_when_no_redis PASSED [ 38%]
test/unit/test_db_performance.py::TestScanStatsCache::test_get_hit PASSED [ 38%]
test/unit/test_db_performance.py::TestScanStatsCache::test_get_miss PASSED [ 38%]
test/unit/test_db_performance.py::TestScanStatsCache::test_invalidate PASSED [ 38%]
test/unit/test_db_performance.py::TestScanStatsCache::test_invalidate_all PASSED [ 38%]
test/unit/test_db_performance.py::TestScanStatsCache::test_key_prefix PASSED [ 38%]
test/unit/test_db_performance.py::TestScanStatsCache::test_set_stores_with_ttl PASSED [ 38%]
test/unit/test_db_performance.py::TestScanStatsCache::test_stats_hit_rate PASSED [ 38%]
test/unit/test_db_performance.py::TestReplicaConfig::test_defaults PASSED [ 38%]
test/unit/test_db_performance.py::TestReadReplicaRouter::test_check_replica_lag PASSED [ 38%]
test/unit/test_db_performance.py::TestReadReplicaRouter::test_check_replica_lag_exceeds_threshold 
-------------------------------- live log call --------------------------------
23:27:45 [WARNING] Replica r1 lag 60.0s exceeds threshold 30.0s
PASSED                                                                   [ 38%]
test/unit/test_db_performance.py::TestReadReplicaRouter::test_close_replicas PASSED [ 38%]
test/unit/test_db_performance.py::TestReadReplicaRouter::test_init_none_raises PASSED [ 38%]
test/unit/test_db_performance.py::TestReadReplicaRouter::test_read_falls_back_to_primary PASSED [ 38%]
test/unit/test_db_performance.py::TestReadReplicaRouter::test_read_with_replica PASSED [ 38%]
test/unit/test_db_performance.py::TestReadReplicaRouter::test_replica_count PASSED [ 38%]
test/unit/test_db_performance.py::TestReadReplicaRouter::test_status PASSED [ 38%]
test/unit/test_db_performance.py::TestReadReplicaRouter::test_unhealthy_replica_falls_back 
-------------------------------- live log call --------------------------------
23:27:46 [WARNING] Replica r1 is unhealthy, falling back to primary
PASSED                                                                   [ 38%]
test/unit/test_db_performance.py::TestReadReplicaRouter::test_write_always_primary PASSED [ 38%]
test/unit/test_dns_performance.py::TestDnsTTLCache::test_cache_clear PASSED [ 38%]
test/unit/test_dns_performance.py::TestDnsTTLCache::test_cache_default_maxsize PASSED [ 38%]
test/unit/test_dns_performance.py::TestDnsTTLCache::test_cache_disabled_no_store PASSED [ 38%]
test/unit/test_dns_performance.py::TestDnsTTLCache::test_cache_hit_counter PASSED [ 38%]
test/unit/test_dns_performance.py::TestDnsTTLCache::test_cache_is_ttlcache_when_available PASSED [ 38%]
test/unit/test_dns_performance.py::TestDnsTTLCache::test_cache_maxsize_respected PASSED [ 38%]
test/unit/test_dns_performance.py::TestDnsTTLCache::test_cache_miss_no_increment PASSED [ 38%]
test/unit/test_dns_performance.py::TestDnsTTLCache::test_cache_ttl_automatic_expiry PASSED [ 38%]
test/unit/test_dns_performance.py::TestDnsTTLCache::test_fallback_dict_when_cachetools_missing PASSED [ 38%]
test/unit/test_dns_performance.py::TestDnsTTLCache::test_resolve_uses_cache PASSED [ 38%]
test/unit/test_dns_performance.py::TestDnsTTLCache::test_stats_include_cache_info PASSED [ 38%]
test/unit/test_dns_performance.py::TestDnsPrefetching::test_prefetch_empty_list PASSED [ 38%]
test/unit/test_dns_performance.py::TestDnsPrefetching::test_prefetch_populates_cache PASSED [ 38%]
test/unit/test_dns_performance.py::TestDnsPrefetching::test_prefetch_skips_already_cached PASSED [ 38%]
test/unit/test_dns_performance.py::TestDnsPrefetching::test_prefetch_skips_empty_hostnames PASSED [ 38%]
test/unit/test_dns_performance.py::TestDnsWildcardCache::test_wildcard_cached_on_first_call PASSED [ 38%]
test/unit/test_dns_performance.py::TestDnsWildcardCache::test_wildcard_different_domains_independent PASSED [ 38%]
test/unit/test_dns_performance.py::TestDnsWildcardCache::test_wildcard_false_cached PASSED [ 38%]
test/unit/test_dns_performance.py::TestDnsWildcardCache::test_wildcard_uses_cache_on_repeat PASSED [ 38%]
test/unit/test_dns_performance.py::TestNetworkWildcardCache::test_wildcard_cache_avoids_repeat_query PASSED [ 38%]
test/unit/test_dns_performance.py::TestNetworkWildcardCache::test_wildcard_cache_populated PASSED [ 38%]
test/unit/test_dns_performance.py::TestNetworkWildcardCache::test_wildcard_empty_target PASSED [ 38%]
test/unit/test_dns_performance.py::TestBulkDnsResolution::test_bulk_resolve_aaaa PASSED [ 38%]
test/unit/test_dns_performance.py::TestBulkDnsResolution::test_bulk_resolve_basic PASSED [ 38%]
test/unit/test_dns_performance.py::TestBulkDnsResolution::test_bulk_resolve_empty_list PASSED [ 38%]
test/unit/test_dns_performance.py::TestBulkDnsResolution::test_bulk_resolve_skips_empty_strings PASSED [ 38%]
test/unit/test_dns_performance.py::TestBulkDnsResolution::test_bulk_resolve_uses_cache PASSED [ 38%]
test/unit/test_dns_performance.py::TestAsyncBulkDnsResolution::test_async_bulk_resolve_aaaa PASSED [ 38%]
test/unit/test_dns_performance.py::TestAsyncBulkDnsResolution::test_async_bulk_resolve_basic PASSED [ 38%]
test/unit/test_dns_performance.py::TestAsyncBulkDnsResolution::test_async_bulk_resolve_batching PASSED [ 38%]
test/unit/test_dns_performance.py::TestAsyncBulkDnsResolution::test_async_bulk_resolve_empty PASSED [ 38%]
test/unit/test_dns_performance.py::TestAsyncBulkDnsResolution::test_async_bulk_resolve_handles_exceptions PASSED [ 38%]
test/unit/test_dns_performance.py::TestAsyncPrefetch::test_async_prefetch_calls_bulk PASSED [ 38%]
test/unit/test_dns_service.py::TestDnsServiceConfig::test_defaults PASSED [ 38%]
test/unit/test_dns_service.py::TestDnsServiceConfig::test_from_sf_config PASSED [ 38%]
test/unit/test_dns_service.py::TestDnsServiceConfig::test_from_sf_config_empty PASSED [ 38%]
test/unit/test_dns_service.py::TestDnsServiceCache::test_cache_clear PASSED [ 38%]
test/unit/test_dns_service.py::TestDnsServiceCache::test_cache_disabled PASSED [ 38%]
test/unit/test_dns_service.py::TestDnsServiceCache::test_cache_expired FAILED [ 38%]
test/unit/test_dns_service.py::TestDnsServiceCache::test_cache_miss PASSED [ 38%]
test/unit/test_dns_service.py::TestDnsServiceCache::test_cache_set_get PASSED [ 38%]
test/unit/test_dns_service.py::TestDnsServiceResolve::test_check_wildcard_detected PASSED [ 38%]
test/unit/test_dns_service.py::TestDnsServiceResolve::test_check_wildcard_no_wildcard PASSED [ 38%]
test/unit/test_dns_service.py::TestDnsServiceResolve::test_resolve_host_nxdomain PASSED [ 38%]
test/unit/test_dns_service.py::TestDnsServiceResolve::test_resolve_host_socket_fallback PASSED [ 38%]
test/unit/test_dns_service.py::TestDnsServiceResolve::test_reverse_resolve_socket_fallback PASSED [ 38%]
test/unit/test_dns_service.py::TestDnsServiceResolve::test_validate_ip_match PASSED [ 38%]
test/unit/test_dns_service.py::TestDnsServiceResolve::test_validate_ip_no_match PASSED [ 38%]
test/unit/test_dns_service.py::TestDnsServiceStats::test_query_count_increments PASSED [ 38%]
test/unit/test_dns_service.py::TestDnsServiceStats::test_stats_initial PASSED [ 38%]
test/unit/test_dns_stealth.py::TestDNSProtocol::test_values PASSED       [ 38%]
test/unit/test_dns_stealth.py::TestDNSProtocol::test_count PASSED        [ 38%]
test/unit/test_dns_stealth.py::TestDNSProtocol::test_from_string PASSED  [ 38%]
test/unit/test_dns_stealth.py::TestDNSProtocol::test_invalid PASSED      [ 38%]
test/unit/test_dns_stealth.py::TestDNSRecordType::test_count PASSED      [ 38%]
test/unit/test_dns_stealth.py::TestDNSRecordType::test_all_values PASSED [ 38%]
test/unit/test_dns_stealth.py::TestDoHProvider::test_creation PASSED     [ 38%]
test/unit/test_dns_stealth.py::TestDoHProvider::test_to_dict PASSED      [ 38%]
test/unit/test_dns_stealth.py::TestDoHProvider::test_built_in_providers PASSED [ 39%]
test/unit/test_dns_stealth.py::TestDoHProvider::test_cloudflare_url PASSED [ 39%]
test/unit/test_dns_stealth.py::TestDoHProvider::test_google_url PASSED   [ 39%]
test/unit/test_dns_stealth.py::TestDoTProvider::test_creation PASSED     [ 39%]
test/unit/test_dns_stealth.py::TestDoTProvider::test_to_dict PASSED      [ 39%]
test/unit/test_dns_stealth.py::TestDoTProvider::test_built_in_providers PASSED [ 39%]
test/unit/test_dns_stealth.py::TestDoTProvider::test_cloudflare_ip PASSED [ 39%]
test/unit/test_dns_stealth.py::TestDoTProvider::test_google_ip PASSED    [ 39%]
test/unit/test_dns_stealth.py::TestDNSRecord::test_creation PASSED       [ 39%]
test/unit/test_dns_stealth.py::TestDNSRecord::test_to_dict PASSED        [ 39%]
test/unit/test_dns_stealth.py::TestDNSRecord::test_not_expired_zero_ttl PASSED [ 39%]
test/unit/test_dns_stealth.py::TestDNSRecord::test_not_expired_positive_ttl PASSED [ 39%]
test/unit/test_dns_stealth.py::TestDNSRecord::test_expired PASSED        [ 39%]
test/unit/test_dns_stealth.py::TestDNSQueryConfig::test_defaults PASSED  [ 39%]
test/unit/test_dns_stealth.py::TestDNSQueryConfig::test_to_dict PASSED   [ 39%]
test/unit/test_dns_stealth.py::TestDNSQueryConfig::test_from_dict PASSED [ 39%]
test/unit/test_dns_stealth.py::TestDNSQueryConfig::test_roundtrip PASSED [ 39%]
test/unit/test_dns_stealth.py::TestDNSQueryConfig::test_from_dict_defaults PASSED [ 39%]
test/unit/test_dns_stealth.py::TestDoHResolver::test_default_provider PASSED [ 39%]
test/unit/test_dns_stealth.py::TestDoHResolver::test_custom_provider PASSED [ 39%]
test/unit/test_dns_stealth.py::TestDoHResolver::test_build_request PASSED [ 39%]
test/unit/test_dns_stealth.py::TestDoHResolver::test_build_request_randomize_case PASSED [ 39%]
test/unit/test_dns_stealth.py::TestDoHResolver::test_resolve_a PASSED    [ 39%]
test/unit/test_dns_stealth.py::TestDoHResolver::test_resolve_aaaa PASSED [ 39%]
test/unit/test_dns_stealth.py::TestDoHResolver::test_resolve_mx PASSED   [ 39%]
test/unit/test_dns_stealth.py::TestDoHResolver::test_resolve_ns PASSED   [ 39%]
test/unit/test_dns_stealth.py::TestDoHResolver::test_resolve_txt PASSED  [ 39%]
test/unit/test_dns_stealth.py::TestDoHResolver::test_resolve_cname PASSED [ 39%]
test/unit/test_dns_stealth.py::TestDoHResolver::test_resolve_unknown_type PASSED [ 39%]
test/unit/test_dns_stealth.py::TestDoHResolver::test_resolve_deterministic PASSED [ 39%]
test/unit/test_dns_stealth.py::TestDoHResolver::test_resolve_different_domains PASSED [ 39%]
test/unit/test_dns_stealth.py::TestDoHResolver::test_parse_response PASSED [ 39%]
test/unit/test_dns_stealth.py::TestDoHResolver::test_parse_response_cname PASSED [ 39%]
test/unit/test_dns_stealth.py::TestDoHResolver::test_parse_response_empty PASSED [ 39%]
test/unit/test_dns_stealth.py::TestDoHResolver::test_type_int_to_str PASSED [ 39%]
test/unit/test_dns_stealth.py::TestDoTResolver::test_default_provider PASSED [ 39%]
test/unit/test_dns_stealth.py::TestDoTResolver::test_custom_provider PASSED [ 39%]
test/unit/test_dns_stealth.py::TestDoTResolver::test_build_connection PASSED [ 39%]
test/unit/test_dns_stealth.py::TestDoTResolver::test_build_query_packet_structure PASSED [ 39%]
test/unit/test_dns_stealth.py::TestDoTResolver::test_build_query_packet_aaaa PASSED [ 39%]
test/unit/test_dns_stealth.py::TestDoTResolver::test_build_query_packet_random_id PASSED [ 39%]
test/unit/test_dns_stealth.py::TestDoTResolver::test_resolve_a PASSED    [ 39%]
test/unit/test_dns_stealth.py::TestDoTResolver::test_resolve_aaaa PASSED [ 39%]
test/unit/test_dns_stealth.py::TestDoTResolver::test_resolve_mx PASSED   [ 39%]
test/unit/test_dns_stealth.py::TestDoTResolver::test_resolve_ns PASSED   [ 39%]
test/unit/test_dns_stealth.py::TestDoTResolver::test_resolve_txt PASSED  [ 39%]
test/unit/test_dns_stealth.py::TestDoTResolver::test_resolve_cname PASSED [ 39%]
test/unit/test_dns_stealth.py::TestDoTResolver::test_resolve_unknown PASSED [ 39%]
test/unit/test_dns_stealth.py::TestDoTResolver::test_resolve_deterministic PASSED [ 39%]
test/unit/test_dns_stealth.py::TestDoTResolver::test_type_str_to_int PASSED [ 39%]
test/unit/test_dns_stealth.py::TestDNSCache::test_empty_cache PASSED     [ 39%]
test/unit/test_dns_stealth.py::TestDNSCache::test_put_and_get PASSED     [ 39%]
test/unit/test_dns_stealth.py::TestDNSCache::test_case_insensitive PASSED [ 39%]
test/unit/test_dns_stealth.py::TestDNSCache::test_miss PASSED            [ 39%]
test/unit/test_dns_stealth.py::TestDNSCache::test_hit_counter PASSED     [ 39%]
test/unit/test_dns_stealth.py::TestDNSCache::test_ttl_expiry PASSED      [ 39%]
test/unit/test_dns_stealth.py::TestDNSCache::test_ttl_override PASSED    [ 39%]
test/unit/test_dns_stealth.py::TestDNSCache::test_evict_expired PASSED   [ 39%]
test/unit/test_dns_stealth.py::TestDNSCache::test_clear PASSED           [ 39%]
test/unit/test_dns_stealth.py::TestDNSCache::test_max_entries_eviction PASSED [ 39%]
test/unit/test_dns_stealth.py::TestDNSCache::test_put_empty_records PASSED [ 39%]
test/unit/test_dns_stealth.py::TestDNSCache::test_stats_hit_rate PASSED  [ 39%]
test/unit/test_dns_stealth.py::TestDNSResolverPool::test_default_pool PASSED [ 39%]
test/unit/test_dns_stealth.py::TestDNSResolverPool::test_resolve_a PASSED [ 39%]
test/unit/test_dns_stealth.py::TestDNSResolverPool::test_resolve_with_provider PASSED [ 39%]
test/unit/test_dns_stealth.py::TestDNSResolverPool::test_resolve_invalid_provider PASSED [ 39%]
test/unit/test_dns_stealth.py::TestDNSResolverPool::test_rotation PASSED [ 39%]
test/unit/test_dns_stealth.py::TestDNSResolverPool::test_no_rotation PASSED [ 39%]
test/unit/test_dns_stealth.py::TestDNSResolverPool::test_stats PASSED    [ 39%]
test/unit/test_dns_stealth.py::TestDNSResolverPool::test_dot_protocol PASSED [ 39%]
test/unit/test_dns_stealth.py::TestDNSResolverPool::test_fallback_resolver_creation PASSED [ 39%]
test/unit/test_dns_stealth.py::TestStealthDNSEngine::test_creation PASSED [ 39%]
test/unit/test_dns_stealth.py::TestStealthDNSEngine::test_custom_config PASSED [ 39%]
test/unit/test_dns_stealth.py::TestStealthDNSEngine::test_resolve_a PASSED [ 39%]
test/unit/test_dns_stealth.py::TestStealthDNSEngine::test_resolve_aaaa PASSED [ 39%]
test/unit/test_dns_stealth.py::TestStealthDNSEngine::test_resolve_mx PASSED [ 39%]
test/unit/test_dns_stealth.py::TestStealthDNSEngine::test_resolve_cached PASSED [ 39%]
test/unit/test_dns_stealth.py::TestStealthDNSEngine::test_resolve_skip_cache PASSED [ 39%]
test/unit/test_dns_stealth.py::TestStealthDNSEngine::test_resolve_with_provider PASSED [ 39%]
test/unit/test_dns_stealth.py::TestStealthDNSEngine::test_resolve_many PASSED [ 39%]
test/unit/test_dns_stealth.py::TestStealthDNSEngine::test_get_providers PASSED [ 39%]
test/unit/test_dns_stealth.py::TestStealthDNSEngine::test_get_all_doh_providers PASSED [ 39%]
test/unit/test_dns_stealth.py::TestStealthDNSEngine::test_get_all_dot_providers PASSED [ 39%]
test/unit/test_dns_stealth.py::TestStealthDNSEngine::test_get_stats PASSED [ 39%]
test/unit/test_dns_stealth.py::TestStealthDNSEngine::test_cache_hit_rate PASSED [ 39%]
test/unit/test_dns_stealth.py::TestStealthDNSEngine::test_dashboard_data PASSED [ 39%]
test/unit/test_dns_stealth.py::TestStealthDNSEngine::test_update_config PASSED [ 39%]
test/unit/test_dns_stealth.py::TestStealthDNSEngine::test_reset_stats PASSED [ 40%]
test/unit/test_dns_stealth.py::TestStealthDNSEngine::test_clear_cache PASSED [ 40%]
test/unit/test_dns_stealth.py::TestStealthDNSEngine::test_cache_disabled PASSED [ 40%]
test/unit/test_dns_stealth.py::TestStealthDNSEngine::test_ttl_override PASSED [ 40%]
test/unit/test_dns_stealth.py::TestModuleFunctions::test_get_doh_providers PASSED [ 40%]
test/unit/test_dns_stealth.py::TestModuleFunctions::test_get_dot_providers PASSED [ 40%]
test/unit/test_dns_stealth.py::TestModuleFunctions::test_get_all_protocols PASSED [ 40%]
test/unit/test_dns_stealth.py::TestModuleFunctions::test_get_all_record_types PASSED [ 40%]
test/unit/test_dns_stealth.py::TestEdgeCases::test_empty_domain PASSED   [ 40%]
test/unit/test_dns_stealth.py::TestEdgeCases::test_very_long_domain PASSED [ 40%]
test/unit/test_dns_stealth.py::TestEdgeCases::test_special_characters_domain PASSED [ 40%]
test/unit/test_dns_stealth.py::TestEdgeCases::test_multiple_record_types PASSED [ 40%]
test/unit/test_dns_stealth.py::TestEdgeCases::test_concurrent_access_cache PASSED [ 40%]
test/unit/test_dns_stealth.py::TestEdgeCases::test_concurrent_engine_resolve PASSED [ 40%]
test/unit/test_dns_stealth.py::TestEdgeCases::test_doh_vs_dot_different_results PASSED [ 40%]
test/unit/test_dns_stealth.py::TestEdgeCases::test_query_packet_domain_encoding PASSED [ 40%]
test/unit/test_docker_security.py::TestDockerfileAPI::test_uses_non_root_user PASSED [ 40%]
test/unit/test_docker_security.py::TestDockerfileAPI::test_uses_multi_stage_build PASSED [ 40%]
------------------------------ live log teardown ------------------------------
23:28:04 [ERROR] Failed to scale down pool_0: '>' not supported between instances of 'int' and 'MagicMock'

23:28:04 [ERROR] Failed to scale down pool_0: '>' not supported between instances of 'int' and 'MagicMock'

test/unit/test_docker_security.py::TestDockerfileAPI::test_has_healthcheck PASSED [ 40%]
test/unit/test_docker_security.py::TestDockerfileAPI::test_removes_suid_binaries PASSED [ 40%]
test/unit/test_docker_security.py::TestDockerfileAPI::test_removes_sgid_binaries PASSED [ 40%]
test/unit/test_docker_security.py::TestDockerfileAPI::test_removes_package_managers PASSED [ 40%]
test/unit/test_docker_security.py::TestDockerfileAPI::test_removes_unnecessary_network_tools PASSED [ 40%]
test/unit/test_docker_security.py::TestDockerfileAPI::test_entrypoint_owned_by_root PASSED [ 40%]
test/unit/test_docker_security.py::TestDockerfileAPI::test_no_env_secrets PASSED [ 40%]
test/unit/test_docker_security.py::TestDockerfileAPI::test_slim_base_image PASSED [ 40%]
test/unit/test_docker_security.py::TestDockerfileAPI::test_pip_no_cache PASSED [ 40%]
test/unit/test_docker_security.py::TestDockerfileAPI::test_pinned_pip_version PASSED [ 40%]
test/unit/test_docker_security.py::TestDockerfileFrontend::test_uses_non_root_user PASSED [ 40%]
test/unit/test_docker_security.py::TestDockerfileFrontend::test_uses_multi_stage_build PASSED [ 40%]
test/unit/test_docker_security.py::TestDockerfileFrontend::test_removes_package_manager PASSED [ 40%]
test/unit/test_docker_security.py::TestDockerfileFrontend::test_alpine_base PASSED [ 40%]
test/unit/test_docker_security.py::TestDockerfileFrontend::test_default_api_url_is_internal PASSED [ 40%]
test/unit/test_docker_security.py::TestDockerfileBase::test_uses_non_root_user PASSED [ 40%]
test/unit/test_docker_security.py::TestDockerfileBase::test_removes_suid_binaries PASSED [ 40%]
test/unit/test_docker_security.py::TestDockerfileBase::test_removes_package_managers PASSED [ 40%]
test/unit/test_docker_security.py::TestDockerfileBase::test_has_entrypoint PASSED [ 40%]
test/unit/test_docker_security.py::TestComposeCoreSecurity::test_api_no_new_privileges PASSED [ 40%]
test/unit/test_docker_security.py::TestComposeCoreSecurity::test_api_read_only PASSED [ 40%]
test/unit/test_docker_security.py::TestComposeCoreSecurity::test_api_cap_drop_all PASSED [ 40%]
test/unit/test_docker_security.py::TestComposeCoreSecurity::test_api_has_healthcheck PASSED [ 40%]
test/unit/test_docker_security.py::TestComposeCoreSecurity::test_api_has_resource_limits PASSED [ 40%]
test/unit/test_docker_security.py::TestComposeCoreSecurity::test_redis_no_new_privileges PASSED [ 40%]
test/unit/test_docker_security.py::TestComposeCoreSecurity::test_redis_read_only PASSED [ 40%]
test/unit/test_docker_security.py::TestComposeCoreSecurity::test_redis_cap_drop_all PASSED [ 40%]
test/unit/test_docker_security.py::TestComposeCoreSecurity::test_postgres_no_new_privileges PASSED [ 40%]
test/unit/test_docker_security.py::TestComposeCoreSecurity::test_postgres_read_only PASSED [ 40%]
test/unit/test_docker_security.py::TestComposeCoreSecurity::test_frontend_no_new_privileges PASSED [ 40%]
test/unit/test_docker_security.py::TestComposeCoreSecurity::test_frontend_read_only PASSED [ 40%]
test/unit/test_docker_security.py::TestComposeCoreSecurity::test_frontend_cap_drop_all PASSED [ 40%]
test/unit/test_docker_security.py::TestComposeCoreSecurity::test_backend_network_is_internal PASSED [ 40%]
test/unit/test_docker_security.py::TestComposeCoreSecurity::test_celery_worker_no_new_privileges PASSED [ 40%]
test/unit/test_docker_security.py::TestComposeCoreSecurity::test_celery_worker_cap_drop_all PASSED [ 40%]
test/unit/test_docker_security.py::TestComposeCoreSecurity::test_no_privileged_containers PASSED [ 40%]
test/unit/test_docker_security.py::TestComposeCoreSecurity::test_postgres_password_not_hardcoded PASSED [ 40%]
test/unit/test_docker_security.py::TestComposeProxySecurity::test_docker_socket_proxy_exists PASSED [ 40%]
test/unit/test_docker_security.py::TestComposeProxySecurity::test_docker_socket_proxy_read_only PASSED [ 40%]
test/unit/test_docker_security.py::TestComposeProxySecurity::test_docker_socket_proxy_post_disabled PASSED [ 40%]
test/unit/test_docker_security.py::TestComposeProxySecurity::test_traefik_no_new_privileges PASSED [ 40%]
test/unit/test_docker_security.py::TestComposeProxySecurity::test_traefik_cap_drop_all PASSED [ 40%]
test/unit/test_docker_security.py::TestComposeProxySecurity::test_traefik_cap_add_net_bind_only PASSED [ 40%]
test/unit/test_docker_security.py::TestComposeMonitorSecurity::test_grafana_anonymous_disabled PASSED [ 40%]
test/unit/test_docker_security.py::TestComposeMonitorSecurity::test_grafana_signup_disabled PASSED [ 40%]
test/unit/test_docker_security.py::TestComposeMonitorSecurity::test_grafana_secure_cookies PASSED [ 40%]
test/unit/test_docker_security.py::TestComposeMonitorSecurity::test_grafana_samesite_strict PASSED [ 40%]
test/unit/test_docker_security.py::TestComposeScanSecurity::test_active_scanner_no_new_privileges PASSED [ 40%]
test/unit/test_docker_security.py::TestComposeScanSecurity::test_active_scanner_cap_drop_all PASSED [ 40%]
test/unit/test_docker_security.py::TestComposeScanSecurity::test_active_scanner_limited_caps PASSED [ 40%]
test/unit/test_docker_security.py::TestNginxFrontendConfig::test_x_frame_options PASSED [ 40%]
test/unit/test_docker_security.py::TestNginxFrontendConfig::test_x_content_type_options PASSED [ 40%]
test/unit/test_docker_security.py::TestNginxFrontendConfig::test_no_x_xss_protection PASSED [ 40%]
test/unit/test_docker_security.py::TestNginxFrontendConfig::test_referrer_policy PASSED [ 40%]
test/unit/test_docker_security.py::TestNginxFrontendConfig::test_hsts PASSED [ 40%]
test/unit/test_docker_security.py::TestNginxFrontendConfig::test_permissions_policy PASSED [ 40%]
test/unit/test_docker_security.py::TestNginxFrontendConfig::test_csp PASSED [ 40%]
test/unit/test_docker_security.py::TestNginxFrontendConfig::test_server_tokens_off PASSED [ 40%]
test/unit/test_docker_security.py::TestNginxFrontendConfig::test_no_server_info_leak PASSED [ 40%]
test/unit/test_docker_security.py::TestNginxMicroservicesConfig::test_x_frame_options PASSED [ 40%]
test/unit/test_docker_security.py::TestNginxMicroservicesConfig::test_no_x_xss_protection PASSED [ 40%]
test/unit/test_docker_security.py::TestNginxMicroservicesConfig::test_has_rate_limiting PASSED [ 40%]
test/unit/test_docker_security.py::TestNginxMicroservicesConfig::test_client_max_body_size PASSED [ 40%]
test/unit/test_docker_security.py::TestTraefikConfig::test_http_to_https_redirect PASSED [ 40%]
test/unit/test_docker_security.py::TestTraefikConfig::test_exposed_by_default_false PASSED [ 40%]
test/unit/test_docker_security.py::TestTraefikConfig::test_tls_min_version PASSED [ 40%]
test/unit/test_docker_security.py::TestTraefikConfig::test_security_headers_middleware PASSED [ 40%]
test/unit/test_docker_security.py::TestTraefikConfig::test_server_info_stripped PASSED [ 40%]
test/unit/test_docker_security.py::TestTraefikConfig::test_rate_limiting_configured PASSED [ 40%]
test/unit/test_docker_security.py::TestTraefikConfig::test_dashboard_auth_required PASSED [ 41%]
test/unit/test_docker_security.py::TestDockerEntrypoint::test_uses_exec PASSED [ 41%]
test/unit/test_docker_security.py::TestDockerEntrypoint::test_set_e PASSED [ 41%]
test/unit/test_docker_security.py::TestDockerEntrypoint::test_no_hardcoded_secrets PASSED [ 41%]
test/unit/test_docker_security.py::TestDockerignore::test_excludes_git PASSED [ 41%]
test/unit/test_docker_security.py::TestDockerignore::test_excludes_env_files PASSED [ 41%]
test/unit/test_docker_security.py::TestDockerignore::test_excludes_tests PASSED [ 41%]
test/unit/test_docker_security.py::TestDockerignore::test_excludes_vscode PASSED [ 41%]
test/unit/test_docker_security.py::TestDockerignore::test_excludes_node_modules PASSED [ 41%]
test/unit/test_ecosystem_tooling.py::TestSubmissionStatus::test_values PASSED [ 41%]
test/unit/test_ecosystem_tooling.py::TestModuleSubmissionPipeline::test_submit PASSED [ 41%]
test/unit/test_ecosystem_tooling.py::TestModuleSubmissionPipeline::test_validate_valid PASSED [ 41%]
test/unit/test_ecosystem_tooling.py::TestModuleSubmissionPipeline::test_validate_bad_name PASSED [ 41%]
test/unit/test_ecosystem_tooling.py::TestModuleSubmissionPipeline::test_validate_missing_method PASSED [ 41%]
test/unit/test_ecosystem_tooling.py::TestModuleSubmissionPipeline::test_validate_dangerous_import PASSED [ 41%]
test/unit/test_ecosystem_tooling.py::TestModuleSubmissionPipeline::test_validate_missing_author PASSED [ 41%]
test/unit/test_ecosystem_tooling.py::TestModuleSubmissionPipeline::test_validate_nonexistent PASSED [ 41%]
test/unit/test_ecosystem_tooling.py::TestModuleSubmissionPipeline::test_approve PASSED [ 41%]
test/unit/test_ecosystem_tooling.py::TestModuleSubmissionPipeline::test_reject PASSED [ 41%]
test/unit/test_ecosystem_tooling.py::TestModuleSubmissionPipeline::test_approve_nonexistent PASSED [ 41%]
test/unit/test_ecosystem_tooling.py::TestModuleSubmissionPipeline::test_get_by_status PASSED [ 41%]
test/unit/test_ecosystem_tooling.py::TestModuleSubmissionPipeline::test_missing_description_warning PASSED [ 41%]
test/unit/test_ecosystem_tooling.py::TestModuleSigner::test_sign_and_verify PASSED [ 41%]
test/unit/test_ecosystem_tooling.py::TestModuleSigner::test_verify_modified PASSED [ 41%]
test/unit/test_ecosystem_tooling.py::TestModuleSigner::test_verify_no_signature PASSED [ 41%]
test/unit/test_ecosystem_tooling.py::TestModuleSigner::test_compute_hash PASSED [ 41%]
test/unit/test_ecosystem_tooling.py::TestModuleSigner::test_signature_count PASSED [ 41%]
test/unit/test_ecosystem_tooling.py::TestDependencyResolver::test_no_deps PASSED [ 41%]
test/unit/test_ecosystem_tooling.py::TestDependencyResolver::test_simple_chain PASSED [ 41%]
test/unit/test_ecosystem_tooling.py::TestDependencyResolver::test_missing_dep PASSED [ 41%]
test/unit/test_ecosystem_tooling.py::TestDependencyResolver::test_cycle_detection PASSED [ 41%]
test/unit/test_ecosystem_tooling.py::TestDependencyResolver::test_conflict_detection PASSED [ 41%]
test/unit/test_ecosystem_tooling.py::TestDependencyResolver::test_check_conflicts_set PASSED [ 41%]
test/unit/test_ecosystem_tooling.py::TestDependencyResolver::test_unregistered_module PASSED [ 41%]
test/unit/test_ecosystem_tooling.py::TestDependencyResolver::test_diamond_deps PASSED [ 41%]
test/unit/test_ecosystem_tooling.py::TestModuleRegistry::test_register_and_count PASSED [ 41%]
test/unit/test_ecosystem_tooling.py::TestModuleRegistry::test_get_versions PASSED [ 41%]
test/unit/test_ecosystem_tooling.py::TestModuleRegistry::test_get_latest PASSED [ 41%]
test/unit/test_ecosystem_tooling.py::TestModuleRegistry::test_get_latest_empty PASSED [ 41%]
test/unit/test_ecosystem_tooling.py::TestModuleRegistry::test_search PASSED [ 41%]
test/unit/test_ecosystem_tooling.py::TestModuleRegistry::test_get_changelog PASSED [ 41%]
test/unit/test_ecosystem_tooling.py::TestIntegrationTemplate::test_burp_extension PASSED [ 41%]
test/unit/test_ecosystem_tooling.py::TestIntegrationTemplate::test_burp_custom_url PASSED [ 41%]
test/unit/test_ecosystem_tooling.py::TestIntegrationTemplate::test_maltego_transform PASSED [ 41%]
test/unit/test_ecosystem_tooling.py::TestIntegrationTemplate::test_github_actions PASSED [ 41%]
test/unit/test_ecosystem_tooling.py::TestIntegrationTemplate::test_vscode_extension PASSED [ 41%]
test/unit/test_ecosystem_tooling.py::TestSDKGenerator::test_defaults PASSED [ 41%]
test/unit/test_ecosystem_tooling.py::TestSDKGenerator::test_python_sdk PASSED [ 41%]
test/unit/test_ecosystem_tooling.py::TestSDKGenerator::test_javascript_sdk PASSED [ 41%]
test/unit/test_ecosystem_tooling.py::TestSDKGenerator::test_go_sdk PASSED [ 41%]
test/unit/test_ecosystem_tooling.py::TestSDKGenerator::test_custom_base_url PASSED [ 41%]
test/unit/test_ecosystem_tooling.py::TestSDKGenerator::test_custom_endpoint PASSED [ 41%]
test/unit/test_ecosystem_tooling.py::TestSDKGenerator::test_python_path_params PASSED [ 41%]
test/unit/test_ecosystem_tooling.py::TestSDKGenerator::test_javascript_path_params PASSED [ 41%]
test/unit/test_ecosystem_tooling.py::TestSDKGenerator::test_go_path_params PASSED [ 41%]
test/unit/test_ecosystem_tooling.py::TestIntegration::test_submit_validate_sign_approve PASSED [ 41%]
test/unit/test_ecosystem_tooling.py::TestIntegration::test_dependency_then_registry PASSED [ 41%]
test/unit/test_ecosystem_tooling.py::TestIntegration::test_sdk_all_languages PASSED [ 41%]
test/unit/test_ecosystem_tooling.py::TestIntegration::test_integration_templates_all PASSED [ 41%]
test/unit/test_embedding_service.py::TestNormalize::test_unit_vector PASSED [ 41%]
test/unit/test_embedding_service.py::TestNormalize::test_zero_vector PASSED [ 41%]
test/unit/test_embedding_service.py::TestNormalize::test_already_unit PASSED [ 41%]
test/unit/test_embedding_service.py::TestTruncate::test_no_truncation PASSED [ 41%]
test/unit/test_embedding_service.py::TestTruncate::test_truncation PASSED [ 41%]
test/unit/test_embedding_service.py::TestEmbeddingResult::test_to_dict PASSED [ 41%]
test/unit/test_embedding_service.py::TestEmbeddingConfig::test_defaults PASSED [ 41%]
test/unit/test_embedding_service.py::TestEmbeddingConfig::test_from_env PASSED [ 41%]
test/unit/test_embedding_service.py::TestMockEmbeddingBackend::test_embed_single PASSED [ 41%]
test/unit/test_embedding_service.py::TestMockEmbeddingBackend::test_embed_batch PASSED [ 41%]
test/unit/test_embedding_service.py::TestMockEmbeddingBackend::test_deterministic PASSED [ 41%]
test/unit/test_embedding_service.py::TestMockEmbeddingBackend::test_different_texts_different_vectors PASSED [ 41%]
test/unit/test_embedding_service.py::TestMockEmbeddingBackend::test_normalized PASSED [ 41%]
test/unit/test_embedding_service.py::TestMockEmbeddingBackend::test_dimensions PASSED [ 41%]
test/unit/test_embedding_service.py::TestMockEmbeddingBackend::test_model_name PASSED [ 41%]
test/unit/test_embedding_service.py::TestMockEmbeddingBackend::test_token_count PASSED [ 41%]
test/unit/test_embedding_service.py::TestEmbeddingCache::test_put_and_get PASSED [ 41%]
test/unit/test_embedding_service.py::TestEmbeddingCache::test_miss PASSED [ 41%]
test/unit/test_embedding_service.py::TestEmbeddingCache::test_eviction PASSED [ 41%]
test/unit/test_embedding_service.py::TestEmbeddingCache::test_stats PASSED [ 41%]
test/unit/test_embedding_service.py::TestEmbeddingCache::test_clear PASSED [ 41%]
test/unit/test_embedding_service.py::TestEmbeddingCache::test_duplicate_put PASSED [ 41%]
test/unit/test_embedding_service.py::TestEmbeddingService::test_embed_text PASSED [ 41%]
test/unit/test_embedding_service.py::TestEmbeddingService::test_embed_texts PASSED [ 41%]
test/unit/test_embedding_service.py::TestEmbeddingService::test_embed_empty PASSED [ 41%]
test/unit/test_embedding_service.py::TestEmbeddingService::test_caching PASSED [ 41%]
test/unit/test_embedding_service.py::TestEmbeddingService::test_no_cache PASSED [ 41%]
test/unit/test_embedding_service.py::TestEmbeddingService::test_dimensions_property PASSED [ 41%]
test/unit/test_embedding_service.py::TestEmbeddingService::test_model_property PASSED [ 42%]
test/unit/test_embedding_service.py::TestEmbeddingService::test_provider_property PASSED [ 42%]
test/unit/test_embedding_service.py::TestEmbeddingService::test_clear_cache PASSED [ 42%]
test/unit/test_embedding_service.py::TestEmbeddingService::test_stats PASSED [ 42%]
test/unit/test_embedding_service.py::TestEmbeddingService::test_batch_processing PASSED [ 42%]
test/unit/test_embedding_service.py::TestEmbeddingService::test_deterministic PASSED [ 42%]
test/unit/test_embedding_service.py::TestEmbeddingService::test_different_texts PASSED [ 42%]
test/unit/test_embedding_service.py::TestEmbeddingService::test_truncation PASSED [ 42%]
test/unit/test_enhanced_modules.py::TestTikTokOSINT::test_module_metadata PASSED [ 42%]
test/unit/test_enhanced_modules.py::TestTikTokOSINT::test_produced_events PASSED [ 42%]
test/unit/test_enhanced_modules.py::TestTikTokOSINT::test_tiktok_url_analysis 
-------------------------------- live log call --------------------------------
23:28:22 [ERROR] Failed to recreate pool pool_0: connection to server at "localhost" (::1), port 5432 failed: Connection refused (0x0000274D/10061)
	Is the server running on that host and accepting TCP/IP connections?
connection to server at "localhost" (127.0.0.1), port 5432 failed: Connection refused (0x0000274D/10061)
	Is the server running on that host and accepting TCP/IP connections?

23:28:22 [ERROR] Failed to recreate pool pool_0: connection to server at "localhost" (::1), port 5432 failed: Connection refused (0x0000274D/10061)
	Is the server running on that host and accepting TCP/IP connections?
connection to server at "localhost" (127.0.0.1), port 5432 failed: Connection refused (0x0000274D/10061)
	Is the server running on that host and accepting TCP/IP connections?

23:28:23 [INFO] Scaled up pool_0 from 5 to 10 connections
23:28:23 [INFO] Scaled down pool_0 from 10 to 5 connections
23:28:28 [ERROR] Failed to recreate pool pool_0: connection to server at "localhost" (::1), port 5432 failed: Connection refused (0x0000274D/10061)
	Is the server running on that host and accepting TCP/IP connections?
connection to server at "localhost" (127.0.0.1), port 5432 failed: Connection refused (0x0000274D/10061)
	Is the server running on that host and accepting TCP/IP connections?

23:28:29 [ERROR] Failed to recreate pool pool_0: connection to server at "localhost" (::1), port 5432 failed: Connection refused (0x0000274D/10061)
	Is the server running on that host and accepting TCP/IP connections?
connection to server at "localhost" (127.0.0.1), port 5432 failed: Connection refused (0x0000274D/10061)
	Is the server running on that host and accepting TCP/IP connections?

23:28:29 [INFO] Scaled up pool_0 from 5 to 10 connections
23:28:30 [INFO] Scaled down pool_0 from 10 to 5 connections
FAILED                                                                   [ 42%]
test/unit/test_enhanced_modules.py::TestTikTokOSINT::test_username_extraction_from_url PASSED [ 42%]
test/unit/test_enhanced_modules.py::TestTikTokOSINT::test_watched_events PASSED [ 42%]
test/unit/test_enhanced_modules.py::TestAdvancedCorrelation::test_connected_entities_search PASSED [ 42%]
test/unit/test_enhanced_modules.py::TestAdvancedCorrelation::test_entity_relationship_addition PASSED [ 42%]
test/unit/test_enhanced_modules.py::TestAdvancedCorrelation::test_geospatial_clustering PASSED [ 42%]
test/unit/test_enhanced_modules.py::TestAdvancedCorrelation::test_module_metadata PASSED [ 42%]
test/unit/test_enhanced_modules.py::TestAdvancedCorrelation::test_temporal_pattern_analysis PASSED [ 42%]
test/unit/test_enhanced_modules.py::TestPerformanceOptimizer::test_adaptive_rate_limiter SKIPPED [ 42%]
test/unit/test_enhanced_modules.py::TestPerformanceOptimizer::test_cache_key_creation SKIPPED [ 42%]
test/unit/test_enhanced_modules.py::TestPerformanceOptimizer::test_module_metadata SKIPPED [ 42%]
test/unit/test_enhanced_modules.py::TestPerformanceOptimizer::test_ttl_cache_basic_operations SKIPPED [ 42%]
test/unit/test_enhanced_modules.py::TestPerformanceOptimizer::test_ttl_cache_size_limit SKIPPED [ 42%]
test/unit/test_enhanced_modules.py::TestBlockchainAnalytics::test_bitcoin_address_validation PASSED [ 42%]
test/unit/test_enhanced_modules.py::TestBlockchainAnalytics::test_bitcoin_transaction_fetching PASSED [ 42%]
test/unit/test_enhanced_modules.py::TestBlockchainAnalytics::test_crypto_type_determination PASSED [ 42%]
test/unit/test_enhanced_modules.py::TestBlockchainAnalytics::test_ethereum_address_validation PASSED [ 42%]
test/unit/test_enhanced_modules.py::TestBlockchainAnalytics::test_module_metadata PASSED [ 42%]
test/unit/test_enhanced_modules.py::TestBlockchainAnalytics::test_money_laundering_detection PASSED [ 42%]
test/unit/test_enhanced_modules.py::TestBlockchainAnalytics::test_produced_events PASSED [ 42%]
test/unit/test_enhanced_modules.py::TestBlockchainAnalytics::test_watched_events PASSED [ 42%]
test/unit/test_enhanced_modules.py::TestNewCorrelationRules::test_blockchain_correlation_rule_structure 
-------------------------------- live log call --------------------------------
23:28:36 [ERROR] Failed to recreate pool pool_0: connection to server at "localhost" (::1), port 5432 failed: Connection refused (0x0000274D/10061)
	Is the server running on that host and accepting TCP/IP connections?
connection to server at "localhost" (127.0.0.1), port 5432 failed: Connection refused (0x0000274D/10061)
	Is the server running on that host and accepting TCP/IP connections?

23:28:36 [INFO] Scaled up pool_0 from 5 to 10 connections
PASSED                                                                   [ 42%]
test/unit/test_enhanced_modules.py::TestNewCorrelationRules::test_tiktok_correlation_rule_structure PASSED [ 42%]
test/unit/test_enrichment.py::TestEnrichmentPriority::test_ordering PASSED [ 42%]
test/unit/test_enrichment.py::TestEnrichmentContext::test_add_enrichment PASSED [ 42%]
test/unit/test_enrichment.py::TestEnrichmentContext::test_add_tag PASSED [ 42%]
test/unit/test_enrichment.py::TestEnrichmentContext::test_creation PASSED [ 42%]
test/unit/test_enrichment.py::TestEnrichmentContext::test_get_enrichment_default PASSED [ 42%]
test/unit/test_enrichment.py::TestEnrichmentContext::test_skip_remaining PASSED [ 42%]
test/unit/test_enrichment.py::TestEnrichmentContext::test_to_dict PASSED [ 42%]
test/unit/test_enrichment.py::TestFunctionEnricher::test_default_name PASSED [ 42%]
test/unit/test_enrichment.py::TestFunctionEnricher::test_wraps_function PASSED [ 42%]
test/unit/test_enrichment.py::TestEnrichmentPipeline::test_chaining PASSED [ 42%]
test/unit/test_enrichment.py::TestEnrichmentPipeline::test_decorator PASSED [ 42%]
test/unit/test_enrichment.py::TestEnrichmentPipeline::test_disabled_enricher PASSED [ 42%]
test/unit/test_enrichment.py::TestEnrichmentPipeline::test_empty_pipeline PASSED [ 42%]
test/unit/test_enrichment.py::TestEnrichmentPipeline::test_error_callback 
-------------------------------- live log call --------------------------------
23:28:38 [ERROR] Enricher 'bad_enricher' error: test error
PASSED                                                                   [ 42%]
test/unit/test_enrichment.py::TestEnrichmentPipeline::test_error_handling 
-------------------------------- live log call --------------------------------
23:28:38 [ERROR] Enricher 'bad_enricher' error: boom
PASSED                                                                   [ 42%]
test/unit/test_enrichment.py::TestEnrichmentPipeline::test_event_type_filtering PASSED [ 42%]
test/unit/test_enrichment.py::TestEnrichmentPipeline::test_get_enricher_names PASSED [ 42%]
test/unit/test_enrichment.py::TestEnrichmentPipeline::test_list_enrichers PASSED [ 42%]
test/unit/test_enrichment.py::TestEnrichmentPipeline::test_priority_ordering PASSED [ 42%]
test/unit/test_enrichment.py::TestEnrichmentPipeline::test_process_batch PASSED [ 42%]
test/unit/test_enrichment.py::TestEnrichmentPipeline::test_remove_enricher PASSED [ 42%]
test/unit/test_enrichment.py::TestEnrichmentPipeline::test_single_enricher PASSED [ 42%]
test/unit/test_enrichment.py::TestEnrichmentPipeline::test_skip_remaining PASSED [ 42%]
test/unit/test_enrichment.py::TestEnrichmentPipeline::test_stats PASSED  [ 42%]
test/unit/test_enrichment.py::TestEnrichmentPipeline::test_thread_safety PASSED [ 42%]
test/unit/test_enrichment.py::TestEnrichmentPipeline::test_timings_recorded PASSED [ 42%]
test/unit/test_enrichment.py::TestTagEnricher::test_email_tag PASSED     [ 42%]
test/unit/test_enrichment.py::TestTagEnricher::test_ip_tag PASSED        [ 42%]
test/unit/test_enrichment.py::TestTagEnricher::test_malicious_tag PASSED [ 42%]
test/unit/test_enrichment.py::TestTagEnricher::test_no_match PASSED      [ 42%]
test/unit/test_enrichment.py::TestDataSizeEnricher::test_data_length PASSED [ 42%]
test/unit/test_enrichment.py::TestDataSizeEnricher::test_empty_data PASSED [ 42%]
test/unit/test_enrichment.py::TestDefaultPipeline::test_create_default PASSED [ 42%]
test/unit/test_error_telemetry.py::TestClassifyError::test_auth PASSED   [ 42%]
test/unit/test_error_telemetry.py::TestClassifyError::test_internal PASSED [ 42%]
test/unit/test_error_telemetry.py::TestClassifyError::test_network PASSED [ 42%]
test/unit/test_error_telemetry.py::TestClassifyError::test_parse PASSED  [ 42%]
test/unit/test_error_telemetry.py::TestClassifyError::test_rate_limited PASSED [ 42%]
test/unit/test_error_telemetry.py::TestClassifyError::test_resource PASSED [ 42%]
test/unit/test_error_telemetry.py::TestClassifyError::test_timeout PASSED [ 42%]
test/unit/test_error_telemetry.py::TestClassifyError::test_unknown_no_type PASSED [ 42%]
test/unit/test_error_telemetry.py::TestFingerprint::test_deterministic PASSED [ 42%]
test/unit/test_error_telemetry.py::TestFingerprint::test_different_inputs PASSED [ 42%]
test/unit/test_error_telemetry.py::TestFingerprint::test_length PASSED   [ 42%]
test/unit/test_error_telemetry.py::TestErrorRecord::test_to_dict PASSED  [ 42%]
test/unit/test_error_telemetry.py::TestErrorTelemetry::test_affected_modules PASSED [ 42%]
test/unit/test_error_telemetry.py::TestErrorTelemetry::test_affected_scans_tracking PASSED [ 42%]
test/unit/test_error_telemetry.py::TestErrorTelemetry::test_alert_fires PASSED [ 42%]
test/unit/test_error_telemetry.py::TestErrorTelemetry::test_alert_history PASSED [ 42%]
test/unit/test_error_telemetry.py::TestErrorTelemetry::test_alert_module_filter PASSED [ 42%]
test/unit/test_error_telemetry.py::TestErrorTelemetry::test_auto_classification PASSED [ 42%]
test/unit/test_error_telemetry.py::TestErrorTelemetry::test_capture_exception PASSED [ 42%]
test/unit/test_error_telemetry.py::TestErrorTelemetry::test_capture_from_log PASSED [ 42%]
test/unit/test_error_telemetry.py::TestErrorTelemetry::test_capture_no_exception PASSED [ 42%]
test/unit/test_error_telemetry.py::TestErrorTelemetry::test_clear PASSED [ 43%]
test/unit/test_error_telemetry.py::TestErrorTelemetry::test_error_count PASSED [ 43%]
test/unit/test_error_telemetry.py::TestErrorTelemetry::test_error_rate PASSED [ 43%]
test/unit/test_error_telemetry.py::TestErrorTelemetry::test_error_rate_no_module PASSED [ 43%]
test/unit/test_error_telemetry.py::TestErrorTelemetry::test_explicit_classification PASSED [ 43%]
test/unit/test_error_telemetry.py::TestErrorTelemetry::test_get_group PASSED [ 43%]
test/unit/test_error_telemetry.py::TestErrorTelemetry::test_grouping PASSED [ 43%]
test/unit/test_error_telemetry.py::TestErrorTelemetry::test_groups_for_module PASSED [ 43%]
test/unit/test_error_telemetry.py::TestErrorTelemetry::test_groups_for_scan PASSED [ 43%]
test/unit/test_error_telemetry.py::TestErrorTelemetry::test_recent_filter_class PASSED [ 43%]
test/unit/test_error_telemetry.py::TestErrorTelemetry::test_recent_filter_module PASSED [ 43%]
test/unit/test_error_telemetry.py::TestErrorTelemetry::test_recent_filter_scan PASSED [ 43%]
test/unit/test_error_telemetry.py::TestErrorTelemetry::test_remove_alert PASSED [ 43%]
test/unit/test_error_telemetry.py::TestErrorTelemetry::test_ring_buffer_limit PASSED [ 43%]
test/unit/test_error_telemetry.py::TestErrorTelemetry::test_stats PASSED [ 43%]
test/unit/test_event_catalog_fk.py::TestEventCatalogIntegrity::test_catalog_entries_have_correct_structure PASSED [ 43%]
test/unit/test_event_catalog_fk.py::TestEventCatalogIntegrity::test_catalog_has_minimum_entries PASSED [ 43%]
test/unit/test_event_catalog_fk.py::TestEventCatalogIntegrity::test_core_event_types_present PASSED [ 43%]
test/unit/test_event_catalog_fk.py::TestEventCatalogIntegrity::test_no_duplicate_event_names PASSED [ 43%]
test/unit/test_event_catalog_fk.py::TestModuleEventsFKSatisfied::test_all_consumed_events_in_catalog PASSED [ 43%]
test/unit/test_event_catalog_fk.py::TestModuleEventsFKSatisfied::test_all_produced_events_in_catalog PASSED [ 43%]
test/unit/test_event_catalog_fk.py::TestModuleEventsFKSatisfied::test_every_module_consumes_something PASSED [ 43%]
test/unit/test_event_catalog_fk.py::TestModuleEventsFKSatisfied::test_every_module_produces_something PASSED [ 43%]
test/unit/test_event_catalog_fk.py::TestModuleEventsFKSatisfied::test_modules_loaded PASSED [ 43%]
test/unit/test_event_dedup.py::TestDedupStrategy::test_values PASSED     [ 43%]
test/unit/test_event_dedup.py::TestDedupAction::test_values PASSED       [ 43%]
test/unit/test_event_dedup.py::TestDedupRecord::test_creation PASSED     [ 43%]
test/unit/test_event_dedup.py::TestDedupRecord::test_touch PASSED        [ 43%]
test/unit/test_event_dedup.py::TestDedupRecord::test_touch_without_module PASSED [ 43%]
test/unit/test_event_dedup.py::TestDedupStats::test_dedup_rate PASSED    [ 43%]
test/unit/test_event_dedup.py::TestDedupStats::test_dedup_rate_zero PASSED [ 43%]
test/unit/test_event_dedup.py::TestDedupStats::test_to_dict PASSED       [ 43%]
test/unit/test_event_dedup.py::TestContentNormalizer::test_normalize_domain PASSED [ 43%]
test/unit/test_event_dedup.py::TestContentNormalizer::test_normalize_email PASSED [ 43%]
test/unit/test_event_dedup.py::TestContentNormalizer::test_normalize_empty PASSED [ 43%]
test/unit/test_event_dedup.py::TestContentNormalizer::test_normalize_general_text PASSED [ 43%]
test/unit/test_event_dedup.py::TestContentNormalizer::test_normalize_internet_name PASSED [ 43%]
test/unit/test_event_dedup.py::TestContentNormalizer::test_normalize_ip PASSED [ 43%]
test/unit/test_event_dedup.py::TestContentNormalizer::test_normalize_ip_v6 PASSED [ 43%]
test/unit/test_event_dedup.py::TestContentNormalizer::test_normalize_url PASSED [ 43%]
test/unit/test_event_dedup.py::TestContentNormalizer::test_normalize_url_https_default_port PASSED [ 43%]
test/unit/test_event_dedup.py::TestEventDeduplicator::test_callback_error_handled 
-------------------------------- live log call --------------------------------
23:28:47 [ERROR] Dedup callback error: division by zero
PASSED                                                                   [ 43%]
test/unit/test_event_dedup.py::TestEventDeduplicator::test_callback_on_duplicate PASSED [ 43%]
test/unit/test_event_dedup.py::TestEventDeduplicator::test_check_batch PASSED [ 43%]
test/unit/test_event_dedup.py::TestEventDeduplicator::test_different_data_not_duplicate PASSED [ 43%]
test/unit/test_event_dedup.py::TestEventDeduplicator::test_different_type_not_duplicate PASSED [ 43%]
test/unit/test_event_dedup.py::TestEventDeduplicator::test_disable_enable PASSED [ 43%]
test/unit/test_event_dedup.py::TestEventDeduplicator::test_exact_strategy_misses_equivalent PASSED [ 43%]
test/unit/test_event_dedup.py::TestEventDeduplicator::test_first_event_not_duplicate PASSED [ 43%]
test/unit/test_event_dedup.py::TestEventDeduplicator::test_get_duplicates PASSED [ 43%]
test/unit/test_event_dedup.py::TestEventDeduplicator::test_get_record PASSED [ 43%]
test/unit/test_event_dedup.py::TestEventDeduplicator::test_get_record_missing PASSED [ 43%]
test/unit/test_event_dedup.py::TestEventDeduplicator::test_get_top_duplicates PASSED [ 43%]
test/unit/test_event_dedup.py::TestEventDeduplicator::test_max_records PASSED [ 43%]
test/unit/test_event_dedup.py::TestEventDeduplicator::test_modules_tracked_in_record PASSED [ 43%]
test/unit/test_event_dedup.py::TestEventDeduplicator::test_normalized_strategy_detects_equivalent PASSED [ 43%]
test/unit/test_event_dedup.py::TestEventDeduplicator::test_per_module_scope PASSED [ 43%]
test/unit/test_event_dedup.py::TestEventDeduplicator::test_record_count PASSED [ 43%]
test/unit/test_event_dedup.py::TestEventDeduplicator::test_reset PASSED  [ 43%]
test/unit/test_event_dedup.py::TestEventDeduplicator::test_same_event_is_duplicate PASSED [ 43%]
test/unit/test_event_dedup.py::TestEventDeduplicator::test_stats_tracking PASSED [ 43%]
test/unit/test_event_dedup.py::TestEventDeduplicator::test_thread_safety PASSED [ 43%]
test/unit/test_event_dedup.py::TestEventDeduplicator::test_to_dict PASSED [ 43%]
test/unit/test_event_dedup.py::TestScanDeduplicator::test_basic_dedup PASSED [ 43%]
test/unit/test_event_dedup.py::TestScanDeduplicator::test_get_all_duplicates PASSED [ 43%]
test/unit/test_event_dedup.py::TestScanDeduplicator::test_get_stats PASSED [ 43%]
test/unit/test_event_dedup.py::TestScanDeduplicator::test_reset PASSED   [ 43%]
test/unit/test_event_dedup.py::TestScanDeduplicator::test_type_specific_strategy PASSED [ 43%]
test/unit/test_event_dedup.py::TestSingleton::test_get_event_deduplicator PASSED [ 43%]
test/unit/test_event_dedup.py::TestSingleton::test_singleton_is_normalized PASSED [ 43%]
test/unit/test_event_filter.py::TestTypeFilter::test_allowed_types PASSED [ 43%]
test/unit/test_event_filter.py::TestTypeFilter::test_denied_types PASSED [ 43%]
test/unit/test_event_filter.py::TestTypeFilter::test_no_restriction PASSED [ 43%]
test/unit/test_event_filter.py::TestPatternFilter::test_allow_pattern PASSED [ 43%]
test/unit/test_event_filter.py::TestPatternFilter::test_case_insensitive PASSED [ 43%]
test/unit/test_event_filter.py::TestPatternFilter::test_deny_pattern PASSED [ 43%]
test/unit/test_event_filter.py::TestRiskFilter::test_default_risk PASSED [ 43%]
test/unit/test_event_filter.py::TestRiskFilter::test_max_risk PASSED     [ 43%]
test/unit/test_event_filter.py::TestRiskFilter::test_min_risk PASSED     [ 43%]
test/unit/test_event_filter.py::TestRiskFilter::test_range PASSED        [ 43%]
test/unit/test_event_filter.py::TestModuleFilter::test_allowed_modules PASSED [ 43%]
test/unit/test_event_filter.py::TestModuleFilter::test_denied_modules PASSED [ 43%]
test/unit/test_event_filter.py::TestPredicateFilter::test_predicate_error 
-------------------------------- live log call --------------------------------
23:28:51 [ERROR] Predicate filter 'bad' error: division by zero
PASSED                                                                   [ 43%]
test/unit/test_event_filter.py::TestPredicateFilter::test_predicate_pass PASSED [ 43%]
test/unit/test_event_filter.py::TestEventFilterChain::test_any_pass_mode PASSED [ 43%]
test/unit/test_event_filter.py::TestEventFilterChain::test_chaining PASSED [ 43%]
test/unit/test_event_filter.py::TestEventFilterChain::test_check_batch PASSED [ 43%]
test/unit/test_event_filter.py::TestEventFilterChain::test_disabled_filter_skipped PASSED [ 44%]
test/unit/test_event_filter.py::TestEventFilterChain::test_empty_chain_passes_all PASSED [ 44%]
test/unit/test_event_filter.py::TestEventFilterChain::test_filter_stats PASSED [ 44%]
test/unit/test_event_filter.py::TestEventFilterChain::test_get_filter_names PASSED [ 44%]
test/unit/test_event_filter.py::TestEventFilterChain::test_multiple_filters_all_pass PASSED [ 44%]
test/unit/test_event_filter.py::TestEventFilterChain::test_remove_filter PASSED [ 44%]
test/unit/test_event_filter.py::TestEventFilterChain::test_reset_stats PASSED [ 44%]
test/unit/test_event_filter.py::TestEventFilterChain::test_stats PASSED  [ 44%]
test/unit/test_event_filter.py::TestEventFilterChain::test_to_dict PASSED [ 44%]
test/unit/test_event_filter.py::TestEventFilterChain::test_type_deny PASSED [ 44%]
test/unit/test_event_indexer.py::TestIndexerConfig::test_defaults PASSED [ 44%]
test/unit/test_event_indexer.py::TestIndexerConfig::test_from_env PASSED [ 44%]
test/unit/test_event_indexer.py::TestIndexerMetrics::test_to_dict PASSED [ 44%]
test/unit/test_event_indexer.py::TestBatchWriter::test_add_and_flush PASSED [ 44%]
test/unit/test_event_indexer.py::TestBatchWriter::test_auto_flush_on_batch_size PASSED [ 44%]
test/unit/test_event_indexer.py::TestBatchWriter::test_queue_full PASSED [ 44%]
test/unit/test_event_indexer.py::TestBatchWriter::test_high_water_mark PASSED [ 44%]
test/unit/test_event_indexer.py::TestBatchWriter::test_flush_error 
-------------------------------- live log call --------------------------------
23:28:53 [ERROR] Batch flush error: boom
PASSED                                                                   [ 44%]
test/unit/test_event_indexer.py::TestBatchWriter::test_start_stop PASSED [ 44%]
test/unit/test_event_indexer.py::TestEventIndexer::test_on_event_indexable PASSED [ 44%]
test/unit/test_event_indexer.py::TestEventIndexer::test_on_event_skipped PASSED [ 44%]
test/unit/test_event_indexer.py::TestEventIndexer::test_on_event_no_type PASSED [ 44%]
test/unit/test_event_indexer.py::TestEventIndexer::test_index_batch PASSED [ 44%]
test/unit/test_event_indexer.py::TestEventIndexer::test_index_batch_no_engine PASSED [ 44%]
test/unit/test_event_indexer.py::TestEventIndexer::test_start_with_bus 
-------------------------------- live log call --------------------------------
23:28:54 [INFO] Event indexer subscribed to EventBus
23:28:54 [INFO] Event indexer started (batch=50, flush=5.0s)
23:28:54 [INFO] Event indexer stopped (indexed=0, errors=0)
PASSED                                                                   [ 44%]
test/unit/test_event_indexer.py::TestEventIndexer::test_start_no_bus 
-------------------------------- live log call --------------------------------
23:28:54 [WARNING] No EventBus available, indexer disabled
PASSED                                                                   [ 44%]
test/unit/test_event_indexer.py::TestEventIndexer::test_start_disabled PASSED [ 44%]
test/unit/test_event_indexer.py::TestEventIndexer::test_stats PASSED     [ 44%]
test/unit/test_event_indexer.py::TestEventIndexer::test_double_start 
-------------------------------- live log call --------------------------------
23:28:54 [INFO] Event indexer subscribed to EventBus
23:28:54 [INFO] Event indexer started (batch=50, flush=5.0s)
23:28:54 [INFO] Event indexer stopped (indexed=0, errors=0)
PASSED                                                                   [ 44%]
test/unit/test_event_indexer.py::TestEventIndexer::test_indexable_types_coverage PASSED [ 44%]
test/unit/test_event_indexer.py::TestEventIndexer::test_end_to_end_flow 
-------------------------------- live log call --------------------------------
23:28:55 [INFO] Event indexer subscribed to EventBus
23:28:55 [INFO] Event indexer started (batch=3, flush=60.0s)
23:28:55 [INFO] Event indexer stopped (indexed=3, errors=0)
PASSED                                                                   [ 44%]
test/unit/test_event_pipeline.py::TestPipelineEvent::test_basic PASSED   [ 44%]
test/unit/test_event_pipeline.py::TestPipelineEvent::test_drop PASSED    [ 44%]
test/unit/test_event_pipeline.py::TestPipelineEvent::test_tags PASSED    [ 44%]
test/unit/test_event_pipeline.py::TestValidatorStage::test_allowed_types PASSED [ 44%]
test/unit/test_event_pipeline.py::TestValidatorStage::test_max_data_size PASSED [ 44%]
test/unit/test_event_pipeline.py::TestTransformStage::test_transform PASSED [ 44%]
test/unit/test_event_pipeline.py::TestTransformStage::test_transform_error 
-------------------------------- live log call --------------------------------
23:28:55 [ERROR] Transform 'transform' error: division by zero
PASSED                                                                   [ 44%]
test/unit/test_event_pipeline.py::TestTaggingStage::test_add_rule PASSED [ 44%]
test/unit/test_event_pipeline.py::TestTaggingStage::test_tagging PASSED  [ 44%]
test/unit/test_event_pipeline.py::TestFunctionStage::test_function PASSED [ 44%]
test/unit/test_event_pipeline.py::TestRouterStage::test_routing PASSED   [ 44%]
test/unit/test_event_pipeline.py::TestEventPipeline::test_batch PASSED   [ 44%]
test/unit/test_event_pipeline.py::TestEventPipeline::test_chaining PASSED [ 44%]
test/unit/test_event_pipeline.py::TestEventPipeline::test_disabled_stage_skipped PASSED [ 44%]
test/unit/test_event_pipeline.py::TestEventPipeline::test_empty_pipeline PASSED [ 44%]
test/unit/test_event_pipeline.py::TestEventPipeline::test_error_continues 
-------------------------------- live log call --------------------------------
23:28:56 [ERROR] Transform 'bad' error: division by zero
PASSED                                                                   [ 44%]
test/unit/test_event_pipeline.py::TestEventPipeline::test_error_handler 
-------------------------------- live log call --------------------------------
23:28:56 [ERROR] Pipeline stage 'bad' error: division by zero
PASSED                                                                   [ 44%]
test/unit/test_event_pipeline.py::TestEventPipeline::test_multi_stage PASSED [ 44%]
test/unit/test_event_pipeline.py::TestEventPipeline::test_remove_stage PASSED [ 44%]
test/unit/test_event_pipeline.py::TestEventPipeline::test_reset_stats PASSED [ 44%]
test/unit/test_event_pipeline.py::TestEventPipeline::test_single_stage PASSED [ 44%]
test/unit/test_event_pipeline.py::TestEventPipeline::test_stage_names PASSED [ 44%]
test/unit/test_event_pipeline.py::TestEventPipeline::test_stats PASSED   [ 44%]
test/unit/test_event_pipeline.py::TestEventPipeline::test_to_dict PASSED [ 44%]
test/unit/test_event_registry.py::TestEventTypeMeta::test_data PASSED    [ 44%]
test/unit/test_event_registry.py::TestEventTypeMeta::test_descriptor PASSED [ 44%]
test/unit/test_event_registry.py::TestEventTypeMeta::test_entity PASSED  [ 44%]
test/unit/test_event_registry.py::TestEventTypeMeta::test_frozen PASSED  [ 44%]
test/unit/test_event_registry.py::TestEventTypeMeta::test_internal PASSED [ 44%]
test/unit/test_event_registry.py::TestEventTypeMeta::test_subentity PASSED [ 44%]
test/unit/test_event_registry.py::TestEventTypeRegistry::test_all_types PASSED [ 44%]
test/unit/test_event_registry.py::TestEventTypeRegistry::test_by_category PASSED [ 44%]
test/unit/test_event_registry.py::TestEventTypeRegistry::test_categories PASSED [ 44%]
test/unit/test_event_registry.py::TestEventTypeRegistry::test_contains PASSED [ 44%]
test/unit/test_event_registry.py::TestEventTypeRegistry::test_is_valid PASSED [ 44%]
test/unit/test_event_registry.py::TestEventTypeRegistry::test_len PASSED [ 44%]
test/unit/test_event_registry.py::TestEventTypeRegistry::test_load_from_db_class 
-------------------------------- live log call --------------------------------
23:28:58 [INFO] Loaded 254 event types from SpiderFootDb
PASSED                                                                   [ 44%]
test/unit/test_event_registry.py::TestEventTypeRegistry::test_load_from_list PASSED [ 44%]
test/unit/test_event_registry.py::TestEventTypeRegistry::test_register_and_get PASSED [ 44%]
test/unit/test_event_registry.py::TestEventTypeRegistry::test_to_dict PASSED [ 44%]
test/unit/test_event_registry.py::TestEventTypeRegistry::test_validate_module_events_unknown PASSED [ 44%]
test/unit/test_event_registry.py::TestEventTypeRegistry::test_validate_module_events_valid PASSED [ 44%]
test/unit/test_event_registry.py::TestEventTypeRegistry::test_validate_wildcard_watch PASSED [ 44%]
test/unit/test_event_registry.py::TestModuleGraph::test_alternative_keys PASSED [ 44%]
test/unit/test_event_registry.py::TestModuleGraph::test_build_module_graph PASSED [ 44%]
test/unit/test_event_registry.py::TestModuleGraph::test_dependency_chain_max_depth PASSED [ 44%]
test/unit/test_event_registry.py::TestModuleGraph::test_find_consumers PASSED [ 44%]
test/unit/test_event_registry.py::TestModuleGraph::test_find_orphaned_types PASSED [ 44%]
test/unit/test_event_registry.py::TestModuleGraph::test_find_producers PASSED [ 44%]
test/unit/test_event_registry.py::TestModuleGraph::test_find_unregistered_types PASSED [ 44%]
test/unit/test_event_registry.py::TestModuleGraph::test_get_dependency_chain PASSED [ 44%]
test/unit/test_event_registry.py::TestSingleton::test_get_event_registry PASSED [ 44%]
test/unit/test_event_relay.py::TestRelayEvent::test_default_timestamp PASSED [ 44%]
test/unit/test_event_relay.py::TestRelayEvent::test_explicit_timestamp PASSED [ 44%]
test/unit/test_event_relay.py::TestRelayEvent::test_to_dict PASSED       [ 44%]
test/unit/test_event_relay.py::TestRelayEvent::test_to_json PASSED       [ 44%]
test/unit/test_event_relay.py::TestEventRelayConsumers::test_active_scans 
-------------------------------- live log call --------------------------------
23:29:00 [INFO] Consumer registered for scan s1 (active=1)
23:29:00 [INFO] Consumer registered for scan s2 (active=2)
PASSED                                                                   [ 45%]
test/unit/test_event_relay.py::TestEventRelayConsumers::test_consumer_count_total 
-------------------------------- live log call --------------------------------
23:29:01 [INFO] Consumer registered for scan s1 (active=1)
23:29:01 [INFO] Consumer registered for scan s1 (active=2)
23:29:01 [INFO] Consumer registered for scan s2 (active=3)
PASSED                                                                   [ 45%]
test/unit/test_event_relay.py::TestEventRelayConsumers::test_multiple_consumers_same_scan 
-------------------------------- live log call --------------------------------
23:29:01 [INFO] Consumer registered for scan scan-1 (active=1)
23:29:01 [INFO] Consumer registered for scan scan-1 (active=2)
23:29:01 [INFO] Consumer unregistered for scan scan-1
PASSED                                                                   [ 45%]
test/unit/test_event_relay.py::TestEventRelayConsumers::test_register_consumer 
-------------------------------- live log call --------------------------------
23:29:01 [INFO] Consumer registered for scan scan-1 (active=1)
PASSED                                                                   [ 45%]
test/unit/test_event_relay.py::TestEventRelayConsumers::test_unregister_consumer 
-------------------------------- live log call --------------------------------
23:29:01 [INFO] Consumer registered for scan scan-1 (active=1)
23:29:01 [INFO] Consumer unregistered for scan scan-1
PASSED                                                                   [ 45%]
test/unit/test_event_relay.py::TestEventRelayConsumers::test_unregister_nonexistent 
-------------------------------- live log call --------------------------------
23:29:01 [INFO] Consumer unregistered for scan nope
PASSED                                                                   [ 45%]
test/unit/test_event_relay.py::TestEventRelayPush::test_push_event_all 
-------------------------------- live log call --------------------------------
23:29:01 [INFO] Consumer registered for scan s1 (active=1)
23:29:01 [INFO] Consumer registered for scan s2 (active=2)
PASSED                                                                   [ 45%]
test/unit/test_event_relay.py::TestEventRelayPush::test_push_event_multiple_consumers 
-------------------------------- live log call --------------------------------
23:29:01 [INFO] Consumer registered for scan s1 (active=1)
23:29:01 [INFO] Consumer registered for scan s1 (active=2)
PASSED                                                                   [ 45%]
test/unit/test_event_relay.py::TestEventRelayPush::test_push_event_no_consumers PASSED [ 45%]
test/unit/test_event_relay.py::TestEventRelayPush::test_push_event_only_to_target_scan 
-------------------------------- live log call --------------------------------
23:29:01 [INFO] Consumer registered for scan s1 (active=1)
23:29:01 [INFO] Consumer registered for scan s2 (active=2)
PASSED                                                                   [ 45%]
test/unit/test_event_relay.py::TestEventRelayPush::test_push_event_to_consumers 
-------------------------------- live log call --------------------------------
23:29:01 [INFO] Consumer registered for scan s1 (active=1)
PASSED                                                                   [ 45%]
test/unit/test_event_relay.py::TestEventRelayPush::test_queue_overflow_drops_oldest 
-------------------------------- live log call --------------------------------
23:29:02 [INFO] Consumer registered for scan s1 (active=1)
PASSED                                                                   [ 45%]
test/unit/test_event_relay.py::TestEventRelayPush::test_stats_tracking 
-------------------------------- live log call --------------------------------
23:29:02 [INFO] Consumer registered for scan s1 (active=1)
PASSED                                                                   [ 45%]
test/unit/test_event_relay.py::TestEventRelayHelpers::test_push_scan_completed 
-------------------------------- live log call --------------------------------
23:29:02 [INFO] Consumer registered for scan s1 (active=1)
PASSED                                                                   [ 45%]
test/unit/test_event_relay.py::TestEventRelayHelpers::test_push_scan_started 
-------------------------------- live log call --------------------------------
23:29:02 [INFO] Consumer registered for scan s1 (active=1)
PASSED                                                                   [ 45%]
test/unit/test_event_relay.py::TestEventRelayHelpers::test_push_status_update 
-------------------------------- live log call --------------------------------
23:29:02 [INFO] Consumer registered for scan s1 (active=1)
PASSED                                                                   [ 45%]
test/unit/test_event_relay.py::TestEventRelayEventBus::test_on_eventbus_event 
-------------------------------- live log call --------------------------------
23:29:02 [INFO] Consumer registered for scan s1 (active=1)
PASSED                                                                   [ 45%]
test/unit/test_event_relay.py::TestEventRelayEventBus::test_subscribe_idempotent 
-------------------------------- live log call --------------------------------
23:29:02 [INFO] EventRelay wired to EventBus
23:29:02 [INFO] Subscribed to EventBus for scan s1
PASSED                                                                   [ 45%]
test/unit/test_event_relay.py::TestEventRelayEventBus::test_subscribe_scan_with_bus 
-------------------------------- live log call --------------------------------
23:29:02 [INFO] EventRelay wired to EventBus
23:29:02 [INFO] Subscribed to EventBus for scan s1
PASSED                                                                   [ 45%]
test/unit/test_event_relay.py::TestEventRelayEventBus::test_subscribe_scan_without_bus PASSED [ 45%]
test/unit/test_event_relay.py::TestEventRelayEventBus::test_unsubscribe_scan 
-------------------------------- live log call --------------------------------
23:29:03 [INFO] EventRelay wired to EventBus
23:29:03 [INFO] Subscribed to EventBus for scan s1
23:29:03 [INFO] Unsubscribed from EventBus for scan s1
PASSED                                                                   [ 45%]
test/unit/test_event_relay.py::TestEventRelayEventBus::test_wire_eventbus 
-------------------------------- live log call --------------------------------
23:29:03 [INFO] EventRelay wired to EventBus
PASSED                                                                   [ 45%]
test/unit/test_event_relay.py::TestEventRelaySingleton::test_get_returns_same_instance PASSED [ 45%]
test/unit/test_event_relay.py::TestEventRelaySingleton::test_reset_clears_singleton PASSED [ 45%]
test/unit/test_event_relay.py::TestWebSocketManager::test_active_scans 
-------------------------------- live log call --------------------------------
23:29:03 [INFO] WebSocket connected: scan=s1 (total=1)
23:29:03 [INFO] WebSocket connected: scan=s2 (total=1)
PASSED                                                                   [ 45%]
test/unit/test_event_relay.py::TestWebSocketManager::test_broadcast 
-------------------------------- live log call --------------------------------
23:29:03 [INFO] WebSocket connected: scan=s1 (total=1)
23:29:03 [INFO] WebSocket connected: scan=s2 (total=1)
PASSED                                                                   [ 45%]
test/unit/test_event_relay.py::TestWebSocketManager::test_connect_and_count 
-------------------------------- live log call --------------------------------
23:29:03 [INFO] WebSocket connected: scan=s1 (total=1)
PASSED                                                                   [ 45%]
test/unit/test_event_relay.py::TestWebSocketManager::test_disconnect 
-------------------------------- live log call --------------------------------
23:29:03 [INFO] WebSocket connected: scan=s1 (total=1)
23:29:03 [INFO] WebSocket disconnected: scan=s1
PASSED                                                                   [ 45%]
test/unit/test_event_relay.py::TestWebSocketManager::test_disconnect_nonexistent 
-------------------------------- live log call --------------------------------
23:29:03 [INFO] WebSocket disconnected: scan=nope
PASSED                                                                   [ 45%]
test/unit/test_event_relay.py::TestWebSocketManager::test_per_scan_grouping 
-------------------------------- live log call --------------------------------
23:29:03 [INFO] WebSocket connected: scan=s1 (total=1)
23:29:03 [INFO] WebSocket connected: scan=s2 (total=1)
PASSED                                                                   [ 45%]
test/unit/test_event_relay.py::TestWebSocketManager::test_send_to_scan 
-------------------------------- live log call --------------------------------
23:29:04 [INFO] WebSocket connected: scan=s1 (total=1)
23:29:04 [INFO] WebSocket connected: scan=s2 (total=1)
PASSED                                                                   [ 45%]
test/unit/test_event_relay.py::TestWebSocketManager::test_send_to_scan_cleans_failed 
-------------------------------- live log call --------------------------------
23:29:04 [INFO] WebSocket connected: scan=s1 (total=1)
23:29:04 [INFO] WebSocket connected: scan=s1 (total=2)
PASSED                                                                   [ 45%]
test/unit/test_event_relay.py::TestWebSocketEndpoint::test_polling_mode_scan_not_found 
-------------------------------- live log call --------------------------------
23:29:04 [INFO] WebSocket connected: scan=test-scan (total=1)
23:29:04 [INFO] Using polling mode for scan test-scan
23:29:04 [ERROR] WebSocket service init failed: Failed to create DB handle: opts is empty
Traceback (most recent call last):
  File "D:\github\spiderfoot\spiderfoot\db\repositories\factory.py", line 53, in create_dbh
    return SpiderFootDb(self._config)
  File "D:\github\spiderfoot\spiderfoot\db\__init__.py", line 468, in __init__
    self._core = DbCore(opts, init)
                 ~~~~~~^^^^^^^^^^^^
  File "D:\github\spiderfoot\spiderfoot\db\db_core.py", line 451, in __init__
    raise ValueError("opts is empty")
ValueError: opts is empty

The above exception was the direct cause of the following exception:

Traceback (most recent call last):
  File "D:\github\spiderfoot\spiderfoot\api\routers\websocket.py", line 286, in _polling_mode
    repo = factory.scan_repo()
  File "D:\github\spiderfoot\spiderfoot\db\repositories\factory.py", line 65, in scan_repo
    dbh = self.create_dbh()
  File "D:\github\spiderfoot\spiderfoot\db\repositories\factory.py", line 55, in create_dbh
    raise RuntimeError(f"Failed to create DB handle: {exc}") from exc
RuntimeError: Failed to create DB handle: opts is empty
23:29:04 [INFO] WebSocket disconnected: scan=test-scan
PASSED                                                                   [ 45%]
test/unit/test_event_relay.py::TestWebSocketEndpoint::test_relay_mode_starts 
-------------------------------- live log call --------------------------------
23:29:04 [INFO] EventRelay wired to EventBus
23:29:04 [ERROR] [DB] Error connecting to PostgreSQL database D:\github\spiderfoot\data/spiderfoot.db: invalid dsn: missing "=" after "D:\github\spiderfoot\data/spiderfoot.db" in connection info string

23:29:04 [INFO] WebSocket connected: scan=relay-scan (total=1)
23:29:04 [INFO] Using relay mode for scan relay-scan
23:29:04 [INFO] Consumer registered for scan relay-scan (active=1)
23:29:04 [INFO] Subscribed to EventBus for scan relay-scan
23:29:04 [ERROR] Failed to scale down pool_0: '>' not supported between instances of 'int' and 'MagicMock'
23:29:04 [ERROR] Failed to scale down pool_0: '>' not supported between instances of 'int' and 'MagicMock'
23:29:19 [INFO] Consumer unregistered for scan relay-scan
23:29:19 [INFO] Unsubscribed from EventBus for scan relay-scan
23:29:19 [INFO] WebSocket disconnected: scan=relay-scan
PASSED                                                                   [ 45%]
test/unit/test_event_store.py::TestStoredEvent::test_defaults PASSED     [ 45%]
test/unit/test_event_store.py::TestStoredEvent::test_add_tag PASSED      [ 45%]
test/unit/test_event_store.py::TestStoredEvent::test_set_meta PASSED     [ 45%]
test/unit/test_event_store.py::TestStoredEvent::test_to_dict PASSED      [ 45%]
test/unit/test_event_store.py::TestRetentionPolicy::test_defaults PASSED [ 45%]
test/unit/test_event_store.py::TestRetentionPolicy::test_to_dict PASSED  [ 45%]
test/unit/test_event_store.py::TestEventStore::test_store_and_get PASSED [ 45%]
test/unit/test_event_store.py::TestEventStore::test_get_missing PASSED   [ 45%]
test/unit/test_event_store.py::TestEventStore::test_count PASSED         [ 45%]
test/unit/test_event_store.py::TestEventStore::test_delete PASSED        [ 45%]
test/unit/test_event_store.py::TestEventStore::test_delete_scan PASSED   [ 45%]
test/unit/test_event_store.py::TestEventStore::test_clear PASSED         [ 45%]
test/unit/test_event_store.py::TestEventStore::test_query_by_scan PASSED [ 45%]
test/unit/test_event_store.py::TestEventStore::test_query_by_type PASSED [ 45%]
test/unit/test_event_store.py::TestEventStore::test_query_by_module PASSED [ 45%]
test/unit/test_event_store.py::TestEventStore::test_query_by_priority PASSED [ 45%]
test/unit/test_event_store.py::TestEventStore::test_query_by_tag PASSED  [ 45%]
test/unit/test_event_store.py::TestEventStore::test_query_limit_offset PASSED [ 45%]
test/unit/test_event_store.py::TestEventStore::test_query_time_range PASSED [ 45%]
test/unit/test_event_store.py::TestEventStore::test_get_event_types PASSED [ 45%]
test/unit/test_event_store.py::TestEventStore::test_get_event_types_by_scan PASSED [ 45%]
test/unit/test_event_store.py::TestEventStore::test_get_modules PASSED   [ 45%]
test/unit/test_event_store.py::TestEventStore::test_retention_max_events PASSED [ 45%]
test/unit/test_event_store.py::TestEventStore::test_retention_max_age PASSED [ 45%]
test/unit/test_event_store.py::TestEventStore::test_summary PASSED       [ 45%]
test/unit/test_event_store.py::TestEventStore::test_to_dict PASSED       [ 45%]
test/unit/test_event_store.py::TestEventStore::test_index_cleanup_on_delete PASSED [ 45%]
test/unit/test_event_taxonomy.py::TestEventCategory::test_values PASSED  [ 45%]
test/unit/test_event_taxonomy.py::TestRiskLevel::test_values PASSED      [ 45%]
test/unit/test_event_taxonomy.py::TestEventTypeInfo::test_defaults PASSED [ 45%]
test/unit/test_event_taxonomy.py::TestEventTypeInfo::test_parent_type PASSED [ 45%]
test/unit/test_event_taxonomy.py::TestEventTypeInfo::test_to_dict PASSED [ 45%]
test/unit/test_event_taxonomy.py::TestEventTaxonomy::test_categories PASSED [ 45%]
test/unit/test_event_taxonomy.py::TestEventTaxonomy::test_defaults_loaded PASSED [ 45%]
test/unit/test_event_taxonomy.py::TestEventTaxonomy::test_empty_taxonomy PASSED [ 45%]
test/unit/test_event_taxonomy.py::TestEventTaxonomy::test_exists PASSED  [ 45%]
test/unit/test_event_taxonomy.py::TestEventTaxonomy::test_get PASSED     [ 45%]
test/unit/test_event_taxonomy.py::TestEventTaxonomy::test_get_ancestors PASSED [ 45%]
test/unit/test_event_taxonomy.py::TestEventTaxonomy::test_get_ancestors_no_parent PASSED [ 45%]
test/unit/test_event_taxonomy.py::TestEventTaxonomy::test_get_by_category PASSED [ 45%]
test/unit/test_event_taxonomy.py::TestEventTaxonomy::test_get_by_risk PASSED [ 45%]
test/unit/test_event_taxonomy.py::TestEventTaxonomy::test_get_category PASSED [ 45%]
test/unit/test_event_taxonomy.py::TestEventTaxonomy::test_get_children PASSED [ 45%]
test/unit/test_event_taxonomy.py::TestEventTaxonomy::test_get_missing PASSED [ 45%]
test/unit/test_event_taxonomy.py::TestEventTaxonomy::test_get_risk PASSED [ 45%]
test/unit/test_event_taxonomy.py::TestEventTaxonomy::test_is_descendant PASSED [ 45%]
test/unit/test_event_taxonomy.py::TestEventTaxonomy::test_parent_chain PASSED [ 45%]
test/unit/test_event_taxonomy.py::TestEventTaxonomy::test_raw_event_types PASSED [ 45%]
test/unit/test_event_taxonomy.py::TestEventTaxonomy::test_register PASSED [ 45%]
test/unit/test_event_taxonomy.py::TestEventTaxonomy::test_register_chaining PASSED [ 45%]
test/unit/test_event_taxonomy.py::TestEventTaxonomy::test_risk_distribution PASSED [ 45%]
test/unit/test_event_taxonomy.py::TestEventTaxonomy::test_search PASSED  [ 45%]
test/unit/test_event_taxonomy.py::TestEventTaxonomy::test_search_case_insensitive PASSED [ 45%]
test/unit/test_event_taxonomy.py::TestEventTaxonomy::test_search_no_results PASSED [ 46%]
test/unit/test_event_taxonomy.py::TestEventTaxonomy::test_summary PASSED [ 46%]
test/unit/test_event_taxonomy.py::TestEventTaxonomy::test_to_dict PASSED [ 46%]
test/unit/test_event_taxonomy.py::TestEventTaxonomy::test_unregister PASSED [ 46%]
test/unit/test_event_taxonomy.py::TestEventTaxonomy::test_unregister_missing PASSED [ 46%]
test/unit/test_event_taxonomy.py::TestEventTaxonomy::test_validate_type PASSED [ 46%]
test/unit/test_eventbus.py::TestEventBusConfig::test_default_config PASSED [ 46%]
test/unit/test_eventbus.py::TestEventBusConfig::test_redis_config PASSED [ 46%]
test/unit/test_eventbus.py::TestEventEnvelope::test_create_envelope PASSED [ 46%]
test/unit/test_eventbus.py::TestInMemoryEventBus::test_connect_disconnect 
-------------------------------- live log call --------------------------------
23:29:25 [INFO] In-memory event bus connected
23:29:25 [INFO] In-memory event bus disconnected
PASSED                                                                   [ 46%]
test/unit/test_eventbus.py::TestInMemoryEventBus::test_publish_subscribe 
-------------------------------- live log call --------------------------------
23:29:25 [INFO] In-memory event bus connected
23:29:25 [INFO] In-memory event bus disconnected
PASSED                                                                   [ 46%]
test/unit/test_eventbus.py::TestInMemoryEventBus::test_wildcard_subscribe 
-------------------------------- live log call --------------------------------
23:29:26 [INFO] In-memory event bus connected
23:29:26 [INFO] In-memory event bus disconnected
PASSED                                                                   [ 46%]
test/unit/test_eventbus.py::TestInMemoryEventBus::test_unsubscribe 
-------------------------------- live log call --------------------------------
23:29:26 [INFO] In-memory event bus connected
23:29:26 [INFO] In-memory event bus disconnected
PASSED                                                                   [ 46%]
test/unit/test_eventbus.py::TestInMemoryEventBus::test_no_publish_when_disconnected 
-------------------------------- live log call --------------------------------
23:29:26 [WARNING] Cannot publish: event bus not running
PASSED                                                                   [ 46%]
test/unit/test_eventbus.py::TestInMemoryEventBus::test_topic_matches_exact PASSED [ 46%]
test/unit/test_eventbus.py::TestInMemoryEventBus::test_topic_matches_wildcard PASSED [ 46%]
test/unit/test_eventbus.py::TestInMemoryEventBus::test_topic_matches_multi_wildcard PASSED [ 46%]
test/unit/test_eventbus.py::TestInMemoryEventBus::test_metrics 
-------------------------------- live log call --------------------------------
23:29:27 [INFO] In-memory event bus connected
23:29:27 [INFO] In-memory event bus disconnected
PASSED                                                                   [ 46%]
test/unit/test_eventbus.py::TestFactory::test_create_memory_bus PASSED   [ 46%]
test/unit/test_eventbus.py::TestFactory::test_create_memory_bus_explicit PASSED [ 46%]
test/unit/test_eventbus.py::TestFactory::test_create_from_sf_config_default PASSED [ 46%]
test/unit/test_eventbus.py::TestFactory::test_create_from_sf_config_unknown_backend 
-------------------------------- live log call --------------------------------
23:29:27 [WARNING] Unknown event bus backend 'unknown_backend', falling back to memory
PASSED                                                                   [ 46%]
test/unit/test_eventbus_hardening.py::TestAsyncCircuitBreaker::test_allow_request_when_closed PASSED [ 46%]
test/unit/test_eventbus_hardening.py::TestAsyncCircuitBreaker::test_closes_on_success_from_half_open 
-------------------------------- live log call --------------------------------
23:29:27 [WARNING] Circuit breaker opened (failures=1, threshold=1)
23:29:27 [INFO] Circuit breaker closed (recovered)
PASSED                                                                   [ 46%]
test/unit/test_eventbus_hardening.py::TestAsyncCircuitBreaker::test_does_not_open_below_threshold PASSED [ 46%]
test/unit/test_eventbus_hardening.py::TestAsyncCircuitBreaker::test_half_open_limit 
-------------------------------- live log call --------------------------------
23:29:27 [WARNING] Circuit breaker opened (failures=1, threshold=1)
PASSED                                                                   [ 46%]
test/unit/test_eventbus_hardening.py::TestAsyncCircuitBreaker::test_initial_state_closed PASSED [ 46%]
test/unit/test_eventbus_hardening.py::TestAsyncCircuitBreaker::test_opens_after_threshold 
-------------------------------- live log call --------------------------------
23:29:28 [WARNING] Circuit breaker opened (failures=3, threshold=3)
PASSED                                                                   [ 46%]
test/unit/test_eventbus_hardening.py::TestAsyncCircuitBreaker::test_rejects_when_open 
-------------------------------- live log call --------------------------------
23:29:28 [WARNING] Circuit breaker opened (failures=1, threshold=1)
PASSED                                                                   [ 46%]
test/unit/test_eventbus_hardening.py::TestAsyncCircuitBreaker::test_reopens_on_failure_from_half_open 
-------------------------------- live log call --------------------------------
23:29:28 [WARNING] Circuit breaker opened (failures=1, threshold=1)
23:29:28 [WARNING] Circuit breaker re-opened from half-open
PASSED                                                                   [ 46%]
test/unit/test_eventbus_hardening.py::TestAsyncCircuitBreaker::test_reset 
-------------------------------- live log call --------------------------------
23:29:28 [WARNING] Circuit breaker opened (failures=1, threshold=1)
PASSED                                                                   [ 46%]
test/unit/test_eventbus_hardening.py::TestAsyncCircuitBreaker::test_state_change_callback 
-------------------------------- live log call --------------------------------
23:29:28 [WARNING] Circuit breaker opened (failures=1, threshold=1)
PASSED                                                                   [ 46%]
test/unit/test_eventbus_hardening.py::TestAsyncCircuitBreaker::test_success_resets_failure_count PASSED [ 46%]
test/unit/test_eventbus_hardening.py::TestAsyncCircuitBreaker::test_to_dict PASSED [ 46%]
test/unit/test_eventbus_hardening.py::TestAsyncCircuitBreaker::test_transitions_to_half_open 
-------------------------------- live log call --------------------------------
23:29:29 [WARNING] Circuit breaker opened (failures=1, threshold=1)
PASSED                                                                   [ 46%]
test/unit/test_eventbus_hardening.py::TestAsyncDeadLetterQueue::test_add_and_size PASSED [ 46%]
test/unit/test_eventbus_hardening.py::TestAsyncDeadLetterQueue::test_clear PASSED [ 46%]
test/unit/test_eventbus_hardening.py::TestAsyncDeadLetterQueue::test_max_size_evicts_oldest PASSED [ 46%]
test/unit/test_eventbus_hardening.py::TestAsyncDeadLetterQueue::test_peek PASSED [ 46%]
test/unit/test_eventbus_hardening.py::TestAsyncDeadLetterQueue::test_pop PASSED [ 46%]
test/unit/test_eventbus_hardening.py::TestAsyncDeadLetterQueue::test_pop_empty PASSED [ 46%]
test/unit/test_eventbus_hardening.py::TestAsyncDeadLetterQueue::test_replay_partial_failure PASSED [ 46%]
test/unit/test_eventbus_hardening.py::TestAsyncDeadLetterQueue::test_replay_success PASSED [ 46%]
test/unit/test_eventbus_hardening.py::TestEventBusMetrics::test_increment PASSED [ 46%]
test/unit/test_eventbus_hardening.py::TestEventBusMetrics::test_initial_state PASSED [ 46%]
test/unit/test_eventbus_hardening.py::TestEventBusMetrics::test_reset PASSED [ 46%]
test/unit/test_eventbus_hardening.py::TestEventBusMetrics::test_thread_safety PASSED [ 46%]
test/unit/test_eventbus_hardening.py::TestEventBusMetrics::test_topic_counts PASSED [ 46%]
test/unit/test_eventbus_hardening.py::TestHealthCheckResult::test_to_dict PASSED [ 46%]
test/unit/test_eventbus_hardening.py::TestResilientEventBus::test_circuit_breaker_blocks_publish 
-------------------------------- live log call --------------------------------
23:29:30 [WARNING] Event sent to DLQ: topic=sf.scan1.IP_ADDRESS error=ConnectionError: Backend unavailable
23:29:30 [WARNING] Circuit breaker opened (failures=2, threshold=2)
23:29:30 [WARNING] Event sent to DLQ: topic=sf.scan1.IP_ADDRESS error=ConnectionError: Backend unavailable
23:29:30 [WARNING] Circuit open ù rejecting publish for topic sf.scan1.IP_ADDRESS
23:29:30 [WARNING] Event sent to DLQ: topic=sf.scan1.IP_ADDRESS error=circuit_open
PASSED                                                                   [ 46%]
test/unit/test_eventbus_hardening.py::TestResilientEventBus::test_circuit_opened_counted 
-------------------------------- live log call --------------------------------
23:29:30 [WARNING] Circuit breaker opened (failures=1, threshold=1)
23:29:30 [WARNING] Event sent to DLQ: topic=sf.scan1.IP_ADDRESS error=ConnectionError: Backend unavailable
PASSED                                                                   [ 46%]
test/unit/test_eventbus_hardening.py::TestResilientEventBus::test_connect_disconnect PASSED [ 46%]
test/unit/test_eventbus_hardening.py::TestResilientEventBus::test_health_check PASSED [ 46%]
test/unit/test_eventbus_hardening.py::TestResilientEventBus::test_health_check_degraded_when_dlq_large PASSED [ 46%]
test/unit/test_eventbus_hardening.py::TestResilientEventBus::test_health_check_unhealthy_when_disconnected PASSED [ 46%]
test/unit/test_eventbus_hardening.py::TestResilientEventBus::test_inner_property PASSED [ 46%]
test/unit/test_eventbus_hardening.py::TestResilientEventBus::test_publish_failure_goes_to_dlq 
-------------------------------- live log call --------------------------------
23:29:31 [WARNING] Event sent to DLQ: topic=sf.scan1.IP_ADDRESS error=ConnectionError: Backend unavailable
PASSED                                                                   [ 46%]
test/unit/test_eventbus_hardening.py::TestResilientEventBus::test_publish_retries PASSED [ 46%]
test/unit/test_eventbus_hardening.py::TestResilientEventBus::test_publish_returns_false_no_subscribers PASSED [ 46%]
test/unit/test_eventbus_hardening.py::TestResilientEventBus::test_replay_dlq 
-------------------------------- live log call --------------------------------
23:29:31 [WARNING] Event sent to DLQ: topic=sf.scan1.IP_ADDRESS error=ConnectionError: Backend unavailable
PASSED                                                                   [ 46%]
test/unit/test_eventbus_hardening.py::TestResilientEventBus::test_repr PASSED [ 46%]
test/unit/test_eventbus_hardening.py::TestResilientEventBus::test_subscribe_error_counted 
-------------------------------- live log call --------------------------------
23:29:32 [ERROR] Subscriber error on topic topic: boom
PASSED                                                                   [ 46%]
test/unit/test_eventbus_hardening.py::TestResilientEventBus::test_subscribe_sync_callback PASSED [ 46%]
test/unit/test_eventbus_hardening.py::TestResilientEventBus::test_subscribe_with_metrics PASSED [ 46%]
test/unit/test_eventbus_hardening.py::TestResilientEventBus::test_successful_publish PASSED [ 46%]
test/unit/test_eventbus_hardening.py::TestResilientEventBus::test_unsubscribe PASSED [ 46%]
test/unit/test_eventbus_hardening.py::TestResilientConfig::test_custom PASSED [ 46%]
test/unit/test_eventbus_hardening.py::TestResilientConfig::test_defaults PASSED [ 46%]
test/unit/test_eventbus_load.py::TestEventBusThroughput::test_async_publish_throughput 
-------------------------------- live log call --------------------------------
23:29:32 [INFO] In-memory event bus connected
23:29:32 [INFO] In-memory event bus disconnected
PASSED                                                                   [ 46%]
test/unit/test_eventbus_load.py::TestEventBusThroughput::test_sync_publish_throughput 
-------------------------------- live log call --------------------------------
23:29:32 [INFO] In-memory event bus connected
23:29:33 [INFO] In-memory event bus disconnected
PASSED                                                                   [ 46%]
test/unit/test_eventbus_load.py::TestEventBusLatencyPercentiles::test_latency_percentiles 
-------------------------------- live log call --------------------------------
23:29:33 [INFO] In-memory event bus connected
23:29:33 [INFO] In-memory event bus disconnected
PASSED                                                                   [ 46%]
test/unit/test_eventbus_load.py::TestEventBusFanOut::test_all_subscribers_receive_all_events 
-------------------------------- live log call --------------------------------
23:29:33 [INFO] In-memory event bus connected
23:29:33 [INFO] In-memory event bus disconnected
PASSED                                                                   [ 46%]
test/unit/test_eventbus_load.py::TestEventBusConcurrentPublishers::test_concurrent_publishers_no_data_loss 
-------------------------------- live log call --------------------------------
23:29:33 [INFO] In-memory event bus connected
23:29:34 [INFO] In-memory event bus disconnected
PASSED                                                                   [ 46%]
test/unit/test_eventbus_load.py::TestEventBusConcurrentPublishers::test_thread_count_stable_after_burst 
-------------------------------- live log call --------------------------------
23:29:34 [INFO] In-memory event bus connected
23:29:34 [INFO] In-memory event bus disconnected
PASSED                                                                   [ 46%]
test/unit/test_eventbus_load.py::TestEventBusBackpressure::test_slow_subscriber_does_not_block_publisher 
-------------------------------- live log call --------------------------------
23:29:34 [INFO] In-memory event bus connected
23:29:34 [INFO] In-memory event bus disconnected
PASSED                                                                   [ 46%]
test/unit/test_eventbus_sync.py::TestPublishSyncBasic::test_publish_sync_no_subscribers_returns_false 
-------------------------------- live log call --------------------------------
23:29:34 [INFO] In-memory event bus connected
23:29:34 [INFO] In-memory event bus disconnected
PASSED                                                                   [ 46%]
test/unit/test_eventbus_sync.py::TestPublishSyncBasic::test_publish_sync_returns_false_when_disconnected 
-------------------------------- live log call --------------------------------
23:29:34 [INFO] In-memory event bus connected
23:29:34 [INFO] In-memory event bus disconnected
23:29:34 [WARNING] Cannot publish: event bus not running
23:29:34 [INFO] In-memory event bus disconnected
PASSED                                                                   [ 46%]
test/unit/test_eventbus_sync.py::TestPublishSyncBasic::test_publish_sync_with_subscriber_returns_true 
-------------------------------- live log call --------------------------------
23:29:34 [INFO] In-memory event bus connected
23:29:34 [INFO] In-memory event bus disconnected
PASSED                                                                   [ 46%]
test/unit/test_eventbus_sync.py::TestBgLoopReuse::test_bg_loop_is_reused_across_calls PASSED [ 46%]
test/unit/test_eventbus_sync.py::TestBgLoopReuse::test_bg_loop_is_running PASSED [ 46%]
test/unit/test_eventbus_sync.py::TestBgLoopReuse::test_bg_loop_thread_is_daemon PASSED [ 46%]
test/unit/test_eventbus_sync.py::TestPublishSyncConcurrency::test_concurrent_publish_sync 
-------------------------------- live log call --------------------------------
23:29:35 [INFO] In-memory event bus connected
23:29:35 [INFO] In-memory event bus disconnected
PASSED                                                                   [ 46%]
test/unit/test_eventbus_sync.py::TestPublishSyncConcurrency::test_no_thread_leak 
-------------------------------- live log call --------------------------------
23:29:35 [INFO] In-memory event bus connected
23:29:35 [INFO] In-memory event bus disconnected
PASSED                                                                   [ 46%]
test/unit/test_eventbus_sync.py::TestSubscribeSyncBasic::test_subscribe_sync_returns_id 
-------------------------------- live log call --------------------------------
23:29:35 [INFO] In-memory event bus connected
23:29:35 [INFO] In-memory event bus disconnected
PASSED                                                                   [ 46%]
test/unit/test_exception_audit.py::TestErrorCodeMapping::test_known_status PASSED [ 46%]
test/unit/test_exception_audit.py::TestErrorCodeMapping::test_unknown_status PASSED [ 46%]
test/unit/test_exception_audit.py::TestErrorCodeMapping::test_scan_not_found PASSED [ 46%]
test/unit/test_exception_audit.py::TestErrorCodeMapping::test_module_not_found PASSED [ 47%]
test/unit/test_exception_audit.py::TestBuildErrorResponse::test_envelope_structure PASSED [ 47%]
test/unit/test_exception_audit.py::TestBuildErrorResponse::test_generic_message_no_stack_trace PASSED [ 47%]
test/unit/test_exception_audit.py::TestBuildErrorResponse::test_status_code_in_body PASSED [ 47%]
test/unit/test_exception_audit.py::TestUnhandledException::test_returns_generic_500 
-------------------------------- live log call --------------------------------
23:29:36 [ERROR] Unhandled exception on GET /test
NoneType: None
PASSED                                                                   [ 47%]
test/unit/test_exception_audit.py::TestUnhandledException::test_no_traceback_in_response 
-------------------------------- live log call --------------------------------
23:29:36 [ERROR] Unhandled exception on GET /test
Traceback (most recent call last):
  File "D:\github\spiderfoot\test\unit\test_exception_audit.py", line 114, in test_no_traceback_in_response
    raise ValueError("should not leak")
ValueError: should not leak
PASSED                                                                   [ 47%]
test/unit/test_exception_audit.py::TestHTTPExceptionHandler::test_relays_detail_string PASSED [ 47%]
test/unit/test_exception_audit.py::TestHTTPExceptionHandler::test_no_traceback_added PASSED [ 47%]
test/unit/test_exception_audit.py::TestValidationErrorHandler::test_returns_422 
-------------------------------- live log call --------------------------------
23:29:36 [ERROR] Failed to recreate pool pool_0: connection to server at "localhost" (::1), port 5432 failed: Connection refused (0x0000274D/10061)
	Is the server running on that host and accepting TCP/IP connections?
connection to server at "localhost" (127.0.0.1), port 5432 failed: Connection refused (0x0000274D/10061)
	Is the server running on that host and accepting TCP/IP connections?

PASSED                                                                   [ 47%]
------------------------------ live log teardown ------------------------------
23:29:36 [INFO] Scaled down pool_0 from 10 to 5 connections

test/unit/test_exception_audit.py::TestNoExceptionLeakageInSource::test_no_leak_patterns_in_api_source FAILED [ 47%]
test/unit/test_exception_audit.py::TestFixedLeakRegression::test_config_validation_no_leak PASSED [ 47%]
test/unit/test_exception_audit.py::TestFixedLeakRegression::test_scan_comparison_no_leak PASSED [ 47%]
test/unit/test_exception_audit.py::TestFixedLeakRegression::test_websocket_no_leak PASSED [ 47%]
test/unit/test_export_service.py::TestExportConfig::test_defaults PASSED [ 47%]
test/unit/test_export_service.py::TestExportConfig::test_from_config PASSED [ 47%]
test/unit/test_export_service.py::TestExportJSON::test_json_format_version PASSED [ 47%]
test/unit/test_export_service.py::TestExportJSON::test_json_structure PASSED [ 47%]
test/unit/test_export_service.py::TestExportCSV::test_csv_data_rows PASSED [ 47%]
test/unit/test_export_service.py::TestExportCSV::test_csv_empty PASSED   [ 47%]
test/unit/test_export_service.py::TestExportCSV::test_csv_header PASSED  [ 47%]
test/unit/test_export_service.py::TestExportSTIX::test_stix_bundle_structure PASSED [ 47%]
test/unit/test_export_service.py::TestExportSTIX::test_stix_identity PASSED [ 47%]
test/unit/test_export_service.py::TestExportSTIX::test_stix_ip_mapping PASSED [ 47%]
test/unit/test_export_service.py::TestExportSTIX::test_stix_vulnerability_mapping PASSED [ 47%]
test/unit/test_export_service.py::TestExportSARIF::test_sarif_structure PASSED [ 47%]
test/unit/test_export_service.py::TestExportSARIF::test_sarif_tool_info PASSED [ 47%]
test/unit/test_export_service.py::TestExportSARIF::test_sarif_vuln_results PASSED [ 47%]
test/unit/test_export_service.py::TestExportToFile::test_export_json_file 
-------------------------------- live log call --------------------------------
23:29:38 [INFO] Exported scan test to C:\Users\agost\AppData\Local\Temp\tmpl1ujdqq8.json (json)
PASSED                                                                   [ 47%]
test/unit/test_export_service.py::TestNormalizeEvents::test_dict_input PASSED [ 47%]
test/unit/test_export_service.py::TestNormalizeEvents::test_max_events PASSED [ 47%]
test/unit/test_export_service.py::TestNormalizeEvents::test_tuple_input PASSED [ 47%]
test/unit/test_export_service.py::TestNormalizeEvents::test_type_filter PASSED [ 47%]
test/unit/test_final_db_purge.py::TestConfigRepositoryEventTypes::test_get_event_types_returns_list PASSED [ 47%]
test/unit/test_final_db_purge.py::TestConfigRepositoryEventTypes::test_get_event_types_empty PASSED [ 47%]
test/unit/test_final_db_purge.py::TestConfigEventTypesEndpoint::test_event_types_success 
-------------------------------- live log call --------------------------------
23:29:39 [INFO] HTTP Request: GET http://testserver/api/config/event-types "HTTP/1.1 200 OK"
PASSED                                                                   [ 47%]
test/unit/test_final_db_purge.py::TestConfigEventTypesEndpoint::test_event_types_empty 
-------------------------------- live log call --------------------------------
23:29:39 [INFO] HTTP Request: GET http://testserver/api/config/event-types "HTTP/1.1 200 OK"
PASSED                                                                   [ 47%]
test/unit/test_final_db_purge.py::TestConfigEventTypesEndpoint::test_event_types_error 
-------------------------------- live log call --------------------------------
23:29:39 [ERROR] Failed to get event types: DB down
23:29:39 [INFO] HTTP Request: GET http://testserver/api/config/event-types "HTTP/1.1 500 Internal Server Error"
PASSED                                                                   [ 47%]
test/unit/test_final_db_purge.py::TestReportsGetScanEvents::test_returns_events_and_metadata PASSED [ 47%]
test/unit/test_final_db_purge.py::TestReportsGetScanEvents::test_scan_not_found_returns_empty PASSED [ 47%]
test/unit/test_final_db_purge.py::TestReportsGetScanEvents::test_no_events_returns_empty_list PASSED [ 47%]
test/unit/test_final_db_purge.py::TestReportsGetScanEvents::test_metadata_includes_started_ended PASSED [ 47%]
test/unit/test_final_db_purge.py::TestWebSocketPollingMode::test_no_spiderfoot_db_import_in_websocket PASSED [ 47%]
test/unit/test_final_db_purge.py::TestWebSocketPollingMode::test_polling_mode_uses_scan_service PASSED [ 47%]
test/unit/test_final_db_purge.py::TestDeadCodeRemoval::test_event_schema_deleted PASSED [ 47%]
test/unit/test_final_db_purge.py::TestDeadCodeRemoval::test_event_schema_test_deleted PASSED [ 47%]
test/unit/test_final_db_purge.py::TestRouterDbPurge::test_no_spiderfoot_db_import_in_any_router PASSED [ 47%]
test/unit/test_final_db_purge.py::TestRouterDbPurge::test_no_spiderfoot_db_instantiation_in_any_router PASSED [ 47%]
test/unit/test_frontend_data.py::TestPage::test_has_next PASSED          [ 47%]
test/unit/test_frontend_data.py::TestPage::test_has_next_last_page PASSED [ 47%]
------------------------------ live log teardown ------------------------------
23:29:40 [ERROR] Failed to recreate pool pool_0: connection to server at "localhost" (::1), port 5432 failed: Connection refused (0x0000274D/10061)
	Is the server running on that host and accepting TCP/IP connections?
connection to server at "localhost" (127.0.0.1), port 5432 failed: Connection refused (0x0000274D/10061)
	Is the server running on that host and accepting TCP/IP connections?


23:29:40 [INFO] Scaled up pool_0 from 5 to 10 connections

test/unit/test_frontend_data.py::TestPage::test_has_prev PASSED          [ 47%]
test/unit/test_frontend_data.py::TestPage::test_has_prev_first_page PASSED [ 47%]
test/unit/test_frontend_data.py::TestPage::test_to_dict PASSED           [ 47%]
test/unit/test_frontend_data.py::TestPaginate::test_basic PASSED         [ 47%]
test/unit/test_frontend_data.py::TestPaginate::test_second_page PASSED   [ 47%]
test/unit/test_frontend_data.py::TestPaginate::test_last_page_partial PASSED [ 47%]
test/unit/test_frontend_data.py::TestPaginate::test_empty PASSED         [ 47%]
test/unit/test_frontend_data.py::TestPaginate::test_page_zero_clamps PASSED [ 47%]
test/unit/test_frontend_data.py::TestPaginate::test_page_size_limit PASSED [ 47%]
test/unit/test_frontend_data.py::TestSortDicts::test_asc PASSED          [ 47%]
test/unit/test_frontend_data.py::TestSortDicts::test_desc PASSED         [ 47%]
test/unit/test_frontend_data.py::TestSortDicts::test_missing_key PASSED  [ 47%]
test/unit/test_frontend_data.py::TestSortDicts::test_case_insensitive PASSED [ 47%]
test/unit/test_frontend_data.py::TestModuleHealthSummary::test_to_dict PASSED [ 47%]
test/unit/test_frontend_data.py::TestModuleHealthDashboard::test_ingest PASSED [ 47%]
test/unit/test_frontend_data.py::TestModuleHealthDashboard::test_get_all PASSED [ 47%]
test/unit/test_frontend_data.py::TestModuleHealthDashboard::test_get_all_sorted_by_name PASSED [ 47%]
test/unit/test_frontend_data.py::TestModuleHealthDashboard::test_get_failing PASSED [ 47%]
test/unit/test_frontend_data.py::TestModuleHealthDashboard::test_get_slowest PASSED [ 47%]
test/unit/test_frontend_data.py::TestModuleHealthDashboard::test_get_summary PASSED [ 47%]
test/unit/test_frontend_data.py::TestModuleHealthDashboard::test_avg_duration_calc PASSED [ 47%]
test/unit/test_frontend_data.py::TestModuleHealthDashboard::test_success_rate PASSED [ 47%]
test/unit/test_frontend_data.py::TestTimelineEvent::test_to_dict PASSED  [ 47%]
test/unit/test_frontend_data.py::TestTimelineEvent::test_data_truncation PASSED [ 47%]
test/unit/test_frontend_data.py::TestTimelineService::test_add_event PASSED [ 47%]
test/unit/test_frontend_data.py::TestTimelineService::test_add_events_bulk PASSED [ 47%]
test/unit/test_frontend_data.py::TestTimelineService::test_get_events_all PASSED [ 47%]
test/unit/test_frontend_data.py::TestTimelineService::test_get_events_by_type PASSED [ 47%]
test/unit/test_frontend_data.py::TestTimelineService::test_get_events_time_range PASSED [ 47%]
test/unit/test_frontend_data.py::TestTimelineService::test_get_events_sorted PASSED [ 47%]
test/unit/test_frontend_data.py::TestTimelineService::test_get_events_paginated PASSED [ 47%]
test/unit/test_frontend_data.py::TestTimelineService::test_bucket_by_interval PASSED [ 47%]
test/unit/test_frontend_data.py::TestTimelineService::test_bucket_filtered PASSED [ 47%]
test/unit/test_frontend_data.py::TestTimelineService::test_bucket_empty PASSED [ 47%]
test/unit/test_frontend_data.py::TestTimelineService::test_time_range PASSED [ 47%]
test/unit/test_frontend_data.py::TestTimelineService::test_time_range_empty PASSED [ 47%]
test/unit/test_frontend_data.py::TestFilterCriteria::test_empty PASSED   [ 47%]
test/unit/test_frontend_data.py::TestFilterCriteria::test_not_empty PASSED [ 47%]
test/unit/test_frontend_data.py::TestResultFilter::test_no_filter PASSED [ 48%]
test/unit/test_frontend_data.py::TestResultFilter::test_filter_by_event_type PASSED [ 48%]
test/unit/test_frontend_data.py::TestResultFilter::test_filter_by_module PASSED [ 48%]
test/unit/test_frontend_data.py::TestResultFilter::test_filter_by_severity PASSED [ 48%]
test/unit/test_frontend_data.py::TestResultFilter::test_filter_by_confidence PASSED [ 48%]
test/unit/test_frontend_data.py::TestResultFilter::test_filter_by_data_pattern_regex PASSED [ 48%]
test/unit/test_frontend_data.py::TestResultFilter::test_filter_by_data_pattern_substring PASSED [ 48%]
test/unit/test_frontend_data.py::TestResultFilter::test_filter_by_scan_id PASSED [ 48%]
test/unit/test_frontend_data.py::TestResultFilter::test_filter_by_time_range PASSED [ 48%]
test/unit/test_frontend_data.py::TestResultFilter::test_combined_filters PASSED [ 48%]
test/unit/test_frontend_data.py::TestResultFilter::test_invalid_regex_fallback PASSED [ 48%]
test/unit/test_frontend_data.py::TestResultFilter::test_facets PASSED    [ 48%]
test/unit/test_frontend_data.py::TestResultFilter::test_facets_empty PASSED [ 48%]
test/unit/test_frontend_data.py::TestGeoPoint::test_to_dict PASSED       [ 48%]
test/unit/test_frontend_data.py::TestThreatMapAggregator::test_add_point PASSED [ 48%]
test/unit/test_frontend_data.py::TestThreatMapAggregator::test_add_points_bulk PASSED [ 48%]
test/unit/test_frontend_data.py::TestThreatMapAggregator::test_get_all_points PASSED [ 48%]
test/unit/test_frontend_data.py::TestThreatMapAggregator::test_cluster PASSED [ 48%]
test/unit/test_frontend_data.py::TestThreatMapAggregator::test_cluster_risk_sorted PASSED [ 48%]
test/unit/test_frontend_data.py::TestThreatMapAggregator::test_by_region PASSED [ 48%]
test/unit/test_frontend_data.py::TestThreatMapAggregator::test_risk_summary PASSED [ 48%]
test/unit/test_frontend_data.py::TestThreatMapAggregator::test_empty_cluster PASSED [ 48%]
test/unit/test_frontend_data.py::TestScanDiffSummary::test_from_changes PASSED [ 48%]
test/unit/test_frontend_data.py::TestScanDiffSummary::test_change_rate PASSED [ 48%]
test/unit/test_frontend_data.py::TestScanDiffSummary::test_risk_impact PASSED [ 48%]
test/unit/test_frontend_data.py::TestScanDiffSummary::test_by_event_type PASSED [ 48%]
test/unit/test_frontend_data.py::TestScanDiffSummary::test_empty PASSED  [ 48%]
test/unit/test_frontend_data.py::TestA11yLabel::test_to_dict PASSED      [ 48%]
test/unit/test_frontend_data.py::TestA11yLabel::test_minimal_dict PASSED [ 48%]
test/unit/test_frontend_data.py::TestA11yLabelRegistry::test_defaults_loaded PASSED [ 48%]
test/unit/test_frontend_data.py::TestA11yLabelRegistry::test_get_existing PASSED [ 48%]
test/unit/test_frontend_data.py::TestA11yLabelRegistry::test_get_missing PASSED [ 48%]
test/unit/test_frontend_data.py::TestA11yLabelRegistry::test_register PASSED [ 48%]
test/unit/test_frontend_data.py::TestA11yLabelRegistry::test_get_shortcuts PASSED [ 48%]
test/unit/test_frontend_data.py::TestA11yLabelRegistry::test_get_all PASSED [ 48%]
test/unit/test_frontend_data.py::TestIntegration::test_filter_then_paginate PASSED [ 48%]
test/unit/test_frontend_data.py::TestIntegration::test_timeline_to_facets PASSED [ 48%]
test/unit/test_frontend_data.py::TestIntegration::test_threat_map_cluster_to_summary PASSED [ 48%]
test/unit/test_frontend_data.py::TestIntegration::test_health_dashboard_full_workflow PASSED [ 48%]
test/unit/test_grpc_service.py::TestServiceServer::test_add 
------------------------------- live log setup --------------------------------
23:29:48 [INFO] RPC server test started on :19877 (background)
PASSED                                                                   [ 48%]
test/unit/test_grpc_service.py::TestServiceServer::test_echo PASSED      [ 48%]
test/unit/test_grpc_service.py::TestServiceServer::test_health_check PASSED [ 48%]
test/unit/test_grpc_service.py::TestServiceServer::test_unknown_method PASSED [ 48%]
------------------------------ live log teardown ------------------------------
23:29:49 [INFO] RPC server test stopped

test/unit/test_grpc_service.py::TestServiceClient::test_call 
------------------------------- live log setup --------------------------------
23:29:50 [INFO] RPC server client_test started on :19878 (background)
PASSED                                                                   [ 48%]
test/unit/test_grpc_service.py::TestServiceClient::test_call_with_payload PASSED [ 48%]
test/unit/test_grpc_service.py::TestServiceClient::test_health_check PASSED [ 48%]
test/unit/test_grpc_service.py::TestServiceClient::test_unreachable_service PASSED [ 48%]
------------------------------ live log teardown ------------------------------
23:29:52 [INFO] RPC server client_test stopped

test/unit/test_grpc_service.py::TestServiceDirectory::test_default_endpoints PASSED [ 48%]
test/unit/test_grpc_service.py::TestServiceDirectory::test_env_override PASSED [ 48%]
test/unit/test_grpc_service.py::TestServiceDirectory::test_get_client PASSED [ 48%]
test/unit/test_grpc_service.py::TestServiceDirectory::test_get_client_unknown PASSED [ 48%]
test/unit/test_grpc_service.py::TestServiceDirectory::test_unknown_service PASSED [ 48%]
test/unit/test_health.py::TestHealthStatus::test_values PASSED           [ 48%]
test/unit/test_health.py::TestComponentHealth::test_to_dict PASSED       [ 48%]
test/unit/test_health.py::TestComponentHealth::test_to_dict_with_details PASSED [ 48%]
test/unit/test_health.py::TestComponentHealth::test_to_dict_with_message PASSED [ 48%]
test/unit/test_health.py::TestHealthAggregator::test_check_all_with_degraded_component PASSED [ 48%]
test/unit/test_health.py::TestHealthAggregator::test_check_all_with_down_component PASSED [ 48%]
test/unit/test_health.py::TestHealthAggregator::test_check_component PASSED [ 48%]
test/unit/test_health.py::TestHealthAggregator::test_check_component_not_found PASSED [ 48%]
test/unit/test_health.py::TestHealthAggregator::test_check_component_with_error PASSED [ 48%]
test/unit/test_health.py::TestHealthAggregator::test_check_with_exception PASSED [ 48%]
test/unit/test_health.py::TestHealthAggregator::test_empty_check_all PASSED [ 48%]
test/unit/test_health.py::TestHealthAggregator::test_latency_measured PASSED [ 48%]
test/unit/test_health.py::TestHealthAggregator::test_liveness PASSED     [ 48%]
test/unit/test_health.py::TestHealthAggregator::test_readiness_delegates_to_check_all PASSED [ 48%]
test/unit/test_health.py::TestHealthAggregator::test_register_detailed_check PASSED [ 48%]
test/unit/test_health.py::TestHealthAggregator::test_register_simple_check PASSED [ 48%]
test/unit/test_health.py::TestHealthAggregator::test_singleton PASSED    [ 48%]
test/unit/test_health.py::TestHealthAggregator::test_startup_not_ready PASSED [ 48%]
test/unit/test_health.py::TestHealthAggregator::test_startup_ready 
-------------------------------- live log call --------------------------------
23:29:54 [INFO] Service marked as startup-complete
PASSED                                                                   [ 48%]
test/unit/test_health.py::TestHealthAggregator::test_unregister PASSED   [ 48%]
test/unit/test_health_api.py::TestPostgresqlCheck::test_no_dsn PASSED    [ 48%]
test/unit/test_health_api.py::TestPostgresqlCheck::test_postgresql_up PASSED [ 48%]
test/unit/test_health_api.py::TestPostgresqlCheck::test_postgresql_connection_fails 
-------------------------------- live log call --------------------------------
23:29:54 [WARNING] Health check failed: connection refused
PASSED                                                                   [ 48%]
test/unit/test_health_api.py::TestPostgresqlCheck::test_psycopg2_not_installed PASSED [ 48%]
test/unit/test_health_api.py::TestRedisCheck::test_redis_up PASSED       [ 48%]
test/unit/test_health_api.py::TestRedisCheck::test_redis_connection_fails 
-------------------------------- live log call --------------------------------
23:29:55 [WARNING] Health check failed: refused
PASSED                                                                   [ 48%]
test/unit/test_health_api.py::TestRedisCheck::test_redis_not_installed PASSED [ 48%]
test/unit/test_health_api.py::TestVectorCheck::test_vector_reachable PASSED [ 48%]
test/unit/test_health_api.py::TestVectorCheck::test_vector_unreachable PASSED [ 48%]
test/unit/test_health_api.py::TestVectorCheck::test_vector_import_error PASSED [ 48%]
test/unit/test_health_api.py::TestCeleryCheck::test_celery_up PASSED     [ 48%]
test/unit/test_health_api.py::TestCeleryCheck::test_celery_connection_fails 
-------------------------------- live log call --------------------------------
23:29:55 [WARNING] Health check failed: refused
PASSED                                                                   [ 48%]
test/unit/test_health_api.py::TestCeleryCheck::test_redis_not_installed_for_celery PASSED [ 48%]
test/unit/test_health_api.py::TestReportStorageCheck::test_storage_up PASSED [ 48%]
test/unit/test_health_api.py::TestReportStorageCheck::test_storage_error 
-------------------------------- live log call --------------------------------
23:29:56 [WARNING] Health check failed: DB locked
PASSED                                                                   [ 48%]
test/unit/test_health_api.py::TestAppConfigCheck::test_config_valid PASSED [ 49%]
test/unit/test_health_api.py::TestAppConfigCheck::test_config_import_error PASSED [ 49%]
test/unit/test_health_api.py::TestRunAllChecks::test_all_checks_return_dict PASSED [ 49%]
test/unit/test_health_api.py::TestRunAllChecks::test_overall_up_when_all_up PASSED [ 49%]
test/unit/test_health_api.py::TestRunAllChecks::test_overall_degraded PASSED [ 49%]
test/unit/test_health_api.py::TestRunAllChecks::test_overall_down PASSED [ 49%]
test/unit/test_health_api.py::TestRunAllChecks::test_exception_in_check 
-------------------------------- live log call --------------------------------
23:29:56 [WARNING] Health check failed: boom
PASSED                                                                   [ 49%]
test/unit/test_health_api.py::TestRunAllChecks::test_latency_tracked PASSED [ 49%]
test/unit/test_health_api.py::TestRunAllChecks::test_uptime_positive PASSED [ 49%]
test/unit/test_health_api.py::TestRunSingleCheck::test_existing_check PASSED [ 49%]
test/unit/test_health_api.py::TestRunSingleCheck::test_nonexistent_check PASSED [ 49%]
test/unit/test_health_api.py::TestRunSingleCheck::test_exception_handling 
-------------------------------- live log call --------------------------------
23:29:57 [WARNING] Health check failed: oops
PASSED                                                                   [ 49%]
test/unit/test_health_api.py::TestStartupFlag::test_mark_startup 
-------------------------------- live log call --------------------------------
23:29:57 [INFO] Health: startup marked complete
PASSED                                                                   [ 49%]
test/unit/test_health_api.py::TestMetrics::test_metrics_returns_string PASSED [ 49%]
test/unit/test_health_api.py::TestMetrics::test_metrics_import_error PASSED [ 49%]
test/unit/test_health_api.py::TestHealthEndpoints::test_liveness 
-------------------------------- live log call --------------------------------
23:29:57 [INFO] HTTP Request: GET http://testserver/health/live "HTTP/1.1 200 OK"
PASSED                                                                   [ 49%]
test/unit/test_health_api.py::TestHealthEndpoints::test_startup_not_ready 
-------------------------------- live log call --------------------------------
23:29:57 [INFO] HTTP Request: GET http://testserver/health/startup "HTTP/1.1 503 Service Unavailable"
PASSED                                                                   [ 49%]
test/unit/test_health_api.py::TestHealthEndpoints::test_startup_ready 
-------------------------------- live log call --------------------------------
23:29:57 [INFO] Health: startup marked complete
23:29:57 [INFO] HTTP Request: GET http://testserver/health/startup "HTTP/1.1 200 OK"
PASSED                                                                   [ 49%]
test/unit/test_health_api.py::TestHealthEndpoints::test_health_overall 
-------------------------------- live log call --------------------------------
23:29:58 [INFO] HTTP Request: GET http://testserver/health "HTTP/1.1 200 OK"
PASSED                                                                   [ 49%]
test/unit/test_health_api.py::TestHealthEndpoints::test_health_overall_down 
-------------------------------- live log call --------------------------------
23:29:58 [INFO] HTTP Request: GET http://testserver/health "HTTP/1.1 503 Service Unavailable"
PASSED                                                                   [ 49%]
test/unit/test_health_api.py::TestHealthEndpoints::test_readiness_up 
-------------------------------- live log call --------------------------------
23:29:58 [INFO] HTTP Request: GET http://testserver/health/ready "HTTP/1.1 200 OK"
PASSED                                                                   [ 49%]
test/unit/test_health_api.py::TestHealthEndpoints::test_readiness_degraded_still_200 
-------------------------------- live log call --------------------------------
23:29:58 [INFO] HTTP Request: GET http://testserver/health/ready "HTTP/1.1 200 OK"
PASSED                                                                   [ 49%]
test/unit/test_health_api.py::TestHealthEndpoints::test_readiness_down_503 
-------------------------------- live log call --------------------------------
23:29:58 [INFO] HTTP Request: GET http://testserver/health/ready "HTTP/1.1 503 Service Unavailable"
PASSED                                                                   [ 49%]
test/unit/test_health_api.py::TestHealthEndpoints::test_dashboard 
-------------------------------- live log call --------------------------------
23:29:58 [INFO] HTTP Request: GET http://testserver/health/dashboard "HTTP/1.1 200 OK"
PASSED                                                                   [ 49%]
test/unit/test_health_api.py::TestHealthEndpoints::test_component_health_found 
-------------------------------- live log call --------------------------------
23:29:58 [INFO] HTTP Request: GET http://testserver/health/mydb "HTTP/1.1 200 OK"
PASSED                                                                   [ 49%]
test/unit/test_health_api.py::TestHealthEndpoints::test_component_health_not_found 
-------------------------------- live log call --------------------------------
23:29:58 [INFO] HTTP Request: GET http://testserver/health/nonexistent "HTTP/1.1 404 Not Found"
PASSED                                                                   [ 49%]
test/unit/test_health_api.py::TestHealthEndpoints::test_component_health_down_503 
-------------------------------- live log call --------------------------------
23:29:58 [INFO] HTTP Request: GET http://testserver/health/broken "HTTP/1.1 503 Service Unavailable"
PASSED                                                                   [ 49%]
test/unit/test_health_api.py::TestHealthEndpoints::test_metrics_endpoint 
-------------------------------- live log call --------------------------------
23:29:59 [INFO] HTTP Request: GET http://testserver/metrics "HTTP/1.1 200 OK"
PASSED                                                                   [ 49%]
test/unit/test_health_api.py::TestHealthEndpoints::test_health_response_format 
-------------------------------- live log call --------------------------------
23:29:59 [INFO] HTTP Request: GET http://testserver/health "HTTP/1.1 200 OK"
PASSED                                                                   [ 49%]
test/unit/test_hot_reload.py::TestModuleState::test_defaults PASSED      [ 49%]
test/unit/test_hot_reload.py::TestReloadEvent::test_failure_event PASSED [ 49%]
test/unit/test_hot_reload.py::TestReloadEvent::test_success_event PASSED [ 49%]
test/unit/test_hot_reload.py::TestModuleWatcher::test_callback_on_reload 
-------------------------------- live log call --------------------------------
23:29:59 [INFO] Reloaded sfp_cb_test (1.7ms, reload #1)
PASSED                                                                   [ 49%]
test/unit/test_hot_reload.py::TestModuleWatcher::test_detect_change 
-------------------------------- live log call --------------------------------
23:29:59 [INFO] Change detected: sfp_change (mtime 1772404200 -> 1772404200)
23:29:59 [INFO] Reloaded sfp_change (7.7ms, reload #1)
PASSED                                                                   [ 49%]
test/unit/test_hot_reload.py::TestModuleWatcher::test_error_callback 
-------------------------------- live log call --------------------------------
23:29:59 [ERROR] Failed to reload sfp_err: Syntax error: '{' was never closed (sfp_err.py, line 1)
PASSED                                                                   [ 49%]
test/unit/test_hot_reload.py::TestModuleWatcher::test_history 
-------------------------------- live log call --------------------------------
23:30:00 [INFO] Reloaded sfp_hist (8.1ms, reload #1)
23:30:00 [ERROR] Failed to reload sfp_hist: spec not found for the module 'sfp_hist'
PASSED                                                                   [ 49%]
test/unit/test_hot_reload.py::TestModuleWatcher::test_new_file_detected PASSED [ 49%]
test/unit/test_hot_reload.py::TestModuleWatcher::test_nonexistent_dir 
-------------------------------- live log call --------------------------------
23:30:00 [WARNING] Modules directory not found: D:\nonexistent\dir
PASSED                                                                   [ 49%]
test/unit/test_hot_reload.py::TestModuleWatcher::test_reload_all 
-------------------------------- live log call --------------------------------
23:30:00 [INFO] Reloaded sfp_a (1.6ms, reload #1)
23:30:00 [INFO] Reloaded sfp_b (1.3ms, reload #1)
PASSED                                                                   [ 49%]
test/unit/test_hot_reload.py::TestModuleWatcher::test_reload_module 
-------------------------------- live log call --------------------------------
23:30:00 [INFO] Reloaded sfp_test_reload (1.7ms, reload #1)
PASSED                                                                   [ 49%]
test/unit/test_hot_reload.py::TestModuleWatcher::test_reload_syntax_error 
-------------------------------- live log call --------------------------------
23:30:00 [ERROR] Failed to reload sfp_bad: Syntax error: '(' was never closed (sfp_bad.py, line 1)
PASSED                                                                   [ 49%]
test/unit/test_hot_reload.py::TestModuleWatcher::test_reload_unknown 
-------------------------------- live log call --------------------------------
23:30:00 [WARNING] Module not tracked: nonexistent
PASSED                                                                   [ 49%]
test/unit/test_hot_reload.py::TestModuleWatcher::test_scan_files PASSED  [ 49%]
test/unit/test_hot_reload.py::TestModuleWatcher::test_start_idempotent 
-------------------------------- live log call --------------------------------
23:30:00 [INFO] Module watcher started: C:\Users\agost\AppData\Local\Temp\tmphhbavqdw (interval=0.1s)
23:30:00 [INFO] Module watcher stopped
PASSED                                                                   [ 49%]
test/unit/test_hot_reload.py::TestModuleWatcher::test_start_stop 
-------------------------------- live log call --------------------------------
23:30:00 [INFO] Module watcher started: C:\Users\agost\AppData\Local\Temp\tmp3iwedd9k (interval=0.1s)
23:30:00 [INFO] Module watcher stopped
PASSED                                                                   [ 49%]
test/unit/test_hot_reload.py::TestModuleWatcher::test_stats PASSED       [ 49%]
test/unit/test_hot_reload.py::TestModuleWatcher::test_trim_history 
-------------------------------- live log call --------------------------------
23:30:01 [INFO] Reloaded sfp_trim (1.8ms, reload #1)
23:30:01 [ERROR] Failed to reload sfp_trim: spec not found for the module 'sfp_trim'
23:30:01 [ERROR] Failed to reload sfp_trim: spec not found for the module 'sfp_trim'
23:30:01 [ERROR] Failed to reload sfp_trim: spec not found for the module 'sfp_trim'
23:30:01 [ERROR] Failed to reload sfp_trim: spec not found for the module 'sfp_trim'
23:30:01 [ERROR] Failed to reload sfp_trim: spec not found for the module 'sfp_trim'
23:30:01 [ERROR] Failed to reload sfp_trim: spec not found for the module 'sfp_trim'
23:30:01 [ERROR] Failed to reload sfp_trim: spec not found for the module 'sfp_trim'
23:30:01 [ERROR] Failed to reload sfp_trim: spec not found for the module 'sfp_trim'
23:30:01 [ERROR] Failed to reload sfp_trim: spec not found for the module 'sfp_trim'
PASSED                                                                   [ 49%]
test/unit/test_http_data_service.py::TestHttpDataServiceConfig::test_custom_config PASSED [ 49%]
test/unit/test_http_data_service.py::TestHttpDataServiceConfig::test_default_config PASSED [ 49%]
test/unit/test_http_data_service.py::TestHttpDataServiceConfig::test_url_building PASSED [ 49%]
test/unit/test_http_data_service.py::TestHttpDataServiceScans::test_scan_instance_create PASSED [ 49%]
test/unit/test_http_data_service.py::TestHttpDataServiceScans::test_scan_instance_delete PASSED [ 49%]
test/unit/test_http_data_service.py::TestHttpDataServiceScans::test_scan_instance_get PASSED [ 49%]
test/unit/test_http_data_service.py::TestHttpDataServiceScans::test_scan_instance_list PASSED [ 49%]
test/unit/test_http_data_service.py::TestHttpDataServiceScans::test_scan_status_set PASSED [ 49%]
test/unit/test_http_data_service.py::TestHttpDataServiceEvents::test_event_exists_false PASSED [ 49%]
test/unit/test_http_data_service.py::TestHttpDataServiceEvents::test_event_exists_true PASSED [ 49%]
test/unit/test_http_data_service.py::TestHttpDataServiceEvents::test_event_get_by_scan PASSED [ 49%]
test/unit/test_http_data_service.py::TestHttpDataServiceEvents::test_event_get_by_scan_with_filter PASSED [ 49%]
test/unit/test_http_data_service.py::TestHttpDataServiceEvents::test_event_store PASSED [ 49%]
test/unit/test_http_data_service.py::TestHttpDataServiceErrorHandling::test_event_store_on_timeout PASSED [ 49%]
test/unit/test_http_data_service.py::TestHttpDataServiceErrorHandling::test_scan_get_on_404 
-------------------------------- live log call --------------------------------
23:30:02 [ERROR] Failed to get scan nonexistent via HTTP: 404
PASSED                                                                   [ 49%]
test/unit/test_http_data_service.py::TestHttpDataServiceErrorHandling::test_scan_list_on_connection_error 
-------------------------------- live log call --------------------------------
23:30:02 [ERROR] Failed to list scans via HTTP: refused
PASSED                                                                   [ 49%]
test/unit/test_http_data_service.py::TestHttpDataServiceFactory::test_factory_creates_http_service 
-------------------------------- live log call --------------------------------
23:30:02 [INFO] Using HTTP data service backend: http://data:8001/api
23:30:02 [INFO] Resilient DataService: primary=HttpDataService, fallback=LocalDataService
PASSED                                                                   [ 49%]
test/unit/test_http_performance.py::TestHttpxConnectionPooling::test_client_created_with_limits PASSED [ 49%]
test/unit/test_http_performance.py::TestHttpxConnectionPooling::test_client_follows_redirects PASSED [ 49%]
test/unit/test_http_performance.py::TestHttpxConnectionPooling::test_client_has_user_agent PASSED [ 49%]
test/unit/test_http_performance.py::TestHttpxConnectionPooling::test_client_singleton PASSED [ 49%]
test/unit/test_http_performance.py::TestHttpxConnectionPooling::test_close_and_recreate PASSED [ 49%]
------------------------------ live log teardown ------------------------------
23:30:04 [ERROR] Failed to scale down pool_0: '>' not supported between instances of 'int' and 'MagicMock'

23:30:04 [ERROR] Failed to scale down pool_0: '>' not supported between instances of 'int' and 'MagicMock'

test/unit/test_http_performance.py::TestHttpxConnectionPooling::test_double_close_safe PASSED [ 49%]
test/unit/test_http_performance.py::TestHttpxConnectionPooling::test_thread_safety PASSED [ 49%]
test/unit/test_http_performance.py::TestInternalFetch::test_empty_url_returns_empty_result PASSED [ 49%]
test/unit/test_http_performance.py::TestInternalFetch::test_get_request PASSED [ 49%]
test/unit/test_http_performance.py::TestInternalFetch::test_post_with_json PASSED [ 49%]
test/unit/test_http_performance.py::TestInternalFetch::test_request_exception_handled PASSED [ 49%]
test/unit/test_http_performance.py::TestInternalFetch::test_result_dict_shape PASSED [ 49%]
test/unit/test_http_performance.py::TestHttpResponseCache::test_cache_200_ok PASSED [ 49%]
test/unit/test_http_performance.py::TestHttpResponseCache::test_cache_different_urls PASSED [ 49%]
test/unit/test_http_performance.py::TestHttpResponseCache::test_cache_hit PASSED [ 49%]
test/unit/test_http_performance.py::TestHttpResponseCache::test_cache_maxsize PASSED [ 49%]
test/unit/test_http_performance.py::TestHttpResponseCache::test_cache_miss PASSED [ 49%]
test/unit/test_http_performance.py::TestHttpResponseCache::test_cache_ttl_expiry PASSED [ 49%]
test/unit/test_http_performance.py::TestHttpResponseCache::test_clear PASSED [ 49%]
test/unit/test_http_performance.py::TestHttpResponseCache::test_empty_response_not_cached PASSED [ 49%]
test/unit/test_http_performance.py::TestHttpResponseCache::test_extra_key_differentiation PASSED [ 49%]
test/unit/test_http_performance.py::TestHttpResponseCache::test_invalidate PASSED [ 49%]
test/unit/test_http_performance.py::TestHttpResponseCache::test_method_differentiation PASSED [ 50%]
test/unit/test_http_performance.py::TestHttpResponseCache::test_no_cache_errors PASSED [ 50%]
test/unit/test_http_performance.py::TestHttpResponseCache::test_stats PASSED [ 50%]
test/unit/test_http_performance.py::TestHttpResponseCache::test_thread_safety PASSED [ 50%]
test/unit/test_http_performance.py::TestAdaptiveBackoff::test_200_on_unknown_host PASSED [ 50%]
test/unit/test_http_performance.py::TestAdaptiveBackoff::test_503_also_triggers_backoff 
-------------------------------- live log call --------------------------------
23:30:08 [INFO] Host svc.com: 429 #1, backoff delay=1.0s
PASSED                                                                   [ 50%]
test/unit/test_http_performance.py::TestAdaptiveBackoff::test_clear_all 
-------------------------------- live log call --------------------------------
23:30:08 [INFO] Host a.com: 429 #1, backoff delay=1.0s
23:30:08 [INFO] Host b.com: 429 #1, backoff delay=1.0s
PASSED                                                                   [ 50%]
test/unit/test_http_performance.py::TestAdaptiveBackoff::test_clear_host 
-------------------------------- live log call --------------------------------
23:30:08 [INFO] Host target.com: 429 #1, backoff delay=1.0s
PASSED                                                                   [ 50%]
test/unit/test_http_performance.py::TestAdaptiveBackoff::test_config_defaults PASSED [ 50%]
test/unit/test_http_performance.py::TestAdaptiveBackoff::test_exponential_increase 
-------------------------------- live log call --------------------------------
23:30:08 [INFO] Host host.com: 429 #1, backoff delay=1.0s
23:30:08 [INFO] Host host.com: 429 #2, backoff delay=2.0s
23:30:08 [INFO] Host host.com: 429 #3, backoff delay=4.0s
PASSED                                                                   [ 50%]
test/unit/test_http_performance.py::TestAdaptiveBackoff::test_first_429_sets_delay 
-------------------------------- live log call --------------------------------
23:30:08 [INFO] Host api.example.com: 429 #1, backoff delay=1.0s
PASSED                                                                   [ 50%]
test/unit/test_http_performance.py::TestAdaptiveBackoff::test_max_delay_cap 
-------------------------------- live log call --------------------------------
23:30:08 [INFO] Host maxed.com: 429 #1, backoff delay=1.0s
23:30:08 [INFO] Host maxed.com: 429 #2, backoff delay=5.0s
23:30:08 [INFO] Host maxed.com: 429 #3, backoff delay=5.0s
23:30:08 [INFO] Host maxed.com: 429 #4, backoff delay=5.0s
23:30:08 [INFO] Host maxed.com: 429 #5, backoff delay=5.0s
23:30:08 [INFO] Host maxed.com: 429 #6, backoff delay=5.0s
23:30:08 [INFO] Host maxed.com: 429 #7, backoff delay=5.0s
23:30:08 [INFO] Host maxed.com: 429 #8, backoff delay=5.0s
23:30:08 [INFO] Host maxed.com: 429 #9, backoff delay=5.0s
23:30:08 [INFO] Host maxed.com: 429 #10, backoff delay=5.0s
PASSED                                                                   [ 50%]
test/unit/test_http_performance.py::TestAdaptiveBackoff::test_no_delay_initially PASSED [ 50%]
test/unit/test_http_performance.py::TestAdaptiveBackoff::test_non_rate_limit_code_ignored PASSED [ 50%]
test/unit/test_http_performance.py::TestAdaptiveBackoff::test_per_host_independence 
-------------------------------- live log call --------------------------------
23:30:09 [INFO] Host slow.com: 429 #1, backoff delay=1.0s
23:30:09 [INFO] Host slow.com: 429 #2, backoff delay=2.0s
PASSED                                                                   [ 50%]
test/unit/test_http_performance.py::TestAdaptiveBackoff::test_retry_after_capped_by_max 
-------------------------------- live log call --------------------------------
23:30:09 [INFO] Host big-ra.com: Retry-After=999, delay=10.0s
PASSED                                                                   [ 50%]
test/unit/test_http_performance.py::TestAdaptiveBackoff::test_retry_after_header_honoured 
-------------------------------- live log call --------------------------------
23:30:09 [INFO] Host ra.com: Retry-After=30, delay=30.0s
PASSED                                                                   [ 50%]
test/unit/test_http_performance.py::TestAdaptiveBackoff::test_stats 
-------------------------------- live log call --------------------------------
23:30:09 [INFO] Host tracked.com: 429 #1, backoff delay=1.0s
23:30:09 [INFO] Host tracked.com: 429 #2, backoff delay=2.0s
PASSED                                                                   [ 50%]
test/unit/test_http_performance.py::TestAdaptiveBackoff::test_success_eventually_clears 
-------------------------------- live log call --------------------------------
23:30:09 [INFO] Host clear.com: 429 #1, backoff delay=1.0s
PASSED                                                                   [ 50%]
test/unit/test_http_performance.py::TestAdaptiveBackoff::test_success_halves_delay 
-------------------------------- live log call --------------------------------
23:30:09 [INFO] Host half.com: 429 #1, backoff delay=4.0s
PASSED                                                                   [ 50%]
test/unit/test_http_performance.py::TestAdaptiveBackoff::test_thread_safety 
-------------------------------- live log call --------------------------------
23:30:09 [INFO] Host concurrent.com: 429 #1, backoff delay=1.0s
23:30:09 [INFO] Host concurrent.com: 429 #1, backoff delay=1.0s
23:30:09 [INFO] Host concurrent.com: 429 #1, backoff delay=1.0s
23:30:09 [INFO] Host concurrent.com: 429 #1, backoff delay=1.0s
23:30:09 [INFO] Host concurrent.com: 429 #1, backoff delay=1.0s
23:30:09 [INFO] Host concurrent.com: 429 #1, backoff delay=1.0s
23:30:09 [INFO] Host concurrent.com: 429 #1, backoff delay=1.0s
23:30:09 [INFO] Host concurrent.com: 429 #1, backoff delay=1.0s
23:30:09 [INFO] Host concurrent.com: 429 #1, backoff delay=1.0s
23:30:09 [INFO] Host concurrent.com: 429 #2, backoff delay=2.0s
23:30:09 [INFO] Host concurrent.com: 429 #1, backoff delay=1.0s
23:30:09 [INFO] Host concurrent.com: 429 #1, backoff delay=1.0s
23:30:09 [INFO] Host concurrent.com: 429 #2, backoff delay=2.0s
23:30:09 [INFO] Host concurrent.com: 429 #1, backoff delay=1.0s
23:30:09 [INFO] Host concurrent.com: 429 #1, backoff delay=1.0s
23:30:09 [INFO] Host concurrent.com: 429 #1, backoff delay=1.0s
23:30:09 [INFO] Host concurrent.com: 429 #1, backoff delay=1.0s
23:30:09 [INFO] Host concurrent.com: 429 #1, backoff delay=1.0s
23:30:09 [INFO] Host concurrent.com: 429 #1, backoff delay=1.0s
23:30:09 [INFO] Host concurrent.com: 429 #1, backoff delay=1.0s
23:30:09 [INFO] Host concurrent.com: 429 #1, backoff delay=1.0s
23:30:09 [INFO] Host concurrent.com: 429 #1, backoff delay=1.0s
23:30:09 [INFO] Host concurrent.com: 429 #1, backoff delay=1.0s
23:30:09 [INFO] Host concurrent.com: 429 #1, backoff delay=1.0s
23:30:09 [INFO] Host concurrent.com: 429 #1, backoff delay=1.0s
23:30:09 [INFO] Host concurrent.com: 429 #1, backoff delay=1.0s
23:30:09 [INFO] Host concurrent.com: 429 #1, backoff delay=1.0s
23:30:09 [INFO] Host concurrent.com: 429 #1, backoff delay=1.0s
23:30:09 [INFO] Host concurrent.com: 429 #1, backoff delay=1.0s
23:30:09 [INFO] Host concurrent.com: 429 #2, backoff delay=2.0s
23:30:09 [INFO] Host concurrent.com: 429 #1, backoff delay=1.0s
23:30:09 [INFO] Host concurrent.com: 429 #1, backoff delay=1.0s
23:30:09 [INFO] Host concurrent.com: 429 #2, backoff delay=2.0s
23:30:09 [INFO] Host concurrent.com: 429 #2, backoff delay=2.0s
23:30:09 [INFO] Host concurrent.com: 429 #1, backoff delay=1.0s
23:30:09 [INFO] Host concurrent.com: 429 #1, backoff delay=1.0s
23:30:09 [INFO] Host concurrent.com: 429 #1, backoff delay=1.0s
23:30:09 [INFO] Host concurrent.com: 429 #1, backoff delay=1.0s
23:30:09 [INFO] Host concurrent.com: 429 #1, backoff delay=1.0s
23:30:09 [INFO] Host concurrent.com: 429 #1, backoff delay=1.0s
23:30:09 [INFO] Host concurrent.com: 429 #1, backoff delay=1.0s
23:30:09 [INFO] Host concurrent.com: 429 #1, backoff delay=1.0s
23:30:09 [INFO] Host concurrent.com: 429 #1, backoff delay=1.0s
23:30:09 [INFO] Host concurrent.com: 429 #1, backoff delay=1.0s
23:30:09 [INFO] Host concurrent.com: 429 #1, backoff delay=1.0s
23:30:09 [INFO] Host concurrent.com: 429 #1, backoff delay=1.0s
23:30:09 [INFO] Host concurrent.com: 429 #1, backoff delay=1.0s
23:30:09 [INFO] Host concurrent.com: 429 #1, backoff delay=1.0s
23:30:09 [INFO] Host concurrent.com: 429 #1, backoff delay=1.0s
23:30:09 [INFO] Host concurrent.com: 429 #1, backoff delay=1.0s
23:30:09 [INFO] Host concurrent.com: 429 #1, backoff delay=1.0s
23:30:09 [INFO] Host concurrent.com: 429 #1, backoff delay=1.0s
23:30:09 [INFO] Host concurrent.com: 429 #1, backoff delay=1.0s
23:30:09 [INFO] Host concurrent.com: 429 #1, backoff delay=1.0s
23:30:09 [INFO] Host concurrent.com: 429 #1, backoff delay=1.0s
23:30:09 [INFO] Host concurrent.com: 429 #1, backoff delay=1.0s
23:30:09 [INFO] Host concurrent.com: 429 #2, backoff delay=2.0s
23:30:09 [INFO] Host concurrent.com: 429 #1, backoff delay=1.0s
23:30:09 [INFO] Host concurrent.com: 429 #1, backoff delay=1.0s
23:30:09 [INFO] Host concurrent.com: 429 #1, backoff delay=1.0s
23:30:09 [INFO] Host concurrent.com: 429 #1, backoff delay=1.0s
23:30:09 [INFO] Host concurrent.com: 429 #1, backoff delay=1.0s
23:30:09 [INFO] Host concurrent.com: 429 #1, backoff delay=1.0s
23:30:09 [INFO] Host concurrent.com: 429 #1, backoff delay=1.0s
23:30:09 [INFO] Host concurrent.com: 429 #1, backoff delay=1.0s
23:30:09 [INFO] Host concurrent.com: 429 #1, backoff delay=1.0s
23:30:09 [INFO] Host concurrent.com: 429 #1, backoff delay=1.0s
23:30:09 [INFO] Host concurrent.com: 429 #1, backoff delay=1.0s
23:30:09 [INFO] Host concurrent.com: 429 #1, backoff delay=1.0s
23:30:09 [INFO] Host concurrent.com: 429 #1, backoff delay=1.0s
23:30:09 [INFO] Host concurrent.com: 429 #1, backoff delay=1.0s
23:30:09 [INFO] Host concurrent.com: 429 #1, backoff delay=1.0s
23:30:09 [INFO] Host concurrent.com: 429 #1, backoff delay=1.0s
23:30:09 [INFO] Host concurrent.com: 429 #1, backoff delay=1.0s
23:30:09 [INFO] Host concurrent.com: 429 #1, backoff delay=1.0s
23:30:09 [INFO] Host concurrent.com: 429 #1, backoff delay=1.0s
23:30:09 [INFO] Host concurrent.com: 429 #1, backoff delay=1.0s
23:30:09 [INFO] Host concurrent.com: 429 #1, backoff delay=1.0s
23:30:09 [INFO] Host concurrent.com: 429 #1, backoff delay=1.0s
23:30:09 [INFO] Host concurrent.com: 429 #1, backoff delay=1.0s
23:30:09 [INFO] Host concurrent.com: 429 #1, backoff delay=1.0s
23:30:09 [INFO] Host concurrent.com: 429 #1, backoff delay=1.0s
23:30:09 [INFO] Host concurrent.com: 429 #1, backoff delay=1.0s
23:30:09 [INFO] Host concurrent.com: 429 #1, backoff delay=1.0s
23:30:09 [INFO] Host concurrent.com: 429 #1, backoff delay=1.0s
PASSED                                                                   [ 50%]
test/unit/test_http_service.py::TestHttpServiceConfig::test_defaults PASSED [ 50%]
test/unit/test_http_service.py::TestHttpServiceConfig::test_from_sf_config PASSED [ 50%]
test/unit/test_http_service.py::TestHttpServiceConfig::test_from_sf_config_defaults PASSED [ 50%]
test/unit/test_http_service.py::TestHttpService::test_bing_iterate_no_key 
-------------------------------- live log call --------------------------------
23:30:10 [WARNING] Bing API key not configured
PASSED                                                                   [ 50%]
test/unit/test_http_service.py::TestHttpService::test_fetch_url_head PASSED [ 50%]
test/unit/test_http_service.py::TestHttpService::test_fetch_url_post PASSED [ 50%]
test/unit/test_http_service.py::TestHttpService::test_fetch_url_success PASSED [ 50%]
test/unit/test_http_service.py::TestHttpService::test_fetch_url_timeout 
-------------------------------- live log call --------------------------------
23:30:10 [WARNING] Timeout fetching https://example.com
PASSED                                                                   [ 50%]
test/unit/test_http_service.py::TestHttpService::test_get_proxy_dict_configured PASSED [ 50%]
test/unit/test_http_service.py::TestHttpService::test_get_proxy_dict_empty PASSED [ 50%]
test/unit/test_http_service.py::TestHttpService::test_get_proxy_dict_with_auth PASSED [ 50%]
test/unit/test_http_service.py::TestHttpService::test_google_iterate_no_key 
-------------------------------- live log call --------------------------------
23:30:11 [WARNING] Google API key or CSE ID not configured
PASSED                                                                   [ 50%]
test/unit/test_http_service.py::TestHttpService::test_google_iterate_with_results PASSED [ 50%]
test/unit/test_http_service.py::TestHttpService::test_should_use_proxy_external PASSED [ 50%]
test/unit/test_http_service.py::TestHttpService::test_should_use_proxy_no_config PASSED [ 50%]
test/unit/test_http_service.py::TestHttpService::test_should_use_proxy_skip_localhost PASSED [ 50%]
test/unit/test_http_service.py::TestHttpService::test_stats PASSED       [ 50%]
test/unit/test_http_service.py::TestHttpService::test_url_base PASSED    [ 50%]
test/unit/test_http_service.py::TestHttpService::test_url_fqdn PASSED    [ 50%]
test/unit/test_http_service.py::TestHttpServiceSSL::test_parse_cert_no_crypto 
-------------------------------- live log call --------------------------------
23:30:11 [WARNING] cryptography package not available for cert parsing
PASSED                                                                   [ 50%]
test/unit/test_input_validation.py::TestValidateTargetType::test_valid_target_types[IP_ADDRESS] PASSED [ 50%]
test/unit/test_input_validation.py::TestValidateTargetType::test_valid_target_types[IPV6_ADDRESS] PASSED [ 50%]
test/unit/test_input_validation.py::TestValidateTargetType::test_valid_target_types[NETBLOCK_OWNER] PASSED [ 50%]
test/unit/test_input_validation.py::TestValidateTargetType::test_valid_target_types[NETBLOCKV6_OWNER] PASSED [ 50%]
test/unit/test_input_validation.py::TestValidateTargetType::test_valid_target_types[INTERNET_NAME] PASSED [ 50%]
test/unit/test_input_validation.py::TestValidateTargetType::test_valid_target_types[EMAILADDR] PASSED [ 50%]
test/unit/test_input_validation.py::TestValidateTargetType::test_valid_target_types[HUMAN_NAME] PASSED [ 50%]
test/unit/test_input_validation.py::TestValidateTargetType::test_valid_target_types[BGP_AS_OWNER] PASSED [ 50%]
test/unit/test_input_validation.py::TestValidateTargetType::test_valid_target_types[PHONE_NUMBER] PASSED [ 50%]
test/unit/test_input_validation.py::TestValidateTargetType::test_valid_target_types[USERNAME] PASSED [ 50%]
test/unit/test_input_validation.py::TestValidateTargetType::test_valid_target_types[BITCOIN_ADDRESS] PASSED [ 50%]
test/unit/test_input_validation.py::TestValidateTargetType::test_invalid_target_type PASSED [ 50%]
test/unit/test_input_validation.py::TestValidateTargetType::test_empty_target_type PASSED [ 50%]
test/unit/test_input_validation.py::TestValidateTargetType::test_none_target_type PASSED [ 50%]
test/unit/test_input_validation.py::TestValidateTargetType::test_strips_whitespace PASSED [ 50%]
test/unit/test_input_validation.py::TestValidateIPAddress::test_valid_ipv4[1.2.3.4] PASSED [ 50%]
test/unit/test_input_validation.py::TestValidateIPAddress::test_valid_ipv4[10.0.0.1] PASSED [ 50%]
test/unit/test_input_validation.py::TestValidateIPAddress::test_valid_ipv4[192.168.1.1] PASSED [ 50%]
test/unit/test_input_validation.py::TestValidateIPAddress::test_valid_ipv4[255.255.255.255] PASSED [ 50%]
test/unit/test_input_validation.py::TestValidateIPAddress::test_valid_ipv4[0.0.0.0] PASSED [ 50%]
test/unit/test_input_validation.py::TestValidateIPAddress::test_rejects_ipv6_as_ipv4 PASSED [ 50%]
test/unit/test_input_validation.py::TestValidateIPAddress::test_rejects_invalid_ipv4[999.999.999.999] PASSED [ 50%]
test/unit/test_input_validation.py::TestValidateIPAddress::test_rejects_invalid_ipv4[abc] PASSED [ 50%]
test/unit/test_input_validation.py::TestValidateIPAddress::test_rejects_invalid_ipv4[1.2.3] PASSED [ 50%]
test/unit/test_input_validation.py::TestValidateIPAddress::test_rejects_invalid_ipv4[1.2.3.4.5] PASSED [ 50%]
test/unit/test_input_validation.py::TestValidateIPAddress::test_rejects_invalid_ipv4[] PASSED [ 50%]
test/unit/test_input_validation.py::TestValidateIPv6Address::test_valid_ipv6[::1] PASSED [ 50%]
test/unit/test_input_validation.py::TestValidateIPv6Address::test_valid_ipv6[fe80::1] PASSED [ 50%]
test/unit/test_input_validation.py::TestValidateIPv6Address::test_valid_ipv6[2001:db8::1] PASSED [ 50%]
test/unit/test_input_validation.py::TestValidateIPv6Address::test_valid_ipv6[::ffff:192.0.2.1] PASSED [ 50%]
test/unit/test_input_validation.py::TestValidateIPv6Address::test_rejects_ipv4_as_ipv6 PASSED [ 50%]
test/unit/test_input_validation.py::TestValidateNetblock::test_valid_netblock[192.168.0.0/16] PASSED [ 50%]
test/unit/test_input_validation.py::TestValidateNetblock::test_valid_netblock[10.0.0.0/8] PASSED [ 50%]
test/unit/test_input_validation.py::TestValidateNetblock::test_valid_netblock[172.16.0.0/12] PASSED [ 50%]
test/unit/test_input_validation.py::TestValidateNetblock::test_rejects_ipv6_netblock PASSED [ 50%]
test/unit/test_input_validation.py::TestValidateNetblock::test_rejects_garbage PASSED [ 50%]
test/unit/test_input_validation.py::TestValidateNetblockV6::test_valid_ipv6_netblock PASSED [ 50%]
test/unit/test_input_validation.py::TestValidateNetblockV6::test_rejects_ipv4_netblock PASSED [ 50%]
test/unit/test_input_validation.py::TestValidateInternetName::test_valid_domains[example.com] PASSED [ 50%]
test/unit/test_input_validation.py::TestValidateInternetName::test_valid_domains[sub.example.com] PASSED [ 50%]
test/unit/test_input_validation.py::TestValidateInternetName::test_valid_domains[my-domain.org] PASSED [ 50%]
test/unit/test_input_validation.py::TestValidateInternetName::test_valid_domains[a.b.c.d.e.com] PASSED [ 50%]
test/unit/test_input_validation.py::TestValidateInternetName::test_valid_domains[localhost] PASSED [ 50%]
test/unit/test_input_validation.py::TestValidateInternetName::test_rejects_invalid_domains[-bad.com] PASSED [ 50%]
test/unit/test_input_validation.py::TestValidateInternetName::test_rejects_invalid_domains[bad-.com] PASSED [ 50%]
test/unit/test_input_validation.py::TestValidateInternetName::test_rejects_invalid_domains[.bad] PASSED [ 50%]
test/unit/test_input_validation.py::TestValidateInternetName::test_rejects_invalid_domains[bad domain.com] PASSED [ 51%]
test/unit/test_input_validation.py::TestValidateInternetName::test_rejects_overlong_domain PASSED [ 51%]
test/unit/test_input_validation.py::TestValidateEmail::test_valid_emails[user@example.com] PASSED [ 51%]
test/unit/test_input_validation.py::TestValidateEmail::test_valid_emails[test.user@sub.domain.org] PASSED [ 51%]
test/unit/test_input_validation.py::TestValidateEmail::test_valid_emails[a+b@c.io] PASSED [ 51%]
test/unit/test_input_validation.py::TestValidateEmail::test_rejects_bad_emails[not-an-email] PASSED [ 51%]
test/unit/test_input_validation.py::TestValidateEmail::test_rejects_bad_emails[@missing.com] PASSED [ 51%]
test/unit/test_input_validation.py::TestValidateEmail::test_rejects_bad_emails[user@] PASSED [ 51%]
test/unit/test_input_validation.py::TestValidateEmail::test_rejects_bad_emails[user@.com] PASSED [ 51%]
test/unit/test_input_validation.py::TestValidatePhoneNumber::test_valid_phone_numbers[+12125551234] PASSED [ 51%]
test/unit/test_input_validation.py::TestValidatePhoneNumber::test_valid_phone_numbers[+44 20 7946 0958] PASSED [ 51%]
test/unit/test_input_validation.py::TestValidatePhoneNumber::test_valid_phone_numbers[212-555-1234] PASSED [ 51%]
test/unit/test_input_validation.py::TestValidatePhoneNumber::test_valid_phone_numbers[2125551234] PASSED [ 51%]
test/unit/test_input_validation.py::TestValidatePhoneNumber::test_rejects_too_short PASSED [ 51%]
test/unit/test_input_validation.py::TestValidateBGPAS::test_valid_asn[15169] PASSED [ 51%]
test/unit/test_input_validation.py::TestValidateBGPAS::test_valid_asn[1] PASSED [ 51%]
test/unit/test_input_validation.py::TestValidateBGPAS::test_valid_asn[396982] PASSED [ 51%]
test/unit/test_input_validation.py::TestValidateBGPAS::test_rejects_invalid_asn[notanumber] PASSED [ 51%]
test/unit/test_input_validation.py::TestValidateBGPAS::test_rejects_invalid_asn[-1] PASSED [ 51%]
test/unit/test_input_validation.py::TestValidateBGPAS::test_rejects_invalid_asn[12345678901] PASSED [ 51%]
test/unit/test_input_validation.py::TestValidateBitcoin::test_valid_bitcoin[1A1zP1eP5QGefi2DMPTfTL5SLmv7DivfNa] PASSED [ 51%]
test/unit/test_input_validation.py::TestValidateBitcoin::test_valid_bitcoin[3J98t1WpEZ73CNmQviecrnyiWrnqRhWNLy] PASSED [ 51%]
test/unit/test_input_validation.py::TestValidateBitcoin::test_valid_bitcoin[bc1qw508d6qejxtdg4y5r3zarvary0c5xw7kv8f3t4] PASSED [ 51%]
test/unit/test_input_validation.py::TestValidateBitcoin::test_rejects_invalid_bitcoin[2xxxxx] PASSED [ 51%]
test/unit/test_input_validation.py::TestValidateBitcoin::test_rejects_invalid_bitcoin[bc1] PASSED [ 51%]
test/unit/test_input_validation.py::TestValidateBitcoin::test_rejects_invalid_bitcoin[not-a-btc-address] PASSED [ 51%]
test/unit/test_input_validation.py::TestValidateUsername::test_valid_username PASSED [ 51%]
test/unit/test_input_validation.py::TestValidateUsername::test_rejects_path_separators PASSED [ 51%]
test/unit/test_input_validation.py::TestValidateUsername::test_rejects_empty PASSED [ 51%]
test/unit/test_input_validation.py::TestValidateHumanName::test_valid_names[John Doe] PASSED [ 51%]
test/unit/test_input_validation.py::TestValidateHumanName::test_valid_names[Mary-Jane Watson] PASSED [ 51%]
test/unit/test_input_validation.py::TestValidateHumanName::test_valid_names[O'Brien] PASSED [ 51%]
test/unit/test_input_validation.py::TestValidateHumanName::test_valid_names[J. Smith] PASSED [ 51%]
test/unit/test_input_validation.py::TestValidateHumanName::test_rejects_numeric_name PASSED [ 51%]
test/unit/test_input_validation.py::TestSecurityGuards::test_rejects_injection_in_ip[1.2.3.4\x00 extra] PASSED [ 51%]
test/unit/test_input_validation.py::TestSecurityGuards::test_rejects_injection_in_ip[1.2.3.4; rm -rf /] PASSED [ 51%]
test/unit/test_input_validation.py::TestSecurityGuards::test_rejects_injection_in_ip[1.2.3.4 | cat /etc/passwd] PASSED [ 51%]
test/unit/test_input_validation.py::TestSecurityGuards::test_rejects_injection_in_ip[$(whoami).evil.com] PASSED [ 51%]
test/unit/test_input_validation.py::TestSecurityGuards::test_rejects_injection_in_ip[foo`id`bar] PASSED [ 51%]
test/unit/test_input_validation.py::TestSecurityGuards::test_rejects_injection_in_ip[test{one,two}] PASSED [ 51%]
test/unit/test_input_validation.py::TestSecurityGuards::test_null_byte_in_domain PASSED [ 51%]
test/unit/test_input_validation.py::TestSecurityGuards::test_pipe_in_email PASSED [ 51%]
test/unit/test_input_validation.py::TestValidateTarget::test_strips_whitespace PASSED [ 51%]
test/unit/test_input_validation.py::TestValidateTarget::test_rejects_empty PASSED [ 51%]
test/unit/test_input_validation.py::TestValidateTarget::test_rejects_too_long PASSED [ 51%]
test/unit/test_llm_client.py::TestLLMConfig::test_defaults PASSED        [ 51%]
test/unit/test_llm_client.py::TestLLMConfig::test_from_env PASSED        [ 51%]
test/unit/test_llm_client.py::TestLLMConfig::test_from_env_defaults PASSED [ 51%]
test/unit/test_llm_client.py::TestLLMConfig::test_endpoint_openai PASSED [ 51%]
test/unit/test_llm_client.py::TestLLMConfig::test_endpoint_openai_custom_base PASSED [ 51%]
test/unit/test_llm_client.py::TestLLMConfig::test_endpoint_ollama PASSED [ 51%]
test/unit/test_llm_client.py::TestLLMConfig::test_endpoint_ollama_with_v1 PASSED [ 51%]
test/unit/test_llm_client.py::TestLLMConfig::test_endpoint_azure PASSED  [ 51%]
test/unit/test_llm_client.py::TestLLMConfig::test_endpoint_vllm PASSED   [ 51%]
test/unit/test_llm_client.py::TestLLMConfig::test_endpoint_mock PASSED   [ 51%]
test/unit/test_llm_client.py::TestLLMConfig::test_headers_openai PASSED  [ 51%]
test/unit/test_llm_client.py::TestLLMConfig::test_headers_azure PASSED   [ 51%]
test/unit/test_llm_client.py::TestLLMConfig::test_headers_no_key PASSED  [ 51%]
test/unit/test_llm_client.py::TestLLMDataTypes::test_usage_defaults PASSED [ 51%]
test/unit/test_llm_client.py::TestLLMDataTypes::test_response_defaults PASSED [ 51%]
test/unit/test_llm_client.py::TestLLMDataTypes::test_response_total_tokens PASSED [ 51%]
test/unit/test_llm_client.py::TestLLMDataTypes::test_message PASSED      [ 51%]
test/unit/test_llm_client.py::TestLLMDataTypes::test_stream_chunk PASSED [ 51%]
test/unit/test_llm_client.py::TestErrors::test_llm_error PASSED          [ 51%]
test/unit/test_llm_client.py::TestErrors::test_rate_limit_error PASSED   [ 51%]
test/unit/test_llm_client.py::TestErrors::test_auth_error PASSED         [ 51%]
test/unit/test_llm_client.py::TestErrors::test_timeout_error PASSED      [ 51%]
test/unit/test_llm_client.py::TestMockGenerator::test_generates_response PASSED [ 51%]
test/unit/test_llm_client.py::TestMockGenerator::test_includes_input_length PASSED [ 51%]
test/unit/test_llm_client.py::TestLLMClientMock::test_simple_chat PASSED [ 51%]
test/unit/test_llm_client.py::TestLLMClientMock::test_chat_with_system PASSED [ 51%]
test/unit/test_llm_client.py::TestLLMClientMock::test_chat_messages PASSED [ 51%]
test/unit/test_llm_client.py::TestLLMClientMock::test_streaming_mock PASSED [ 51%]
test/unit/test_llm_client.py::TestLLMClientMock::test_from_env_mock PASSED [ 51%]
test/unit/test_llm_client.py::TestLLMClientStats::test_initial_stats PASSED [ 51%]
test/unit/test_llm_client.py::TestLLMClientStats::test_stats_after_requests PASSED [ 51%]
test/unit/test_llm_client.py::TestLLMClientStats::test_reset_stats PASSED [ 51%]
test/unit/test_llm_client.py::TestRequestBuilding::test_build_request_body PASSED [ 51%]
test/unit/test_llm_client.py::TestRequestBuilding::test_build_request_with_overrides PASSED [ 51%]
test/unit/test_llm_client.py::TestRequestBuilding::test_build_request_streaming PASSED [ 51%]
test/unit/test_llm_client.py::TestRequestBuilding::test_build_request_with_stop PASSED [ 51%]
test/unit/test_llm_client.py::TestRequestBuilding::test_build_request_with_penalties PASSED [ 51%]
test/unit/test_llm_client.py::TestRequestBuilding::test_build_request_no_penalties_by_default PASSED [ 51%]
test/unit/test_llm_client.py::TestErrorClassification::test_classify_401 PASSED [ 51%]
test/unit/test_llm_client.py::TestErrorClassification::test_classify_403 PASSED [ 51%]
test/unit/test_llm_client.py::TestErrorClassification::test_classify_429 PASSED [ 51%]
test/unit/test_llm_client.py::TestErrorClassification::test_classify_500 PASSED [ 51%]
test/unit/test_llm_client.py::TestErrorClassification::test_classify_400 PASSED [ 52%]
test/unit/test_llm_client.py::TestEnums::test_provider_values PASSED     [ 52%]
test/unit/test_logging_config.py::TestConfigureLogging::test_returns_logger 
-------------------------------- live log call --------------------------------
23:30:25 [INFO] Logging configured
PASSED                                                                   [ 52%]
test/unit/test_logging_config.py::TestConfigureLogging::test_idempotent 
-------------------------------- live log call --------------------------------
23:30:25 [INFO] Logging configured
PASSED                                                                   [ 52%]
test/unit/test_logging_config.py::TestConfigureLogging::test_text_format_console 
-------------------------------- live log call --------------------------------
23:30:25 [INFO] Logging configured
PASSED                                                                   [ 52%]
test/unit/test_logging_config.py::TestConfigureLogging::test_json_format_console 
-------------------------------- live log call --------------------------------
23:30:26 [INFO] Logging configured
PASSED                                                                   [ 52%]
test/unit/test_logging_config.py::TestConfigureLogging::test_json_auto_in_production 
-------------------------------- live log call --------------------------------
23:30:26 [INFO] Logging configured
PASSED                                                                   [ 52%]
test/unit/test_logging_config.py::TestConfigureLogging::test_json_via_env_var 
-------------------------------- live log call --------------------------------
23:30:26 [INFO] Logging configured
PASSED                                                                   [ 52%]
test/unit/test_logging_config.py::TestConfigureLogging::test_debug_level_from_config 
-------------------------------- live log call --------------------------------
23:30:26 [INFO] Logging configured
PASSED                                                                   [ 52%]
test/unit/test_logging_config.py::TestConfigureLogging::test_quiet_mode 
-------------------------------- live log call --------------------------------
23:30:26 [INFO] Logging configured
PASSED                                                                   [ 52%]
test/unit/test_logging_config.py::TestConfigureLogging::test_file_handlers_created 
-------------------------------- live log call --------------------------------
23:30:26 [INFO] Logging configured
PASSED                                                                   [ 52%]
test/unit/test_logging_config.py::TestConfigureLogging::test_no_file_handlers_without_dir 
-------------------------------- live log call --------------------------------
23:30:26 [INFO] Logging configured
PASSED                                                                   [ 52%]
test/unit/test_logging_config.py::TestConfigureLogging::test_db_handler_deprecated_warning 
-------------------------------- live log call --------------------------------
23:30:26 [INFO] Logging configured
PASSED                                                                   [ 52%]
test/unit/test_logging_config.py::TestConfigureLogging::test_force_text_overrides_json 
-------------------------------- live log call --------------------------------
23:30:26 [INFO] Logging configured
PASSED                                                                   [ 52%]
test/unit/test_logging_config.py::TestConfigureLogging::test_docker_detection PASSED [ 52%]
test/unit/test_logging_config.py::TestConfigureLogging::test_kubernetes_detection PASSED [ 52%]
test/unit/test_logging_config.py::TestConfigureLogging::test_not_in_container PASSED [ 52%]
test/unit/test_logging_config.py::TestResetLogging::test_reset_allows_reconfigure 
-------------------------------- live log call --------------------------------
23:30:27 [INFO] Logging configured
23:30:27 [INFO] Logging configured
PASSED                                                                   [ 52%]
test/unit/test_logging_config.py::TestGetModuleLogger::test_returns_logger PASSED [ 52%]
test/unit/test_logging_config.py::TestGetModuleLogger::test_with_scan_id PASSED [ 52%]
test/unit/test_logging_config.py::TestGetModuleLogger::test_without_scan_id PASSED [ 52%]
test/unit/test_logging_config.py::TestStructuredJsonOutput::test_json_output_valid 
-------------------------------- live log call --------------------------------
23:30:27 [INFO] test message
PASSED                                                                   [ 52%]
test/unit/test_logging_config.py::TestStructuredJsonOutput::test_json_scan_context 
-------------------------------- live log call --------------------------------
23:30:27 [INFO] found host
PASSED                                                                   [ 52%]
test/unit/test_logging_config.py::TestStructuredJsonOutput::test_json_exception_info 
-------------------------------- live log call --------------------------------
23:30:27 [ERROR] something failed
Traceback (most recent call last):
  File "D:\github\spiderfoot\test\unit\test_logging_config.py", line 303, in test_json_exception_info
    raise ValueError("test error")
ValueError: test error
PASSED                                                                   [ 52%]
test/unit/test_logging_config.py::TestContainerDetection::test_dockerenv_file PASSED [ 52%]
test/unit/test_logging_config.py::TestContainerDetection::test_docker_env_var PASSED [ 52%]
test/unit/test_memory_management.py::TestSlottedEvent::test_basic_construction PASSED [ 52%]
test/unit/test_memory_management.py::TestSlottedEvent::test_no_dict PASSED [ 52%]
test/unit/test_memory_management.py::TestSlottedEvent::test_extra_attributes PASSED [ 52%]
test/unit/test_memory_management.py::TestSlottedEvent::test_to_dict PASSED [ 52%]
test/unit/test_memory_management.py::TestSlottedEvent::test_to_dict_with_extras PASSED [ 52%]
test/unit/test_memory_management.py::TestSlottedEvent::test_source_event_chain PASSED [ 52%]
test/unit/test_memory_management.py::TestSlottedEvent::test_repr PASSED  [ 52%]
test/unit/test_memory_management.py::TestSlottedEvent::test_memory_smaller_than_dict PASSED [ 52%]
test/unit/test_memory_management.py::TestSlottedEvent::test_custom_attrs_raise PASSED [ 52%]
test/unit/test_memory_management.py::TestSlottedPluginState::test_basic PASSED [ 52%]
test/unit/test_memory_management.py::TestSlottedPluginState::test_record_events PASSED [ 52%]
test/unit/test_memory_management.py::TestSlottedPluginState::test_record_error PASSED [ 52%]
test/unit/test_memory_management.py::TestSlottedPluginState::test_memory_tracking PASSED [ 52%]
test/unit/test_memory_management.py::TestSlottedPluginState::test_to_dict PASSED [ 52%]
test/unit/test_memory_management.py::TestSlottedPluginState::test_no_dict_attribute PASSED [ 52%]
test/unit/test_memory_management.py::TestStreamingResultSet::test_iter_batches PASSED [ 52%]
test/unit/test_memory_management.py::TestStreamingResultSet::test_iter_rows PASSED [ 52%]
test/unit/test_memory_management.py::TestStreamingResultSet::test_empty_result PASSED [ 52%]
test/unit/test_memory_management.py::TestStreamingResultSet::test_cursor_closed_on_error 
-------------------------------- live log call --------------------------------
23:30:30 [ERROR] StreamingResultSet error on cursor sf_stream_1851460501008
Traceback (most recent call last):
  File "D:\github\spiderfoot\spiderfoot\ops\memory.py", line 243, in iter_batches
    cursor.execute(self.query, self.params)
    ~~~~~~~~~~~~~~^^^^^^^^^^^^^^^^^^^^^^^^^
  File "C:\Python314\Lib\unittest\mock.py", line 1175, in __call__
    return self._mock_call(*args, **kwargs)
           ~~~~~~~~~~~~~~~^^^^^^^^^^^^^^^^^
  File "C:\Python314\Lib\unittest\mock.py", line 1179, in _mock_call
    return self._execute_mock_call(*args, **kwargs)
           ~~~~~~~~~~~~~~~~~~~~~~~^^^^^^^^^^^^^^^^^
  File "C:\Python314\Lib\unittest\mock.py", line 1234, in _execute_mock_call
    raise effect
Exception: DB error
PASSED                                                                   [ 52%]
test/unit/test_memory_management.py::TestStreamingResultSet::test_custom_cursor_name PASSED [ 52%]
test/unit/test_memory_management.py::TestStreamingJsonEncoder::test_encode_empty PASSED [ 52%]
test/unit/test_memory_management.py::TestStreamingJsonEncoder::test_encode_single_item PASSED [ 52%]
test/unit/test_memory_management.py::TestStreamingJsonEncoder::test_encode_multiple_items PASSED [ 52%]
test/unit/test_memory_management.py::TestStreamingJsonEncoder::test_encode_with_indent PASSED [ 52%]
test/unit/test_memory_management.py::TestStreamingJsonEncoder::test_custom_dumps PASSED [ 52%]
test/unit/test_memory_management.py::TestLazyImporter::test_basic_import PASSED [ 52%]
test/unit/test_memory_management.py::TestLazyImporter::test_cached_import PASSED [ 52%]
test/unit/test_memory_management.py::TestLazyImporter::test_import_failure PASSED [ 52%]
test/unit/test_memory_management.py::TestLazyImporter::test_is_loaded PASSED [ 52%]
test/unit/test_memory_management.py::TestLazyImporter::test_loaded_modules PASSED [ 52%]
test/unit/test_memory_management.py::TestLazyImporter::test_unload PASSED [ 52%]
test/unit/test_memory_management.py::TestLazyImporter::test_unload_not_loaded PASSED [ 52%]
test/unit/test_memory_management.py::TestLazyImporter::test_clear PASSED [ 52%]
test/unit/test_memory_management.py::TestLazyImporter::test_preload 
-------------------------------- live log call --------------------------------
23:30:31 [WARNING] LazyImporter: failed to import non_existent_xyz_99999
PASSED                                                                   [ 52%]
test/unit/test_memory_management.py::TestLazyImporter::test_thread_safety PASSED [ 52%]
test/unit/test_memory_management.py::TestLazyImporter::test_global_lazy_instance PASSED [ 52%]
test/unit/test_memory_management.py::TestCachedHelpers::test_urlBaseUrl_basic PASSED [ 52%]
test/unit/test_memory_management.py::TestCachedHelpers::test_urlBaseUrl_none PASSED [ 52%]
test/unit/test_memory_management.py::TestCachedHelpers::test_urlBaseUrl_no_path PASSED [ 52%]
test/unit/test_memory_management.py::TestCachedHelpers::test_urlBaseDir PASSED [ 52%]
test/unit/test_memory_management.py::TestCachedHelpers::test_validEmail_valid PASSED [ 52%]
test/unit/test_memory_management.py::TestCachedHelpers::test_validEmail_invalid PASSED [ 52%]
test/unit/test_memory_management.py::TestCachedHelpers::test_validPhoneNumber_valid PASSED [ 52%]
test/unit/test_memory_management.py::TestCachedHelpers::test_validPhoneNumber_invalid PASSED [ 52%]
test/unit/test_memory_management.py::TestCachedHelpers::test_validLEI_valid PASSED [ 52%]
test/unit/test_memory_management.py::TestCachedHelpers::test_validLEI_invalid PASSED [ 52%]
test/unit/test_memory_management.py::TestCachedHelpers::test_validIP_valid PASSED [ 52%]
test/unit/test_memory_management.py::TestCachedHelpers::test_validIP_invalid PASSED [ 52%]
test/unit/test_memory_management.py::TestCachedHelpers::test_validIP6_valid PASSED [ 52%]
test/unit/test_memory_management.py::TestCachedHelpers::test_validIP6_invalid PASSED [ 52%]
test/unit/test_memory_management.py::TestCachedHelpers::test_cache_hits PASSED [ 52%]
test/unit/test_memory_management.py::TestCachedHelpers::test_stats PASSED [ 52%]
test/unit/test_memory_management.py::TestCachedHelpers::test_clear_all PASSED [ 52%]
test/unit/test_memory_management.py::TestCachedHelpers::test_total_hits_misses PASSED [ 52%]
test/unit/test_memory_management.py::TestCachedHelpers::test_hit_rate PASSED [ 52%]
test/unit/test_memory_management.py::TestCachedHelpers::test_hit_rate_no_calls PASSED [ 52%]
test/unit/test_memory_management.py::TestCeleryMemoryGuard::test_ok_when_below_limits PASSED [ 52%]
test/unit/test_memory_management.py::TestCeleryMemoryGuard::test_warn_on_soft_limit 
-------------------------------- live log call --------------------------------
23:30:34 [WARNING] CeleryMemoryGuard: soft limit exceeded (150.0 MB / 100 MB)
PASSED                                                                   [ 52%]
test/unit/test_memory_management.py::TestCeleryMemoryGuard::test_stop_on_hard_limit 
-------------------------------- live log call --------------------------------
23:30:34 [ERROR] CeleryMemoryGuard: HARD limit exceeded (250.0 MB / 200 MB)
PASSED                                                                   [ 52%]
test/unit/test_memory_management.py::TestCeleryMemoryGuard::test_check_interval_skips PASSED [ 52%]
test/unit/test_memory_management.py::TestCeleryMemoryGuard::test_peak_rss PASSED [ 52%]
test/unit/test_memory_management.py::TestCeleryMemoryGuard::test_warnings_recorded 
-------------------------------- live log call --------------------------------
23:30:34 [WARNING] CeleryMemoryGuard: soft limit exceeded (150.0 MB / 100 MB)
PASSED                                                                   [ 53%]
test/unit/test_memory_management.py::TestCeleryMemoryGuard::test_reset 
-------------------------------- live log call --------------------------------
23:30:34 [WARNING] CeleryMemoryGuard: soft limit exceeded (150.0 MB / 100 MB)
PASSED                                                                   [ 53%]
test/unit/test_memory_management.py::TestCeleryMemoryGuard::test_summary PASSED [ 53%]
test/unit/test_memory_management.py::TestCeleryMemoryGuard::test_get_rss_mb_returns_float PASSED [ 53%]
test/unit/test_memory_management.py::TestAllocationSnapshot::test_defaults PASSED [ 53%]
test/unit/test_memory_management.py::TestAllocationSnapshot::test_to_dict PASSED [ 53%]
test/unit/test_memory_management.py::TestMemoryProfiler::test_snapshot_now PASSED [ 53%]
test/unit/test_memory_management.py::TestMemoryProfiler::test_snapshots_list PASSED [ 53%]
test/unit/test_memory_management.py::TestMemoryProfiler::test_max_snapshots_limit PASSED [ 53%]
test/unit/test_memory_management.py::TestMemoryProfiler::test_growth_rate_no_snapshots PASSED [ 53%]
test/unit/test_memory_management.py::TestMemoryProfiler::test_growth_rate_single_snapshot PASSED [ 53%]
test/unit/test_memory_management.py::TestMemoryProfiler::test_rss_growth_rate PASSED [ 53%]
test/unit/test_memory_management.py::TestMemoryProfiler::test_report_no_snapshots PASSED [ 53%]
test/unit/test_memory_management.py::TestMemoryProfiler::test_report_with_snapshots PASSED [ 53%]
test/unit/test_memory_management.py::TestMemoryProfiler::test_start_stop PASSED [ 53%]
test/unit/test_memory_management.py::TestMemoryProfiler::test_double_start PASSED [ 53%]
test/unit/test_memory_management.py::TestAllocationTracker::test_track_context PASSED [ 53%]
test/unit/test_memory_management.py::TestAllocationTracker::test_multiple_tracks 
-------------------------------- live log call --------------------------------
23:30:40 [ERROR] Failed to recreate pool pool_0: connection to server at "localhost" (::1), port 5432 failed: Connection refused (0x0000274D/10061)
	Is the server running on that host and accepting TCP/IP connections?
connection to server at "localhost" (127.0.0.1), port 5432 failed: Connection refused (0x0000274D/10061)
	Is the server running on that host and accepting TCP/IP connections?

23:30:40 [INFO] Scaled down pool_0 from 10 to 5 connections
PASSED                                                                   [ 53%]
test/unit/test_memory_management.py::TestAllocationTracker::test_clear PASSED [ 53%]
test/unit/test_memory_management.py::TestObjectSizeAnalyzer::test_deep_sizeof_dict PASSED [ 53%]
test/unit/test_memory_management.py::TestObjectSizeAnalyzer::test_deep_sizeof_list PASSED [ 53%]
test/unit/test_memory_management.py::TestObjectSizeAnalyzer::test_deep_sizeof_nested PASSED [ 53%]
test/unit/test_memory_management.py::TestObjectSizeAnalyzer::test_max_depth PASSED [ 53%]
test/unit/test_memory_management.py::TestObjectSizeAnalyzer::test_slotted_object PASSED [ 53%]
test/unit/test_memory_management.py::TestObjectSizeAnalyzer::test_top_objects 
-------------------------------- live log call --------------------------------
23:30:45 [ERROR] Failed to recreate pool pool_0: connection to server at "localhost" (::1), port 5432 failed: Connection refused (0x0000274D/10061)
	Is the server running on that host and accepting TCP/IP connections?
connection to server at "localhost" (127.0.0.1), port 5432 failed: Connection refused (0x0000274D/10061)
	Is the server running on that host and accepting TCP/IP connections?

23:30:45 [INFO] Scaled up pool_0 from 5 to 10 connections
PASSED                                                                   [ 53%]
test/unit/test_memory_management.py::TestObjectSizeAnalyzer::test_type_summary PASSED [ 53%]
test/unit/test_memory_management.py::TestGCTuner::test_original_thresholds PASSED [ 53%]
test/unit/test_memory_management.py::TestGCTuner::test_set_scan_thresholds 
-------------------------------- live log call --------------------------------
23:30:46 [INFO] GCTuner: thresholds set to (5000, 50, 100)
PASSED                                                                   [ 53%]
test/unit/test_memory_management.py::TestGCTuner::test_restore_thresholds 
-------------------------------- live log call --------------------------------
23:30:46 [INFO] GCTuner: thresholds set to (9999, 99, 99)
PASSED                                                                   [ 53%]
test/unit/test_memory_management.py::TestGCTuner::test_collect_now PASSED [ 53%]
test/unit/test_memory_management.py::TestGCTuner::test_bulk_operation PASSED [ 53%]
test/unit/test_memory_management.py::TestGCTuner::test_collection_stats PASSED [ 53%]
test/unit/test_memory_management.py::TestGCTuner::test_collection_stats_empty PASSED [ 53%]
test/unit/test_memory_management.py::TestWeakEventCache::test_put_get_string PASSED [ 53%]
test/unit/test_memory_management.py::TestWeakEventCache::test_get_missing PASSED [ 53%]
test/unit/test_memory_management.py::TestWeakEventCache::test_contains PASSED [ 53%]
test/unit/test_memory_management.py::TestWeakEventCache::test_maxsize_eviction PASSED [ 53%]
test/unit/test_memory_management.py::TestWeakEventCache::test_weakref_object PASSED [ 53%]
test/unit/test_memory_management.py::TestWeakEventCache::test_stats PASSED [ 53%]
test/unit/test_memory_management.py::TestWeakEventCache::test_clear PASSED [ 53%]
test/unit/test_memory_management.py::TestWeakEventCache::test_size PASSED [ 53%]
test/unit/test_memory_management.py::TestWeakEventCache::test_hit_rate PASSED [ 53%]
test/unit/test_memory_management.py::TestEventHistoryPruner::test_prune_long_history PASSED [ 53%]
test/unit/test_memory_management.py::TestEventHistoryPruner::test_prune_listener_modules PASSED [ 53%]
test/unit/test_memory_management.py::TestEventHistoryPruner::test_no_prune_needed PASSED [ 53%]
test/unit/test_memory_management.py::TestEventHistoryPruner::test_dead_plugin_cleaned PASSED [ 53%]
test/unit/test_memory_management.py::TestEventHistoryPruner::test_total_pruned PASSED [ 53%]
test/unit/test_memory_management.py::TestEventHistoryPruner::test_start_stop PASSED [ 53%]
test/unit/test_memory_management.py::TestEventHistoryPruner::test_stats PASSED [ 53%]
test/unit/test_metrics.py::TestCounter::test_expose_format PASSED        [ 53%]
test/unit/test_metrics.py::TestCounter::test_inc_default PASSED          [ 53%]
test/unit/test_metrics.py::TestCounter::test_labels PASSED               [ 53%]
test/unit/test_metrics.py::TestGauge::test_inc_dec PASSED                [ 53%]
test/unit/test_metrics.py::TestGauge::test_labeled_gauge PASSED          [ 53%]
test/unit/test_metrics.py::TestGauge::test_set PASSED                    [ 53%]
test/unit/test_metrics.py::TestHistogram::test_observe PASSED            [ 53%]
test/unit/test_metrics.py::TestHistogram::test_timer PASSED              [ 53%]
test/unit/test_metrics.py::TestMetricsRegistry::test_clear PASSED        [ 53%]
test/unit/test_metrics.py::TestMetricsRegistry::test_register_and_expose PASSED [ 53%]
test/unit/test_metrics.py::TestMetricsRegistry::test_unregister PASSED   [ 53%]
test/unit/test_metrics.py::TestGlobalRegistry::test_global_registry_has_sf_metrics PASSED [ 53%]
test/unit/test_metrics.py::TestGlobalRegistry::test_scans_total_labels PASSED [ 53%]
test/unit/test_middleware_behavioral.py::TestCSRFMiddleware::test_get_always_passes 
-------------------------------- live log call --------------------------------
23:30:51 [INFO] CSRF middleware active ù protecting ['/api/']
23:30:51 [INFO] HTTP Request: GET http://test/api/data "HTTP/1.1 200 OK"
PASSED                                                                   [ 53%]
test/unit/test_middleware_behavioral.py::TestCSRFMiddleware::test_post_without_header_rejected 
-------------------------------- live log call --------------------------------
23:30:51 [INFO] CSRF middleware active ù protecting ['/api/']
23:30:51 [WARNING] CSRF: missing custom header on POST /api/data (client=127.0.0.1)
23:30:51 [INFO] HTTP Request: POST http://test/api/data "HTTP/1.1 403 Forbidden"
PASSED                                                                   [ 53%]
test/unit/test_middleware_behavioral.py::TestCSRFMiddleware::test_post_with_x_requested_with_passes 
-------------------------------- live log call --------------------------------
23:30:52 [INFO] CSRF middleware active ù protecting ['/api/']
23:30:52 [INFO] HTTP Request: POST http://test/api/data "HTTP/1.1 200 OK"
PASSED                                                                   [ 53%]
test/unit/test_middleware_behavioral.py::TestCSRFMiddleware::test_post_with_x_sf_csrf_passes 
-------------------------------- live log call --------------------------------
23:30:52 [INFO] CSRF middleware active ù protecting ['/api/']
23:30:52 [INFO] HTTP Request: POST http://test/api/data "HTTP/1.1 200 OK"
PASSED                                                                   [ 53%]
test/unit/test_middleware_behavioral.py::TestCSRFMiddleware::test_put_without_header_rejected 
-------------------------------- live log call --------------------------------
23:30:52 [INFO] CSRF middleware active ù protecting ['/api/']
23:30:52 [WARNING] CSRF: missing custom header on PUT /api/data (client=127.0.0.1)
23:30:52 [INFO] HTTP Request: PUT http://test/api/data "HTTP/1.1 403 Forbidden"
PASSED                                                                   [ 53%]
test/unit/test_middleware_behavioral.py::TestCSRFMiddleware::test_delete_without_header_rejected 
-------------------------------- live log call --------------------------------
23:30:52 [INFO] CSRF middleware active ù protecting ['/api/']
23:30:52 [WARNING] CSRF: missing custom header on DELETE /api/data (client=127.0.0.1)
23:30:52 [INFO] HTTP Request: DELETE http://test/api/data "HTTP/1.1 403 Forbidden"
PASSED                                                                   [ 53%]
test/unit/test_middleware_behavioral.py::TestCSRFMiddleware::test_exempt_path_passes 
-------------------------------- live log call --------------------------------
23:30:52 [INFO] CSRF middleware active ù protecting ['/api/']
23:30:52 [INFO] HTTP Request: POST http://test/api/auth/login "HTTP/1.1 200 OK"
PASSED                                                                   [ 53%]
test/unit/test_middleware_behavioral.py::TestCSRFMiddleware::test_unprotected_path_passes 
-------------------------------- live log call --------------------------------
23:30:52 [INFO] CSRF middleware active ù protecting ['/api/']
23:30:52 [INFO] HTTP Request: POST http://test/other "HTTP/1.1 200 OK"
PASSED                                                                   [ 53%]
test/unit/test_middleware_behavioral.py::TestCSRFMiddleware::test_middleware_disabled 
-------------------------------- live log call --------------------------------
23:30:52 [INFO] HTTP Request: POST http://test/api/data "HTTP/1.1 200 OK"
PASSED                                                                   [ 53%]
test/unit/test_middleware_behavioral.py::TestBodyLimitMiddleware::test_small_body_accepted 
-------------------------------- live log call --------------------------------
23:30:52 [INFO] Body size limits: general=1024 bytes, upload=5120 bytes
23:30:52 [INFO] HTTP Request: POST http://test/api/data "HTTP/1.1 200 OK"
PASSED                                                                   [ 53%]
test/unit/test_middleware_behavioral.py::TestBodyLimitMiddleware::test_oversized_body_rejected 
-------------------------------- live log call --------------------------------
23:30:52 [INFO] Body size limits: general=1024 bytes, upload=5120 bytes
23:30:52 [WARNING] Request body too large: 0.0 MB > 0.0 MB limit (POST /api/data)
23:30:52 [INFO] HTTP Request: POST http://test/api/data "HTTP/1.1 413 Request Entity Too Large"
PASSED                                                                   [ 53%]
test/unit/test_middleware_behavioral.py::TestBodyLimitMiddleware::test_get_ignores_limit 
-------------------------------- live log call --------------------------------
23:30:53 [INFO] Body size limits: general=1024 bytes, upload=5120 bytes
23:30:53 [INFO] HTTP Request: GET http://test/api/data "HTTP/1.1 200 OK"
PASSED                                                                   [ 53%]
test/unit/test_middleware_behavioral.py::TestBodyLimitMiddleware::test_invalid_content_length_rejected 
-------------------------------- live log call --------------------------------
23:30:53 [INFO] Body size limits: general=1024 bytes, upload=5120 bytes
23:30:53 [INFO] HTTP Request: POST http://test/api/data "HTTP/1.1 400 Bad Request"
PASSED                                                                   [ 53%]
test/unit/test_middleware_behavioral.py::TestRequestTracingMiddleware::test_generates_request_id 
-------------------------------- live log call --------------------------------
23:30:53 [INFO] HTTP Request: GET http://test/api/health "HTTP/1.1 200 OK"
PASSED                                                                   [ 53%]
test/unit/test_middleware_behavioral.py::TestRequestTracingMiddleware::test_echoes_valid_client_id 
-------------------------------- live log call --------------------------------
23:30:53 [INFO] HTTP Request: GET http://test/api/health "HTTP/1.1 200 OK"
PASSED                                                                   [ 53%]
test/unit/test_middleware_behavioral.py::TestRequestTracingMiddleware::test_rejects_malicious_request_id 
-------------------------------- live log call --------------------------------
23:30:53 [INFO] HTTP Request: GET http://test/api/health "HTTP/1.1 200 OK"
PASSED                                                                   [ 53%]
test/unit/test_middleware_behavioral.py::TestRequestTracingMiddleware::test_rejects_overlong_request_id 
-------------------------------- live log call --------------------------------
23:30:53 [INFO] HTTP Request: GET http://test/api/health "HTTP/1.1 200 OK"
PASSED                                                                   [ 53%]
test/unit/test_middleware_behavioral.py::TestRequestTracingMiddleware::test_request_id_available_in_handler 
-------------------------------- live log call --------------------------------
23:30:53 [INFO] HTTP Request: GET http://test/api/trace-check "HTTP/1.1 200 OK"
PASSED                                                                   [ 53%]
test/unit/test_middleware_behavioral.py::TestRequestIdSanitization::test_valid_uuid PASSED [ 53%]
test/unit/test_middleware_behavioral.py::TestRequestIdSanitization::test_valid_alphanumeric PASSED [ 53%]
test/unit/test_middleware_behavioral.py::TestRequestIdSanitization::test_rejects_newline PASSED [ 53%]
test/unit/test_middleware_behavioral.py::TestRequestIdSanitization::test_rejects_spaces PASSED [ 53%]
test/unit/test_middleware_behavioral.py::TestRequestIdSanitization::test_rejects_overlong PASSED [ 53%]
test/unit/test_middleware_behavioral.py::TestRequestIdSanitization::test_none_input PASSED [ 53%]
test/unit/test_middleware_behavioral.py::TestRequestIdSanitization::test_empty_string PASSED [ 53%]
test/unit/test_middleware_behavioral.py::TestRequestIdSanitization::test_rejects_angle_brackets PASSED [ 54%]
test/unit/test_middleware_behavioral.py::TestRateLimitDetection::test_login_endpoint_override PASSED [ 54%]
test/unit/test_middleware_behavioral.py::TestRateLimitDetection::test_register_endpoint_override PASSED [ 54%]
test/unit/test_middleware_behavioral.py::TestRateLimitDetection::test_detect_tier_auth PASSED [ 54%]
test/unit/test_middleware_behavioral.py::TestRateLimitDetection::test_detect_tier_scan PASSED [ 54%]
test/unit/test_middleware_behavioral.py::TestRateLimitDetection::test_tier_limits_exist PASSED [ 54%]
test/unit/test_middleware_behavioral.py::TestRateLimitDetection::test_config_creation PASSED [ 54%]
test/unit/test_migrate_module.py::TestDetection::test_is_legacy_import PASSED [ 54%]
test/unit/test_migrate_module.py::TestDetection::test_is_legacy_class PASSED [ 54%]
test/unit/test_migrate_module.py::TestDetection::test_is_legacy_multi_import PASSED [ 54%]
test/unit/test_migrate_module.py::TestDetection::test_not_legacy PASSED  [ 54%]
test/unit/test_migrate_module.py::TestDetection::test_already_modern PASSED [ 54%]
test/unit/test_migrate_module.py::TestDetection::test_not_modern PASSED  [ 54%]
test/unit/test_migrate_module.py::TestImportMigration::test_standalone_import PASSED [ 54%]
test/unit/test_migrate_module.py::TestImportMigration::test_multi_import PASSED [ 54%]
test/unit/test_migrate_module.py::TestImportMigration::test_multi_import_with_helpers PASSED [ 54%]
test/unit/test_migrate_module.py::TestBaseClassMigration::test_base_class_swap PASSED [ 54%]
test/unit/test_migrate_module.py::TestBaseClassMigration::test_multiple_classes PASSED [ 54%]
test/unit/test_migrate_module.py::TestSetupMigration::test_default_arg_dict PASSED [ 54%]
test/unit/test_migrate_module.py::TestSetupMigration::test_default_arg_braces PASSED [ 54%]
test/unit/test_migrate_module.py::TestSetupMigration::test_setup_body_rewrite PASSED [ 54%]
test/unit/test_migrate_module.py::TestSetupMigration::test_setup_with_datasource PASSED [ 54%]
test/unit/test_migrate_module.py::TestSetupMigration::test_setup_with_extra_lines PASSED [ 54%]
test/unit/test_migrate_module.py::TestFetchUrlMigration::test_simple_fetchurl PASSED [ 54%]
test/unit/test_migrate_module.py::TestFetchUrlMigration::test_fetchurl_with_args PASSED [ 54%]
test/unit/test_migrate_module.py::TestDnsMethodMigration::test_resolve_host PASSED [ 54%]
test/unit/test_migrate_module.py::TestDnsMethodMigration::test_resolve_host6 PASSED [ 54%]
test/unit/test_migrate_module.py::TestDnsMethodMigration::test_resolve_host_not_host6 PASSED [ 54%]
test/unit/test_migrate_module.py::TestDnsMethodMigration::test_resolve_ip PASSED [ 54%]
test/unit/test_migrate_module.py::TestFullModule::test_full_migration PASSED [ 54%]
test/unit/test_migrate_module.py::TestMigrateFile::test_migrate_file_not_found PASSED [ 54%]
test/unit/test_migrate_module.py::TestMigrateFile::test_migrate_file_dry_run PASSED [ 54%]
test/unit/test_migrate_module.py::TestMigrateFile::test_migrate_file_write PASSED [ 54%]
test/unit/test_migrate_module.py::TestMigrateFile::test_skip_already_modern PASSED [ 54%]
test/unit/test_migrate_module.py::TestNoChanges::test_empty_file PASSED  [ 54%]
test/unit/test_migrate_module.py::TestNoChanges::test_unrelated_code PASSED [ 54%]
test/unit/test_modern_plugin.py::TestModernPluginInit::test_inheritance PASSED [ 54%]
test/unit/test_modern_plugin.py::TestModernPluginInit::test_no_registry PASSED [ 54%]
test/unit/test_modern_plugin.py::TestModernPluginSetup::test_setup_stores_sf PASSED [ 54%]
test/unit/test_modern_plugin.py::TestModernPluginFetchUrl::test_fallback_to_sf PASSED [ 54%]
test/unit/test_modern_plugin.py::TestModernPluginFetchUrl::test_uses_http_service PASSED [ 54%]
test/unit/test_modern_plugin.py::TestModernPluginDns::test_resolve_host_fallback PASSED [ 54%]
test/unit/test_modern_plugin.py::TestModernPluginDns::test_resolve_host_service PASSED [ 54%]
test/unit/test_modern_plugin.py::TestModernPluginCache::test_cache_get_put_fallback PASSED [ 54%]
test/unit/test_modern_plugin.py::TestModernPluginAsDict::test_includes_modern_flag PASSED [ 54%]
test/unit/test_module_api_client.py::TestRequestConfig::test_defaults PASSED [ 54%]
test/unit/test_module_api_client.py::TestRequestConfig::test_to_dict PASSED [ 54%]
test/unit/test_module_api_client.py::TestApiResponse::test_ok PASSED     [ 54%]
test/unit/test_module_api_client.py::TestApiResponse::test_is_json PASSED [ 54%]
test/unit/test_module_api_client.py::TestApiResponse::test_json_from_dict PASSED [ 54%]
test/unit/test_module_api_client.py::TestApiResponse::test_json_from_string PASSED [ 54%]
test/unit/test_module_api_client.py::TestApiResponse::test_text_from_string PASSED [ 54%]
test/unit/test_module_api_client.py::TestApiResponse::test_text_from_bytes PASSED [ 54%]
test/unit/test_module_api_client.py::TestApiResponse::test_text_from_none PASSED [ 54%]
test/unit/test_module_api_client.py::TestApiResponse::test_to_dict PASSED [ 54%]
test/unit/test_module_api_client.py::TestRateLimiter::test_acquire_within_burst PASSED [ 54%]
test/unit/test_module_api_client.py::TestRateLimiter::test_acquire_exhausted PASSED [ 54%]
test/unit/test_module_api_client.py::TestRateLimiter::test_wait_does_not_crash PASSED [ 54%]
test/unit/test_module_api_client.py::TestRequestRecord::test_to_dict PASSED [ 54%]
test/unit/test_module_api_client.py::TestModuleApiClient::test_defaults PASSED [ 54%]
test/unit/test_module_api_client.py::TestModuleApiClient::test_build_url_with_base PASSED [ 54%]
test/unit/test_module_api_client.py::TestModuleApiClient::test_build_url_absolute PASSED [ 54%]
test/unit/test_module_api_client.py::TestModuleApiClient::test_build_url_with_params PASSED [ 54%]
test/unit/test_module_api_client.py::TestModuleApiClient::test_build_headers_with_api_key PASSED [ 54%]
test/unit/test_module_api_client.py::TestModuleApiClient::test_build_headers_custom_key_header PASSED [ 54%]
test/unit/test_module_api_client.py::TestModuleApiClient::test_set_header PASSED [ 54%]
test/unit/test_module_api_client.py::TestModuleApiClient::test_remove_header PASSED [ 54%]
test/unit/test_module_api_client.py::TestModuleApiClient::test_get_request PASSED [ 54%]
test/unit/test_module_api_client.py::TestModuleApiClient::test_post_request PASSED [ 54%]
test/unit/test_module_api_client.py::TestModuleApiClient::test_history_tracking PASSED [ 54%]
test/unit/test_module_api_client.py::TestModuleApiClient::test_clear_history PASSED [ 54%]
test/unit/test_module_api_client.py::TestModuleApiClient::test_history_max_size PASSED [ 54%]
test/unit/test_module_api_client.py::TestModuleApiClient::test_get_stats_empty PASSED [ 54%]
test/unit/test_module_api_client.py::TestModuleApiClient::test_get_stats_with_requests PASSED [ 54%]
test/unit/test_module_api_client.py::TestModuleApiClient::test_to_dict PASSED [ 54%]
test/unit/test_module_api_client.py::TestModuleApiClient::test_with_rate_limiter PASSED [ 54%]
test/unit/test_module_api_client.py::TestModuleApiClient::test_build_headers_extra PASSED [ 54%]
test/unit/test_module_audit.py::TestEnums::test_migration_status_values PASSED [ 54%]
test/unit/test_module_audit.py::TestEnums::test_meta_completeness_values PASSED [ 54%]
test/unit/test_module_audit.py::TestStandardSets::test_standard_categories_contains_dns PASSED [ 54%]
test/unit/test_module_audit.py::TestStandardSets::test_standard_flags_contains_apikey PASSED [ 54%]
test/unit/test_module_audit.py::TestStandardSets::test_standard_use_cases PASSED [ 54%]
test/unit/test_module_audit.py::TestModuleInfo::test_defaults PASSED     [ 54%]
test/unit/test_module_audit.py::TestModuleInfo::test_fields PASSED       [ 54%]
test/unit/test_module_audit.py::TestEventTypeInfo::test_orphan_producer PASSED [ 54%]
test/unit/test_module_audit.py::TestEventTypeInfo::test_orphan_consumer PASSED [ 54%]
test/unit/test_module_audit.py::TestEventTypeInfo::test_connected PASSED [ 54%]
test/unit/test_module_audit.py::TestEventTypeInfo::test_empty PASSED     [ 55%]
test/unit/test_module_audit.py::TestAuditReport::test_migration_percentage_empty PASSED [ 55%]
test/unit/test_module_audit.py::TestAuditReport::test_migration_percentage PASSED [ 55%]
test/unit/test_module_audit.py::TestAuditReport::test_meta_completeness_percentage PASSED [ 55%]
test/unit/test_module_audit.py::TestAuditReport::test_summary PASSED     [ 55%]
test/unit/test_module_audit.py::TestModuleSourceAnalyzer::test_analyze_async_module PASSED [ 55%]
test/unit/test_module_audit.py::TestModuleSourceAnalyzer::test_analyze_modern_module PASSED [ 55%]
test/unit/test_module_audit.py::TestModuleSourceAnalyzer::test_analyze_legacy_module PASSED [ 55%]
test/unit/test_module_audit.py::TestModuleSourceAnalyzer::test_analyze_complete_meta PASSED [ 55%]
test/unit/test_module_audit.py::TestModuleSourceAnalyzer::test_analyze_minimal_meta PASSED [ 55%]
test/unit/test_module_audit.py::TestModuleSourceAnalyzer::test_analyze_partial_meta PASSED [ 55%]
test/unit/test_module_audit.py::TestModuleSourceAnalyzer::test_extract_categories PASSED [ 55%]
------------------------------ live log teardown ------------------------------
23:31:04 [ERROR] Failed to scale down pool_0: '>' not supported between instances of 'int' and 'MagicMock'

23:31:04 [ERROR] Failed to scale down pool_0: '>' not supported between instances of 'int' and 'MagicMock'

test/unit/test_module_audit.py::TestModuleSourceAnalyzer::test_extract_flags PASSED [ 55%]
test/unit/test_module_audit.py::TestModuleSourceAnalyzer::test_extract_use_cases PASSED [ 55%]
test/unit/test_module_audit.py::TestModuleSourceAnalyzer::test_analyze_directory PASSED [ 55%]
test/unit/test_module_audit.py::TestModuleSourceAnalyzer::test_analyze_nonexistent_dir PASSED [ 55%]
test/unit/test_module_audit.py::TestModuleSourceAnalyzer::test_analyze_nonexistent_file PASSED [ 55%]
test/unit/test_module_audit.py::TestModuleSourceAnalyzer::test_non_standard_category_detection PASSED [ 55%]
test/unit/test_module_audit.py::TestModuleSourceAnalyzer::test_opts_detection PASSED [ 55%]
test/unit/test_module_audit.py::TestEventDependencyGraph::test_add_module PASSED [ 55%]
test/unit/test_module_audit.py::TestEventDependencyGraph::test_build_edges PASSED [ 55%]
test/unit/test_module_audit.py::TestEventDependencyGraph::test_orphan_producers PASSED [ 55%]
test/unit/test_module_audit.py::TestEventDependencyGraph::test_orphan_consumers_excludes_root PASSED [ 55%]
test/unit/test_module_audit.py::TestEventDependencyGraph::test_downstream_modules PASSED [ 55%]
test/unit/test_module_audit.py::TestEventDependencyGraph::test_upstream_modules PASSED [ 55%]
test/unit/test_module_audit.py::TestEventDependencyGraph::test_fanout PASSED [ 55%]
test/unit/test_module_audit.py::TestEventDependencyGraph::test_fanin PASSED [ 55%]
test/unit/test_module_audit.py::TestEventDependencyGraph::test_highest_fanout PASSED [ 55%]
test/unit/test_module_audit.py::TestEventDependencyGraph::test_highest_fanin PASSED [ 55%]
test/unit/test_module_audit.py::TestEventDependencyGraph::test_to_dot PASSED [ 55%]
test/unit/test_module_audit.py::TestEventDependencyGraph::test_to_dot_truncates PASSED [ 55%]
test/unit/test_module_audit.py::TestEventDependencyGraph::test_empty_graph PASSED [ 55%]
test/unit/test_module_audit.py::TestMetadataAuditor::test_audit_complete_module PASSED [ 55%]
test/unit/test_module_audit.py::TestMetadataAuditor::test_audit_missing_meta PASSED [ 55%]
test/unit/test_module_audit.py::TestMetadataAuditor::test_audit_partial_meta PASSED [ 55%]
test/unit/test_module_audit.py::TestMetadataAuditor::test_audit_non_standard_categories PASSED [ 55%]
test/unit/test_module_audit.py::TestMetadataAuditor::test_audit_batch PASSED [ 55%]
test/unit/test_module_audit.py::TestMetadataAuditor::test_audit_module_no_data_source PASSED [ 55%]
test/unit/test_module_audit.py::TestModuleDocGenerator::test_generate_module_doc PASSED [ 55%]
test/unit/test_module_audit.py::TestModuleDocGenerator::test_generate_category_index PASSED [ 55%]
test/unit/test_module_audit.py::TestModuleDocGenerator::test_generate_event_flow_doc PASSED [ 55%]
test/unit/test_module_audit.py::TestAsyncExecutionVerifier::test_check_sync_class PASSED [ 55%]
test/unit/test_module_audit.py::TestAsyncExecutionVerifier::test_check_async_class PASSED [ 55%]
test/unit/test_module_audit.py::TestAsyncExecutionVerifier::test_lists_async_methods PASSED [ 55%]
test/unit/test_module_audit.py::TestModuleContractAuditor::test_validate_valid_class PASSED [ 55%]
test/unit/test_module_audit.py::TestModuleContractAuditor::test_validate_minimal_meta PASSED [ 55%]
test/unit/test_module_audit.py::TestModuleContractAuditor::test_validate_async_handler_detection PASSED [ 55%]
test/unit/test_module_audit.py::TestModuleContractAuditor::test_inspect_non_standard_flags PASSED [ 55%]
test/unit/test_module_audit.py::TestModuleContractAuditor::test_event_extraction PASSED [ 55%]
test/unit/test_module_audit.py::TestModuleAuditRunner::test_run_source_audit PASSED [ 55%]
test/unit/test_module_audit.py::TestModuleAuditRunner::test_source_audit_migration_percentage PASSED [ 55%]
test/unit/test_module_audit.py::TestModuleAuditRunner::test_source_audit_summary PASSED [ 55%]
test/unit/test_module_audit.py::TestModuleAuditRunner::test_run_class_audit PASSED [ 55%]
test/unit/test_module_audit.py::TestModuleAuditRunner::test_no_modules_dir_raises PASSED [ 55%]
test/unit/test_module_audit.py::TestModuleAuditRunner::test_event_graph_in_report PASSED [ 55%]
test/unit/test_module_audit.py::TestModuleAuditRunner::test_accessor_properties PASSED [ 55%]
test/unit/test_module_audit.py::TestModuleAuditRunner::test_modules_without_datasource PASSED [ 55%]
test/unit/test_module_audit.py::TestModuleAuditRunner::test_non_standard_categories_in_report PASSED [ 55%]
test/unit/test_module_audit.py::TestEventEdge::test_creation PASSED      [ 55%]
test/unit/test_module_audit.py::TestIntegration::test_full_pipeline_source_then_metadata PASSED [ 55%]
test/unit/test_module_audit.py::TestIntegration::test_doc_generation_from_audit PASSED [ 55%]
test/unit/test_module_audit.py::TestIntegration::test_event_graph_from_class_audit PASSED [ 55%]
test/unit/test_module_caps.py::TestCapabilityCategory::test_values PASSED [ 55%]
test/unit/test_module_caps.py::TestCapability::test_creation PASSED      [ 55%]
test/unit/test_module_caps.py::TestCapability::test_frozen PASSED        [ 55%]
test/unit/test_module_caps.py::TestCapability::test_hashable PASSED      [ 55%]
test/unit/test_module_caps.py::TestCapability::test_str PASSED           [ 55%]
test/unit/test_module_caps.py::TestRequirement::test_defaults PASSED     [ 55%]
test/unit/test_module_caps.py::TestRequirement::test_optional PASSED     [ 55%]
test/unit/test_module_caps.py::TestRequirement::test_str PASSED          [ 55%]
test/unit/test_module_caps.py::TestModuleCapabilityDeclaration::test_add_capability_chaining PASSED [ 55%]
test/unit/test_module_caps.py::TestModuleCapabilityDeclaration::test_add_conflict PASSED [ 55%]
test/unit/test_module_caps.py::TestModuleCapabilityDeclaration::test_add_requirement_chaining PASSED [ 55%]
test/unit/test_module_caps.py::TestModuleCapabilityDeclaration::test_add_tag PASSED [ 55%]
test/unit/test_module_caps.py::TestModuleCapabilityDeclaration::test_creation PASSED [ 55%]
test/unit/test_module_caps.py::TestModuleCapabilityDeclaration::test_to_dict PASSED [ 55%]
test/unit/test_module_caps.py::TestCapabilityRegistry::test_check_requirements_met PASSED [ 55%]
test/unit/test_module_caps.py::TestCapabilityRegistry::test_check_requirements_optional_not_flagged PASSED [ 55%]
test/unit/test_module_caps.py::TestCapabilityRegistry::test_check_requirements_unmet PASSED [ 55%]
test/unit/test_module_caps.py::TestCapabilityRegistry::test_counts PASSED [ 55%]
test/unit/test_module_caps.py::TestCapabilityRegistry::test_dependency_order PASSED [ 55%]
test/unit/test_module_caps.py::TestCapabilityRegistry::test_find_by_category PASSED [ 55%]
test/unit/test_module_caps.py::TestCapabilityRegistry::test_find_by_tag PASSED [ 55%]
test/unit/test_module_caps.py::TestCapabilityRegistry::test_find_conflicts PASSED [ 55%]
test/unit/test_module_caps.py::TestCapabilityRegistry::test_find_conflicts_none PASSED [ 55%]
test/unit/test_module_caps.py::TestCapabilityRegistry::test_find_providers PASSED [ 55%]
test/unit/test_module_caps.py::TestCapabilityRegistry::test_find_providers_empty PASSED [ 55%]
test/unit/test_module_caps.py::TestCapabilityRegistry::test_get_all_capabilities PASSED [ 56%]
test/unit/test_module_caps.py::TestCapabilityRegistry::test_get_all_tags PASSED [ 56%]
test/unit/test_module_caps.py::TestCapabilityRegistry::test_register_and_get PASSED [ 56%]
test/unit/test_module_caps.py::TestCapabilityRegistry::test_thread_safety PASSED [ 56%]
test/unit/test_module_caps.py::TestCapabilityRegistry::test_to_dict PASSED [ 56%]
test/unit/test_module_caps.py::TestCapabilityRegistry::test_unregister PASSED [ 56%]
test/unit/test_module_caps.py::TestSingleton::test_get_capability_registry PASSED [ 56%]
test/unit/test_module_comms.py::TestMessagePriority::test_ordering PASSED [ 56%]
test/unit/test_module_comms.py::TestMessage::test_creation PASSED        [ 56%]
test/unit/test_module_comms.py::TestMessage::test_to_dict PASSED         [ 56%]
test/unit/test_module_comms.py::TestChannelStats::test_to_dict PASSED    [ 56%]
test/unit/test_module_comms.py::TestMessageBus::test_all_stats PASSED    [ 56%]
test/unit/test_module_comms.py::TestMessageBus::test_broadcast PASSED    [ 56%]
test/unit/test_module_comms.py::TestMessageBus::test_channel_stats PASSED [ 56%]
test/unit/test_module_comms.py::TestMessageBus::test_channels PASSED     [ 56%]
test/unit/test_module_comms.py::TestMessageBus::test_clear_channel PASSED [ 56%]
test/unit/test_module_comms.py::TestMessageBus::test_counts PASSED       [ 56%]
test/unit/test_module_comms.py::TestMessageBus::test_disabled PASSED     [ 56%]
test/unit/test_module_comms.py::TestMessageBus::test_filter PASSED       [ 56%]
test/unit/test_module_comms.py::TestMessageBus::test_handler_error_continues 
-------------------------------- live log call --------------------------------
23:31:14 [ERROR] Message handler error on 'ch' from '': oops
PASSED                                                                   [ 56%]
test/unit/test_module_comms.py::TestMessageBus::test_message_log PASSED  [ 56%]
test/unit/test_module_comms.py::TestMessageBus::test_multiple_subscribers PASSED [ 56%]
test/unit/test_module_comms.py::TestMessageBus::test_publish_no_subscribers PASSED [ 56%]
test/unit/test_module_comms.py::TestMessageBus::test_request_reply PASSED [ 56%]
test/unit/test_module_comms.py::TestMessageBus::test_request_timeout PASSED [ 56%]
test/unit/test_module_comms.py::TestMessageBus::test_reset PASSED        [ 56%]
test/unit/test_module_comms.py::TestMessageBus::test_subscribe_and_publish PASSED [ 56%]
test/unit/test_module_comms.py::TestMessageBus::test_thread_safety PASSED [ 56%]
test/unit/test_module_comms.py::TestMessageBus::test_to_dict PASSED      [ 56%]
test/unit/test_module_comms.py::TestMessageBus::test_unsubscribe PASSED  [ 56%]
test/unit/test_module_comms.py::TestMessageBus::test_unsubscribe_nonexistent PASSED [ 56%]
test/unit/test_module_comms.py::TestSingleton::test_get_message_bus PASSED [ 56%]
test/unit/test_module_deps.py::TestModuleNode::test_frozen PASSED        [ 56%]
test/unit/test_module_deps.py::TestModuleDependencyResolver::test_add_remove_module PASSED [ 56%]
test/unit/test_module_deps.py::TestModuleDependencyResolver::test_chaining PASSED [ 56%]
test/unit/test_module_deps.py::TestModuleDependencyResolver::test_cycle_detection PASSED [ 56%]
test/unit/test_module_deps.py::TestModuleDependencyResolver::test_diamond_dependency PASSED [ 56%]
test/unit/test_module_deps.py::TestModuleDependencyResolver::test_empty_resolver PASSED [ 56%]
test/unit/test_module_deps.py::TestModuleDependencyResolver::test_get_consumers PASSED [ 56%]
test/unit/test_module_deps.py::TestModuleDependencyResolver::test_get_critical_path PASSED [ 56%]
test/unit/test_module_deps.py::TestModuleDependencyResolver::test_get_critical_path_nonexistent PASSED [ 56%]
test/unit/test_module_deps.py::TestModuleDependencyResolver::test_get_dependencies PASSED [ 56%]
test/unit/test_module_deps.py::TestModuleDependencyResolver::test_get_dependencies_nonexistent PASSED [ 56%]
test/unit/test_module_deps.py::TestModuleDependencyResolver::test_get_dependents PASSED [ 56%]
test/unit/test_module_deps.py::TestModuleDependencyResolver::test_get_dependents_nonexistent PASSED [ 56%]
test/unit/test_module_deps.py::TestModuleDependencyResolver::test_get_impact PASSED [ 56%]
test/unit/test_module_deps.py::TestModuleDependencyResolver::test_get_impact_nonexistent PASSED [ 56%]
test/unit/test_module_deps.py::TestModuleDependencyResolver::test_get_producers PASSED [ 56%]
test/unit/test_module_deps.py::TestModuleDependencyResolver::test_layers PASSED [ 56%]
test/unit/test_module_deps.py::TestModuleDependencyResolver::test_missing_provider 
-------------------------------- live log call --------------------------------
23:31:17 [WARNING] Missing providers for event types: ['DOMAIN_NAME']
PASSED                                                                   [ 56%]
test/unit/test_module_deps.py::TestModuleDependencyResolver::test_module_names PASSED [ 56%]
test/unit/test_module_deps.py::TestModuleDependencyResolver::test_multiple_producers PASSED [ 56%]
test/unit/test_module_deps.py::TestModuleDependencyResolver::test_optional_consumes_not_required PASSED [ 56%]
test/unit/test_module_deps.py::TestModuleDependencyResolver::test_resolution_result_summary PASSED [ 56%]
test/unit/test_module_deps.py::TestModuleDependencyResolver::test_resolution_result_to_dict PASSED [ 56%]
test/unit/test_module_deps.py::TestModuleDependencyResolver::test_self_loop_ignored PASSED [ 56%]
test/unit/test_module_deps.py::TestModuleDependencyResolver::test_simple_linear_deps PASSED [ 56%]
test/unit/test_module_deps.py::TestModuleDependencyResolver::test_standalone_modules PASSED [ 56%]
test/unit/test_module_deps.py::TestModuleDependencyResolver::test_to_dict PASSED [ 56%]
test/unit/test_module_devtools.py::TestScaffoldConfig::test_auto_prefix_sfp PASSED [ 56%]
test/unit/test_module_devtools.py::TestScaffoldConfig::test_sfp_prefix_preserved PASSED [ 56%]
test/unit/test_module_devtools.py::TestScaffoldConfig::test_display_name_auto PASSED [ 56%]
test/unit/test_module_devtools.py::TestScaffoldConfig::test_display_name_override PASSED [ 56%]
test/unit/test_module_devtools.py::TestScaffoldConfig::test_default_categories PASSED [ 56%]
test/unit/test_module_devtools.py::TestScaffoldConfig::test_default_use_cases PASSED [ 56%]
test/unit/test_module_devtools.py::TestScaffoldConfig::test_default_watched_events PASSED [ 56%]
test/unit/test_module_devtools.py::TestScaffoldConfig::test_default_produced_events PASSED [ 56%]
test/unit/test_module_devtools.py::TestScaffoldConfig::test_default_data_source_model PASSED [ 56%]
test/unit/test_module_devtools.py::TestScaffoldConfig::test_has_api_key_default PASSED [ 56%]
test/unit/test_module_devtools.py::TestScaffoldConfig::test_use_async_default PASSED [ 56%]
test/unit/test_module_devtools.py::TestModuleScaffolder::test_generate_returns_source PASSED [ 56%]
test/unit/test_module_devtools.py::TestModuleScaffolder::test_async_module_has_async_def PASSED [ 56%]
test/unit/test_module_devtools.py::TestModuleScaffolder::test_modern_module_has_sync_def PASSED [ 56%]
test/unit/test_module_devtools.py::TestModuleScaffolder::test_has_meta_dict PASSED [ 56%]
test/unit/test_module_devtools.py::TestModuleScaffolder::test_has_watched_events PASSED [ 56%]
test/unit/test_module_devtools.py::TestModuleScaffolder::test_has_produced_events PASSED [ 56%]
test/unit/test_module_devtools.py::TestModuleScaffolder::test_api_key_opts PASSED [ 56%]
test/unit/test_module_devtools.py::TestModuleScaffolder::test_no_api_key_empty_opts PASSED [ 56%]
test/unit/test_module_devtools.py::TestModuleScaffolder::test_has_setup_method PASSED [ 56%]
test/unit/test_module_devtools.py::TestModuleScaffolder::test_has_docstring PASSED [ 56%]
test/unit/test_module_devtools.py::TestModuleScaffolder::test_has_copyright_header PASSED [ 56%]
test/unit/test_module_devtools.py::TestModuleScaffolder::test_custom_categories PASSED [ 56%]
test/unit/test_module_devtools.py::TestModuleScaffolder::test_data_source_website PASSED [ 56%]
test/unit/test_module_devtools.py::TestModuleScaffolder::test_compiles_successfully PASSED [ 56%]
test/unit/test_module_devtools.py::TestModuleScaffolder::test_compiles_modern PASSED [ 56%]
test/unit/test_module_devtools.py::TestModuleScaffolder::test_has_deduplication PASSED [ 56%]
test/unit/test_module_devtools.py::TestModuleScaffolder::test_has_stop_check PASSED [ 56%]
test/unit/test_module_devtools.py::TestModuleScaffolderTestGeneration::test_generate_test_returns_string PASSED [ 57%]
test/unit/test_module_devtools.py::TestModuleScaffolderTestGeneration::test_test_imports_module PASSED [ 57%]
test/unit/test_module_devtools.py::TestModuleScaffolderTestGeneration::test_test_has_assertions PASSED [ 57%]
test/unit/test_module_devtools.py::TestModuleScaffolderTestGeneration::test_test_checks_watched PASSED [ 57%]
test/unit/test_module_devtools.py::TestModuleScaffolderTestGeneration::test_test_checks_produced PASSED [ 57%]
test/unit/test_module_devtools.py::TestModuleScaffolderTestGeneration::test_test_checks_meta PASSED [ 57%]
test/unit/test_module_devtools.py::TestConstants::test_data_source_models_populated PASSED [ 57%]
test/unit/test_module_devtools.py::TestConstants::test_standard_categories_populated PASSED [ 57%]
test/unit/test_module_devtools.py::TestConstants::test_content_analysis_in_categories PASSED [ 57%]
test/unit/test_module_devtools.py::TestConstants::test_dns_in_categories PASSED [ 57%]
test/unit/test_module_devtools.py::TestValidationReport::test_default_valid PASSED [ 57%]
test/unit/test_module_devtools.py::TestValidationReport::test_to_text_contains_name PASSED [ 57%]
test/unit/test_module_devtools.py::TestValidationReport::test_to_text_shows_valid PASSED [ 57%]
test/unit/test_module_devtools.py::TestValidationReport::test_to_text_shows_invalid PASSED [ 57%]
test/unit/test_module_devtools.py::TestValidationReport::test_to_text_shows_warnings PASSED [ 57%]
test/unit/test_module_devtools.py::TestValidationReport::test_to_text_shows_events PASSED [ 57%]
test/unit/test_module_devtools.py::TestValidationReport::test_to_text_shows_elapsed PASSED [ 57%]
test/unit/test_module_devtools.py::TestValidationReport::test_meta_errors_make_invalid PASSED [ 57%]
test/unit/test_module_devtools.py::TestModuleValidator::test_validate_valid_async_source PASSED [ 57%]
test/unit/test_module_devtools.py::TestModuleValidator::test_validate_source_detects_legacy PASSED [ 57%]
test/unit/test_module_devtools.py::TestModuleValidator::test_validate_source_syntax_error PASSED [ 57%]
test/unit/test_module_devtools.py::TestModuleValidator::test_validate_source_file_not_found PASSED [ 57%]
test/unit/test_module_devtools.py::TestModuleValidator::test_validate_source_detects_blocking_calls PASSED [ 57%]
test/unit/test_module_devtools.py::TestModuleValidator::test_validate_source_meta_scoring PASSED [ 57%]
test/unit/test_module_devtools.py::TestModuleValidator::test_validate_source_extracts_events PASSED [ 57%]
test/unit/test_module_devtools.py::TestModuleValidator::test_validate_class_protocol PASSED [ 57%]
test/unit/test_module_devtools.py::TestModuleValidator::test_validate_class_missing_method PASSED [ 57%]
test/unit/test_module_devtools.py::TestModuleValidator::test_validate_class_no_meta PASSED [ 57%]
test/unit/test_module_devtools.py::TestModuleValidator::test_validate_class_elapsed_ms PASSED [ 57%]
test/unit/test_module_devtools.py::TestModuleValidator::test_validate_time_sleep_warning PASSED [ 57%]
test/unit/test_module_devtools.py::TestEventChainStep::test_basic_step PASSED [ 57%]
test/unit/test_module_devtools.py::TestEventChainStep::test_step_with_outputs PASSED [ 57%]
test/unit/test_module_devtools.py::TestChainTestResult::test_completion_rate_zero_steps PASSED [ 57%]
test/unit/test_module_devtools.py::TestChainTestResult::test_completion_rate_partial PASSED [ 57%]
test/unit/test_module_devtools.py::TestChainTestResult::test_completion_rate_full PASSED [ 57%]
test/unit/test_module_devtools.py::TestChainTestResult::test_default_passed PASSED [ 57%]
test/unit/test_module_devtools.py::TestEventChainTester::test_add_step PASSED [ 57%]
test/unit/test_module_devtools.py::TestEventChainTester::test_chaining_add_step PASSED [ 57%]
test/unit/test_module_devtools.py::TestEventChainTester::test_clear PASSED [ 57%]
test/unit/test_module_devtools.py::TestEventChainTester::test_run_empty_chain PASSED [ 57%]
test/unit/test_module_devtools.py::TestEventChainTester::test_run_single_step_pass PASSED [ 57%]
test/unit/test_module_devtools.py::TestEventChainTester::test_run_single_step_fail PASSED [ 57%]
test/unit/test_module_devtools.py::TestEventChainTester::test_run_multi_step PASSED [ 57%]
test/unit/test_module_devtools.py::TestEventChainTester::test_run_handler_exception PASSED [ 57%]
test/unit/test_module_devtools.py::TestEventChainTester::test_run_elapsed_ms PASSED [ 57%]
test/unit/test_module_devtools.py::TestEventChainTester::test_run_no_expected_outputs_passes PASSED [ 57%]
test/unit/test_module_devtools.py::TestEventChainTester::test_chain_name PASSED [ 57%]
test/unit/test_module_devtools.py::TestEventChainTester::test_multiple_expected_outputs PASSED [ 57%]
test/unit/test_module_devtools.py::TestEventChainTester::test_partial_expected_outputs_fails PASSED [ 57%]
test/unit/test_module_devtools.py::TestMockDBState::test_add_scan PASSED [ 57%]
test/unit/test_module_devtools.py::TestMockDBState::test_get_scan PASSED [ 57%]
test/unit/test_module_devtools.py::TestMockDBState::test_get_scan_not_found PASSED [ 57%]
test/unit/test_module_devtools.py::TestMockDBState::test_add_event PASSED [ 57%]
test/unit/test_module_devtools.py::TestMockDBState::test_get_events PASSED [ 57%]
test/unit/test_module_devtools.py::TestMockDBState::test_get_events_by_type PASSED [ 57%]
test/unit/test_module_devtools.py::TestMockDBState::test_add_events_bulk PASSED [ 57%]
test/unit/test_module_devtools.py::TestMockDBState::test_scan_instance_get PASSED [ 57%]
test/unit/test_module_devtools.py::TestMockDBState::test_scan_instance_get_not_found PASSED [ 57%]
test/unit/test_module_devtools.py::TestMockDBState::test_scan_event_store PASSED [ 57%]
test/unit/test_module_devtools.py::TestMockDBState::test_chaining PASSED [ 57%]
test/unit/test_module_devtools.py::TestMockDBState::test_empty_counts PASSED [ 57%]
test/unit/test_module_devtools.py::TestMockDBProxy::test_scan_instance_get PASSED [ 57%]
test/unit/test_module_devtools.py::TestMockDBProxy::test_scan_event_store PASSED [ 57%]
test/unit/test_module_devtools.py::TestMockDBProxy::test_scan_result_event PASSED [ 57%]
test/unit/test_module_devtools.py::TestMockDBProxy::test_scan_instance_set PASSED [ 57%]
test/unit/test_module_devtools.py::TestMockDBProxy::test_as_mock_returns_proxy PASSED [ 57%]
test/unit/test_module_devtools.py::TestDockerDevProfileGenerator::test_generate_returns_yaml PASSED [ 57%]
test/unit/test_module_devtools.py::TestDockerDevProfileGenerator::test_generate_has_web_service PASSED [ 57%]
test/unit/test_module_devtools.py::TestDockerDevProfileGenerator::test_generate_has_worker_service PASSED [ 57%]
test/unit/test_module_devtools.py::TestDockerDevProfileGenerator::test_generate_has_hot_reload PASSED [ 57%]
test/unit/test_module_devtools.py::TestDockerDevProfileGenerator::test_generate_custom_port PASSED [ 57%]
test/unit/test_module_devtools.py::TestDockerDevProfileGenerator::test_generate_custom_modules_dir PASSED [ 57%]
test/unit/test_module_devtools.py::TestDockerDevProfileGenerator::test_generate_debug_off PASSED [ 57%]
test/unit/test_module_devtools.py::TestDockerDevProfileGenerator::test_generate_has_volumes PASSED [ 57%]
test/unit/test_module_devtools.py::TestDockerDevProfileGenerator::test_generate_has_reload_command PASSED [ 57%]
test/unit/test_module_devtools.py::TestDockerDevProfileGenerator::test_write_to_file PASSED [ 57%]
test/unit/test_module_devtools.py::TestAsyncTestResult::test_passed_no_errors PASSED [ 57%]
test/unit/test_module_devtools.py::TestAsyncTestResult::test_failed_with_errors PASSED [ 57%]
test/unit/test_module_devtools.py::TestAsyncTestResult::test_default_events_empty PASSED [ 57%]
test/unit/test_module_devtools.py::TestSimpleEvent::test_event_attributes PASSED [ 57%]
test/unit/test_module_devtools.py::TestAsyncModuleTester::test_run_sync_simple_handler PASSED [ 57%]
test/unit/test_module_devtools.py::TestAsyncModuleTester::test_run_sync_exception_handler PASSED [ 57%]
test/unit/test_module_devtools.py::TestAsyncModuleTester::test_run_sync_elapsed PASSED [ 57%]
test/unit/test_module_devtools.py::TestAsyncModuleTester::test_run_sync_event_passed PASSED [ 57%]
test/unit/test_module_devtools.py::TestIntegration::test_scaffold_then_validate PASSED [ 57%]
test/unit/test_module_devtools.py::TestIntegration::test_scaffold_modern_then_validate PASSED [ 57%]
test/unit/test_module_devtools.py::TestIntegration::test_mock_db_with_chain_tester PASSED [ 57%]
test/unit/test_module_devtools.py::TestIntegration::test_full_chain_with_mock_db PASSED [ 58%]
test/unit/test_module_devtools.py::TestIntegration::test_validator_report_formatting PASSED [ 58%]
test/unit/test_module_graph.py::TestModuleInfo::test_defaults PASSED     [ 58%]
test/unit/test_module_graph.py::TestModuleInfo::test_display_name_with_meta PASSED [ 58%]
test/unit/test_module_graph.py::TestModuleInfo::test_to_dict PASSED      [ 58%]
test/unit/test_module_graph.py::TestModuleGraph::test_add_module PASSED  [ 58%]
test/unit/test_module_graph.py::TestModuleGraph::test_all_event_types PASSED [ 58%]
test/unit/test_module_graph.py::TestModuleGraph::test_consumers_of PASSED [ 58%]
test/unit/test_module_graph.py::TestModuleGraph::test_dependencies_of PASSED [ 58%]
test/unit/test_module_graph.py::TestModuleGraph::test_dependencies_unknown_module PASSED [ 58%]
test/unit/test_module_graph.py::TestModuleGraph::test_dependents_of PASSED [ 58%]
test/unit/test_module_graph.py::TestModuleGraph::test_detect_cycles_no_cycles PASSED [ 58%]
test/unit/test_module_graph.py::TestModuleGraph::test_detect_cycles_with_cycle PASSED [ 58%]
test/unit/test_module_graph.py::TestModuleGraph::test_load_modules_bad_dir 
-------------------------------- live log call --------------------------------
23:31:31 [WARNING] Modules directory not found: /nonexistent/dir
PASSED                                                                   [ 58%]
test/unit/test_module_graph.py::TestModuleGraph::test_producers_of PASSED [ 58%]
test/unit/test_module_graph.py::TestModuleGraph::test_resolve_empty PASSED [ 58%]
test/unit/test_module_graph.py::TestModuleGraph::test_resolve_for_output PASSED [ 58%]
test/unit/test_module_graph.py::TestModuleGraph::test_stats PASSED       [ 58%]
test/unit/test_module_graph.py::TestModuleGraph::test_to_dot PASSED      [ 58%]
test/unit/test_module_graph.py::TestModuleGraph::test_to_mermaid PASSED  [ 58%]
test/unit/test_module_graph.py::TestModuleGraph::test_to_mermaid_max_modules PASSED [ 58%]
test/unit/test_module_graph.py::TestModuleGraph::test_topological_order PASSED [ 58%]
test/unit/test_module_health.py::TestModuleHealth::test_avg_duration PASSED [ 58%]
test/unit/test_module_health.py::TestModuleHealth::test_error_rate PASSED [ 58%]
test/unit/test_module_health.py::TestModuleHealth::test_events_per_second PASSED [ 58%]
test/unit/test_module_health.py::TestModuleHealth::test_health_score_healthy PASSED [ 58%]
test/unit/test_module_health.py::TestModuleHealth::test_health_score_high_errors PASSED [ 58%]
test/unit/test_module_health.py::TestModuleHealth::test_health_score_slow PASSED [ 58%]
test/unit/test_module_health.py::TestModuleHealth::test_initial_state PASSED [ 58%]
test/unit/test_module_health.py::TestModuleHealth::test_stalled_detection PASSED [ 58%]
test/unit/test_module_health.py::TestModuleHealth::test_to_dict PASSED   [ 58%]
test/unit/test_module_health.py::TestModuleHealthMonitor::test_alert_callback PASSED [ 58%]
test/unit/test_module_health.py::TestModuleHealthMonitor::test_auto_create_on_record PASSED [ 58%]
test/unit/test_module_health.py::TestModuleHealthMonitor::test_get_report PASSED [ 58%]
test/unit/test_module_health.py::TestModuleHealthMonitor::test_get_stalled_modules PASSED [ 58%]
test/unit/test_module_health.py::TestModuleHealthMonitor::test_get_unhealthy_modules PASSED [ 58%]
test/unit/test_module_health.py::TestModuleHealthMonitor::test_record_error PASSED [ 58%]
test/unit/test_module_health.py::TestModuleHealthMonitor::test_record_event_processed PASSED [ 58%]
test/unit/test_module_health.py::TestModuleHealthMonitor::test_record_event_produced PASSED [ 58%]
test/unit/test_module_health.py::TestModuleHealthMonitor::test_record_multiple_events PASSED [ 58%]
test/unit/test_module_health.py::TestModuleHealthMonitor::test_register_module PASSED [ 58%]
test/unit/test_module_health.py::TestModuleHealthMonitor::test_reset PASSED [ 58%]
test/unit/test_module_health.py::TestModuleHealthMonitor::test_thread_safety PASSED [ 58%]
test/unit/test_module_health.py::TestSingleton::test_get_health_monitor PASSED [ 58%]
test/unit/test_module_loader.py::TestLoadResult::test_basic_creation PASSED [ 58%]
test/unit/test_module_loader.py::TestLoadResult::test_repr PASSED        [ 58%]
test/unit/test_module_loader.py::TestLoadResult::test_default_pruned PASSED [ 58%]
test/unit/test_module_loader.py::TestModuleLoaderInit::test_default_init PASSED [ 58%]
test/unit/test_module_loader.py::TestModuleLoaderInit::test_with_registry PASSED [ 58%]
test/unit/test_module_loader.py::TestModuleLoaderInit::test_with_graph PASSED [ 58%]
test/unit/test_module_loader.py::TestModuleLoaderInit::test_with_both PASSED [ 58%]
test/unit/test_module_loader.py::TestModuleLoaderInit::test_custom_flags PASSED [ 58%]
test/unit/test_module_loader.py::TestModuleLoaderInit::test_repr PASSED  [ 58%]
test/unit/test_module_loader.py::TestModuleLoaderCreate::test_create_imports_registry_and_graph 
-------------------------------- live log call --------------------------------
23:31:35 [INFO] ModuleLoader registry: 10 loaded, 0 failed
23:31:35 [INFO] ModuleLoader graph: 10 modules
PASSED                                                                   [ 58%]
test/unit/test_module_loader.py::TestModuleLoaderCreate::test_create_survives_missing_registry PASSED [ 58%]
test/unit/test_module_loader.py::TestModuleLoaderCreate::test_create_survives_missing_graph PASSED [ 58%]
test/unit/test_module_loader.py::TestLegacyImport::test_successful_legacy_import PASSED [ 58%]
test/unit/test_module_loader.py::TestLegacyImport::test_failed_import 
-------------------------------- live log call --------------------------------
23:31:36 [ERROR] Legacy import failed for sfp_nonexistent
PASSED                                                                   [ 58%]
test/unit/test_module_loader.py::TestLegacyImport::test_failed_instantiation 
-------------------------------- live log call --------------------------------
23:31:36 [ERROR] Legacy instantiation failed for sfp_broken: boom
PASSED                                                                   [ 58%]
test/unit/test_module_loader.py::TestWireModule::test_basic_wiring PASSED [ 58%]
test/unit/test_module_loader.py::TestWireModule::test_missing_opts_gets_default PASSED [ 58%]
test/unit/test_module_loader.py::TestWireModule::test_bad_opts_raises PASSED [ 58%]
test/unit/test_module_loader.py::TestWireModule::test_target_enrichment PASSED [ 58%]
test/unit/test_module_loader.py::TestLoadModules::test_empty_module_list 
-------------------------------- live log call --------------------------------
23:31:36 [WARNING] ModuleLoader: module_list is empty or contains only blank entries (received 0 items). No modules to load.
23:31:36 [INFO] ModuleLoader: 0 loaded, 0 failed, 0 skipped, order=priority, cycles=0, 0.000s
PASSED                                                                   [ 58%]
test/unit/test_module_loader.py::TestLoadModules::test_load_with_registry 
-------------------------------- live log call --------------------------------
23:31:36 [INFO] ModuleLoader: 2 loaded, 0 failed, 0 skipped, order=priority, cycles=0, 0.001s
PASSED                                                                   [ 58%]
test/unit/test_module_loader.py::TestLoadModules::test_load_fallback_to_legacy 
-------------------------------- live log call --------------------------------
23:31:36 [INFO] ModuleLoader: 1 loaded, 0 failed, 0 skipped, order=priority, cycles=0, 0.001s
PASSED                                                                   [ 58%]
test/unit/test_module_loader.py::TestLoadModules::test_load_records_failures 
-------------------------------- live log call --------------------------------
23:31:36 [ERROR] Legacy import failed for sfp_fail
23:31:36 [INFO] ModuleLoader: 0 loaded, 1 failed, 0 skipped, order=priority, cycles=0, 0.001s
PASSED                                                                   [ 58%]
test/unit/test_module_loader.py::TestLoadModules::test_skips_unconfigured_modules 
-------------------------------- live log call --------------------------------
23:31:37 [WARNING] Module sfp_missing not in __modules__ config ù skipping
23:31:37 [INFO] ModuleLoader: 0 loaded, 0 failed, 1 skipped, order=priority, cycles=0, 0.000s
PASSED                                                                   [ 58%]
test/unit/test_module_loader.py::TestLoadModules::test_load_result_duration 
-------------------------------- live log call --------------------------------
23:31:37 [WARNING] ModuleLoader: module_list is empty or contains only blank entries (received 0 items). No modules to load.
23:31:37 [INFO] ModuleLoader: 0 loaded, 0 failed, 0 skipped, order=priority, cycles=0, 0.000s
PASSED                                                                   [ 58%]
test/unit/test_module_loader.py::TestTopologicalOrdering::test_topological_order_applied 
-------------------------------- live log call --------------------------------
23:31:37 [INFO] ModuleLoader: 3 loaded, 0 failed, 0 skipped, order=topological, cycles=0, 0.002s
PASSED                                                                   [ 58%]
test/unit/test_module_loader.py::TestTopologicalOrdering::test_priority_fallback 
-------------------------------- live log call --------------------------------
23:31:37 [INFO] ModuleLoader: 3 loaded, 0 failed, 0 skipped, order=priority, cycles=0, 0.002s
PASSED                                                                   [ 58%]
test/unit/test_module_loader.py::TestTopologicalOrdering::test_cycles_detected_and_logged 
-------------------------------- live log call --------------------------------
23:31:37 [WARNING] Dependency graph has 1 cycle(s) ù modules in cycles may execute in arbitrary order
23:31:37 [INFO] ModuleLoader: 2 loaded, 0 failed, 0 skipped, order=topological, cycles=1, 0.001s
PASSED                                                                   [ 58%]
test/unit/test_module_loader.py::TestTopologicalOrdering::test_ungraphed_modules_appended 
-------------------------------- live log call --------------------------------
23:31:37 [INFO] ModuleLoader: 2 loaded, 0 failed, 0 skipped, order=topological, cycles=0, 0.001s
PASSED                                                                   [ 58%]
test/unit/test_module_loader.py::TestModulePruning::test_pruning_removes_unneeded 
-------------------------------- live log call --------------------------------
23:31:37 [INFO] Pruned 1 modules not needed for desired output: sfp_extra
23:31:37 [INFO] ModuleLoader: 1 loaded, 0 failed, 0 skipped, order=priority, cycles=0, 0.001s
PASSED                                                                   [ 58%]
test/unit/test_module_loader.py::TestModulePruning::test_pruning_disabled_by_default 
-------------------------------- live log call --------------------------------
23:31:37 [INFO] ModuleLoader: 2 loaded, 0 failed, 0 skipped, order=priority, cycles=0, 0.001s
PASSED                                                                   [ 58%]
test/unit/test_module_loader.py::TestModulePruning::test_pruning_without_desired_types 
-------------------------------- live log call --------------------------------
23:31:37 [INFO] ModuleLoader: 1 loaded, 0 failed, 0 skipped, order=priority, cycles=0, 0.001s
PASSED                                                                   [ 58%]
test/unit/test_module_loader.py::TestDependencyQueries::test_dependency_info_with_registry PASSED [ 58%]
test/unit/test_module_loader.py::TestDependencyQueries::test_dependency_info_with_graph PASSED [ 58%]
test/unit/test_module_loader.py::TestDependencyQueries::test_resolve_minimal_set PASSED [ 58%]
test/unit/test_module_loader.py::TestDependencyQueries::test_resolve_minimal_set_no_infrastructure PASSED [ 58%]
test/unit/test_module_loader.py::TestDependencyQueries::test_get_topological_order PASSED [ 58%]
test/unit/test_module_loader.py::TestDependencyQueries::test_get_topological_order_no_graph PASSED [ 58%]
test/unit/test_module_loader.py::TestStats::test_stats_without_infrastructure PASSED [ 58%]
test/unit/test_module_loader.py::TestStats::test_stats_with_infrastructure PASSED [ 58%]
test/unit/test_module_loader.py::TestGlobalSingleton::test_get_returns_none_initially PASSED [ 58%]
test/unit/test_module_loader.py::TestGlobalSingleton::test_init_creates_loader PASSED [ 58%]
test/unit/test_module_loader.py::TestGlobalSingleton::test_init_idempotent PASSED [ 58%]
test/unit/test_module_loader.py::TestGlobalSingleton::test_reset_clears_singleton PASSED [ 59%]
test/unit/test_module_loader.py::TestGlobalSingleton::test_thread_safety PASSED [ 59%]
test/unit/test_module_loader.py::TestScannerIntegration::test_wire_module_loader_attaches PASSED [ 59%]
test/unit/test_module_loader.py::TestScannerIntegration::test_wire_module_loader_survives_error PASSED [ 59%]
test/unit/test_module_loader.py::TestRegistryFallback::test_registry_failure_falls_back 
-------------------------------- live log call --------------------------------
23:31:39 [INFO] ModuleLoader: 1 loaded, 0 failed, 0 skipped, order=priority, cycles=0, 0.001s
PASSED                                                                   [ 59%]
test/unit/test_module_loader.py::TestRegistryFallback::test_both_fail_records_error 
-------------------------------- live log call --------------------------------
23:31:39 [ERROR] Legacy import failed for sfp_bad
23:31:39 [INFO] ModuleLoader: 0 loaded, 1 failed, 0 skipped, order=priority, cycles=0, 0.001s
PASSED                                                                   [ 59%]
test/unit/test_module_loader.py::TestEdgeCases::test_empty_module_name_skipped 
-------------------------------- live log call --------------------------------
23:31:39 [WARNING] ModuleLoader: module_list is empty or contains only blank entries (received 3 items). No modules to load.
23:31:39 [INFO] ModuleLoader: 0 loaded, 0 failed, 0 skipped, order=priority, cycles=0, 0.000s
PASSED                                                                   [ 59%]
test/unit/test_module_loader.py::TestEdgeCases::test_graph_topological_failure_falls_back 
-------------------------------- live log call --------------------------------
23:31:39 [WARNING] Topological ordering failed, falling back to priority: broken
23:31:39 [INFO] ModuleLoader: 2 loaded, 0 failed, 0 skipped, order=priority, cycles=0, 0.002s
PASSED                                                                   [ 59%]
test/unit/test_module_loader.py::TestEdgeCases::test_pruning_failure_uses_full_list 
-------------------------------- live log call --------------------------------
23:31:39 [WARNING] Module pruning failed, using full list: pruning broken
23:31:39 [INFO] ModuleLoader: 2 loaded, 0 failed, 0 skipped, order=priority, cycles=0, 0.002s
PASSED                                                                   [ 59%]
test/unit/test_module_metrics.py::TestMetricValue::test_counter PASSED   [ 59%]
test/unit/test_module_metrics.py::TestMetricValue::test_empty_histogram_stats PASSED [ 59%]
test/unit/test_module_metrics.py::TestMetricValue::test_gauge PASSED     [ 59%]
test/unit/test_module_metrics.py::TestMetricValue::test_histogram PASSED [ 59%]
test/unit/test_module_metrics.py::TestMetricValue::test_p95_p99 PASSED   [ 59%]
test/unit/test_module_metrics.py::TestMetricValue::test_reset PASSED     [ 59%]
test/unit/test_module_metrics.py::TestMetricValue::test_single_value_percentiles PASSED [ 59%]
test/unit/test_module_metrics.py::TestMetricValue::test_to_dict_counter PASSED [ 59%]
test/unit/test_module_metrics.py::TestMetricValue::test_to_dict_histogram PASSED [ 59%]
test/unit/test_module_metrics.py::TestModuleMetrics::test_gauge PASSED   [ 59%]
test/unit/test_module_metrics.py::TestModuleMetrics::test_get_all PASSED [ 59%]
test/unit/test_module_metrics.py::TestModuleMetrics::test_get_nonexistent PASSED [ 59%]
test/unit/test_module_metrics.py::TestModuleMetrics::test_histogram PASSED [ 59%]
test/unit/test_module_metrics.py::TestModuleMetrics::test_increment PASSED [ 59%]
test/unit/test_module_metrics.py::TestModuleMetrics::test_metric_names PASSED [ 59%]
test/unit/test_module_metrics.py::TestModuleMetrics::test_record_time PASSED [ 59%]
test/unit/test_module_metrics.py::TestModuleMetrics::test_reset PASSED   [ 59%]
test/unit/test_module_metrics.py::TestModuleMetrics::test_timer_context PASSED [ 59%]
test/unit/test_module_metrics.py::TestModuleMetrics::test_to_dict PASSED [ 59%]
test/unit/test_module_metrics.py::TestMetricsCollector::test_get_module PASSED [ 59%]
test/unit/test_module_metrics.py::TestMetricsCollector::test_global_metrics PASSED [ 59%]
test/unit/test_module_metrics.py::TestMetricsCollector::test_module_count PASSED [ 59%]
test/unit/test_module_metrics.py::TestMetricsCollector::test_module_names PASSED [ 59%]
test/unit/test_module_metrics.py::TestMetricsCollector::test_remove_module PASSED [ 59%]
test/unit/test_module_metrics.py::TestMetricsCollector::test_reset_all PASSED [ 59%]
test/unit/test_module_metrics.py::TestMetricsCollector::test_singleton PASSED [ 59%]
test/unit/test_module_metrics.py::TestMetricsCollector::test_snapshot PASSED [ 59%]
test/unit/test_module_metrics.py::TestMetricsCollector::test_snapshot_history PASSED [ 59%]
test/unit/test_module_metrics.py::TestMetricsCollector::test_summary PASSED [ 59%]
test/unit/test_module_metrics.py::TestMetricsCollector::test_to_dict PASSED [ 59%]
test/unit/test_module_pipeline.py::TestModuleDependencyResolver::test_linear_chain_ordering PASSED [ 59%]
test/unit/test_module_pipeline.py::TestModuleDependencyResolver::test_diamond_dependency PASSED [ 59%]
test/unit/test_module_pipeline.py::TestModuleDependencyResolver::test_cycle_detection PASSED [ 59%]
test/unit/test_module_pipeline.py::TestModuleDependencyResolver::test_missing_provider_warning 
-------------------------------- live log call --------------------------------
23:31:43 [WARNING] Missing providers for event types: ['NONEXISTENT_TYPE']
PASSED                                                                   [ 59%]
test/unit/test_module_pipeline.py::TestModuleDependencyResolver::test_standalone_modules_included PASSED [ 59%]
test/unit/test_module_pipeline.py::TestModuleDependencyResolver::test_parallel_layers PASSED [ 59%]
test/unit/test_module_pipeline.py::TestModuleDependencyResolver::test_large_graph_perf PASSED [ 59%]
test/unit/test_module_pipeline.py::TestModuleDependencyResolver::test_optional_consumes_no_hard_dep PASSED [ 59%]
test/unit/test_module_pipeline.py::TestModuleDependencyResolver::test_get_producers_consumers PASSED [ 59%]
test/unit/test_module_pipeline.py::TestModuleDependencyResolver::test_get_impact PASSED [ 59%]
test/unit/test_module_pipeline.py::TestModuleDependencyResolver::test_get_critical_path PASSED [ 59%]
test/unit/test_module_pipeline.py::TestModuleDependencyResolver::test_remove_module PASSED [ 59%]
test/unit/test_module_pipeline.py::TestModuleDependencyResolver::test_resolution_result_summary PASSED [ 59%]
test/unit/test_module_pipeline.py::TestModuleDependencyResolver::test_resolution_result_to_dict PASSED [ 59%]
test/unit/test_module_pipeline.py::TestModuleTimeout::test_default_timeout PASSED [ 59%]
test/unit/test_module_pipeline.py::TestModuleTimeout::test_custom_timeout PASSED [ 59%]
test/unit/test_module_pipeline.py::TestModuleTimeout::test_orchestrator_module_timeout PASSED [ 59%]
test/unit/test_module_pipeline.py::TestModuleTimeout::test_dns_timeout_config PASSED [ 59%]
------------------------------ live log teardown ------------------------------
23:31:44 [ERROR] Failed to recreate pool pool_0: connection to server at "localhost" (::1), port 5432 failed: Connection refused (0x0000274D/10061)
	Is the server running on that host and accepting TCP/IP connections?
connection to server at "localhost" (127.0.0.1), port 5432 failed: Connection refused (0x0000274D/10061)
	Is the server running on that host and accepting TCP/IP connections?


23:31:44 [INFO] Scaled down pool_0 from 10 to 5 connections

test/unit/test_module_pipeline.py::TestModuleTimeout::test_http_timeout_config PASSED [ 59%]
test/unit/test_module_pipeline.py::TestScanRateLimiting::test_default_no_rate_limit PASSED [ 59%]
test/unit/test_module_pipeline.py::TestScanRateLimiting::test_requests_per_second PASSED [ 59%]
test/unit/test_module_pipeline.py::TestScanRateLimiting::test_request_delay PASSED [ 59%]
test/unit/test_module_pipeline.py::TestScanRateLimiting::test_max_threads_throttling PASSED [ 59%]
test/unit/test_module_pipeline.py::TestScanRateLimiting::test_scan_timeout PASSED [ 59%]
test/unit/test_module_pipeline.py::TestScanOrchestratorPhases::test_phase_order PASSED [ 59%]
test/unit/test_module_pipeline.py::TestScanOrchestratorPhases::test_start_sets_init 
-------------------------------- live log call --------------------------------
23:31:45 [INFO] Scan phase-test started targeting ''
PASSED                                                                   [ 59%]
test/unit/test_module_pipeline.py::TestScanOrchestratorPhases::test_advance_phase_sequence 
-------------------------------- live log call --------------------------------
23:31:45 [INFO] Scan phase-seq started targeting ''
23:31:45 [INFO] Scan phase-seq: init -> discovery
23:31:45 [INFO] Scan phase-seq: discovery -> enumeration
23:31:45 [INFO] Scan phase-seq: enumeration -> analysis
PASSED                                                                   [ 59%]
test/unit/test_module_pipeline.py::TestScanOrchestratorPhases::test_complete_terminates_scan 
-------------------------------- live log call --------------------------------
23:31:45 [INFO] Scan complete-test started targeting ''
23:31:45 [INFO] Scan complete-test completed
PASSED                                                                   [ 59%]
test/unit/test_module_pipeline.py::TestScanOrchestratorPhases::test_fail_marks_scan_failed 
-------------------------------- live log call --------------------------------
23:31:45 [INFO] Scan fail-test started targeting ''
23:31:45 [ERROR] Scan fail-test failed: test error
PASSED                                                                   [ 59%]
test/unit/test_module_pipeline.py::TestScanOrchestratorPhases::test_phase_results_recorded 
-------------------------------- live log call --------------------------------
23:31:46 [INFO] Scan results-test started targeting ''
23:31:46 [INFO] Scan results-test: init -> discovery
23:31:46 [INFO] Scan results-test: discovery -> enumeration
PASSED                                                                   [ 59%]
test/unit/test_module_pipeline.py::TestScanOrchestratorPhases::test_phase_callback_fired 
-------------------------------- live log call --------------------------------
23:31:46 [INFO] Scan cb-test started targeting ''
23:31:46 [INFO] Scan cb-test: init -> discovery
PASSED                                                                   [ 59%]
test/unit/test_module_pipeline.py::TestScanOrchestratorPhases::test_completion_callback_fired 
-------------------------------- live log call --------------------------------
23:31:46 [INFO] Scan comp-cb-test started targeting ''
23:31:46 [INFO] Scan comp-cb-test completed
PASSED                                                                   [ 59%]
test/unit/test_module_pipeline.py::TestScanOrchestratorPhases::test_summary_dict 
-------------------------------- live log call --------------------------------
23:31:46 [INFO] Scan sum-test started targeting 'example.com'
PASSED                                                                   [ 59%]
test/unit/test_module_pipeline.py::TestScanOrchestratorPhases::test_to_dict_includes_phases 
-------------------------------- live log call --------------------------------
23:31:46 [INFO] Scan dict-test started targeting ''
23:31:46 [INFO] Scan dict-test: init -> discovery
PASSED                                                                   [ 59%]
test/unit/test_module_pipeline.py::TestCanRunModule::test_no_deps_can_run PASSED [ 59%]
test/unit/test_module_pipeline.py::TestCanRunModule::test_unmet_deps_blocks PASSED [ 59%]
test/unit/test_module_pipeline.py::TestCanRunModule::test_met_deps_allows PASSED [ 59%]
test/unit/test_module_pipeline.py::TestCanRunModule::test_partial_deps_blocks PASSED [ 59%]
test/unit/test_module_pipeline.py::TestCanRunModule::test_unknown_module_returns_false PASSED [ 59%]
test/unit/test_module_pipeline.py::TestCanRunModule::test_module_status_tracking PASSED [ 59%]
test/unit/test_module_pipeline.py::TestCanRunModule::test_module_failure_tracking 
-------------------------------- live log call --------------------------------
23:31:47 [ERROR] Module mod1 failed: timeout
PASSED                                                                   [ 59%]
test/unit/test_module_pipeline.py::TestCanRunModule::test_get_pending_modules PASSED [ 59%]
test/unit/test_module_pipeline.py::TestGracefulAbort::test_abort_sets_failed_state 
-------------------------------- live log call --------------------------------
23:31:47 [INFO] Scan abort-test started targeting ''
23:31:47 [INFO] Scan abort-test: init -> discovery
23:31:47 [ERROR] Scan abort-test failed: user abort requested
PASSED                                                                   [ 59%]
test/unit/test_module_pipeline.py::TestGracefulAbort::test_abort_from_any_phase 
-------------------------------- live log call --------------------------------
23:31:47 [INFO] Scan abort-discovery started targeting ''
23:31:47 [INFO] Scan abort-discovery: init -> discovery
23:31:47 [ERROR] Scan abort-discovery failed: abort
23:31:47 [INFO] Scan abort-enumeration started targeting ''
23:31:47 [INFO] Scan abort-enumeration: init -> discovery
23:31:47 [INFO] Scan abort-enumeration: discovery -> enumeration
23:31:47 [ERROR] Scan abort-enumeration failed: abort
23:31:47 [INFO] Scan abort-analysis started targeting ''
23:31:47 [INFO] Scan abort-analysis: init -> discovery
23:31:47 [INFO] Scan abort-analysis: discovery -> enumeration
23:31:47 [INFO] Scan abort-analysis: enumeration -> analysis
23:31:47 [ERROR] Scan abort-analysis failed: abort
PASSED                                                                   [ 59%]
test/unit/test_module_pipeline.py::TestGracefulAbort::test_abort_status_in_summary 
-------------------------------- live log call --------------------------------
23:31:47 [INFO] Scan abort-summary started targeting ''
23:31:47 [ERROR] Scan abort-summary failed: test
PASSED                                                                   [ 59%]
test/unit/test_module_pipeline.py::TestGracefulAbort::test_concurrent_abort_safe 
-------------------------------- live log call --------------------------------
23:31:47 [INFO] Scan concurrent-abort started targeting ''
23:31:47 [ERROR] Scan concurrent-abort failed: concurrent abort
23:31:47 [ERROR] Scan concurrent-abort failed: concurrent abort
23:31:47 [ERROR] Scan concurrent-abort failed: concurrent abort
23:31:47 [ERROR] Scan concurrent-abort failed: concurrent abort
23:31:47 [ERROR] Scan concurrent-abort failed: concurrent abort
23:31:47 [ERROR] Scan concurrent-abort failed: concurrent abort
23:31:47 [ERROR] Scan concurrent-abort failed: concurrent abort
23:31:47 [ERROR] Scan concurrent-abort failed: concurrent abort
23:31:47 [ERROR] Scan concurrent-abort failed: concurrent abort
23:31:47 [ERROR] Scan concurrent-abort failed: concurrent abort
PASSED                                                                   [ 59%]
test/unit/test_module_pipeline.py::TestGracefulAbort::test_register_unregister_module PASSED [ 59%]
test/unit/test_module_pipeline.py::TestGracefulAbort::test_unregister_nonexistent PASSED [ 59%]
test/unit/test_module_pipeline.py::TestGracefulAbort::test_phase_modules_sorted_by_priority PASSED [ 60%]
test/unit/test_module_pipeline.py::TestGracefulAbort::test_elapsed_seconds 
-------------------------------- live log call --------------------------------
23:31:48 [INFO] Scan elapsed-test started targeting ''
PASSED                                                                   [ 60%]
test/unit/test_module_pipeline.py::TestDependencyResolverOrchestratorIntegration::test_resolver_to_orchestrator_wiring PASSED [ 60%]
test/unit/test_module_pipeline.py::TestDependencyResolverOrchestratorIntegration::test_resolver_layers_for_parallel_execution PASSED [ 60%]
test/unit/test_module_profiler.py::TestMethodProfile::test_initial_state PASSED [ 60%]
test/unit/test_module_profiler.py::TestMethodProfile::test_percentile_empty PASSED [ 60%]
test/unit/test_module_profiler.py::TestMethodProfile::test_percentiles PASSED [ 60%]
test/unit/test_module_profiler.py::TestMethodProfile::test_record_multiple PASSED [ 60%]
test/unit/test_module_profiler.py::TestMethodProfile::test_record_single PASSED [ 60%]
test/unit/test_module_profiler.py::TestMethodProfile::test_stddev PASSED [ 60%]
test/unit/test_module_profiler.py::TestMethodProfile::test_stddev_single_sample PASSED [ 60%]
test/unit/test_module_profiler.py::TestMethodProfile::test_to_dict PASSED [ 60%]
test/unit/test_module_profiler.py::TestModuleProfile::test_get_method PASSED [ 60%]
test/unit/test_module_profiler.py::TestModuleProfile::test_hottest_method PASSED [ 60%]
test/unit/test_module_profiler.py::TestModuleProfile::test_initial_state PASSED [ 60%]
------------------------------ live log teardown ------------------------------
23:31:49 [ERROR] Failed to recreate pool pool_0: connection to server at "localhost" (::1), port 5432 failed: Connection refused (0x0000274D/10061)
	Is the server running on that host and accepting TCP/IP connections?
connection to server at "localhost" (127.0.0.1), port 5432 failed: Connection refused (0x0000274D/10061)
	Is the server running on that host and accepting TCP/IP connections?


23:31:49 [INFO] Scaled up pool_0 from 5 to 10 connections

test/unit/test_module_profiler.py::TestModuleProfile::test_slowest_method PASSED [ 60%]
test/unit/test_module_profiler.py::TestModuleProfile::test_take_snapshot PASSED [ 60%]
test/unit/test_module_profiler.py::TestModuleProfile::test_to_dict PASSED [ 60%]
test/unit/test_module_profiler.py::TestModuleProfile::test_total_calls_and_time PASSED [ 60%]
test/unit/test_module_profiler.py::TestModuleProfiler::test_compare_snapshots PASSED [ 60%]
test/unit/test_module_profiler.py::TestModuleProfiler::test_compare_snapshots_insufficient PASSED [ 60%]
test/unit/test_module_profiler.py::TestModuleProfiler::test_compare_snapshots_no_module PASSED [ 60%]
test/unit/test_module_profiler.py::TestModuleProfiler::test_disabled_profiler PASSED [ 60%]
test/unit/test_module_profiler.py::TestModuleProfiler::test_disabled_trace PASSED [ 60%]
test/unit/test_module_profiler.py::TestModuleProfiler::test_get_all_profiles PASSED [ 60%]
test/unit/test_module_profiler.py::TestModuleProfiler::test_get_profile_nonexistent PASSED [ 60%]
test/unit/test_module_profiler.py::TestModuleProfiler::test_get_slow_methods PASSED [ 60%]
test/unit/test_module_profiler.py::TestModuleProfiler::test_get_summary PASSED [ 60%]
test/unit/test_module_profiler.py::TestModuleProfiler::test_get_top_modules_by_calls PASSED [ 60%]
test/unit/test_module_profiler.py::TestModuleProfiler::test_get_top_modules_by_time PASSED [ 60%]
test/unit/test_module_profiler.py::TestModuleProfiler::test_profile_decorator PASSED [ 60%]
test/unit/test_module_profiler.py::TestModuleProfiler::test_profile_decorator_custom_name PASSED [ 60%]
test/unit/test_module_profiler.py::TestModuleProfiler::test_record_manual PASSED [ 60%]
test/unit/test_module_profiler.py::TestModuleProfiler::test_reset_all PASSED [ 60%]
test/unit/test_module_profiler.py::TestModuleProfiler::test_reset_specific PASSED [ 60%]
test/unit/test_module_profiler.py::TestModuleProfiler::test_snapshot PASSED [ 60%]
test/unit/test_module_profiler.py::TestModuleProfiler::test_thread_safety PASSED [ 60%]
test/unit/test_module_profiler.py::TestModuleProfiler::test_trace_context_manager PASSED [ 60%]
test/unit/test_module_profiler.py::TestModuleProfiler::test_update_memory PASSED [ 60%]
test/unit/test_module_profiler.py::TestSingleton::test_get_module_profiler PASSED [ 60%]
test/unit/test_module_registry.py::TestModuleDescriptor::test_basic_properties PASSED [ 60%]
test/unit/test_module_registry.py::TestModuleDescriptor::test_data_source_model PASSED [ 60%]
test/unit/test_module_registry.py::TestModuleDescriptor::test_data_source_model_none PASSED [ 60%]
test/unit/test_module_registry.py::TestModuleDescriptor::test_failed_status PASSED [ 60%]
test/unit/test_module_registry.py::TestModuleDescriptor::test_frozen PASSED [ 60%]
test/unit/test_module_registry.py::TestModuleDescriptor::test_invasive_flag PASSED [ 60%]
test/unit/test_module_registry.py::TestModuleDescriptor::test_matches_search_category PASSED [ 60%]
test/unit/test_module_registry.py::TestModuleDescriptor::test_matches_search_name PASSED [ 60%]
test/unit/test_module_registry.py::TestModuleDescriptor::test_matches_search_negative PASSED [ 60%]
test/unit/test_module_registry.py::TestModuleDescriptor::test_slow_flag PASSED [ 60%]
test/unit/test_module_registry.py::TestModuleDescriptor::test_status_default PASSED [ 60%]
test/unit/test_module_registry.py::TestModuleDescriptor::test_to_dict PASSED [ 60%]
test/unit/test_module_registry.py::TestModuleRegistryInMemory::test_all_event_types PASSED [ 60%]
test/unit/test_module_registry.py::TestModuleRegistryInMemory::test_as_modules_dict PASSED [ 60%]
test/unit/test_module_registry.py::TestModuleRegistryInMemory::test_by_category PASSED [ 60%]
test/unit/test_module_registry.py::TestModuleRegistryInMemory::test_by_category_missing PASSED [ 60%]
test/unit/test_module_registry.py::TestModuleRegistryInMemory::test_by_flag PASSED [ 60%]
test/unit/test_module_registry.py::TestModuleRegistryInMemory::test_by_flag_invasive PASSED [ 60%]
test/unit/test_module_registry.py::TestModuleRegistryInMemory::test_by_usecase PASSED [ 60%]
test/unit/test_module_registry.py::TestModuleRegistryInMemory::test_by_usecase_all PASSED [ 60%]
test/unit/test_module_registry.py::TestModuleRegistryInMemory::test_categories_dict PASSED [ 60%]
test/unit/test_module_registry.py::TestModuleRegistryInMemory::test_consumers_of PASSED [ 60%]
test/unit/test_module_registry.py::TestModuleRegistryInMemory::test_contains PASSED [ 60%]
test/unit/test_module_registry.py::TestModuleRegistryInMemory::test_dependencies_of PASSED [ 60%]
test/unit/test_module_registry.py::TestModuleRegistryInMemory::test_dependencies_of_unknown PASSED [ 60%]
test/unit/test_module_registry.py::TestModuleRegistryInMemory::test_dependents_of PASSED [ 60%]
test/unit/test_module_registry.py::TestModuleRegistryInMemory::test_flags_dict PASSED [ 60%]
test/unit/test_module_registry.py::TestModuleRegistryInMemory::test_get PASSED [ 60%]
test/unit/test_module_registry.py::TestModuleRegistryInMemory::test_get_missing PASSED [ 60%]
test/unit/test_module_registry.py::TestModuleRegistryInMemory::test_iter PASSED [ 60%]
test/unit/test_module_registry.py::TestModuleRegistryInMemory::test_list_failed_empty PASSED [ 60%]
test/unit/test_module_registry.py::TestModuleRegistryInMemory::test_list_loaded PASSED [ 60%]
test/unit/test_module_registry.py::TestModuleRegistryInMemory::test_list_names PASSED [ 60%]
test/unit/test_module_registry.py::TestModuleRegistryInMemory::test_loaded_count PASSED [ 60%]
test/unit/test_module_registry.py::TestModuleRegistryInMemory::test_module_count PASSED [ 60%]
test/unit/test_module_registry.py::TestModuleRegistryInMemory::test_producers_of PASSED [ 60%]
test/unit/test_module_registry.py::TestModuleRegistryInMemory::test_producers_of_multiple PASSED [ 60%]
test/unit/test_module_registry.py::TestModuleRegistryInMemory::test_producers_of_unknown PASSED [ 60%]
test/unit/test_module_registry.py::TestModuleRegistryInMemory::test_repr PASSED [ 60%]
test/unit/test_module_registry.py::TestModuleRegistryInMemory::test_resolve_for_output PASSED [ 60%]
test/unit/test_module_registry.py::TestModuleRegistryInMemory::test_search PASSED [ 60%]
test/unit/test_module_registry.py::TestModuleRegistryInMemory::test_search_by_category PASSED [ 60%]
test/unit/test_module_registry.py::TestModuleRegistryInMemory::test_search_no_results PASSED [ 60%]
test/unit/test_module_registry.py::TestModuleRegistryInMemory::test_stats PASSED [ 60%]
test/unit/test_module_registry.py::TestModuleRegistryDiscovery::test_discover_basic 
-------------------------------- live log call --------------------------------
23:31:56 [INFO] Module discovery complete: 2 loaded, 0 failed (dir=C:\Users\agost\AppData\Local\Temp\sf_registry_test_fwegi1mv)
23:31:56 [WARNING] Module sfp_alpha contract issues: Missing required method: handleEvent()
23:31:56 [WARNING] Module sfp_beta contract issues: Missing required method: handleEvent()
23:31:56 [INFO] Contract validation: 2/2 modules have warnings
PASSED                                                                   [ 60%]
test/unit/test_module_registry.py::TestModuleRegistryDiscovery::test_discover_custom_ignore 
-------------------------------- live log call --------------------------------
23:31:56 [INFO] Module discovery complete: 1 loaded, 0 failed (dir=C:\Users\agost\AppData\Local\Temp\sf_registry_test_grr3404a)
23:31:56 [WARNING] Module sfp_keep contract issues: Missing required method: handleEvent()
23:31:56 [INFO] Contract validation: 1/1 modules have warnings
PASSED                                                                   [ 60%]
test/unit/test_module_registry.py::TestModuleRegistryDiscovery::test_discover_duration 
-------------------------------- live log call --------------------------------
23:31:56 [INFO] Module discovery complete: 1 loaded, 0 failed (dir=C:\Users\agost\AppData\Local\Temp\sf_registry_test_ut7rugk7)
23:31:56 [WARNING] Module sfp_x contract issues: Missing required method: handleEvent()
23:31:56 [INFO] Contract validation: 1/1 modules have warnings
PASSED                                                                   [ 60%]
test/unit/test_module_registry.py::TestModuleRegistryDiscovery::test_discover_empty_directory 
-------------------------------- live log call --------------------------------
23:31:56 [INFO] Module discovery complete: 0 loaded, 0 failed (dir=C:\Users\agost\AppData\Local\Temp\sf_registry_test_jbouoy7a)
PASSED                                                                   [ 61%]
test/unit/test_module_registry.py::TestModuleRegistryDiscovery::test_discover_event_indices 
-------------------------------- live log call --------------------------------
23:31:57 [INFO] Module discovery complete: 2 loaded, 0 failed (dir=C:\Users\agost\AppData\Local\Temp\sf_registry_test_uxow4gag)
23:31:57 [WARNING] Module sfp_cons contract issues: Missing required method: handleEvent()
23:31:57 [WARNING] Module sfp_prod contract issues: Missing required method: handleEvent()
23:31:57 [INFO] Contract validation: 2/2 modules have warnings
PASSED                                                                   [ 61%]
test/unit/test_module_registry.py::TestModuleRegistryDiscovery::test_discover_handles_bad_module 
-------------------------------- live log call --------------------------------
23:31:57 [INFO] Module discovery complete: 1 loaded, 1 failed (dir=C:\Users\agost\AppData\Local\Temp\sf_registry_test_szxbk_8s)
23:31:57 [WARNING] Module sfp_good contract issues: Missing required method: handleEvent()
23:31:57 [INFO] Contract validation: 1/1 modules have warnings
PASSED                                                                   [ 61%]
test/unit/test_module_registry.py::TestModuleRegistryDiscovery::test_discover_ignores_template 
-------------------------------- live log call --------------------------------
23:31:57 [INFO] Module discovery complete: 1 loaded, 0 failed (dir=C:\Users\agost\AppData\Local\Temp\sf_registry_test_8o6nn7yw)
23:31:57 [WARNING] Module sfp_real contract issues: Missing required method: handleEvent()
23:31:57 [INFO] Contract validation: 1/1 modules have warnings
PASSED                                                                   [ 61%]
test/unit/test_module_registry.py::TestModuleRegistryDiscovery::test_discover_metadata_extracted 
-------------------------------- live log call --------------------------------
23:31:57 [INFO] Module discovery complete: 1 loaded, 0 failed (dir=C:\Users\agost\AppData\Local\Temp\sf_registry_test_3fgzfizp)
23:31:57 [WARNING] Module sfp_meta contract issues: Missing required method: handleEvent()
23:31:57 [INFO] Contract validation: 1/1 modules have warnings
PASSED                                                                   [ 61%]
test/unit/test_module_registry.py::TestModuleRegistryDiscovery::test_discover_modern_detection 
-------------------------------- live log call --------------------------------
23:31:57 [INFO] Module discovery complete: 2 loaded, 0 failed (dir=C:\Users\agost\AppData\Local\Temp\sf_registry_test_wcw_tdig)
23:31:57 [WARNING] Module sfp_legacy contract issues: Missing required method: handleEvent()
23:31:57 [WARNING] Module sfp_modern contract issues: Missing required method: handleEvent()
23:31:57 [INFO] Contract validation: 2/2 modules have warnings
PASSED                                                                   [ 61%]
test/unit/test_module_registry.py::TestModuleRegistryDiscovery::test_discover_nonexistent_dir 
-------------------------------- live log call --------------------------------
23:31:57 [INFO] Module discovery complete: 0 loaded, 0 failed (dir=C:\Users\agost\AppData\Local\Temp\sf_registry_test_t_hmtny_\nonexistent)
PASSED                                                                   [ 61%]
test/unit/test_module_registry.py::TestModuleRegistryDiscovery::test_discover_priority 
-------------------------------- live log call --------------------------------
23:31:57 [INFO] Module discovery complete: 2 loaded, 0 failed (dir=C:\Users\agost\AppData\Local\Temp\sf_registry_test_jp55474q)
23:31:57 [WARNING] Module sfp_hipri contract issues: Missing required method: handleEvent()
23:31:57 [WARNING] Module sfp_lopri contract issues: Missing required method: handleEvent()
23:31:57 [INFO] Contract validation: 2/2 modules have warnings
PASSED                                                                   [ 61%]
test/unit/test_module_registry.py::TestModuleRegistryDiscovery::test_discover_result_repr 
-------------------------------- live log call --------------------------------
23:31:57 [INFO] Module discovery complete: 1 loaded, 0 failed (dir=C:\Users\agost\AppData\Local\Temp\sf_registry_test_crs75tb0)
23:31:57 [WARNING] Module sfp_x contract issues: Missing required method: handleEvent()
23:31:57 [INFO] Contract validation: 1/1 modules have warnings
PASSED                                                                   [ 61%]
test/unit/test_module_registry.py::TestModuleRegistryDiscovery::test_rediscover_replaces_catalog 
-------------------------------- live log call --------------------------------
23:31:57 [INFO] Module discovery complete: 1 loaded, 0 failed (dir=C:\Users\agost\AppData\Local\Temp\sf_registry_test_da4ro21o)
23:31:57 [WARNING] Module sfp_first contract issues: Missing required method: handleEvent()
23:31:57 [INFO] Contract validation: 1/1 modules have warnings
23:31:57 [INFO] Module discovery complete: 2 loaded, 0 failed (dir=C:\Users\agost\AppData\Local\Temp\sf_registry_test_da4ro21o)
23:31:57 [WARNING] Module sfp_first contract issues: Missing required method: handleEvent()
23:31:57 [WARNING] Module sfp_second contract issues: Missing required method: handleEvent()
23:31:57 [INFO] Contract validation: 2/2 modules have warnings
PASSED                                                                   [ 61%]
test/unit/test_module_registry.py::TestModuleRegistryInstantiation::test_create_instance_basic 
-------------------------------- live log call --------------------------------
23:31:58 [INFO] Module discovery complete: 1 loaded, 0 failed (dir=C:\Users\agost\AppData\Local\Temp\sf_reg_inst_test_143ddtll)
23:31:58 [WARNING] Module sfp_inst contract issues: Missing required method: handleEvent()
23:31:58 [INFO] Contract validation: 1/1 modules have warnings
PASSED                                                                   [ 61%]
test/unit/test_module_registry.py::TestModuleRegistryInstantiation::test_create_instance_failed_module 
-------------------------------- live log call --------------------------------
23:31:58 [INFO] Module discovery complete: 1 loaded, 0 failed (dir=C:\Users\agost\AppData\Local\Temp\sf_reg_inst_test_kwmdjl1w)
23:31:58 [WARNING] Module sfp_inst contract issues: Missing required method: handleEvent()
23:31:58 [INFO] Contract validation: 1/1 modules have warnings
23:31:58 [INFO] Module discovery complete: 1 loaded, 1 failed (dir=C:\Users\agost\AppData\Local\Temp\sf_reg_inst_test_kwmdjl1w)
23:31:58 [WARNING] Module sfp_inst contract issues: Missing required method: handleEvent()
23:31:58 [INFO] Contract validation: 1/1 modules have warnings
PASSED                                                                   [ 61%]
test/unit/test_module_registry.py::TestModuleRegistryInstantiation::test_create_instance_missing 
-------------------------------- live log call --------------------------------
23:31:58 [INFO] Module discovery complete: 1 loaded, 0 failed (dir=C:\Users\agost\AppData\Local\Temp\sf_reg_inst_test_tsn9v6nm)
23:31:58 [WARNING] Module sfp_inst contract issues: Missing required method: handleEvent()
23:31:58 [INFO] Contract validation: 1/1 modules have warnings
PASSED                                                                   [ 61%]
test/unit/test_module_registry.py::TestModuleRegistryInstantiation::test_create_instance_with_lifecycle 
-------------------------------- live log call --------------------------------
23:31:58 [INFO] Module discovery complete: 1 loaded, 0 failed (dir=C:\Users\agost\AppData\Local\Temp\sf_reg_inst_test_9r53v229)
23:31:58 [WARNING] Module sfp_inst contract issues: Missing required method: handleEvent()
23:31:58 [INFO] Contract validation: 1/1 modules have warnings
PASSED                                                                   [ 61%]
test/unit/test_module_registry.py::TestModuleRegistryInstantiation::test_create_instance_with_opts 
-------------------------------- live log call --------------------------------
23:31:58 [INFO] Module discovery complete: 1 loaded, 0 failed (dir=C:\Users\agost\AppData\Local\Temp\sf_reg_inst_test_9a22_1co)
23:31:58 [WARNING] Module sfp_inst contract issues: Missing required method: handleEvent()
23:31:58 [INFO] Contract validation: 1/1 modules have warnings
PASSED                                                                   [ 61%]
test/unit/test_module_registry.py::TestModuleRegistryInstantiation::test_get_class 
-------------------------------- live log call --------------------------------
23:31:58 [INFO] Module discovery complete: 1 loaded, 0 failed (dir=C:\Users\agost\AppData\Local\Temp\sf_reg_inst_test_3ejpz4r9)
23:31:58 [WARNING] Module sfp_inst contract issues: Missing required method: handleEvent()
23:31:58 [INFO] Contract validation: 1/1 modules have warnings
PASSED                                                                   [ 61%]
test/unit/test_module_registry.py::TestModuleRegistryInstantiation::test_get_class_missing 
-------------------------------- live log call --------------------------------
23:31:58 [INFO] Module discovery complete: 1 loaded, 0 failed (dir=C:\Users\agost\AppData\Local\Temp\sf_reg_inst_test_z30759y3)
23:31:58 [WARNING] Module sfp_inst contract issues: Missing required method: handleEvent()
23:31:58 [INFO] Contract validation: 1/1 modules have warnings
PASSED                                                                   [ 61%]
test/unit/test_module_registry.py::TestModuleRegistryThreadSafety::test_concurrent_reads 
-------------------------------- live log call --------------------------------
23:31:58 [INFO] Module discovery complete: 10 loaded, 0 failed (dir=C:\Users\agost\AppData\Local\Temp\sf_reg_thread_test_qn2xpr8u)
23:31:58 [WARNING] Module sfp_t0 contract issues: Missing required method: handleEvent()
23:31:58 [WARNING] Module sfp_t1 contract issues: Missing required method: handleEvent()
23:31:58 [WARNING] Module sfp_t2 contract issues: Missing required method: handleEvent()
23:31:58 [WARNING] Module sfp_t3 contract issues: Missing required method: handleEvent()
23:31:58 [WARNING] Module sfp_t4 contract issues: Missing required method: handleEvent()
23:31:58 [WARNING] Module sfp_t5 contract issues: Missing required method: handleEvent()
23:31:58 [WARNING] Module sfp_t6 contract issues: Missing required method: handleEvent()
23:31:58 [WARNING] Module sfp_t7 contract issues: Missing required method: handleEvent()
23:31:58 [WARNING] Module sfp_t8 contract issues: Missing required method: handleEvent()
23:31:58 [WARNING] Module sfp_t9 contract issues: Missing required method: handleEvent()
23:31:58 [INFO] Contract validation: 10/10 modules have warnings
PASSED                                                                   [ 61%]
test/unit/test_module_registry.py::TestModuleRegistryRealModules::test_discover_real_modules 
-------------------------------- live log call --------------------------------
23:31:58 [INFO] Module discovery complete: 305 loaded, 4 failed (dir=D:\github\spiderfoot\modules)
23:31:58 [WARNING] Module sfp_4chan contract issues: Meta validation failed: 1 validation error for ModuleMeta
dataSource.apiKeyInstructions
  Input should be a valid string [type=string_type, input_value=['No API key required for...blic board monitoring.'], input_type=list]
    For further information visit https://errors.pydantic.dev/2.12/v/string_type
23:31:58 [WARNING] Module sfp_abstractapi contract issues: Meta validation failed: 1 validation error for ModuleMeta
dataSource.apiKeyInstructions
  Input should be a valid string [type=string_type, input_value=['Visit https://app.abstr...specific to this API.'"], input_type=list]
    For further information visit https://errors.pydantic.dev/2.12/v/string_type
23:31:58 [WARNING] Module sfp_abusech contract issues: Meta validation failed: 1 validation error for ModuleMeta
dataSource.apiKeyInstructions
  Input should be a valid string [type=string_type, input_value=['Visit https://bazaar.ab...listed under 'API-Key'"], input_type=list]
    For further information visit https://errors.pydantic.dev/2.12/v/string_type
23:31:58 [WARNING] Module sfp_abuseipdb contract issues: Meta validation failed: 1 validation error for ModuleMeta
dataSource.apiKeyInstructions
  Input should be a valid string [type=string_type, input_value=['Visit https://www.abuse...is listed under 'Keys'"], input_type=list]
    For further information visit https://errors.pydantic.dev/2.12/v/string_type
23:31:58 [WARNING] Module sfp_adsbexchange contract issues: Meta validation failed: 1 validation error for ModuleMeta
dataSource.apiKeyInstructions
  Input should be a valid string [type=string_type, input_value=['Register at https://rap...in the _api_key option'], input_type=list]
    For further information visit https://errors.pydantic.dev/2.12/v/string_type
23:31:58 [WARNING] Module sfp_alienvault contract issues: Meta validation failed: 1 validation error for ModuleMeta
dataSource.apiKeyInstructions
  Input should be a valid string [type=string_type, input_value=['Visit https://otx.alien...listed under 'OTX Key'"], input_type=list]
    For further information visit https://errors.pydantic.dev/2.12/v/string_type
23:31:58 [WARNING] Module sfp_aparat contract issues: Meta validation failed: 1 validation error for ModuleMeta
dataSource.apiKeyInstructions
  Input should be a valid string [type=string_type, input_value=['No API key required for...blic video monitoring.'], input_type=list]
    For further information visit https://errors.pydantic.dev/2.12/v/string_type
23:31:58 [WARNING] Module sfp_apileak contract issues: Meta validation failed: 1 validation error for ModuleMeta
dataSource.apiKeyInstructions
  Input should be a valid string [type=string_type, input_value=['Sign up at https://gith... module configuration.'], input_type=list]
    For further information visit https://errors.pydantic.dev/2.12/v/string_type
23:31:58 [WARNING] Module sfp_apivoid contract issues: Meta validation failed: 1 validation error for ModuleMeta
dataSource.apiKeyInstructions
  Input should be a valid string [type=string_type, input_value=['Visit https://www.apivo...d to find your API key'], input_type=list]
    For further information visit https://errors.pydantic.dev/2.12/v/string_type
23:31:58 [WARNING] Module sfp_aprsfi contract issues: Meta validation failed: 1 validation error for ModuleMeta
dataSource.apiKeyInstructions
  Input should be a valid string [type=string_type, input_value=['Register an account at ...in the _api_key option'], input_type=list]
    For further information visit https://errors.pydantic.dev/2.12/v/string_type
23:31:58 [WARNING] Module sfp_arbitrum contract issues: Meta validation failed: 1 validation error for ModuleMeta
dataSource.apiKeyInstructions
  Input should be a valid string [type=string_type, input_value=['Register at https://arb... module configuration.'], input_type=list]
    For further information visit https://errors.pydantic.dev/2.12/v/string_type
23:31:58 [WARNING] Module sfp_aviationstack contract issues: Meta validation failed: 1 validation error for ModuleMeta
dataSource.apiKeyInstructions
  Input should be a valid string [type=string_type, input_value=['Register at https://avi...in the _api_key option'], input_type=list]
    For further information visit https://errors.pydantic.dev/2.12/v/string_type
23:31:58 [WARNING] Module sfp_bevigil contract issues: Meta validation failed: 1 validation error for ModuleMeta
dataSource.apiKeyInstructions
  Input should be a valid string [type=string_type, input_value=['Visit https://bevigil.c...your account dashboard'], input_type=list]
    For further information visit https://errors.pydantic.dev/2.12/v/string_type
23:31:58 [WARNING] Module sfp_binaryedge contract issues: Meta validation failed: 1 validation error for ModuleMeta
dataSource.apiKeyInstructions
  Input should be a valid string [type=string_type, input_value=['Visit https://www.binar...ted under 'API Access'"], input_type=list]
    For further information visit https://errors.pydantic.dev/2.12/v/string_type
23:31:58 [WARNING] Module sfp_bingsearch contract issues: Meta validation failed: 1 validation error for ModuleMeta
dataSource.apiKeyInstructions
  Input should be a valid string [type=string_type, input_value=['Visit https://azure.mic...y2' (both should work)"], input_type=list]
    For further information visit https://errors.pydantic.dev/2.12/v/string_type
23:31:58 [WARNING] Module sfp_bingsharedip contract issues: Meta validation failed: 1 validation error for ModuleMeta
dataSource.apiKeyInstructions
  Input should be a valid string [type=string_type, input_value=['Visit https://azure.mic...y2' (both should work)"], input_type=list]
    For further information visit https://errors.pydantic.dev/2.12/v/string_type
23:31:58 [WARNING] Module sfp_bitcoinwhoswho contract issues: Meta validation failed: 1 validation error for ModuleMeta
dataSource.apiKeyInstructions
  Input should be a valid string [type=string_type, input_value=['Visit https://bitcoinwh...ceive it to your email"], input_type=list]
    For further information visit https://errors.pydantic.dev/2.12/v/string_type
23:31:58 [WARNING] Module sfp_blockchain_analytics contract issues: Meta validation failed: 1 validation error for ModuleMeta
dataSource.apiKeyInstructions
  Input should be a valid string [type=string_type, input_value=['Sign up for BlockCypher...ys for better coverage'], input_type=list]
    For further information visit https://errors.pydantic.dev/2.12/v/string_type
23:31:58 [WARNING] Module sfp_bluesky contract issues: Meta validation failed: 1 validation error for ModuleMeta
dataSource.apiKeyInstructions
  Input should be a valid string [type=string_type, input_value=['Register at https://bsk... module configuration.'], input_type=list]
    For further information visit https://errors.pydantic.dev/2.12/v/string_type
23:31:58 [WARNING] Module sfp_bnb contract issues: Meta validation failed: 1 validation error for ModuleMeta
dataSource.apiKeyInstructions
  Input should be a valid string [type=string_type, input_value=['Register at https://bsc... module configuration.'], input_type=list]
    For further information visit https://errors.pydantic.dev/2.12/v/string_type
23:31:58 [WARNING] Module sfp_botscout contract issues: Meta validation failed: 1 validation error for ModuleMeta
dataSource.apiKeyInstructions
  Input should be a valid string [type=string_type, input_value=['Visit http://botscout.c...mailed to your account'], input_type=list]
    For further information visit https://errors.pydantic.dev/2.12/v/string_type
23:31:58 [WARNING] Module sfp_bugbounty contract issues: Meta validation failed: 1 validation error for ModuleMeta
dataSource.apiKeyInstructions
  Input should be a valid string [type=string_type, input_value=['For HackerOne: create a...e corresponding option'], input_type=list]
    For further information visit https://errors.pydantic.dev/2.12/v/string_type
23:31:58 [WARNING] Module sfp_builtwith contract issues: Meta validation failed: 1 validation error for ModuleMeta
dataSource.apiKeyInstructions
  Input should be a valid string [type=string_type, input_value=['Visit https://api.built...d under 'Your API Key'"], input_type=list]
    For further information visit https://errors.pydantic.dev/2.12/v/string_type
23:31:58 [WARNING] Module sfp_c99 contract issues: Meta validation failed: 1 validation error for ModuleMeta
dataSource.apiKeyInstructions
  Input should be a valid string [type=string_type, input_value=['Visit https://api.c99.n...your API key by email.'], input_type=list]
    For further information visit https://errors.pydantic.dev/2.12/v/string_type
23:31:58 [WARNING] Module sfp_censys contract issues: Meta validation failed: 1 validation error for ModuleMeta
dataSource.apiKeyInstructions
  Input should be a valid string [type=string_type, input_value=['Visit https://censys.io... 'API ID' and 'Secret'"], input_type=list]
    For further information visit https://errors.pydantic.dev/2.12/v/string_type
23:31:58 [WARNING] Module sfp_certspotter contract issues: Meta validation failed: 1 validation error for ModuleMeta
dataSource.apiKeyInstructions
  Input should be a valid string [type=string_type, input_value=['Visit https://sslmate.c...nder 'API Credentials'"], input_type=list]
    For further information visit https://errors.pydantic.dev/2.12/v/string_type
23:31:58 [WARNING] Module sfp_circllu contract issues: Meta validation failed: 1 validation error for ModuleMeta
dataSource.apiKeyInstructions
  Input should be a valid string [type=string_type, input_value=['Visit https://www.circl...provided once approved'], input_type=list]
    For further information visit https://errors.pydantic.dev/2.12/v/string_type
23:31:58 [WARNING] Module sfp_cisco_umbrella contract issues: Meta validation failed: 1 validation error for ModuleMeta
dataSource.apiKeyInstructions
  Input should be a valid string [type=string_type, input_value=['Visit https://umbrella....Generate a new API key'], input_type=list]
    For further information visit https://errors.pydantic.dev/2.12/v/string_type
23:31:58 [WARNING] Module sfp_citadel contract issues: Meta validation failed: 1 validation error for ModuleMeta
dataSource.apiKeyInstructions
  Input should be a valid string [type=string_type, input_value=['Visit https://leak-look...listed under 'API Key'"], input_type=list]
    For further information visit https://errors.pydantic.dev/2.12/v/string_type
23:31:58 [WARNING] Module sfp_criminalip contract issues: Meta validation failed: 1 validation error for ModuleMeta
dataSource.apiKeyInstructions
  Input should be a valid string [type=string_type, input_value=['Visit https://www.crimi...isted under 'API Key'."], input_type=list]
    For further information visit https://errors.pydantic.dev/2.12/v/string_type
23:31:58 [WARNING] Module sfp_datalastic contract issues: Meta validation failed: 1 validation error for ModuleMeta
dataSource.apiKeyInstructions
  Input should be a valid string [type=string_type, input_value=['Register at https://dat...in the _api_key option'], input_type=list]
    For further information visit https://errors.pydantic.dev/2.12/v/string_type
23:31:58 [WARNING] Module sfp_deepinfo contract issues: Meta validation failed: 1 validation error for ModuleMeta
dataSource.apiKeyInstructions
  Input should be a valid string [type=string_type, input_value=['Visit https://deepinfo....isted under 'API Keys'"], input_type=list]
    For further information visit https://errors.pydantic.dev/2.12/v/string_type
23:31:58 [WARNING] Module sfp_dehashed contract issues: Meta validation failed: 1 validation error for ModuleMeta
dataSource.apiKeyInstructions
  Input should be a valid string [type=string_type, input_value=['Visit https://www.dehas...listed under 'API Key'"], input_type=list]
    For further information visit https://errors.pydantic.dev/2.12/v/string_type
23:31:58 [WARNING] Module sfp_dideo contract issues: Meta validation failed: 1 validation error for ModuleMeta
dataSource.apiKeyInstructions
  Input should be a valid string [type=string_type, input_value=['No API key required for...blic video monitoring.'], input_type=list]
    For further information visit https://errors.pydantic.dev/2.12/v/string_type
23:31:58 [WARNING] Module sfp_discord contract issues: Meta validation failed: 1 validation error for ModuleMeta
dataSource.apiKeyInstructions
  Input should be a valid string [type=string_type, input_value=['Go to https://discord.c... module configuration.'], input_type=list]
    For further information visit https://errors.pydantic.dev/2.12/v/string_type
23:31:58 [WARNING] Module sfp_douyin contract issues: Meta validation failed: 1 validation error for ModuleMeta
dataSource.apiKeyInstructions
  Input should be a valid string [type=string_type, input_value=['No API key required for...blic video monitoring.'], input_type=list]
    For further information visit https://errors.pydantic.dev/2.12/v/string_type
23:31:58 [WARNING] Module sfp_emailcrawlr contract issues: Meta validation failed: 1 validation error for ModuleMeta
dataSource.apiKeyInstructions
  Input should be a valid string [type=string_type, input_value=['Visit https://emailcraw...listed under 'API Key'"], input_type=list]
    For further information visit https://errors.pydantic.dev/2.12/v/string_type
23:31:58 [WARNING] Module sfp_emailrep contract issues: Meta validation failed: 1 validation error for ModuleMeta
dataSource.apiKeyInstructions
  Input should be a valid string [type=string_type, input_value=['Visit https://emailrep....il account on approval'], input_type=list]
    For further information visit https://errors.pydantic.dev/2.12/v/string_type
23:31:58 [WARNING] Module sfp_ethereum contract issues: Meta validation failed: 1 validation error for ModuleMeta
dataSource.apiKeyInstructions
  Input should be a valid string [type=string_type, input_value=['Register at https://eth... module configuration.'], input_type=list]
    For further information visit https://errors.pydantic.dev/2.12/v/string_type
23:31:58 [WARNING] Module sfp_etherscan contract issues: Meta validation failed: 1 validation error for ModuleMeta
dataSource.apiKeyInstructions
  Input should be a valid string [type=string_type, input_value=['Visit https://etherscan...ed under API Key Token'], input_type=list]
    For further information visit https://errors.pydantic.dev/2.12/v/string_type
23:31:58 [WARNING] Module sfp_example contract issues: Missing required attribute: opts; Missing required attribute: optdescs
23:31:58 [WARNING] Module sfp_flickr contract issues: Meta validation failed: 1 validation error for ModuleMeta
dataSource.apiKeyInstructions
  Input should be a valid string [type=string_type, input_value=['Visit https://www.flick... the confirmation page'], input_type=list]
    For further information visit https://errors.pydantic.dev/2.12/v/string_type
23:31:58 [WARNING] Module sfp_focsec contract issues: Meta validation failed: 1 validation error for ModuleMeta
dataSource.apiKeyInstructions
  Input should be a valid string [type=string_type, input_value=['Visit https://focsec.co...e the API key provided'], input_type=list]
    For further information visit https://errors.pydantic.dev/2.12/v/string_type
23:31:58 [WARNING] Module sfp_fofa contract issues: Meta validation failed: 1 validation error for ModuleMeta
dataSource.apiKeyInstructions
  Input should be a valid string [type=string_type, input_value=['Visit https://fofa.info...isted under 'API Key'."], input_type=list]
    For further information visit https://errors.pydantic.dev/2.12/v/string_type
23:31:58 [WARNING] Module sfp_fraudguard contract issues: Meta validation failed: 1 validation error for ModuleMeta
dataSource.apiKeyInstructions
  Input should be a valid string [type=string_type, input_value=['Visit https://app.fraud... Username and Password'], input_type=list]
    For further information visit https://errors.pydantic.dev/2.12/v/string_type
23:31:58 [WARNING] Module sfp_fullcontact contract issues: Meta validation failed: 1 validation error for ModuleMeta
dataSource.apiKeyInstructions
  Input should be a valid string [type=string_type, input_value=['Visit https://fullconta... under 'Your API Keys'"], input_type=list]
    For further information visit https://errors.pydantic.dev/2.12/v/string_type
23:31:58 [WARNING] Module sfp_fullhunt contract issues: Meta validation failed: 1 validation error for ModuleMeta
dataSource.apiKeyInstructions
  Input should be a valid string [type=string_type, input_value=['Visit https://fullhunt....ted under 'API Access'"], input_type=list]
    For further information visit https://errors.pydantic.dev/2.12/v/string_type
23:31:58 [WARNING] Module sfp_googlemaps contract issues: Meta validation failed: 1 validation error for ModuleMeta
dataSource.apiKeyInstructions
  Input should be a valid string [type=string_type, input_value=['Visit https://cloud.goo...isted under 'API Keys'"], input_type=list]
    For further information visit https://errors.pydantic.dev/2.12/v/string_type
23:31:58 [WARNING] Module sfp_googlesafebrowsing contract issues: Meta validation failed: 1 validation error for ModuleMeta
dataSource.apiKeyInstructions
  Input should be a valid string [type=string_type, input_value=['Visit https://console.d...your newly created key'], input_type=list]
    For further information visit https://errors.pydantic.dev/2.12/v/string_type
23:31:58 [WARNING] Module sfp_googlesearch contract issues: Meta validation failed: 1 validation error for ModuleMeta
dataSource.apiKeyInstructions
  Input should be a valid string [type=string_type, input_value=['Visit https://developer...d under 'YOUR API KEY'"], input_type=list]
    For further information visit https://errors.pydantic.dev/2.12/v/string_type
23:31:58 [WARNING] Module sfp_grayhatwarfare contract issues: Meta validation failed: 1 validation error for ModuleMeta
dataSource.apiKeyInstructions
  Input should be a valid string [type=string_type, input_value=['Visit https://grayhatwa...listed under 'Api Key'"], input_type=list]
    For further information visit https://errors.pydantic.dev/2.12/v/string_type
23:31:58 [WARNING] Module sfp_greynoise contract issues: Meta validation failed: 1 validation error for ModuleMeta
dataSource.apiKeyInstructions
  Input should be a valid string [type=string_type, input_value=['Visit https://viz.greyn...listed under 'API Key'"], input_type=list]
    For further information visit https://errors.pydantic.dev/2.12/v/string_type
23:31:58 [WARNING] Module sfp_greynoise_community contract issues: Meta validation failed: 1 validation error for ModuleMeta
dataSource.apiKeyInstructions
  Input should be a valid string [type=string_type, input_value=['Visit https://viz.greyn...listed under 'API Key'"], input_type=list]
    For further information visit https://errors.pydantic.dev/2.12/v/string_type
23:31:58 [WARNING] Module sfp_haveibeenpwned contract issues: Meta validation failed: 1 validation error for ModuleMeta
dataSource.apiKeyInstructions
  Input should be a valid string [type=string_type, input_value=['Visit https://haveibeen...ibeenpwned.com/API/Key'], input_type=list]
    For further information visit https://errors.pydantic.dev/2.12/v/string_type
23:31:58 [WARNING] Module sfp_honeypot contract issues: Meta validation failed: 1 validation error for ModuleMeta
dataSource.apiKeyInstructions
  Input should be a valid string [type=string_type, input_value=['Visit https://www.proje...ur http:BL Access Key'"], input_type=list]
    For further information visit https://errors.pydantic.dev/2.12/v/string_type
23:31:58 [WARNING] Module sfp_hostio contract issues: Meta validation failed: 1 validation error for ModuleMeta
dataSource.apiKeyInstructions
  Input should be a valid string [type=string_type, input_value=['Visit https://host.io/s...ication token provided'], input_type=list]
    For further information visit https://errors.pydantic.dev/2.12/v/string_type
23:31:58 [WARNING] Module sfp_hunter contract issues: Meta validation failed: 1 validation error for ModuleMeta
dataSource.apiKeyInstructions
  Input should be a valid string [type=string_type, input_value=['Visit https://hunter.io...d under 'Your API Key'"], input_type=list]
    For further information visit https://errors.pydantic.dev/2.12/v/string_type
23:31:58 [WARNING] Module sfp_hunterhow contract issues: Meta validation failed: 1 validation error for ModuleMeta
dataSource.apiKeyInstructions
  Input should be a valid string [type=string_type, input_value=['Visit https://hunter.ho...isted on the dashboard'], input_type=list]
    For further information visit https://errors.pydantic.dev/2.12/v/string_type
23:31:58 [WARNING] Module sfp_hybrid_analysis contract issues: Meta validation failed: 1 validation error for ModuleMeta
dataSource.apiKeyInstructions
  Input should be a valid string [type=string_type, input_value=['Visit https://www.hybri...listed under 'API Key'"], input_type=list]
    For further information visit https://errors.pydantic.dev/2.12/v/string_type
23:31:58 [WARNING] Module sfp_iknowwhatyoudownload contract issues: Meta validation failed: 1 validation error for ModuleMeta
dataSource.apiKeyInstructions
  Input should be a valid string [type=string_type, input_value=['Visit https://iknowwhat... be sent to your email'], input_type=list]
    For further information visit https://errors.pydantic.dev/2.12/v/string_type
23:31:58 [WARNING] Module sfp_instagram contract issues: Meta validation failed: 1 validation error for ModuleMeta
dataSource.apiKeyInstructions
  Input should be a valid string [type=string_type, input_value=['Register an application... module configuration.'], input_type=list]
    For further information visit https://errors.pydantic.dev/2.12/v/string_type
23:31:58 [WARNING] Module sfp_intelx contract issues: Meta validation failed: 1 validation error for ModuleMeta
dataSource.apiKeyInstructions
  Input should be a valid string [type=string_type, input_value=['Visit https://intelx.io...der 'Your API details'"], input_type=list]
    For further information visit https://errors.pydantic.dev/2.12/v/string_type
23:31:58 [WARNING] Module sfp_ipapicom contract issues: Meta validation failed: 1 validation error for ModuleMeta
dataSource.apiKeyInstructions
  Input should be a valid string [type=string_type, input_value=['Visit https://ipapi.com...er Your API Access Key'], input_type=list]
    For further information visit https://errors.pydantic.dev/2.12/v/string_type
23:31:58 [WARNING] Module sfp_ipinfo contract issues: Meta validation failed: 1 validation error for ModuleMeta
dataSource.apiKeyInstructions
  Input should be a valid string [type=string_type, input_value=['Visit https://ipinfo.io...'is your access token'"], input_type=list]
    For further information visit https://errors.pydantic.dev/2.12/v/string_type
23:31:58 [WARNING] Module sfp_ipinfo_modern contract issues: Meta validation failed: 1 validation error for ModuleMeta
dataSource.apiKeyInstructions
  Input should be a valid string [type=string_type, input_value=['Visit https://ipinfo.io...'is your access token'"], input_type=list]
    For further information visit https://errors.pydantic.dev/2.12/v/string_type
23:31:58 [WARNING] Module sfp_ipqualityscore contract issues: Meta validation failed: 1 validation error for ModuleMeta
dataSource.apiKeyInstructions
  Input should be a valid string [type=string_type, input_value=['Visit https://www.ipqua...listed under 'API Key'"], input_type=list]
    For further information visit https://errors.pydantic.dev/2.12/v/string_type
23:31:58 [WARNING] Module sfp_ipregistry contract issues: Meta validation failed: 1 validation error for ModuleMeta
dataSource.apiKeyInstructions
  Input should be a valid string [type=string_type, input_value=['Visit https://dashboard...r existing Default key"], input_type=list]
    For further information visit https://errors.pydantic.dev/2.12/v/string_type
23:31:58 [WARNING] Module sfp_ipstack contract issues: Meta validation failed: 1 validation error for ModuleMeta
dataSource.apiKeyInstructions
  Input should be a valid string [type=string_type, input_value=['Visit https://ipstack.c... 'Your API Access Key'"], input_type=list]
    For further information visit https://errors.pydantic.dev/2.12/v/string_type
23:31:58 [WARNING] Module sfp_jsonwhoiscom contract issues: Meta validation failed: 1 validation error for ModuleMeta
dataSource.apiKeyInstructions
  Input should be a valid string [type=string_type, input_value=['Visit https://jsonwhois...listed under 'Api Key'"], input_type=list]
    For further information visit https://errors.pydantic.dev/2.12/v/string_type
23:31:58 [WARNING] Module sfp_koodous contract issues: Meta validation failed: 1 validation error for ModuleMeta
dataSource.apiKeyInstructions
  Input should be a valid string [type=string_type, input_value=['Visit https://koodous.c...ication token provided'], input_type=list]
    For further information visit https://errors.pydantic.dev/2.12/v/string_type
23:31:58 [WARNING] Module sfp_leakcheck contract issues: Meta validation failed: 1 validation error for ModuleMeta
dataSource.apiKeyInstructions
  Input should be a valid string [type=string_type, input_value=['Visit https://leakcheck...ate your API key there'], input_type=list]
    For further information visit https://errors.pydantic.dev/2.12/v/string_type
23:31:58 [WARNING] Module sfp_leakix contract issues: Meta validation failed: 1 validation error for ModuleMeta
dataSource.apiKeyInstructions
  Input should be a valid string [type=string_type, input_value=['Visit https://leakix.ne... to generate a new key"], input_type=list]
    For further information visit https://errors.pydantic.dev/2.12/v/string_type
23:31:58 [WARNING] Module sfp_luminar contract issues: Meta validation failed: 1 validation error for ModuleMeta
dataSource.apiKeyInstructions
  Input should be a valid string [type=string_type, input_value=['Visit https://www.lumin..., 'Generate an API key'], input_type=list]
    For further information visit https://errors.pydantic.dev/2.12/v/string_type
23:31:58 [WARNING] Module sfp_malwarepatrol contract issues: Meta validation failed: 1 validation error for ModuleMeta
dataSource.apiKeyInstructions
  Input should be a valid string [type=string_type, input_value=['Visit https://www.malwa...e mailed to your email'], input_type=list]
    For further information visit https://errors.pydantic.dev/2.12/v/string_type
23:31:58 [WARNING] Module sfp_mandiant_ti contract issues: Meta validation failed: 1 validation error for ModuleMeta
dataSource.apiKeyInstructions
  Input should be a valid string [type=string_type, input_value=['Visit https://www.mandi..., 'Generate an API key'], input_type=list]
    For further information visit https://errors.pydantic.dev/2.12/v/string_type
23:31:58 [WARNING] Module sfp_mastodon contract issues: Meta validation failed: 1 validation error for ModuleMeta
dataSource.apiKeyInstructions
  Input should be a valid string [type=string_type, input_value=['Register at your Mastod... module configuration.'], input_type=list]
    For further information visit https://errors.pydantic.dev/2.12/v/string_type
23:31:58 [WARNING] Module sfp_matrix contract issues: Meta validation failed: 1 validation error for ModuleMeta
dataSource.apiKeyInstructions
  Input should be a valid string [type=string_type, input_value=['Register at https://mat... module configuration.'], input_type=list]
    For further information visit https://errors.pydantic.dev/2.12/v/string_type
23:31:58 [WARNING] Module sfp_mattermost contract issues: Meta validation failed: 1 validation error for ModuleMeta
dataSource.apiKeyInstructions
  Input should be a valid string [type=string_type, input_value=['Register at your Matter... module configuration.'], input_type=list]
    For further information visit https://errors.pydantic.dev/2.12/v/string_type
23:31:58 [WARNING] Module sfp_metadefender contract issues: Meta validation failed: 1 validation error for ModuleMeta
dataSource.apiKeyInstructions
  Input should be a valid string [type=string_type, input_value=['Visit https://metadefen...listed under 'API key'"], input_type=list]
    For further information visit https://errors.pydantic.dev/2.12/v/string_type
23:31:58 [WARNING] Module sfp_nameapi contract issues: Meta validation failed: 1 validation error for ModuleMeta
dataSource.apiKeyInstructions
  Input should be a valid string [type=string_type, input_value=['Visit https://nameapi.o... be sent to your email'], input_type=list]
    For further information visit https://errors.pydantic.dev/2.12/v/string_type
23:31:58 [WARNING] Module sfp_netlas contract issues: Meta validation failed: 1 validation error for ModuleMeta
dataSource.apiKeyInstructions
  Input should be a valid string [type=string_type, input_value=['Visit https://netlas.io...isted under 'API Key'."], input_type=list]
    For further information visit https://errors.pydantic.dev/2.12/v/string_type
23:31:58 [WARNING] Module sfp_networksdb contract issues: Meta validation failed: 1 validation error for ModuleMeta
dataSource.apiKeyInstructions
  Input should be a valid string [type=string_type, input_value=['Visit https://networksd...r 'API Key: Free plan'"], input_type=list]
    For further information visit https://errors.pydantic.dev/2.12/v/string_type
23:31:58 [WARNING] Module sfp_neutrinoapi contract issues: Meta validation failed: 1 validation error for ModuleMeta
dataSource.apiKeyInstructions
  Input should be a valid string [type=string_type, input_value=['Visit https://www.neutr...ted under 'Master Key'"], input_type=list]
    For further information visit https://errors.pydantic.dev/2.12/v/string_type
23:31:58 [WARNING] Module sfp_numverify contract issues: Meta validation failed: 1 validation error for ModuleMeta
dataSource.apiKeyInstructions
  Input should be a valid string [type=string_type, input_value=['Visit https://numverify... 'Your API Access Key'"], input_type=list]
    For further information visit https://errors.pydantic.dev/2.12/v/string_type
23:31:58 [WARNING] Module sfp_onioncity contract issues: Meta validation failed: 1 validation error for ModuleMeta
dataSource.apiKeyInstructions
  Input should be a valid string [type=string_type, input_value=['Visit https://developer...d under 'YOUR API KEY'"], input_type=list]
    For further information visit https://errors.pydantic.dev/2.12/v/string_type
23:31:58 [WARNING] Module sfp_onyphe contract issues: Meta validation failed: 1 validation error for ModuleMeta
dataSource.apiKeyInstructions
  Input should be a valid string [type=string_type, input_value=['Visit https://www.onyph...listed under 'API Key'"], input_type=list]
    For further information visit https://errors.pydantic.dev/2.12/v/string_type
23:31:58 [WARNING] Module sfp_opencorporates contract issues: Meta validation failed: 1 validation error for ModuleMeta
dataSource.apiKeyInstructions
  Input should be a valid string [type=string_type, input_value=['Visit https://opencorpo...ed under 'API Account'"], input_type=list]
    For further information visit https://errors.pydantic.dev/2.12/v/string_type
23:31:58 [WARNING] Module sfp_openwifimap contract issues: Meta validation failed: 1 validation error for ModuleMeta
dataSource.apiKeyInstructions
  Input should be a valid string [type=string_type, input_value=[], input_type=list]
    For further information visit https://errors.pydantic.dev/2.12/v/string_type
23:31:58 [WARNING] Module sfp_pastebin contract issues: Meta validation failed: 1 validation error for ModuleMeta
dataSource.apiKeyInstructions
  Input should be a valid string [type=string_type, input_value=['Visit https://developer...d under 'YOUR API KEY'"], input_type=list]
    For further information visit https://errors.pydantic.dev/2.12/v/string_type
23:31:58 [WARNING] Module sfp_projectdiscovery contract issues: Meta validation failed: 1 validation error for ModuleMeta
dataSource.apiKeyInstructions
  Input should be a valid string [type=string_type, input_value=['Visit https://chaos.pro...your API key by email.'], input_type=list]
    For further information visit https://errors.pydantic.dev/2.12/v/string_type
23:31:58 [WARNING] Module sfp_publicwww contract issues: Meta validation failed: 1 validation error for ModuleMeta
dataSource.apiKeyInstructions
  Input should be a valid string [type=string_type, input_value=['Visit https://publicwww...be listed on that page'], input_type=list]
    For further information visit https://errors.pydantic.dev/2.12/v/string_type
23:31:58 [WARNING] Module sfp_pulsedive contract issues: Meta validation failed: 1 validation error for ModuleMeta
dataSource.apiKeyInstructions
  Input should be a valid string [type=string_type, input_value=['Visit https://pulsedive...d under 'Your API Key'"], input_type=list]
    For further information visit https://errors.pydantic.dev/2.12/v/string_type
23:31:58 [WARNING] Module sfp_recordedfuture contract issues: Meta validation failed: 1 validation error for ModuleMeta
dataSource.apiKeyInstructions
  Input should be a valid string [type=string_type, input_value=['Visit https://www.recor..., 'Generate an API key'], input_type=list]
    For further information visit https://errors.pydantic.dev/2.12/v/string_type
23:31:58 [WARNING] Module sfp_reddit contract issues: Meta validation failed: 1 validation error for ModuleMeta
dataSource.apiKeyInstructions
  Input should be a valid string [type=string_type, input_value=['Go to https://www.reddi... module configuration.'], input_type=list]
    For further information visit https://errors.pydantic.dev/2.12/v/string_type
23:31:58 [WARNING] Module sfp_rocketchat contract issues: Meta validation failed: 1 validation error for ModuleMeta
dataSource.apiKeyInstructions
  Input should be a valid string [type=string_type, input_value=['Register at your Rocket... module configuration.'], input_type=list]
    For further information visit https://errors.pydantic.dev/2.12/v/string_type
23:31:58 [WARNING] Module sfp_rocketreach contract issues: Meta validation failed: 1 validation error for ModuleMeta
dataSource.apiKeyInstructions
  Input should be a valid string [type=string_type, input_value=['Visit https://rocketrea...listed under 'API Key'"], input_type=list]
    For further information visit https://errors.pydantic.dev/2.12/v/string_type
23:31:58 [WARNING] Module sfp_rubika contract issues: Meta validation failed: 1 validation error for ModuleMeta
dataSource.apiKeyInstructions
  Input should be a valid string [type=string_type, input_value=['No API key required for...ic channel monitoring.'], input_type=list]
    For further information visit https://errors.pydantic.dev/2.12/v/string_type
23:31:58 [WARNING] Module sfp_securitytrails contract issues: Meta validation failed: 1 validation error for ModuleMeta
dataSource.apiKeyInstructions
  Input should be a valid string [type=string_type, input_value=['Visit https://securityt...listed under 'API Key'"], input_type=list]
    For further information visit https://errors.pydantic.dev/2.12/v/string_type
23:31:58 [WARNING] Module sfp_seon contract issues: Meta validation failed: 1 validation error for ModuleMeta
dataSource.apiKeyInstructions
  Input should be a valid string [type=string_type, input_value=['Visit https://seon.io/'...ed under 'License key'"], input_type=list]
    For further information visit https://errors.pydantic.dev/2.12/v/string_type
23:31:58 [WARNING] Module sfp_shodan contract issues: Meta validation failed: 1 validation error for ModuleMeta
dataSource.apiKeyInstructions
  Input should be a valid string [type=string_type, input_value=['Visit https://shodan.io...listed under 'API Key'"], input_type=list]
    For further information visit https://errors.pydantic.dev/2.12/v/string_type
23:31:58 [WARNING] Module sfp_snov contract issues: Meta validation failed: 1 validation error for ModuleMeta
dataSource.apiKeyInstructions
  Input should be a valid string [type=string_type, input_value=['Visit https://snov.io',...r ID' and 'API Secret'"], input_type=list]
    For further information visit https://errors.pydantic.dev/2.12/v/string_type
23:31:58 [WARNING] Module sfp_sociallinks contract issues: Meta validation failed: 1 validation error for ModuleMeta
dataSource.apiKeyInstructions
  Input should be a valid string [type=string_type, input_value=['Visit https://sociallin..., 'Register an account'], input_type=list]
    For further information visit https://errors.pydantic.dev/2.12/v/string_type
23:31:58 [WARNING] Module sfp_socialprofiles contract issues: Meta validation failed: 1 validation error for ModuleMeta
dataSource.apiKeyInstructions
  Input should be a valid string [type=string_type, input_value=['If using Google:', 'Vis...y2' (both should work)"], input_type=list]
    For further information visit https://errors.pydantic.dev/2.12/v/string_type
23:31:58 [WARNING] Module sfp_soroush contract issues: Meta validation failed: 1 validation error for ModuleMeta
dataSource.apiKeyInstructions
  Input should be a valid string [type=string_type, input_value=['No API key required for...ic channel monitoring.'], input_type=list]
    For further information visit https://errors.pydantic.dev/2.12/v/string_type
23:31:58 [WARNING] Module sfp_spur contract issues: Meta validation failed: 1 validation error for ModuleMeta
dataSource.apiKeyInstructions
  Input should be a valid string [type=string_type, input_value=['Visit https://spur.us',...s listed under 'Token'"], input_type=list]
    For further information visit https://errors.pydantic.dev/2.12/v/string_type
23:31:58 [WARNING] Module sfp_stackoverflow contract issues: Meta validation failed: 1 validation error for ModuleMeta
dataSource.apiKeyInstructions
  Input should be a valid string [type=string_type, input_value=['Visit https://stackapps...creased request quota."], input_type=list]
    For further information visit https://errors.pydantic.dev/2.12/v/string_type
23:31:58 [WARNING] Module sfp_subdomainradar contract issues: Meta validation failed: 1 validation error for ModuleMeta
dataSource.apiKeyInstructions
  Input should be a valid string [type=string_type, input_value=['Visit https://subdomain...er provides 100 points'], input_type=list]
    For further information visit https://errors.pydantic.dev/2.12/v/string_type
23:31:58 [WARNING] Module sfp_textmagic contract issues: Meta validation failed: 1 validation error for ModuleMeta
dataSource.apiKeyInstructions
  Input should be a valid string [type=string_type, input_value=['Visit https://textmagic...e 'The new API Key is'"], input_type=list]
    For further information visit https://errors.pydantic.dev/2.12/v/string_type
23:31:58 [WARNING] Module sfp_tiktok_osint contract issues: Meta validation failed: 1 validation error for ModuleMeta
dataSource.apiKeyInstructions
  Input should be a valid string [type=string_type, input_value=['Visit https://developer... Key and Client Secret'], input_type=list]
    For further information visit https://errors.pydantic.dev/2.12/v/string_type
23:31:58 [WARNING] Module sfp_tool_phoneinfoga contract issues: Meta validation failed: 1 validation error for ModuleMeta
dataSource.apiKeyInstructions
  Input should be a valid string [type=string_type, input_value=['See https://github.com/...in the module options.'], input_type=list]
    For further information visit https://errors.pydantic.dev/2.12/v/string_type
23:31:58 [WARNING] Module sfp_tool_wappalyzer contract issues: Meta validation failed: 1 validation error for ModuleMeta
dataSource.apiKeyInstructions
  Input should be a valid string [type=string_type, input_value=['Sign up at https://www....in the module options.'], input_type=list]
    For further information visit https://errors.pydantic.dev/2.12/v/string_type
23:31:58 [WARNING] Module sfp_tron contract issues: Meta validation failed: 1 validation error for ModuleMeta
dataSource.apiKeyInstructions
  Input should be a valid string [type=string_type, input_value=['Register at https://www... module configuration.'], input_type=list]
    For further information visit https://errors.pydantic.dev/2.12/v/string_type
23:31:58 [WARNING] Module sfp_twilio contract issues: Meta validation failed: 1 validation error for ModuleMeta
dataSource.apiKeyInstructions
  Input should be a valid string [type=string_type, input_value=['Visit https://www.twili... SID' and 'Auth Token'"], input_type=list]
    For further information visit https://errors.pydantic.dev/2.12/v/string_type
23:31:58 [WARNING] Module sfp_unwiredlabs contract issues: Meta validation failed: 1 validation error for ModuleMeta
dataSource.apiKeyInstructions
  Input should be a valid string [type=string_type, input_value=['Register at https://unw... module configuration.'], input_type=list]
    For further information visit https://errors.pydantic.dev/2.12/v/string_type
23:31:58 [WARNING] Module sfp_validin contract issues: Meta validation failed: 1 validation error for ModuleMeta
dataSource.apiKeyInstructions
  Input should be a valid string [type=string_type, input_value=['Visit https://app.valid... listed under API Keys'], input_type=list]
    For further information visit https://errors.pydantic.dev/2.12/v/string_type
23:31:58 [WARNING] Module sfp_viewdns contract issues: Meta validation failed: 1 validation error for ModuleMeta
dataSource.apiKeyInstructions
  Input should be a valid string [type=string_type, input_value=['Visit https://viewdns.i...listed under 'API Key'"], input_type=list]
    For further information visit https://errors.pydantic.dev/2.12/v/string_type
23:31:58 [WARNING] Module sfp_virustotal contract issues: Meta validation failed: 1 validation error for ModuleMeta
dataSource.apiKeyInstructions
  Input should be a valid string [type=string_type, input_value=['Visit https://www.virus...listed under 'API Key'"], input_type=list]
    For further information visit https://errors.pydantic.dev/2.12/v/string_type
23:31:58 [WARNING] Module sfp_wechat contract issues: Meta validation failed: 1 validation error for ModuleMeta
dataSource.apiKeyInstructions
  Input should be a valid string [type=string_type, input_value=['Register for WeChat API... module configuration.'], input_type=list]
    For further information visit https://errors.pydantic.dev/2.12/v/string_type
23:31:58 [WARNING] Module sfp_whatcms contract issues: Meta validation failed: 1 validation error for ModuleMeta
dataSource.apiKeyInstructions
  Input should be a valid string [type=string_type, input_value=['Visit https://whatcms.o...d under 'Your API Key'"], input_type=list]
    For further information visit https://errors.pydantic.dev/2.12/v/string_type
23:31:58 [WARNING] Module sfp_whatsapp contract issues: Meta validation failed: 1 validation error for ModuleMeta
dataSource.apiKeyInstructions
  Input should be a valid string [type=string_type, input_value=['Apply for WhatsApp Busi... module configuration.'], input_type=list]
    For further information visit https://errors.pydantic.dev/2.12/v/string_type
23:31:58 [WARNING] Module sfp_whoisfreaks contract issues: Meta validation failed: 1 validation error for ModuleMeta
dataSource.apiKeyInstructions
  Input should be a valid string [type=string_type, input_value=['Visit https://whoisfrea...pricing/api-plans.html'], input_type=list]
    For further information visit https://errors.pydantic.dev/2.12/v/string_type
23:31:58 [WARNING] Module sfp_whoisology contract issues: Meta validation failed: 1 validation error for ModuleMeta
dataSource.apiKeyInstructions
  Input should be a valid string [type=string_type, input_value=['Visit https://whoisolog...nd receive the API Key'], input_type=list]
    For further information visit https://errors.pydantic.dev/2.12/v/string_type
23:31:58 [WARNING] Module sfp_whoisxmlapi contract issues: Meta validation failed: 1 validation error for ModuleMeta
dataSource.apiKeyInstructions
  Input should be a valid string [type=string_type, input_value=['Visit https://www.whois...d on the products page'], input_type=list]
    For further information visit https://errors.pydantic.dev/2.12/v/string_type
23:31:58 [WARNING] Module sfp_whoxy contract issues: Meta validation failed: 1 validation error for ModuleMeta
dataSource.apiKeyInstructions
  Input should be a valid string [type=string_type, input_value=['Visit https://www.whoxy...presented upon payment'], input_type=list]
    For further information visit https://errors.pydantic.dev/2.12/v/string_type
23:31:58 [WARNING] Module sfp_wificafespots contract issues: Meta validation failed: 1 validation error for ModuleMeta
dataSource.apiKeyInstructions
  Input should be a valid string [type=string_type, input_value=[], input_type=list]
    For further information visit https://errors.pydantic.dev/2.12/v/string_type
23:31:58 [WARNING] Module sfp_wifimapio contract issues: Meta validation failed: 1 validation error for ModuleMeta
dataSource.apiKeyInstructions
  Input should be a valid string [type=string_type, input_value=[], input_type=list]
    For further information visit https://errors.pydantic.dev/2.12/v/string_type
23:31:58 [WARNING] Module sfp_wigle contract issues: Meta validation failed: 1 validation error for ModuleMeta
dataSource.apiKeyInstructions
  Input should be a valid string [type=string_type, input_value=['Visit https://wigle.net...t to 'Encoded for use'"], input_type=list]
    For further information visit https://errors.pydantic.dev/2.12/v/string_type
23:31:58 [WARNING] Module sfp_wpscan contract issues: Meta validation failed: 1 validation error for ModuleMeta
dataSource.apiKeyInstructions
  Input should be a valid string [type=string_type, input_value=['Visit https://wpscan.co...ted daily API requests'], input_type=list]
    For further information visit https://errors.pydantic.dev/2.12/v/string_type
23:31:58 [WARNING] Module sfp_xforce contract issues: Meta validation failed: 1 validation error for ModuleMeta
dataSource.apiKeyInstructions
  Input should be a valid string [type=string_type, input_value=['Visit https://exchange....ey' and 'API Password'"], input_type=list]
    For further information visit https://errors.pydantic.dev/2.12/v/string_type
23:31:58 [WARNING] Module sfp_xiaohongshu contract issues: Meta validation failed: 1 validation error for ModuleMeta
dataSource.apiKeyInstructions
  Input should be a valid string [type=string_type, input_value=['No API key required for...ublic post monitoring.'], input_type=list]
    For further information visit https://errors.pydantic.dev/2.12/v/string_type
23:31:58 [WARNING] Module sfp_zetalytics contract issues: Meta validation failed: 1 validation error for ModuleMeta
dataSource.apiKeyInstructions
  Input should be a valid string [type=string_type, input_value=['Visit https://mailchi.m...and request an API key'], input_type=list]
    For further information visit https://errors.pydantic.dev/2.12/v/string_type
23:31:58 [WARNING] Module sfp_zonefiles contract issues: Meta validation failed: 1 validation error for ModuleMeta
dataSource.apiKeyInstructions
  Input should be a valid string [type=string_type, input_value=['Visit https://zonefiles...xt to 'Your API token'"], input_type=list]
    For further information visit https://errors.pydantic.dev/2.12/v/string_type
23:31:58 [WARNING] Module sfp_zoomeye contract issues: Meta validation failed: 1 validation error for ModuleMeta
dataSource.apiKeyInstructions
  Input should be a valid string [type=string_type, input_value=['Visit https://www.zoome...listed under 'API Key'"], input_type=list]
    For further information visit https://errors.pydantic.dev/2.12/v/string_type
23:31:58 [INFO] Contract validation: 133/305 modules have warnings
PASSED                                                                   [ 61%]
test/unit/test_module_registry.py::TestModuleRegistryRealModules::test_real_apikey_modules 
-------------------------------- live log call --------------------------------
23:31:59 [INFO] Module discovery complete: 305 loaded, 4 failed (dir=D:\github\spiderfoot\modules)
23:31:59 [WARNING] Module sfp_4chan contract issues: Meta validation failed: 1 validation error for ModuleMeta
dataSource.apiKeyInstructions
  Input should be a valid string [type=string_type, input_value=['No API key required for...blic board monitoring.'], input_type=list]
    For further information visit https://errors.pydantic.dev/2.12/v/string_type
23:31:59 [WARNING] Module sfp_abstractapi contract issues: Meta validation failed: 1 validation error for ModuleMeta
dataSource.apiKeyInstructions
  Input should be a valid string [type=string_type, input_value=['Visit https://app.abstr...specific to this API.'"], input_type=list]
    For further information visit https://errors.pydantic.dev/2.12/v/string_type
23:31:59 [WARNING] Module sfp_abusech contract issues: Meta validation failed: 1 validation error for ModuleMeta
dataSource.apiKeyInstructions
  Input should be a valid string [type=string_type, input_value=['Visit https://bazaar.ab...listed under 'API-Key'"], input_type=list]
    For further information visit https://errors.pydantic.dev/2.12/v/string_type
23:31:59 [WARNING] Module sfp_abuseipdb contract issues: Meta validation failed: 1 validation error for ModuleMeta
dataSource.apiKeyInstructions
  Input should be a valid string [type=string_type, input_value=['Visit https://www.abuse...is listed under 'Keys'"], input_type=list]
    For further information visit https://errors.pydantic.dev/2.12/v/string_type
23:31:59 [WARNING] Module sfp_adsbexchange contract issues: Meta validation failed: 1 validation error for ModuleMeta
dataSource.apiKeyInstructions
  Input should be a valid string [type=string_type, input_value=['Register at https://rap...in the _api_key option'], input_type=list]
    For further information visit https://errors.pydantic.dev/2.12/v/string_type
23:31:59 [WARNING] Module sfp_alienvault contract issues: Meta validation failed: 1 validation error for ModuleMeta
dataSource.apiKeyInstructions
  Input should be a valid string [type=string_type, input_value=['Visit https://otx.alien...listed under 'OTX Key'"], input_type=list]
    For further information visit https://errors.pydantic.dev/2.12/v/string_type
23:31:59 [WARNING] Module sfp_aparat contract issues: Meta validation failed: 1 validation error for ModuleMeta
dataSource.apiKeyInstructions
  Input should be a valid string [type=string_type, input_value=['No API key required for...blic video monitoring.'], input_type=list]
    For further information visit https://errors.pydantic.dev/2.12/v/string_type
23:31:59 [WARNING] Module sfp_apileak contract issues: Meta validation failed: 1 validation error for ModuleMeta
dataSource.apiKeyInstructions
  Input should be a valid string [type=string_type, input_value=['Sign up at https://gith... module configuration.'], input_type=list]
    For further information visit https://errors.pydantic.dev/2.12/v/string_type
23:31:59 [WARNING] Module sfp_apivoid contract issues: Meta validation failed: 1 validation error for ModuleMeta
dataSource.apiKeyInstructions
  Input should be a valid string [type=string_type, input_value=['Visit https://www.apivo...d to find your API key'], input_type=list]
    For further information visit https://errors.pydantic.dev/2.12/v/string_type
23:31:59 [WARNING] Module sfp_aprsfi contract issues: Meta validation failed: 1 validation error for ModuleMeta
dataSource.apiKeyInstructions
  Input should be a valid string [type=string_type, input_value=['Register an account at ...in the _api_key option'], input_type=list]
    For further information visit https://errors.pydantic.dev/2.12/v/string_type
23:31:59 [WARNING] Module sfp_arbitrum contract issues: Meta validation failed: 1 validation error for ModuleMeta
dataSource.apiKeyInstructions
  Input should be a valid string [type=string_type, input_value=['Register at https://arb... module configuration.'], input_type=list]
    For further information visit https://errors.pydantic.dev/2.12/v/string_type
23:31:59 [WARNING] Module sfp_aviationstack contract issues: Meta validation failed: 1 validation error for ModuleMeta
dataSource.apiKeyInstructions
  Input should be a valid string [type=string_type, input_value=['Register at https://avi...in the _api_key option'], input_type=list]
    For further information visit https://errors.pydantic.dev/2.12/v/string_type
23:31:59 [WARNING] Module sfp_bevigil contract issues: Meta validation failed: 1 validation error for ModuleMeta
dataSource.apiKeyInstructions
  Input should be a valid string [type=string_type, input_value=['Visit https://bevigil.c...your account dashboard'], input_type=list]
    For further information visit https://errors.pydantic.dev/2.12/v/string_type
23:31:59 [WARNING] Module sfp_binaryedge contract issues: Meta validation failed: 1 validation error for ModuleMeta
dataSource.apiKeyInstructions
  Input should be a valid string [type=string_type, input_value=['Visit https://www.binar...ted under 'API Access'"], input_type=list]
    For further information visit https://errors.pydantic.dev/2.12/v/string_type
23:31:59 [WARNING] Module sfp_bingsearch contract issues: Meta validation failed: 1 validation error for ModuleMeta
dataSource.apiKeyInstructions
  Input should be a valid string [type=string_type, input_value=['Visit https://azure.mic...y2' (both should work)"], input_type=list]
    For further information visit https://errors.pydantic.dev/2.12/v/string_type
23:31:59 [WARNING] Module sfp_bingsharedip contract issues: Meta validation failed: 1 validation error for ModuleMeta
dataSource.apiKeyInstructions
  Input should be a valid string [type=string_type, input_value=['Visit https://azure.mic...y2' (both should work)"], input_type=list]
    For further information visit https://errors.pydantic.dev/2.12/v/string_type
23:31:59 [WARNING] Module sfp_bitcoinwhoswho contract issues: Meta validation failed: 1 validation error for ModuleMeta
dataSource.apiKeyInstructions
  Input should be a valid string [type=string_type, input_value=['Visit https://bitcoinwh...ceive it to your email"], input_type=list]
    For further information visit https://errors.pydantic.dev/2.12/v/string_type
23:31:59 [WARNING] Module sfp_blockchain_analytics contract issues: Meta validation failed: 1 validation error for ModuleMeta
dataSource.apiKeyInstructions
  Input should be a valid string [type=string_type, input_value=['Sign up for BlockCypher...ys for better coverage'], input_type=list]
    For further information visit https://errors.pydantic.dev/2.12/v/string_type
23:31:59 [WARNING] Module sfp_bluesky contract issues: Meta validation failed: 1 validation error for ModuleMeta
dataSource.apiKeyInstructions
  Input should be a valid string [type=string_type, input_value=['Register at https://bsk... module configuration.'], input_type=list]
    For further information visit https://errors.pydantic.dev/2.12/v/string_type
23:31:59 [WARNING] Module sfp_bnb contract issues: Meta validation failed: 1 validation error for ModuleMeta
dataSource.apiKeyInstructions
  Input should be a valid string [type=string_type, input_value=['Register at https://bsc... module configuration.'], input_type=list]
    For further information visit https://errors.pydantic.dev/2.12/v/string_type
23:31:59 [WARNING] Module sfp_botscout contract issues: Meta validation failed: 1 validation error for ModuleMeta
dataSource.apiKeyInstructions
  Input should be a valid string [type=string_type, input_value=['Visit http://botscout.c...mailed to your account'], input_type=list]
    For further information visit https://errors.pydantic.dev/2.12/v/string_type
23:31:59 [WARNING] Module sfp_bugbounty contract issues: Meta validation failed: 1 validation error for ModuleMeta
dataSource.apiKeyInstructions
  Input should be a valid string [type=string_type, input_value=['For HackerOne: create a...e corresponding option'], input_type=list]
    For further information visit https://errors.pydantic.dev/2.12/v/string_type
23:31:59 [WARNING] Module sfp_builtwith contract issues: Meta validation failed: 1 validation error for ModuleMeta
dataSource.apiKeyInstructions
  Input should be a valid string [type=string_type, input_value=['Visit https://api.built...d under 'Your API Key'"], input_type=list]
    For further information visit https://errors.pydantic.dev/2.12/v/string_type
23:31:59 [WARNING] Module sfp_c99 contract issues: Meta validation failed: 1 validation error for ModuleMeta
dataSource.apiKeyInstructions
  Input should be a valid string [type=string_type, input_value=['Visit https://api.c99.n...your API key by email.'], input_type=list]
    For further information visit https://errors.pydantic.dev/2.12/v/string_type
23:31:59 [WARNING] Module sfp_censys contract issues: Meta validation failed: 1 validation error for ModuleMeta
dataSource.apiKeyInstructions
  Input should be a valid string [type=string_type, input_value=['Visit https://censys.io... 'API ID' and 'Secret'"], input_type=list]
    For further information visit https://errors.pydantic.dev/2.12/v/string_type
23:31:59 [WARNING] Module sfp_certspotter contract issues: Meta validation failed: 1 validation error for ModuleMeta
dataSource.apiKeyInstructions
  Input should be a valid string [type=string_type, input_value=['Visit https://sslmate.c...nder 'API Credentials'"], input_type=list]
    For further information visit https://errors.pydantic.dev/2.12/v/string_type
23:31:59 [WARNING] Module sfp_circllu contract issues: Meta validation failed: 1 validation error for ModuleMeta
dataSource.apiKeyInstructions
  Input should be a valid string [type=string_type, input_value=['Visit https://www.circl...provided once approved'], input_type=list]
    For further information visit https://errors.pydantic.dev/2.12/v/string_type
23:31:59 [WARNING] Module sfp_cisco_umbrella contract issues: Meta validation failed: 1 validation error for ModuleMeta
dataSource.apiKeyInstructions
  Input should be a valid string [type=string_type, input_value=['Visit https://umbrella....Generate a new API key'], input_type=list]
    For further information visit https://errors.pydantic.dev/2.12/v/string_type
23:31:59 [WARNING] Module sfp_citadel contract issues: Meta validation failed: 1 validation error for ModuleMeta
dataSource.apiKeyInstructions
  Input should be a valid string [type=string_type, input_value=['Visit https://leak-look...listed under 'API Key'"], input_type=list]
    For further information visit https://errors.pydantic.dev/2.12/v/string_type
23:31:59 [WARNING] Module sfp_criminalip contract issues: Meta validation failed: 1 validation error for ModuleMeta
dataSource.apiKeyInstructions
  Input should be a valid string [type=string_type, input_value=['Visit https://www.crimi...isted under 'API Key'."], input_type=list]
    For further information visit https://errors.pydantic.dev/2.12/v/string_type
23:31:59 [WARNING] Module sfp_datalastic contract issues: Meta validation failed: 1 validation error for ModuleMeta
dataSource.apiKeyInstructions
  Input should be a valid string [type=string_type, input_value=['Register at https://dat...in the _api_key option'], input_type=list]
    For further information visit https://errors.pydantic.dev/2.12/v/string_type
23:31:59 [WARNING] Module sfp_deepinfo contract issues: Meta validation failed: 1 validation error for ModuleMeta
dataSource.apiKeyInstructions
  Input should be a valid string [type=string_type, input_value=['Visit https://deepinfo....isted under 'API Keys'"], input_type=list]
    For further information visit https://errors.pydantic.dev/2.12/v/string_type
23:31:59 [WARNING] Module sfp_dehashed contract issues: Meta validation failed: 1 validation error for ModuleMeta
dataSource.apiKeyInstructions
  Input should be a valid string [type=string_type, input_value=['Visit https://www.dehas...listed under 'API Key'"], input_type=list]
    For further information visit https://errors.pydantic.dev/2.12/v/string_type
23:31:59 [WARNING] Module sfp_dideo contract issues: Meta validation failed: 1 validation error for ModuleMeta
dataSource.apiKeyInstructions
  Input should be a valid string [type=string_type, input_value=['No API key required for...blic video monitoring.'], input_type=list]
    For further information visit https://errors.pydantic.dev/2.12/v/string_type
23:31:59 [WARNING] Module sfp_discord contract issues: Meta validation failed: 1 validation error for ModuleMeta
dataSource.apiKeyInstructions
  Input should be a valid string [type=string_type, input_value=['Go to https://discord.c... module configuration.'], input_type=list]
    For further information visit https://errors.pydantic.dev/2.12/v/string_type
23:31:59 [WARNING] Module sfp_douyin contract issues: Meta validation failed: 1 validation error for ModuleMeta
dataSource.apiKeyInstructions
  Input should be a valid string [type=string_type, input_value=['No API key required for...blic video monitoring.'], input_type=list]
    For further information visit https://errors.pydantic.dev/2.12/v/string_type
23:31:59 [WARNING] Module sfp_emailcrawlr contract issues: Meta validation failed: 1 validation error for ModuleMeta
dataSource.apiKeyInstructions
  Input should be a valid string [type=string_type, input_value=['Visit https://emailcraw...listed under 'API Key'"], input_type=list]
    For further information visit https://errors.pydantic.dev/2.12/v/string_type
23:31:59 [WARNING] Module sfp_emailrep contract issues: Meta validation failed: 1 validation error for ModuleMeta
dataSource.apiKeyInstructions
  Input should be a valid string [type=string_type, input_value=['Visit https://emailrep....il account on approval'], input_type=list]
    For further information visit https://errors.pydantic.dev/2.12/v/string_type
23:31:59 [WARNING] Module sfp_ethereum contract issues: Meta validation failed: 1 validation error for ModuleMeta
dataSource.apiKeyInstructions
  Input should be a valid string [type=string_type, input_value=['Register at https://eth... module configuration.'], input_type=list]
    For further information visit https://errors.pydantic.dev/2.12/v/string_type
23:31:59 [WARNING] Module sfp_etherscan contract issues: Meta validation failed: 1 validation error for ModuleMeta
dataSource.apiKeyInstructions
  Input should be a valid string [type=string_type, input_value=['Visit https://etherscan...ed under API Key Token'], input_type=list]
    For further information visit https://errors.pydantic.dev/2.12/v/string_type
23:31:59 [WARNING] Module sfp_example contract issues: Missing required attribute: opts; Missing required attribute: optdescs
23:31:59 [WARNING] Module sfp_flickr contract issues: Meta validation failed: 1 validation error for ModuleMeta
dataSource.apiKeyInstructions
  Input should be a valid string [type=string_type, input_value=['Visit https://www.flick... the confirmation page'], input_type=list]
    For further information visit https://errors.pydantic.dev/2.12/v/string_type
23:31:59 [WARNING] Module sfp_focsec contract issues: Meta validation failed: 1 validation error for ModuleMeta
dataSource.apiKeyInstructions
  Input should be a valid string [type=string_type, input_value=['Visit https://focsec.co...e the API key provided'], input_type=list]
    For further information visit https://errors.pydantic.dev/2.12/v/string_type
23:31:59 [WARNING] Module sfp_fofa contract issues: Meta validation failed: 1 validation error for ModuleMeta
dataSource.apiKeyInstructions
  Input should be a valid string [type=string_type, input_value=['Visit https://fofa.info...isted under 'API Key'."], input_type=list]
    For further information visit https://errors.pydantic.dev/2.12/v/string_type
23:31:59 [WARNING] Module sfp_fraudguard contract issues: Meta validation failed: 1 validation error for ModuleMeta
dataSource.apiKeyInstructions
  Input should be a valid string [type=string_type, input_value=['Visit https://app.fraud... Username and Password'], input_type=list]
    For further information visit https://errors.pydantic.dev/2.12/v/string_type
23:31:59 [WARNING] Module sfp_fullcontact contract issues: Meta validation failed: 1 validation error for ModuleMeta
dataSource.apiKeyInstructions
  Input should be a valid string [type=string_type, input_value=['Visit https://fullconta... under 'Your API Keys'"], input_type=list]
    For further information visit https://errors.pydantic.dev/2.12/v/string_type
23:31:59 [WARNING] Module sfp_fullhunt contract issues: Meta validation failed: 1 validation error for ModuleMeta
dataSource.apiKeyInstructions
  Input should be a valid string [type=string_type, input_value=['Visit https://fullhunt....ted under 'API Access'"], input_type=list]
    For further information visit https://errors.pydantic.dev/2.12/v/string_type
23:31:59 [WARNING] Module sfp_googlemaps contract issues: Meta validation failed: 1 validation error for ModuleMeta
dataSource.apiKeyInstructions
  Input should be a valid string [type=string_type, input_value=['Visit https://cloud.goo...isted under 'API Keys'"], input_type=list]
    For further information visit https://errors.pydantic.dev/2.12/v/string_type
23:31:59 [WARNING] Module sfp_googlesafebrowsing contract issues: Meta validation failed: 1 validation error for ModuleMeta
dataSource.apiKeyInstructions
  Input should be a valid string [type=string_type, input_value=['Visit https://console.d...your newly created key'], input_type=list]
    For further information visit https://errors.pydantic.dev/2.12/v/string_type
23:31:59 [WARNING] Module sfp_googlesearch contract issues: Meta validation failed: 1 validation error for ModuleMeta
dataSource.apiKeyInstructions
  Input should be a valid string [type=string_type, input_value=['Visit https://developer...d under 'YOUR API KEY'"], input_type=list]
    For further information visit https://errors.pydantic.dev/2.12/v/string_type
23:31:59 [WARNING] Module sfp_grayhatwarfare contract issues: Meta validation failed: 1 validation error for ModuleMeta
dataSource.apiKeyInstructions
  Input should be a valid string [type=string_type, input_value=['Visit https://grayhatwa...listed under 'Api Key'"], input_type=list]
    For further information visit https://errors.pydantic.dev/2.12/v/string_type
23:31:59 [WARNING] Module sfp_greynoise contract issues: Meta validation failed: 1 validation error for ModuleMeta
dataSource.apiKeyInstructions
  Input should be a valid string [type=string_type, input_value=['Visit https://viz.greyn...listed under 'API Key'"], input_type=list]
    For further information visit https://errors.pydantic.dev/2.12/v/string_type
23:31:59 [WARNING] Module sfp_greynoise_community contract issues: Meta validation failed: 1 validation error for ModuleMeta
dataSource.apiKeyInstructions
  Input should be a valid string [type=string_type, input_value=['Visit https://viz.greyn...listed under 'API Key'"], input_type=list]
    For further information visit https://errors.pydantic.dev/2.12/v/string_type
23:31:59 [WARNING] Module sfp_haveibeenpwned contract issues: Meta validation failed: 1 validation error for ModuleMeta
dataSource.apiKeyInstructions
  Input should be a valid string [type=string_type, input_value=['Visit https://haveibeen...ibeenpwned.com/API/Key'], input_type=list]
    For further information visit https://errors.pydantic.dev/2.12/v/string_type
23:31:59 [WARNING] Module sfp_honeypot contract issues: Meta validation failed: 1 validation error for ModuleMeta
dataSource.apiKeyInstructions
  Input should be a valid string [type=string_type, input_value=['Visit https://www.proje...ur http:BL Access Key'"], input_type=list]
    For further information visit https://errors.pydantic.dev/2.12/v/string_type
23:31:59 [WARNING] Module sfp_hostio contract issues: Meta validation failed: 1 validation error for ModuleMeta
dataSource.apiKeyInstructions
  Input should be a valid string [type=string_type, input_value=['Visit https://host.io/s...ication token provided'], input_type=list]
    For further information visit https://errors.pydantic.dev/2.12/v/string_type
23:31:59 [WARNING] Module sfp_hunter contract issues: Meta validation failed: 1 validation error for ModuleMeta
dataSource.apiKeyInstructions
  Input should be a valid string [type=string_type, input_value=['Visit https://hunter.io...d under 'Your API Key'"], input_type=list]
    For further information visit https://errors.pydantic.dev/2.12/v/string_type
23:31:59 [WARNING] Module sfp_hunterhow contract issues: Meta validation failed: 1 validation error for ModuleMeta
dataSource.apiKeyInstructions
  Input should be a valid string [type=string_type, input_value=['Visit https://hunter.ho...isted on the dashboard'], input_type=list]
    For further information visit https://errors.pydantic.dev/2.12/v/string_type
23:31:59 [WARNING] Module sfp_hybrid_analysis contract issues: Meta validation failed: 1 validation error for ModuleMeta
dataSource.apiKeyInstructions
  Input should be a valid string [type=string_type, input_value=['Visit https://www.hybri...listed under 'API Key'"], input_type=list]
    For further information visit https://errors.pydantic.dev/2.12/v/string_type
23:31:59 [WARNING] Module sfp_iknowwhatyoudownload contract issues: Meta validation failed: 1 validation error for ModuleMeta
dataSource.apiKeyInstructions
  Input should be a valid string [type=string_type, input_value=['Visit https://iknowwhat... be sent to your email'], input_type=list]
    For further information visit https://errors.pydantic.dev/2.12/v/string_type
23:31:59 [WARNING] Module sfp_instagram contract issues: Meta validation failed: 1 validation error for ModuleMeta
dataSource.apiKeyInstructions
  Input should be a valid string [type=string_type, input_value=['Register an application... module configuration.'], input_type=list]
    For further information visit https://errors.pydantic.dev/2.12/v/string_type
23:31:59 [WARNING] Module sfp_intelx contract issues: Meta validation failed: 1 validation error for ModuleMeta
dataSource.apiKeyInstructions
  Input should be a valid string [type=string_type, input_value=['Visit https://intelx.io...der 'Your API details'"], input_type=list]
    For further information visit https://errors.pydantic.dev/2.12/v/string_type
23:31:59 [WARNING] Module sfp_ipapicom contract issues: Meta validation failed: 1 validation error for ModuleMeta
dataSource.apiKeyInstructions
  Input should be a valid string [type=string_type, input_value=['Visit https://ipapi.com...er Your API Access Key'], input_type=list]
    For further information visit https://errors.pydantic.dev/2.12/v/string_type
23:31:59 [WARNING] Module sfp_ipinfo contract issues: Meta validation failed: 1 validation error for ModuleMeta
dataSource.apiKeyInstructions
  Input should be a valid string [type=string_type, input_value=['Visit https://ipinfo.io...'is your access token'"], input_type=list]
    For further information visit https://errors.pydantic.dev/2.12/v/string_type
23:31:59 [WARNING] Module sfp_ipinfo_modern contract issues: Meta validation failed: 1 validation error for ModuleMeta
dataSource.apiKeyInstructions
  Input should be a valid string [type=string_type, input_value=['Visit https://ipinfo.io...'is your access token'"], input_type=list]
    For further information visit https://errors.pydantic.dev/2.12/v/string_type
23:31:59 [WARNING] Module sfp_ipqualityscore contract issues: Meta validation failed: 1 validation error for ModuleMeta
dataSource.apiKeyInstructions
  Input should be a valid string [type=string_type, input_value=['Visit https://www.ipqua...listed under 'API Key'"], input_type=list]
    For further information visit https://errors.pydantic.dev/2.12/v/string_type
23:31:59 [WARNING] Module sfp_ipregistry contract issues: Meta validation failed: 1 validation error for ModuleMeta
dataSource.apiKeyInstructions
  Input should be a valid string [type=string_type, input_value=['Visit https://dashboard...r existing Default key"], input_type=list]
    For further information visit https://errors.pydantic.dev/2.12/v/string_type
23:31:59 [WARNING] Module sfp_ipstack contract issues: Meta validation failed: 1 validation error for ModuleMeta
dataSource.apiKeyInstructions
  Input should be a valid string [type=string_type, input_value=['Visit https://ipstack.c... 'Your API Access Key'"], input_type=list]
    For further information visit https://errors.pydantic.dev/2.12/v/string_type
23:31:59 [WARNING] Module sfp_jsonwhoiscom contract issues: Meta validation failed: 1 validation error for ModuleMeta
dataSource.apiKeyInstructions
  Input should be a valid string [type=string_type, input_value=['Visit https://jsonwhois...listed under 'Api Key'"], input_type=list]
    For further information visit https://errors.pydantic.dev/2.12/v/string_type
23:31:59 [WARNING] Module sfp_koodous contract issues: Meta validation failed: 1 validation error for ModuleMeta
dataSource.apiKeyInstructions
  Input should be a valid string [type=string_type, input_value=['Visit https://koodous.c...ication token provided'], input_type=list]
    For further information visit https://errors.pydantic.dev/2.12/v/string_type
23:31:59 [WARNING] Module sfp_leakcheck contract issues: Meta validation failed: 1 validation error for ModuleMeta
dataSource.apiKeyInstructions
  Input should be a valid string [type=string_type, input_value=['Visit https://leakcheck...ate your API key there'], input_type=list]
    For further information visit https://errors.pydantic.dev/2.12/v/string_type
23:31:59 [WARNING] Module sfp_leakix contract issues: Meta validation failed: 1 validation error for ModuleMeta
dataSource.apiKeyInstructions
  Input should be a valid string [type=string_type, input_value=['Visit https://leakix.ne... to generate a new key"], input_type=list]
    For further information visit https://errors.pydantic.dev/2.12/v/string_type
23:31:59 [WARNING] Module sfp_luminar contract issues: Meta validation failed: 1 validation error for ModuleMeta
dataSource.apiKeyInstructions
  Input should be a valid string [type=string_type, input_value=['Visit https://www.lumin..., 'Generate an API key'], input_type=list]
    For further information visit https://errors.pydantic.dev/2.12/v/string_type
23:31:59 [WARNING] Module sfp_malwarepatrol contract issues: Meta validation failed: 1 validation error for ModuleMeta
dataSource.apiKeyInstructions
  Input should be a valid string [type=string_type, input_value=['Visit https://www.malwa...e mailed to your email'], input_type=list]
    For further information visit https://errors.pydantic.dev/2.12/v/string_type
23:31:59 [WARNING] Module sfp_mandiant_ti contract issues: Meta validation failed: 1 validation error for ModuleMeta
dataSource.apiKeyInstructions
  Input should be a valid string [type=string_type, input_value=['Visit https://www.mandi..., 'Generate an API key'], input_type=list]
    For further information visit https://errors.pydantic.dev/2.12/v/string_type
23:31:59 [WARNING] Module sfp_mastodon contract issues: Meta validation failed: 1 validation error for ModuleMeta
dataSource.apiKeyInstructions
  Input should be a valid string [type=string_type, input_value=['Register at your Mastod... module configuration.'], input_type=list]
    For further information visit https://errors.pydantic.dev/2.12/v/string_type
23:31:59 [WARNING] Module sfp_matrix contract issues: Meta validation failed: 1 validation error for ModuleMeta
dataSource.apiKeyInstructions
  Input should be a valid string [type=string_type, input_value=['Register at https://mat... module configuration.'], input_type=list]
    For further information visit https://errors.pydantic.dev/2.12/v/string_type
23:31:59 [WARNING] Module sfp_mattermost contract issues: Meta validation failed: 1 validation error for ModuleMeta
dataSource.apiKeyInstructions
  Input should be a valid string [type=string_type, input_value=['Register at your Matter... module configuration.'], input_type=list]
    For further information visit https://errors.pydantic.dev/2.12/v/string_type
23:31:59 [WARNING] Module sfp_metadefender contract issues: Meta validation failed: 1 validation error for ModuleMeta
dataSource.apiKeyInstructions
  Input should be a valid string [type=string_type, input_value=['Visit https://metadefen...listed under 'API key'"], input_type=list]
    For further information visit https://errors.pydantic.dev/2.12/v/string_type
23:31:59 [WARNING] Module sfp_nameapi contract issues: Meta validation failed: 1 validation error for ModuleMeta
dataSource.apiKeyInstructions
  Input should be a valid string [type=string_type, input_value=['Visit https://nameapi.o... be sent to your email'], input_type=list]
    For further information visit https://errors.pydantic.dev/2.12/v/string_type
23:31:59 [WARNING] Module sfp_netlas contract issues: Meta validation failed: 1 validation error for ModuleMeta
dataSource.apiKeyInstructions
  Input should be a valid string [type=string_type, input_value=['Visit https://netlas.io...isted under 'API Key'."], input_type=list]
    For further information visit https://errors.pydantic.dev/2.12/v/string_type
23:31:59 [WARNING] Module sfp_networksdb contract issues: Meta validation failed: 1 validation error for ModuleMeta
dataSource.apiKeyInstructions
  Input should be a valid string [type=string_type, input_value=['Visit https://networksd...r 'API Key: Free plan'"], input_type=list]
    For further information visit https://errors.pydantic.dev/2.12/v/string_type
23:31:59 [WARNING] Module sfp_neutrinoapi contract issues: Meta validation failed: 1 validation error for ModuleMeta
dataSource.apiKeyInstructions
  Input should be a valid string [type=string_type, input_value=['Visit https://www.neutr...ted under 'Master Key'"], input_type=list]
    For further information visit https://errors.pydantic.dev/2.12/v/string_type
23:31:59 [WARNING] Module sfp_numverify contract issues: Meta validation failed: 1 validation error for ModuleMeta
dataSource.apiKeyInstructions
  Input should be a valid string [type=string_type, input_value=['Visit https://numverify... 'Your API Access Key'"], input_type=list]
    For further information visit https://errors.pydantic.dev/2.12/v/string_type
23:31:59 [WARNING] Module sfp_onioncity contract issues: Meta validation failed: 1 validation error for ModuleMeta
dataSource.apiKeyInstructions
  Input should be a valid string [type=string_type, input_value=['Visit https://developer...d under 'YOUR API KEY'"], input_type=list]
    For further information visit https://errors.pydantic.dev/2.12/v/string_type
23:31:59 [WARNING] Module sfp_onyphe contract issues: Meta validation failed: 1 validation error for ModuleMeta
dataSource.apiKeyInstructions
  Input should be a valid string [type=string_type, input_value=['Visit https://www.onyph...listed under 'API Key'"], input_type=list]
    For further information visit https://errors.pydantic.dev/2.12/v/string_type
23:31:59 [WARNING] Module sfp_opencorporates contract issues: Meta validation failed: 1 validation error for ModuleMeta
dataSource.apiKeyInstructions
  Input should be a valid string [type=string_type, input_value=['Visit https://opencorpo...ed under 'API Account'"], input_type=list]
    For further information visit https://errors.pydantic.dev/2.12/v/string_type
23:31:59 [WARNING] Module sfp_openwifimap contract issues: Meta validation failed: 1 validation error for ModuleMeta
dataSource.apiKeyInstructions
  Input should be a valid string [type=string_type, input_value=[], input_type=list]
    For further information visit https://errors.pydantic.dev/2.12/v/string_type
23:31:59 [WARNING] Module sfp_pastebin contract issues: Meta validation failed: 1 validation error for ModuleMeta
dataSource.apiKeyInstructions
  Input should be a valid string [type=string_type, input_value=['Visit https://developer...d under 'YOUR API KEY'"], input_type=list]
    For further information visit https://errors.pydantic.dev/2.12/v/string_type
23:31:59 [WARNING] Module sfp_projectdiscovery contract issues: Meta validation failed: 1 validation error for ModuleMeta
dataSource.apiKeyInstructions
  Input should be a valid string [type=string_type, input_value=['Visit https://chaos.pro...your API key by email.'], input_type=list]
    For further information visit https://errors.pydantic.dev/2.12/v/string_type
23:31:59 [WARNING] Module sfp_publicwww contract issues: Meta validation failed: 1 validation error for ModuleMeta
dataSource.apiKeyInstructions
  Input should be a valid string [type=string_type, input_value=['Visit https://publicwww...be listed on that page'], input_type=list]
    For further information visit https://errors.pydantic.dev/2.12/v/string_type
23:31:59 [WARNING] Module sfp_pulsedive contract issues: Meta validation failed: 1 validation error for ModuleMeta
dataSource.apiKeyInstructions
  Input should be a valid string [type=string_type, input_value=['Visit https://pulsedive...d under 'Your API Key'"], input_type=list]
    For further information visit https://errors.pydantic.dev/2.12/v/string_type
23:31:59 [WARNING] Module sfp_recordedfuture contract issues: Meta validation failed: 1 validation error for ModuleMeta
dataSource.apiKeyInstructions
  Input should be a valid string [type=string_type, input_value=['Visit https://www.recor..., 'Generate an API key'], input_type=list]
    For further information visit https://errors.pydantic.dev/2.12/v/string_type
23:31:59 [WARNING] Module sfp_reddit contract issues: Meta validation failed: 1 validation error for ModuleMeta
dataSource.apiKeyInstructions
  Input should be a valid string [type=string_type, input_value=['Go to https://www.reddi... module configuration.'], input_type=list]
    For further information visit https://errors.pydantic.dev/2.12/v/string_type
23:31:59 [WARNING] Module sfp_rocketchat contract issues: Meta validation failed: 1 validation error for ModuleMeta
dataSource.apiKeyInstructions
  Input should be a valid string [type=string_type, input_value=['Register at your Rocket... module configuration.'], input_type=list]
    For further information visit https://errors.pydantic.dev/2.12/v/string_type
23:31:59 [WARNING] Module sfp_rocketreach contract issues: Meta validation failed: 1 validation error for ModuleMeta
dataSource.apiKeyInstructions
  Input should be a valid string [type=string_type, input_value=['Visit https://rocketrea...listed under 'API Key'"], input_type=list]
    For further information visit https://errors.pydantic.dev/2.12/v/string_type
23:31:59 [WARNING] Module sfp_rubika contract issues: Meta validation failed: 1 validation error for ModuleMeta
dataSource.apiKeyInstructions
  Input should be a valid string [type=string_type, input_value=['No API key required for...ic channel monitoring.'], input_type=list]
    For further information visit https://errors.pydantic.dev/2.12/v/string_type
23:31:59 [WARNING] Module sfp_securitytrails contract issues: Meta validation failed: 1 validation error for ModuleMeta
dataSource.apiKeyInstructions
  Input should be a valid string [type=string_type, input_value=['Visit https://securityt...listed under 'API Key'"], input_type=list]
    For further information visit https://errors.pydantic.dev/2.12/v/string_type
23:31:59 [WARNING] Module sfp_seon contract issues: Meta validation failed: 1 validation error for ModuleMeta
dataSource.apiKeyInstructions
  Input should be a valid string [type=string_type, input_value=['Visit https://seon.io/'...ed under 'License key'"], input_type=list]
    For further information visit https://errors.pydantic.dev/2.12/v/string_type
23:31:59 [WARNING] Module sfp_shodan contract issues: Meta validation failed: 1 validation error for ModuleMeta
dataSource.apiKeyInstructions
  Input should be a valid string [type=string_type, input_value=['Visit https://shodan.io...listed under 'API Key'"], input_type=list]
    For further information visit https://errors.pydantic.dev/2.12/v/string_type
23:31:59 [WARNING] Module sfp_snov contract issues: Meta validation failed: 1 validation error for ModuleMeta
dataSource.apiKeyInstructions
  Input should be a valid string [type=string_type, input_value=['Visit https://snov.io',...r ID' and 'API Secret'"], input_type=list]
    For further information visit https://errors.pydantic.dev/2.12/v/string_type
23:31:59 [WARNING] Module sfp_sociallinks contract issues: Meta validation failed: 1 validation error for ModuleMeta
dataSource.apiKeyInstructions
  Input should be a valid string [type=string_type, input_value=['Visit https://sociallin..., 'Register an account'], input_type=list]
    For further information visit https://errors.pydantic.dev/2.12/v/string_type
23:31:59 [WARNING] Module sfp_socialprofiles contract issues: Meta validation failed: 1 validation error for ModuleMeta
dataSource.apiKeyInstructions
  Input should be a valid string [type=string_type, input_value=['If using Google:', 'Vis...y2' (both should work)"], input_type=list]
    For further information visit https://errors.pydantic.dev/2.12/v/string_type
23:31:59 [WARNING] Module sfp_soroush contract issues: Meta validation failed: 1 validation error for ModuleMeta
dataSource.apiKeyInstructions
  Input should be a valid string [type=string_type, input_value=['No API key required for...ic channel monitoring.'], input_type=list]
    For further information visit https://errors.pydantic.dev/2.12/v/string_type
23:31:59 [WARNING] Module sfp_spur contract issues: Meta validation failed: 1 validation error for ModuleMeta
dataSource.apiKeyInstructions
  Input should be a valid string [type=string_type, input_value=['Visit https://spur.us',...s listed under 'Token'"], input_type=list]
    For further information visit https://errors.pydantic.dev/2.12/v/string_type
23:31:59 [WARNING] Module sfp_stackoverflow contract issues: Meta validation failed: 1 validation error for ModuleMeta
dataSource.apiKeyInstructions
  Input should be a valid string [type=string_type, input_value=['Visit https://stackapps...creased request quota."], input_type=list]
    For further information visit https://errors.pydantic.dev/2.12/v/string_type
23:31:59 [WARNING] Module sfp_subdomainradar contract issues: Meta validation failed: 1 validation error for ModuleMeta
dataSource.apiKeyInstructions
  Input should be a valid string [type=string_type, input_value=['Visit https://subdomain...er provides 100 points'], input_type=list]
    For further information visit https://errors.pydantic.dev/2.12/v/string_type
23:31:59 [WARNING] Module sfp_textmagic contract issues: Meta validation failed: 1 validation error for ModuleMeta
dataSource.apiKeyInstructions
  Input should be a valid string [type=string_type, input_value=['Visit https://textmagic...e 'The new API Key is'"], input_type=list]
    For further information visit https://errors.pydantic.dev/2.12/v/string_type
23:31:59 [WARNING] Module sfp_tiktok_osint contract issues: Meta validation failed: 1 validation error for ModuleMeta
dataSource.apiKeyInstructions
  Input should be a valid string [type=string_type, input_value=['Visit https://developer... Key and Client Secret'], input_type=list]
    For further information visit https://errors.pydantic.dev/2.12/v/string_type
23:31:59 [WARNING] Module sfp_tool_phoneinfoga contract issues: Meta validation failed: 1 validation error for ModuleMeta
dataSource.apiKeyInstructions
  Input should be a valid string [type=string_type, input_value=['See https://github.com/...in the module options.'], input_type=list]
    For further information visit https://errors.pydantic.dev/2.12/v/string_type
23:31:59 [WARNING] Module sfp_tool_wappalyzer contract issues: Meta validation failed: 1 validation error for ModuleMeta
dataSource.apiKeyInstructions
  Input should be a valid string [type=string_type, input_value=['Sign up at https://www....in the module options.'], input_type=list]
    For further information visit https://errors.pydantic.dev/2.12/v/string_type
23:31:59 [WARNING] Module sfp_tron contract issues: Meta validation failed: 1 validation error for ModuleMeta
dataSource.apiKeyInstructions
  Input should be a valid string [type=string_type, input_value=['Register at https://www... module configuration.'], input_type=list]
    For further information visit https://errors.pydantic.dev/2.12/v/string_type
23:31:59 [WARNING] Module sfp_twilio contract issues: Meta validation failed: 1 validation error for ModuleMeta
dataSource.apiKeyInstructions
  Input should be a valid string [type=string_type, input_value=['Visit https://www.twili... SID' and 'Auth Token'"], input_type=list]
    For further information visit https://errors.pydantic.dev/2.12/v/string_type
23:31:59 [WARNING] Module sfp_unwiredlabs contract issues: Meta validation failed: 1 validation error for ModuleMeta
dataSource.apiKeyInstructions
  Input should be a valid string [type=string_type, input_value=['Register at https://unw... module configuration.'], input_type=list]
    For further information visit https://errors.pydantic.dev/2.12/v/string_type
23:31:59 [WARNING] Module sfp_validin contract issues: Meta validation failed: 1 validation error for ModuleMeta
dataSource.apiKeyInstructions
  Input should be a valid string [type=string_type, input_value=['Visit https://app.valid... listed under API Keys'], input_type=list]
    For further information visit https://errors.pydantic.dev/2.12/v/string_type
23:31:59 [WARNING] Module sfp_viewdns contract issues: Meta validation failed: 1 validation error for ModuleMeta
dataSource.apiKeyInstructions
  Input should be a valid string [type=string_type, input_value=['Visit https://viewdns.i...listed under 'API Key'"], input_type=list]
    For further information visit https://errors.pydantic.dev/2.12/v/string_type
23:31:59 [WARNING] Module sfp_virustotal contract issues: Meta validation failed: 1 validation error for ModuleMeta
dataSource.apiKeyInstructions
  Input should be a valid string [type=string_type, input_value=['Visit https://www.virus...listed under 'API Key'"], input_type=list]
    For further information visit https://errors.pydantic.dev/2.12/v/string_type
23:31:59 [WARNING] Module sfp_wechat contract issues: Meta validation failed: 1 validation error for ModuleMeta
dataSource.apiKeyInstructions
  Input should be a valid string [type=string_type, input_value=['Register for WeChat API... module configuration.'], input_type=list]
    For further information visit https://errors.pydantic.dev/2.12/v/string_type
23:31:59 [WARNING] Module sfp_whatcms contract issues: Meta validation failed: 1 validation error for ModuleMeta
dataSource.apiKeyInstructions
  Input should be a valid string [type=string_type, input_value=['Visit https://whatcms.o...d under 'Your API Key'"], input_type=list]
    For further information visit https://errors.pydantic.dev/2.12/v/string_type
23:31:59 [WARNING] Module sfp_whatsapp contract issues: Meta validation failed: 1 validation error for ModuleMeta
dataSource.apiKeyInstructions
  Input should be a valid string [type=string_type, input_value=['Apply for WhatsApp Busi... module configuration.'], input_type=list]
    For further information visit https://errors.pydantic.dev/2.12/v/string_type
23:31:59 [WARNING] Module sfp_whoisfreaks contract issues: Meta validation failed: 1 validation error for ModuleMeta
dataSource.apiKeyInstructions
  Input should be a valid string [type=string_type, input_value=['Visit https://whoisfrea...pricing/api-plans.html'], input_type=list]
    For further information visit https://errors.pydantic.dev/2.12/v/string_type
23:31:59 [WARNING] Module sfp_whoisology contract issues: Meta validation failed: 1 validation error for ModuleMeta
dataSource.apiKeyInstructions
  Input should be a valid string [type=string_type, input_value=['Visit https://whoisolog...nd receive the API Key'], input_type=list]
    For further information visit https://errors.pydantic.dev/2.12/v/string_type
23:31:59 [WARNING] Module sfp_whoisxmlapi contract issues: Meta validation failed: 1 validation error for ModuleMeta
dataSource.apiKeyInstructions
  Input should be a valid string [type=string_type, input_value=['Visit https://www.whois...d on the products page'], input_type=list]
    For further information visit https://errors.pydantic.dev/2.12/v/string_type
23:31:59 [WARNING] Module sfp_whoxy contract issues: Meta validation failed: 1 validation error for ModuleMeta
dataSource.apiKeyInstructions
  Input should be a valid string [type=string_type, input_value=['Visit https://www.whoxy...presented upon payment'], input_type=list]
    For further information visit https://errors.pydantic.dev/2.12/v/string_type
23:31:59 [WARNING] Module sfp_wificafespots contract issues: Meta validation failed: 1 validation error for ModuleMeta
dataSource.apiKeyInstructions
  Input should be a valid string [type=string_type, input_value=[], input_type=list]
    For further information visit https://errors.pydantic.dev/2.12/v/string_type
23:31:59 [WARNING] Module sfp_wifimapio contract issues: Meta validation failed: 1 validation error for ModuleMeta
dataSource.apiKeyInstructions
  Input should be a valid string [type=string_type, input_value=[], input_type=list]
    For further information visit https://errors.pydantic.dev/2.12/v/string_type
23:31:59 [WARNING] Module sfp_wigle contract issues: Meta validation failed: 1 validation error for ModuleMeta
dataSource.apiKeyInstructions
  Input should be a valid string [type=string_type, input_value=['Visit https://wigle.net...t to 'Encoded for use'"], input_type=list]
    For further information visit https://errors.pydantic.dev/2.12/v/string_type
23:31:59 [WARNING] Module sfp_wpscan contract issues: Meta validation failed: 1 validation error for ModuleMeta
dataSource.apiKeyInstructions
  Input should be a valid string [type=string_type, input_value=['Visit https://wpscan.co...ted daily API requests'], input_type=list]
    For further information visit https://errors.pydantic.dev/2.12/v/string_type
23:31:59 [WARNING] Module sfp_xforce contract issues: Meta validation failed: 1 validation error for ModuleMeta
dataSource.apiKeyInstructions
  Input should be a valid string [type=string_type, input_value=['Visit https://exchange....ey' and 'API Password'"], input_type=list]
    For further information visit https://errors.pydantic.dev/2.12/v/string_type
23:31:59 [WARNING] Module sfp_xiaohongshu contract issues: Meta validation failed: 1 validation error for ModuleMeta
dataSource.apiKeyInstructions
  Input should be a valid string [type=string_type, input_value=['No API key required for...ublic post monitoring.'], input_type=list]
    For further information visit https://errors.pydantic.dev/2.12/v/string_type
23:31:59 [WARNING] Module sfp_zetalytics contract issues: Meta validation failed: 1 validation error for ModuleMeta
dataSource.apiKeyInstructions
  Input should be a valid string [type=string_type, input_value=['Visit https://mailchi.m...and request an API key'], input_type=list]
    For further information visit https://errors.pydantic.dev/2.12/v/string_type
23:31:59 [WARNING] Module sfp_zonefiles contract issues: Meta validation failed: 1 validation error for ModuleMeta
dataSource.apiKeyInstructions
  Input should be a valid string [type=string_type, input_value=['Visit https://zonefiles...xt to 'Your API token'"], input_type=list]
    For further information visit https://errors.pydantic.dev/2.12/v/string_type
23:31:59 [WARNING] Module sfp_zoomeye contract issues: Meta validation failed: 1 validation error for ModuleMeta
dataSource.apiKeyInstructions
  Input should be a valid string [type=string_type, input_value=['Visit https://www.zoome...listed under 'API Key'"], input_type=list]
    For further information visit https://errors.pydantic.dev/2.12/v/string_type
23:31:59 [INFO] Contract validation: 133/305 modules have warnings
PASSED                                                                   [ 61%]
test/unit/test_module_registry.py::TestModuleRegistryRealModules::test_real_categories 
-------------------------------- live log call --------------------------------
23:31:59 [INFO] Module discovery complete: 305 loaded, 4 failed (dir=D:\github\spiderfoot\modules)
23:31:59 [WARNING] Module sfp_4chan contract issues: Meta validation failed: 1 validation error for ModuleMeta
dataSource.apiKeyInstructions
  Input should be a valid string [type=string_type, input_value=['No API key required for...blic board monitoring.'], input_type=list]
    For further information visit https://errors.pydantic.dev/2.12/v/string_type
23:31:59 [WARNING] Module sfp_abstractapi contract issues: Meta validation failed: 1 validation error for ModuleMeta
dataSource.apiKeyInstructions
  Input should be a valid string [type=string_type, input_value=['Visit https://app.abstr...specific to this API.'"], input_type=list]
    For further information visit https://errors.pydantic.dev/2.12/v/string_type
23:31:59 [WARNING] Module sfp_abusech contract issues: Meta validation failed: 1 validation error for ModuleMeta
dataSource.apiKeyInstructions
  Input should be a valid string [type=string_type, input_value=['Visit https://bazaar.ab...listed under 'API-Key'"], input_type=list]
    For further information visit https://errors.pydantic.dev/2.12/v/string_type
23:31:59 [WARNING] Module sfp_abuseipdb contract issues: Meta validation failed: 1 validation error for ModuleMeta
dataSource.apiKeyInstructions
  Input should be a valid string [type=string_type, input_value=['Visit https://www.abuse...is listed under 'Keys'"], input_type=list]
    For further information visit https://errors.pydantic.dev/2.12/v/string_type
23:31:59 [WARNING] Module sfp_adsbexchange contract issues: Meta validation failed: 1 validation error for ModuleMeta
dataSource.apiKeyInstructions
  Input should be a valid string [type=string_type, input_value=['Register at https://rap...in the _api_key option'], input_type=list]
    For further information visit https://errors.pydantic.dev/2.12/v/string_type
23:31:59 [WARNING] Module sfp_alienvault contract issues: Meta validation failed: 1 validation error for ModuleMeta
dataSource.apiKeyInstructions
  Input should be a valid string [type=string_type, input_value=['Visit https://otx.alien...listed under 'OTX Key'"], input_type=list]
    For further information visit https://errors.pydantic.dev/2.12/v/string_type
23:31:59 [WARNING] Module sfp_aparat contract issues: Meta validation failed: 1 validation error for ModuleMeta
dataSource.apiKeyInstructions
  Input should be a valid string [type=string_type, input_value=['No API key required for...blic video monitoring.'], input_type=list]
    For further information visit https://errors.pydantic.dev/2.12/v/string_type
23:31:59 [WARNING] Module sfp_apileak contract issues: Meta validation failed: 1 validation error for ModuleMeta
dataSource.apiKeyInstructions
  Input should be a valid string [type=string_type, input_value=['Sign up at https://gith... module configuration.'], input_type=list]
    For further information visit https://errors.pydantic.dev/2.12/v/string_type
23:31:59 [WARNING] Module sfp_apivoid contract issues: Meta validation failed: 1 validation error for ModuleMeta
dataSource.apiKeyInstructions
  Input should be a valid string [type=string_type, input_value=['Visit https://www.apivo...d to find your API key'], input_type=list]
    For further information visit https://errors.pydantic.dev/2.12/v/string_type
23:31:59 [WARNING] Module sfp_aprsfi contract issues: Meta validation failed: 1 validation error for ModuleMeta
dataSource.apiKeyInstructions
  Input should be a valid string [type=string_type, input_value=['Register an account at ...in the _api_key option'], input_type=list]
    For further information visit https://errors.pydantic.dev/2.12/v/string_type
23:31:59 [WARNING] Module sfp_arbitrum contract issues: Meta validation failed: 1 validation error for ModuleMeta
dataSource.apiKeyInstructions
  Input should be a valid string [type=string_type, input_value=['Register at https://arb... module configuration.'], input_type=list]
    For further information visit https://errors.pydantic.dev/2.12/v/string_type
23:31:59 [WARNING] Module sfp_aviationstack contract issues: Meta validation failed: 1 validation error for ModuleMeta
dataSource.apiKeyInstructions
  Input should be a valid string [type=string_type, input_value=['Register at https://avi...in the _api_key option'], input_type=list]
    For further information visit https://errors.pydantic.dev/2.12/v/string_type
23:31:59 [WARNING] Module sfp_bevigil contract issues: Meta validation failed: 1 validation error for ModuleMeta
dataSource.apiKeyInstructions
  Input should be a valid string [type=string_type, input_value=['Visit https://bevigil.c...your account dashboard'], input_type=list]
    For further information visit https://errors.pydantic.dev/2.12/v/string_type
23:31:59 [WARNING] Module sfp_binaryedge contract issues: Meta validation failed: 1 validation error for ModuleMeta
dataSource.apiKeyInstructions
  Input should be a valid string [type=string_type, input_value=['Visit https://www.binar...ted under 'API Access'"], input_type=list]
    For further information visit https://errors.pydantic.dev/2.12/v/string_type
23:31:59 [WARNING] Module sfp_bingsearch contract issues: Meta validation failed: 1 validation error for ModuleMeta
dataSource.apiKeyInstructions
  Input should be a valid string [type=string_type, input_value=['Visit https://azure.mic...y2' (both should work)"], input_type=list]
    For further information visit https://errors.pydantic.dev/2.12/v/string_type
23:31:59 [WARNING] Module sfp_bingsharedip contract issues: Meta validation failed: 1 validation error for ModuleMeta
dataSource.apiKeyInstructions
  Input should be a valid string [type=string_type, input_value=['Visit https://azure.mic...y2' (both should work)"], input_type=list]
    For further information visit https://errors.pydantic.dev/2.12/v/string_type
23:31:59 [WARNING] Module sfp_bitcoinwhoswho contract issues: Meta validation failed: 1 validation error for ModuleMeta
dataSource.apiKeyInstructions
  Input should be a valid string [type=string_type, input_value=['Visit https://bitcoinwh...ceive it to your email"], input_type=list]
    For further information visit https://errors.pydantic.dev/2.12/v/string_type
23:31:59 [WARNING] Module sfp_blockchain_analytics contract issues: Meta validation failed: 1 validation error for ModuleMeta
dataSource.apiKeyInstructions
  Input should be a valid string [type=string_type, input_value=['Sign up for BlockCypher...ys for better coverage'], input_type=list]
    For further information visit https://errors.pydantic.dev/2.12/v/string_type
23:31:59 [WARNING] Module sfp_bluesky contract issues: Meta validation failed: 1 validation error for ModuleMeta
dataSource.apiKeyInstructions
  Input should be a valid string [type=string_type, input_value=['Register at https://bsk... module configuration.'], input_type=list]
    For further information visit https://errors.pydantic.dev/2.12/v/string_type
23:31:59 [WARNING] Module sfp_bnb contract issues: Meta validation failed: 1 validation error for ModuleMeta
dataSource.apiKeyInstructions
  Input should be a valid string [type=string_type, input_value=['Register at https://bsc... module configuration.'], input_type=list]
    For further information visit https://errors.pydantic.dev/2.12/v/string_type
23:31:59 [WARNING] Module sfp_botscout contract issues: Meta validation failed: 1 validation error for ModuleMeta
dataSource.apiKeyInstructions
  Input should be a valid string [type=string_type, input_value=['Visit http://botscout.c...mailed to your account'], input_type=list]
    For further information visit https://errors.pydantic.dev/2.12/v/string_type
23:31:59 [WARNING] Module sfp_bugbounty contract issues: Meta validation failed: 1 validation error for ModuleMeta
dataSource.apiKeyInstructions
  Input should be a valid string [type=string_type, input_value=['For HackerOne: create a...e corresponding option'], input_type=list]
    For further information visit https://errors.pydantic.dev/2.12/v/string_type
23:31:59 [WARNING] Module sfp_builtwith contract issues: Meta validation failed: 1 validation error for ModuleMeta
dataSource.apiKeyInstructions
  Input should be a valid string [type=string_type, input_value=['Visit https://api.built...d under 'Your API Key'"], input_type=list]
    For further information visit https://errors.pydantic.dev/2.12/v/string_type
23:31:59 [WARNING] Module sfp_c99 contract issues: Meta validation failed: 1 validation error for ModuleMeta
dataSource.apiKeyInstructions
  Input should be a valid string [type=string_type, input_value=['Visit https://api.c99.n...your API key by email.'], input_type=list]
    For further information visit https://errors.pydantic.dev/2.12/v/string_type
23:31:59 [WARNING] Module sfp_censys contract issues: Meta validation failed: 1 validation error for ModuleMeta
dataSource.apiKeyInstructions
  Input should be a valid string [type=string_type, input_value=['Visit https://censys.io... 'API ID' and 'Secret'"], input_type=list]
    For further information visit https://errors.pydantic.dev/2.12/v/string_type
23:31:59 [WARNING] Module sfp_certspotter contract issues: Meta validation failed: 1 validation error for ModuleMeta
dataSource.apiKeyInstructions
  Input should be a valid string [type=string_type, input_value=['Visit https://sslmate.c...nder 'API Credentials'"], input_type=list]
    For further information visit https://errors.pydantic.dev/2.12/v/string_type
23:31:59 [WARNING] Module sfp_circllu contract issues: Meta validation failed: 1 validation error for ModuleMeta
dataSource.apiKeyInstructions
  Input should be a valid string [type=string_type, input_value=['Visit https://www.circl...provided once approved'], input_type=list]
    For further information visit https://errors.pydantic.dev/2.12/v/string_type
23:31:59 [WARNING] Module sfp_cisco_umbrella contract issues: Meta validation failed: 1 validation error for ModuleMeta
dataSource.apiKeyInstructions
  Input should be a valid string [type=string_type, input_value=['Visit https://umbrella....Generate a new API key'], input_type=list]
    For further information visit https://errors.pydantic.dev/2.12/v/string_type
23:31:59 [WARNING] Module sfp_citadel contract issues: Meta validation failed: 1 validation error for ModuleMeta
dataSource.apiKeyInstructions
  Input should be a valid string [type=string_type, input_value=['Visit https://leak-look...listed under 'API Key'"], input_type=list]
    For further information visit https://errors.pydantic.dev/2.12/v/string_type
23:31:59 [WARNING] Module sfp_criminalip contract issues: Meta validation failed: 1 validation error for ModuleMeta
dataSource.apiKeyInstructions
  Input should be a valid string [type=string_type, input_value=['Visit https://www.crimi...isted under 'API Key'."], input_type=list]
    For further information visit https://errors.pydantic.dev/2.12/v/string_type
23:31:59 [WARNING] Module sfp_datalastic contract issues: Meta validation failed: 1 validation error for ModuleMeta
dataSource.apiKeyInstructions
  Input should be a valid string [type=string_type, input_value=['Register at https://dat...in the _api_key option'], input_type=list]
    For further information visit https://errors.pydantic.dev/2.12/v/string_type
23:31:59 [WARNING] Module sfp_deepinfo contract issues: Meta validation failed: 1 validation error for ModuleMeta
dataSource.apiKeyInstructions
  Input should be a valid string [type=string_type, input_value=['Visit https://deepinfo....isted under 'API Keys'"], input_type=list]
    For further information visit https://errors.pydantic.dev/2.12/v/string_type
23:31:59 [WARNING] Module sfp_dehashed contract issues: Meta validation failed: 1 validation error for ModuleMeta
dataSource.apiKeyInstructions
  Input should be a valid string [type=string_type, input_value=['Visit https://www.dehas...listed under 'API Key'"], input_type=list]
    For further information visit https://errors.pydantic.dev/2.12/v/string_type
23:31:59 [WARNING] Module sfp_dideo contract issues: Meta validation failed: 1 validation error for ModuleMeta
dataSource.apiKeyInstructions
  Input should be a valid string [type=string_type, input_value=['No API key required for...blic video monitoring.'], input_type=list]
    For further information visit https://errors.pydantic.dev/2.12/v/string_type
23:31:59 [WARNING] Module sfp_discord contract issues: Meta validation failed: 1 validation error for ModuleMeta
dataSource.apiKeyInstructions
  Input should be a valid string [type=string_type, input_value=['Go to https://discord.c... module configuration.'], input_type=list]
    For further information visit https://errors.pydantic.dev/2.12/v/string_type
23:31:59 [WARNING] Module sfp_douyin contract issues: Meta validation failed: 1 validation error for ModuleMeta
dataSource.apiKeyInstructions
  Input should be a valid string [type=string_type, input_value=['No API key required for...blic video monitoring.'], input_type=list]
    For further information visit https://errors.pydantic.dev/2.12/v/string_type
23:31:59 [WARNING] Module sfp_emailcrawlr contract issues: Meta validation failed: 1 validation error for ModuleMeta
dataSource.apiKeyInstructions
  Input should be a valid string [type=string_type, input_value=['Visit https://emailcraw...listed under 'API Key'"], input_type=list]
    For further information visit https://errors.pydantic.dev/2.12/v/string_type
23:31:59 [WARNING] Module sfp_emailrep contract issues: Meta validation failed: 1 validation error for ModuleMeta
dataSource.apiKeyInstructions
  Input should be a valid string [type=string_type, input_value=['Visit https://emailrep....il account on approval'], input_type=list]
    For further information visit https://errors.pydantic.dev/2.12/v/string_type
23:31:59 [WARNING] Module sfp_ethereum contract issues: Meta validation failed: 1 validation error for ModuleMeta
dataSource.apiKeyInstructions
  Input should be a valid string [type=string_type, input_value=['Register at https://eth... module configuration.'], input_type=list]
    For further information visit https://errors.pydantic.dev/2.12/v/string_type
23:31:59 [WARNING] Module sfp_etherscan contract issues: Meta validation failed: 1 validation error for ModuleMeta
dataSource.apiKeyInstructions
  Input should be a valid string [type=string_type, input_value=['Visit https://etherscan...ed under API Key Token'], input_type=list]
    For further information visit https://errors.pydantic.dev/2.12/v/string_type
23:31:59 [WARNING] Module sfp_example contract issues: Missing required attribute: opts; Missing required attribute: optdescs
23:31:59 [WARNING] Module sfp_flickr contract issues: Meta validation failed: 1 validation error for ModuleMeta
dataSource.apiKeyInstructions
  Input should be a valid string [type=string_type, input_value=['Visit https://www.flick... the confirmation page'], input_type=list]
    For further information visit https://errors.pydantic.dev/2.12/v/string_type
23:31:59 [WARNING] Module sfp_focsec contract issues: Meta validation failed: 1 validation error for ModuleMeta
dataSource.apiKeyInstructions
  Input should be a valid string [type=string_type, input_value=['Visit https://focsec.co...e the API key provided'], input_type=list]
    For further information visit https://errors.pydantic.dev/2.12/v/string_type
23:31:59 [WARNING] Module sfp_fofa contract issues: Meta validation failed: 1 validation error for ModuleMeta
dataSource.apiKeyInstructions
  Input should be a valid string [type=string_type, input_value=['Visit https://fofa.info...isted under 'API Key'."], input_type=list]
    For further information visit https://errors.pydantic.dev/2.12/v/string_type
23:31:59 [WARNING] Module sfp_fraudguard contract issues: Meta validation failed: 1 validation error for ModuleMeta
dataSource.apiKeyInstructions
  Input should be a valid string [type=string_type, input_value=['Visit https://app.fraud... Username and Password'], input_type=list]
    For further information visit https://errors.pydantic.dev/2.12/v/string_type
23:31:59 [WARNING] Module sfp_fullcontact contract issues: Meta validation failed: 1 validation error for ModuleMeta
dataSource.apiKeyInstructions
  Input should be a valid string [type=string_type, input_value=['Visit https://fullconta... under 'Your API Keys'"], input_type=list]
    For further information visit https://errors.pydantic.dev/2.12/v/string_type
23:31:59 [WARNING] Module sfp_fullhunt contract issues: Meta validation failed: 1 validation error for ModuleMeta
dataSource.apiKeyInstructions
  Input should be a valid string [type=string_type, input_value=['Visit https://fullhunt....ted under 'API Access'"], input_type=list]
    For further information visit https://errors.pydantic.dev/2.12/v/string_type
23:31:59 [WARNING] Module sfp_googlemaps contract issues: Meta validation failed: 1 validation error for ModuleMeta
dataSource.apiKeyInstructions
  Input should be a valid string [type=string_type, input_value=['Visit https://cloud.goo...isted under 'API Keys'"], input_type=list]
    For further information visit https://errors.pydantic.dev/2.12/v/string_type
23:31:59 [WARNING] Module sfp_googlesafebrowsing contract issues: Meta validation failed: 1 validation error for ModuleMeta
dataSource.apiKeyInstructions
  Input should be a valid string [type=string_type, input_value=['Visit https://console.d...your newly created key'], input_type=list]
    For further information visit https://errors.pydantic.dev/2.12/v/string_type
23:31:59 [WARNING] Module sfp_googlesearch contract issues: Meta validation failed: 1 validation error for ModuleMeta
dataSource.apiKeyInstructions
  Input should be a valid string [type=string_type, input_value=['Visit https://developer...d under 'YOUR API KEY'"], input_type=list]
    For further information visit https://errors.pydantic.dev/2.12/v/string_type
23:31:59 [WARNING] Module sfp_grayhatwarfare contract issues: Meta validation failed: 1 validation error for ModuleMeta
dataSource.apiKeyInstructions
  Input should be a valid string [type=string_type, input_value=['Visit https://grayhatwa...listed under 'Api Key'"], input_type=list]
    For further information visit https://errors.pydantic.dev/2.12/v/string_type
23:31:59 [WARNING] Module sfp_greynoise contract issues: Meta validation failed: 1 validation error for ModuleMeta
dataSource.apiKeyInstructions
  Input should be a valid string [type=string_type, input_value=['Visit https://viz.greyn...listed under 'API Key'"], input_type=list]
    For further information visit https://errors.pydantic.dev/2.12/v/string_type
23:31:59 [WARNING] Module sfp_greynoise_community contract issues: Meta validation failed: 1 validation error for ModuleMeta
dataSource.apiKeyInstructions
  Input should be a valid string [type=string_type, input_value=['Visit https://viz.greyn...listed under 'API Key'"], input_type=list]
    For further information visit https://errors.pydantic.dev/2.12/v/string_type
23:31:59 [WARNING] Module sfp_haveibeenpwned contract issues: Meta validation failed: 1 validation error for ModuleMeta
dataSource.apiKeyInstructions
  Input should be a valid string [type=string_type, input_value=['Visit https://haveibeen...ibeenpwned.com/API/Key'], input_type=list]
    For further information visit https://errors.pydantic.dev/2.12/v/string_type
23:31:59 [WARNING] Module sfp_honeypot contract issues: Meta validation failed: 1 validation error for ModuleMeta
dataSource.apiKeyInstructions
  Input should be a valid string [type=string_type, input_value=['Visit https://www.proje...ur http:BL Access Key'"], input_type=list]
    For further information visit https://errors.pydantic.dev/2.12/v/string_type
23:31:59 [WARNING] Module sfp_hostio contract issues: Meta validation failed: 1 validation error for ModuleMeta
dataSource.apiKeyInstructions
  Input should be a valid string [type=string_type, input_value=['Visit https://host.io/s...ication token provided'], input_type=list]
    For further information visit https://errors.pydantic.dev/2.12/v/string_type
23:31:59 [WARNING] Module sfp_hunter contract issues: Meta validation failed: 1 validation error for ModuleMeta
dataSource.apiKeyInstructions
  Input should be a valid string [type=string_type, input_value=['Visit https://hunter.io...d under 'Your API Key'"], input_type=list]
    For further information visit https://errors.pydantic.dev/2.12/v/string_type
23:31:59 [WARNING] Module sfp_hunterhow contract issues: Meta validation failed: 1 validation error for ModuleMeta
dataSource.apiKeyInstructions
  Input should be a valid string [type=string_type, input_value=['Visit https://hunter.ho...isted on the dashboard'], input_type=list]
    For further information visit https://errors.pydantic.dev/2.12/v/string_type
23:31:59 [WARNING] Module sfp_hybrid_analysis contract issues: Meta validation failed: 1 validation error for ModuleMeta
dataSource.apiKeyInstructions
  Input should be a valid string [type=string_type, input_value=['Visit https://www.hybri...listed under 'API Key'"], input_type=list]
    For further information visit https://errors.pydantic.dev/2.12/v/string_type
23:31:59 [WARNING] Module sfp_iknowwhatyoudownload contract issues: Meta validation failed: 1 validation error for ModuleMeta
dataSource.apiKeyInstructions
  Input should be a valid string [type=string_type, input_value=['Visit https://iknowwhat... be sent to your email'], input_type=list]
    For further information visit https://errors.pydantic.dev/2.12/v/string_type
23:31:59 [WARNING] Module sfp_instagram contract issues: Meta validation failed: 1 validation error for ModuleMeta
dataSource.apiKeyInstructions
  Input should be a valid string [type=string_type, input_value=['Register an application... module configuration.'], input_type=list]
    For further information visit https://errors.pydantic.dev/2.12/v/string_type
23:31:59 [WARNING] Module sfp_intelx contract issues: Meta validation failed: 1 validation error for ModuleMeta
dataSource.apiKeyInstructions
  Input should be a valid string [type=string_type, input_value=['Visit https://intelx.io...der 'Your API details'"], input_type=list]
    For further information visit https://errors.pydantic.dev/2.12/v/string_type
23:31:59 [WARNING] Module sfp_ipapicom contract issues: Meta validation failed: 1 validation error for ModuleMeta
dataSource.apiKeyInstructions
  Input should be a valid string [type=string_type, input_value=['Visit https://ipapi.com...er Your API Access Key'], input_type=list]
    For further information visit https://errors.pydantic.dev/2.12/v/string_type
23:31:59 [WARNING] Module sfp_ipinfo contract issues: Meta validation failed: 1 validation error for ModuleMeta
dataSource.apiKeyInstructions
  Input should be a valid string [type=string_type, input_value=['Visit https://ipinfo.io...'is your access token'"], input_type=list]
    For further information visit https://errors.pydantic.dev/2.12/v/string_type
23:31:59 [WARNING] Module sfp_ipinfo_modern contract issues: Meta validation failed: 1 validation error for ModuleMeta
dataSource.apiKeyInstructions
  Input should be a valid string [type=string_type, input_value=['Visit https://ipinfo.io...'is your access token'"], input_type=list]
    For further information visit https://errors.pydantic.dev/2.12/v/string_type
23:31:59 [WARNING] Module sfp_ipqualityscore contract issues: Meta validation failed: 1 validation error for ModuleMeta
dataSource.apiKeyInstructions
  Input should be a valid string [type=string_type, input_value=['Visit https://www.ipqua...listed under 'API Key'"], input_type=list]
    For further information visit https://errors.pydantic.dev/2.12/v/string_type
23:31:59 [WARNING] Module sfp_ipregistry contract issues: Meta validation failed: 1 validation error for ModuleMeta
dataSource.apiKeyInstructions
  Input should be a valid string [type=string_type, input_value=['Visit https://dashboard...r existing Default key"], input_type=list]
    For further information visit https://errors.pydantic.dev/2.12/v/string_type
23:31:59 [WARNING] Module sfp_ipstack contract issues: Meta validation failed: 1 validation error for ModuleMeta
dataSource.apiKeyInstructions
  Input should be a valid string [type=string_type, input_value=['Visit https://ipstack.c... 'Your API Access Key'"], input_type=list]
    For further information visit https://errors.pydantic.dev/2.12/v/string_type
23:31:59 [WARNING] Module sfp_jsonwhoiscom contract issues: Meta validation failed: 1 validation error for ModuleMeta
dataSource.apiKeyInstructions
  Input should be a valid string [type=string_type, input_value=['Visit https://jsonwhois...listed under 'Api Key'"], input_type=list]
    For further information visit https://errors.pydantic.dev/2.12/v/string_type
23:31:59 [WARNING] Module sfp_koodous contract issues: Meta validation failed: 1 validation error for ModuleMeta
dataSource.apiKeyInstructions
  Input should be a valid string [type=string_type, input_value=['Visit https://koodous.c...ication token provided'], input_type=list]
    For further information visit https://errors.pydantic.dev/2.12/v/string_type
23:31:59 [WARNING] Module sfp_leakcheck contract issues: Meta validation failed: 1 validation error for ModuleMeta
dataSource.apiKeyInstructions
  Input should be a valid string [type=string_type, input_value=['Visit https://leakcheck...ate your API key there'], input_type=list]
    For further information visit https://errors.pydantic.dev/2.12/v/string_type
23:31:59 [WARNING] Module sfp_leakix contract issues: Meta validation failed: 1 validation error for ModuleMeta
dataSource.apiKeyInstructions
  Input should be a valid string [type=string_type, input_value=['Visit https://leakix.ne... to generate a new key"], input_type=list]
    For further information visit https://errors.pydantic.dev/2.12/v/string_type
23:31:59 [WARNING] Module sfp_luminar contract issues: Meta validation failed: 1 validation error for ModuleMeta
dataSource.apiKeyInstructions
  Input should be a valid string [type=string_type, input_value=['Visit https://www.lumin..., 'Generate an API key'], input_type=list]
    For further information visit https://errors.pydantic.dev/2.12/v/string_type
23:31:59 [WARNING] Module sfp_malwarepatrol contract issues: Meta validation failed: 1 validation error for ModuleMeta
dataSource.apiKeyInstructions
  Input should be a valid string [type=string_type, input_value=['Visit https://www.malwa...e mailed to your email'], input_type=list]
    For further information visit https://errors.pydantic.dev/2.12/v/string_type
23:31:59 [WARNING] Module sfp_mandiant_ti contract issues: Meta validation failed: 1 validation error for ModuleMeta
dataSource.apiKeyInstructions
  Input should be a valid string [type=string_type, input_value=['Visit https://www.mandi..., 'Generate an API key'], input_type=list]
    For further information visit https://errors.pydantic.dev/2.12/v/string_type
23:31:59 [WARNING] Module sfp_mastodon contract issues: Meta validation failed: 1 validation error for ModuleMeta
dataSource.apiKeyInstructions
  Input should be a valid string [type=string_type, input_value=['Register at your Mastod... module configuration.'], input_type=list]
    For further information visit https://errors.pydantic.dev/2.12/v/string_type
23:31:59 [WARNING] Module sfp_matrix contract issues: Meta validation failed: 1 validation error for ModuleMeta
dataSource.apiKeyInstructions
  Input should be a valid string [type=string_type, input_value=['Register at https://mat... module configuration.'], input_type=list]
    For further information visit https://errors.pydantic.dev/2.12/v/string_type
23:31:59 [WARNING] Module sfp_mattermost contract issues: Meta validation failed: 1 validation error for ModuleMeta
dataSource.apiKeyInstructions
  Input should be a valid string [type=string_type, input_value=['Register at your Matter... module configuration.'], input_type=list]
    For further information visit https://errors.pydantic.dev/2.12/v/string_type
23:31:59 [WARNING] Module sfp_metadefender contract issues: Meta validation failed: 1 validation error for ModuleMeta
dataSource.apiKeyInstructions
  Input should be a valid string [type=string_type, input_value=['Visit https://metadefen...listed under 'API key'"], input_type=list]
    For further information visit https://errors.pydantic.dev/2.12/v/string_type
23:31:59 [WARNING] Module sfp_nameapi contract issues: Meta validation failed: 1 validation error for ModuleMeta
dataSource.apiKeyInstructions
  Input should be a valid string [type=string_type, input_value=['Visit https://nameapi.o... be sent to your email'], input_type=list]
    For further information visit https://errors.pydantic.dev/2.12/v/string_type
23:31:59 [WARNING] Module sfp_netlas contract issues: Meta validation failed: 1 validation error for ModuleMeta
dataSource.apiKeyInstructions
  Input should be a valid string [type=string_type, input_value=['Visit https://netlas.io...isted under 'API Key'."], input_type=list]
    For further information visit https://errors.pydantic.dev/2.12/v/string_type
23:31:59 [WARNING] Module sfp_networksdb contract issues: Meta validation failed: 1 validation error for ModuleMeta
dataSource.apiKeyInstructions
  Input should be a valid string [type=string_type, input_value=['Visit https://networksd...r 'API Key: Free plan'"], input_type=list]
    For further information visit https://errors.pydantic.dev/2.12/v/string_type
23:31:59 [WARNING] Module sfp_neutrinoapi contract issues: Meta validation failed: 1 validation error for ModuleMeta
dataSource.apiKeyInstructions
  Input should be a valid string [type=string_type, input_value=['Visit https://www.neutr...ted under 'Master Key'"], input_type=list]
    For further information visit https://errors.pydantic.dev/2.12/v/string_type
23:31:59 [WARNING] Module sfp_numverify contract issues: Meta validation failed: 1 validation error for ModuleMeta
dataSource.apiKeyInstructions
  Input should be a valid string [type=string_type, input_value=['Visit https://numverify... 'Your API Access Key'"], input_type=list]
    For further information visit https://errors.pydantic.dev/2.12/v/string_type
23:31:59 [WARNING] Module sfp_onioncity contract issues: Meta validation failed: 1 validation error for ModuleMeta
dataSource.apiKeyInstructions
  Input should be a valid string [type=string_type, input_value=['Visit https://developer...d under 'YOUR API KEY'"], input_type=list]
    For further information visit https://errors.pydantic.dev/2.12/v/string_type
23:31:59 [WARNING] Module sfp_onyphe contract issues: Meta validation failed: 1 validation error for ModuleMeta
dataSource.apiKeyInstructions
  Input should be a valid string [type=string_type, input_value=['Visit https://www.onyph...listed under 'API Key'"], input_type=list]
    For further information visit https://errors.pydantic.dev/2.12/v/string_type
23:31:59 [WARNING] Module sfp_opencorporates contract issues: Meta validation failed: 1 validation error for ModuleMeta
dataSource.apiKeyInstructions
  Input should be a valid string [type=string_type, input_value=['Visit https://opencorpo...ed under 'API Account'"], input_type=list]
    For further information visit https://errors.pydantic.dev/2.12/v/string_type
23:31:59 [WARNING] Module sfp_openwifimap contract issues: Meta validation failed: 1 validation error for ModuleMeta
dataSource.apiKeyInstructions
  Input should be a valid string [type=string_type, input_value=[], input_type=list]
    For further information visit https://errors.pydantic.dev/2.12/v/string_type
23:31:59 [WARNING] Module sfp_pastebin contract issues: Meta validation failed: 1 validation error for ModuleMeta
dataSource.apiKeyInstructions
  Input should be a valid string [type=string_type, input_value=['Visit https://developer...d under 'YOUR API KEY'"], input_type=list]
    For further information visit https://errors.pydantic.dev/2.12/v/string_type
23:31:59 [WARNING] Module sfp_projectdiscovery contract issues: Meta validation failed: 1 validation error for ModuleMeta
dataSource.apiKeyInstructions
  Input should be a valid string [type=string_type, input_value=['Visit https://chaos.pro...your API key by email.'], input_type=list]
    For further information visit https://errors.pydantic.dev/2.12/v/string_type
23:31:59 [WARNING] Module sfp_publicwww contract issues: Meta validation failed: 1 validation error for ModuleMeta
dataSource.apiKeyInstructions
  Input should be a valid string [type=string_type, input_value=['Visit https://publicwww...be listed on that page'], input_type=list]
    For further information visit https://errors.pydantic.dev/2.12/v/string_type
23:31:59 [WARNING] Module sfp_pulsedive contract issues: Meta validation failed: 1 validation error for ModuleMeta
dataSource.apiKeyInstructions
  Input should be a valid string [type=string_type, input_value=['Visit https://pulsedive...d under 'Your API Key'"], input_type=list]
    For further information visit https://errors.pydantic.dev/2.12/v/string_type
23:31:59 [WARNING] Module sfp_recordedfuture contract issues: Meta validation failed: 1 validation error for ModuleMeta
dataSource.apiKeyInstructions
  Input should be a valid string [type=string_type, input_value=['Visit https://www.recor..., 'Generate an API key'], input_type=list]
    For further information visit https://errors.pydantic.dev/2.12/v/string_type
23:31:59 [WARNING] Module sfp_reddit contract issues: Meta validation failed: 1 validation error for ModuleMeta
dataSource.apiKeyInstructions
  Input should be a valid string [type=string_type, input_value=['Go to https://www.reddi... module configuration.'], input_type=list]
    For further information visit https://errors.pydantic.dev/2.12/v/string_type
23:31:59 [WARNING] Module sfp_rocketchat contract issues: Meta validation failed: 1 validation error for ModuleMeta
dataSource.apiKeyInstructions
  Input should be a valid string [type=string_type, input_value=['Register at your Rocket... module configuration.'], input_type=list]
    For further information visit https://errors.pydantic.dev/2.12/v/string_type
23:31:59 [WARNING] Module sfp_rocketreach contract issues: Meta validation failed: 1 validation error for ModuleMeta
dataSource.apiKeyInstructions
  Input should be a valid string [type=string_type, input_value=['Visit https://rocketrea...listed under 'API Key'"], input_type=list]
    For further information visit https://errors.pydantic.dev/2.12/v/string_type
23:31:59 [WARNING] Module sfp_rubika contract issues: Meta validation failed: 1 validation error for ModuleMeta
dataSource.apiKeyInstructions
  Input should be a valid string [type=string_type, input_value=['No API key required for...ic channel monitoring.'], input_type=list]
    For further information visit https://errors.pydantic.dev/2.12/v/string_type
23:31:59 [WARNING] Module sfp_securitytrails contract issues: Meta validation failed: 1 validation error for ModuleMeta
dataSource.apiKeyInstructions
  Input should be a valid string [type=string_type, input_value=['Visit https://securityt...listed under 'API Key'"], input_type=list]
    For further information visit https://errors.pydantic.dev/2.12/v/string_type
23:31:59 [WARNING] Module sfp_seon contract issues: Meta validation failed: 1 validation error for ModuleMeta
dataSource.apiKeyInstructions
  Input should be a valid string [type=string_type, input_value=['Visit https://seon.io/'...ed under 'License key'"], input_type=list]
    For further information visit https://errors.pydantic.dev/2.12/v/string_type
23:31:59 [WARNING] Module sfp_shodan contract issues: Meta validation failed: 1 validation error for ModuleMeta
dataSource.apiKeyInstructions
  Input should be a valid string [type=string_type, input_value=['Visit https://shodan.io...listed under 'API Key'"], input_type=list]
    For further information visit https://errors.pydantic.dev/2.12/v/string_type
23:31:59 [WARNING] Module sfp_snov contract issues: Meta validation failed: 1 validation error for ModuleMeta
dataSource.apiKeyInstructions
  Input should be a valid string [type=string_type, input_value=['Visit https://snov.io',...r ID' and 'API Secret'"], input_type=list]
    For further information visit https://errors.pydantic.dev/2.12/v/string_type
23:31:59 [WARNING] Module sfp_sociallinks contract issues: Meta validation failed: 1 validation error for ModuleMeta
dataSource.apiKeyInstructions
  Input should be a valid string [type=string_type, input_value=['Visit https://sociallin..., 'Register an account'], input_type=list]
    For further information visit https://errors.pydantic.dev/2.12/v/string_type
23:31:59 [WARNING] Module sfp_socialprofiles contract issues: Meta validation failed: 1 validation error for ModuleMeta
dataSource.apiKeyInstructions
  Input should be a valid string [type=string_type, input_value=['If using Google:', 'Vis...y2' (both should work)"], input_type=list]
    For further information visit https://errors.pydantic.dev/2.12/v/string_type
23:31:59 [WARNING] Module sfp_soroush contract issues: Meta validation failed: 1 validation error for ModuleMeta
dataSource.apiKeyInstructions
  Input should be a valid string [type=string_type, input_value=['No API key required for...ic channel monitoring.'], input_type=list]
    For further information visit https://errors.pydantic.dev/2.12/v/string_type
23:31:59 [WARNING] Module sfp_spur contract issues: Meta validation failed: 1 validation error for ModuleMeta
dataSource.apiKeyInstructions
  Input should be a valid string [type=string_type, input_value=['Visit https://spur.us',...s listed under 'Token'"], input_type=list]
    For further information visit https://errors.pydantic.dev/2.12/v/string_type
23:31:59 [WARNING] Module sfp_stackoverflow contract issues: Meta validation failed: 1 validation error for ModuleMeta
dataSource.apiKeyInstructions
  Input should be a valid string [type=string_type, input_value=['Visit https://stackapps...creased request quota."], input_type=list]
    For further information visit https://errors.pydantic.dev/2.12/v/string_type
23:31:59 [WARNING] Module sfp_subdomainradar contract issues: Meta validation failed: 1 validation error for ModuleMeta
dataSource.apiKeyInstructions
  Input should be a valid string [type=string_type, input_value=['Visit https://subdomain...er provides 100 points'], input_type=list]
    For further information visit https://errors.pydantic.dev/2.12/v/string_type
23:31:59 [WARNING] Module sfp_textmagic contract issues: Meta validation failed: 1 validation error for ModuleMeta
dataSource.apiKeyInstructions
  Input should be a valid string [type=string_type, input_value=['Visit https://textmagic...e 'The new API Key is'"], input_type=list]
    For further information visit https://errors.pydantic.dev/2.12/v/string_type
23:31:59 [WARNING] Module sfp_tiktok_osint contract issues: Meta validation failed: 1 validation error for ModuleMeta
dataSource.apiKeyInstructions
  Input should be a valid string [type=string_type, input_value=['Visit https://developer... Key and Client Secret'], input_type=list]
    For further information visit https://errors.pydantic.dev/2.12/v/string_type
23:31:59 [WARNING] Module sfp_tool_phoneinfoga contract issues: Meta validation failed: 1 validation error for ModuleMeta
dataSource.apiKeyInstructions
  Input should be a valid string [type=string_type, input_value=['See https://github.com/...in the module options.'], input_type=list]
    For further information visit https://errors.pydantic.dev/2.12/v/string_type
23:31:59 [WARNING] Module sfp_tool_wappalyzer contract issues: Meta validation failed: 1 validation error for ModuleMeta
dataSource.apiKeyInstructions
  Input should be a valid string [type=string_type, input_value=['Sign up at https://www....in the module options.'], input_type=list]
    For further information visit https://errors.pydantic.dev/2.12/v/string_type
23:31:59 [WARNING] Module sfp_tron contract issues: Meta validation failed: 1 validation error for ModuleMeta
dataSource.apiKeyInstructions
  Input should be a valid string [type=string_type, input_value=['Register at https://www... module configuration.'], input_type=list]
    For further information visit https://errors.pydantic.dev/2.12/v/string_type
23:31:59 [WARNING] Module sfp_twilio contract issues: Meta validation failed: 1 validation error for ModuleMeta
dataSource.apiKeyInstructions
  Input should be a valid string [type=string_type, input_value=['Visit https://www.twili... SID' and 'Auth Token'"], input_type=list]
    For further information visit https://errors.pydantic.dev/2.12/v/string_type
23:31:59 [WARNING] Module sfp_unwiredlabs contract issues: Meta validation failed: 1 validation error for ModuleMeta
dataSource.apiKeyInstructions
  Input should be a valid string [type=string_type, input_value=['Register at https://unw... module configuration.'], input_type=list]
    For further information visit https://errors.pydantic.dev/2.12/v/string_type
23:31:59 [WARNING] Module sfp_validin contract issues: Meta validation failed: 1 validation error for ModuleMeta
dataSource.apiKeyInstructions
  Input should be a valid string [type=string_type, input_value=['Visit https://app.valid... listed under API Keys'], input_type=list]
    For further information visit https://errors.pydantic.dev/2.12/v/string_type
23:31:59 [WARNING] Module sfp_viewdns contract issues: Meta validation failed: 1 validation error for ModuleMeta
dataSource.apiKeyInstructions
  Input should be a valid string [type=string_type, input_value=['Visit https://viewdns.i...listed under 'API Key'"], input_type=list]
    For further information visit https://errors.pydantic.dev/2.12/v/string_type
23:31:59 [WARNING] Module sfp_virustotal contract issues: Meta validation failed: 1 validation error for ModuleMeta
dataSource.apiKeyInstructions
  Input should be a valid string [type=string_type, input_value=['Visit https://www.virus...listed under 'API Key'"], input_type=list]
    For further information visit https://errors.pydantic.dev/2.12/v/string_type
23:31:59 [WARNING] Module sfp_wechat contract issues: Meta validation failed: 1 validation error for ModuleMeta
dataSource.apiKeyInstructions
  Input should be a valid string [type=string_type, input_value=['Register for WeChat API... module configuration.'], input_type=list]
    For further information visit https://errors.pydantic.dev/2.12/v/string_type
23:31:59 [WARNING] Module sfp_whatcms contract issues: Meta validation failed: 1 validation error for ModuleMeta
dataSource.apiKeyInstructions
  Input should be a valid string [type=string_type, input_value=['Visit https://whatcms.o...d under 'Your API Key'"], input_type=list]
    For further information visit https://errors.pydantic.dev/2.12/v/string_type
23:31:59 [WARNING] Module sfp_whatsapp contract issues: Meta validation failed: 1 validation error for ModuleMeta
dataSource.apiKeyInstructions
  Input should be a valid string [type=string_type, input_value=['Apply for WhatsApp Busi... module configuration.'], input_type=list]
    For further information visit https://errors.pydantic.dev/2.12/v/string_type
23:31:59 [WARNING] Module sfp_whoisfreaks contract issues: Meta validation failed: 1 validation error for ModuleMeta
dataSource.apiKeyInstructions
  Input should be a valid string [type=string_type, input_value=['Visit https://whoisfrea...pricing/api-plans.html'], input_type=list]
    For further information visit https://errors.pydantic.dev/2.12/v/string_type
23:31:59 [WARNING] Module sfp_whoisology contract issues: Meta validation failed: 1 validation error for ModuleMeta
dataSource.apiKeyInstructions
  Input should be a valid string [type=string_type, input_value=['Visit https://whoisolog...nd receive the API Key'], input_type=list]
    For further information visit https://errors.pydantic.dev/2.12/v/string_type
23:31:59 [WARNING] Module sfp_whoisxmlapi contract issues: Meta validation failed: 1 validation error for ModuleMeta
dataSource.apiKeyInstructions
  Input should be a valid string [type=string_type, input_value=['Visit https://www.whois...d on the products page'], input_type=list]
    For further information visit https://errors.pydantic.dev/2.12/v/string_type
23:31:59 [WARNING] Module sfp_whoxy contract issues: Meta validation failed: 1 validation error for ModuleMeta
dataSource.apiKeyInstructions
  Input should be a valid string [type=string_type, input_value=['Visit https://www.whoxy...presented upon payment'], input_type=list]
    For further information visit https://errors.pydantic.dev/2.12/v/string_type
23:31:59 [WARNING] Module sfp_wificafespots contract issues: Meta validation failed: 1 validation error for ModuleMeta
dataSource.apiKeyInstructions
  Input should be a valid string [type=string_type, input_value=[], input_type=list]
    For further information visit https://errors.pydantic.dev/2.12/v/string_type
23:31:59 [WARNING] Module sfp_wifimapio contract issues: Meta validation failed: 1 validation error for ModuleMeta
dataSource.apiKeyInstructions
  Input should be a valid string [type=string_type, input_value=[], input_type=list]
    For further information visit https://errors.pydantic.dev/2.12/v/string_type
23:31:59 [WARNING] Module sfp_wigle contract issues: Meta validation failed: 1 validation error for ModuleMeta
dataSource.apiKeyInstructions
  Input should be a valid string [type=string_type, input_value=['Visit https://wigle.net...t to 'Encoded for use'"], input_type=list]
    For further information visit https://errors.pydantic.dev/2.12/v/string_type
23:31:59 [WARNING] Module sfp_wpscan contract issues: Meta validation failed: 1 validation error for ModuleMeta
dataSource.apiKeyInstructions
  Input should be a valid string [type=string_type, input_value=['Visit https://wpscan.co...ted daily API requests'], input_type=list]
    For further information visit https://errors.pydantic.dev/2.12/v/string_type
23:31:59 [WARNING] Module sfp_xforce contract issues: Meta validation failed: 1 validation error for ModuleMeta
dataSource.apiKeyInstructions
  Input should be a valid string [type=string_type, input_value=['Visit https://exchange....ey' and 'API Password'"], input_type=list]
    For further information visit https://errors.pydantic.dev/2.12/v/string_type
23:31:59 [WARNING] Module sfp_xiaohongshu contract issues: Meta validation failed: 1 validation error for ModuleMeta
dataSource.apiKeyInstructions
  Input should be a valid string [type=string_type, input_value=['No API key required for...ublic post monitoring.'], input_type=list]
    For further information visit https://errors.pydantic.dev/2.12/v/string_type
23:31:59 [WARNING] Module sfp_zetalytics contract issues: Meta validation failed: 1 validation error for ModuleMeta
dataSource.apiKeyInstructions
  Input should be a valid string [type=string_type, input_value=['Visit https://mailchi.m...and request an API key'], input_type=list]
    For further information visit https://errors.pydantic.dev/2.12/v/string_type
23:31:59 [WARNING] Module sfp_zonefiles contract issues: Meta validation failed: 1 validation error for ModuleMeta
dataSource.apiKeyInstructions
  Input should be a valid string [type=string_type, input_value=['Visit https://zonefiles...xt to 'Your API token'"], input_type=list]
    For further information visit https://errors.pydantic.dev/2.12/v/string_type
23:31:59 [WARNING] Module sfp_zoomeye contract issues: Meta validation failed: 1 validation error for ModuleMeta
dataSource.apiKeyInstructions
  Input should be a valid string [type=string_type, input_value=['Visit https://www.zoome...listed under 'API Key'"], input_type=list]
    For further information visit https://errors.pydantic.dev/2.12/v/string_type
23:31:59 [INFO] Contract validation: 133/305 modules have warnings
PASSED                                                                   [ 61%]
test/unit/test_module_registry.py::TestModuleRegistryRealModules::test_real_ip_address_producers 
-------------------------------- live log call --------------------------------
23:31:59 [INFO] Module discovery complete: 305 loaded, 4 failed (dir=D:\github\spiderfoot\modules)
23:31:59 [WARNING] Module sfp_4chan contract issues: Meta validation failed: 1 validation error for ModuleMeta
dataSource.apiKeyInstructions
  Input should be a valid string [type=string_type, input_value=['No API key required for...blic board monitoring.'], input_type=list]
    For further information visit https://errors.pydantic.dev/2.12/v/string_type
23:31:59 [WARNING] Module sfp_abstractapi contract issues: Meta validation failed: 1 validation error for ModuleMeta
dataSource.apiKeyInstructions
  Input should be a valid string [type=string_type, input_value=['Visit https://app.abstr...specific to this API.'"], input_type=list]
    For further information visit https://errors.pydantic.dev/2.12/v/string_type
23:31:59 [WARNING] Module sfp_abusech contract issues: Meta validation failed: 1 validation error for ModuleMeta
dataSource.apiKeyInstructions
  Input should be a valid string [type=string_type, input_value=['Visit https://bazaar.ab...listed under 'API-Key'"], input_type=list]
    For further information visit https://errors.pydantic.dev/2.12/v/string_type
23:31:59 [WARNING] Module sfp_abuseipdb contract issues: Meta validation failed: 1 validation error for ModuleMeta
dataSource.apiKeyInstructions
  Input should be a valid string [type=string_type, input_value=['Visit https://www.abuse...is listed under 'Keys'"], input_type=list]
    For further information visit https://errors.pydantic.dev/2.12/v/string_type
23:31:59 [WARNING] Module sfp_adsbexchange contract issues: Meta validation failed: 1 validation error for ModuleMeta
dataSource.apiKeyInstructions
  Input should be a valid string [type=string_type, input_value=['Register at https://rap...in the _api_key option'], input_type=list]
    For further information visit https://errors.pydantic.dev/2.12/v/string_type
23:31:59 [WARNING] Module sfp_alienvault contract issues: Meta validation failed: 1 validation error for ModuleMeta
dataSource.apiKeyInstructions
  Input should be a valid string [type=string_type, input_value=['Visit https://otx.alien...listed under 'OTX Key'"], input_type=list]
    For further information visit https://errors.pydantic.dev/2.12/v/string_type
23:31:59 [WARNING] Module sfp_aparat contract issues: Meta validation failed: 1 validation error for ModuleMeta
dataSource.apiKeyInstructions
  Input should be a valid string [type=string_type, input_value=['No API key required for...blic video monitoring.'], input_type=list]
    For further information visit https://errors.pydantic.dev/2.12/v/string_type
23:31:59 [WARNING] Module sfp_apileak contract issues: Meta validation failed: 1 validation error for ModuleMeta
dataSource.apiKeyInstructions
  Input should be a valid string [type=string_type, input_value=['Sign up at https://gith... module configuration.'], input_type=list]
    For further information visit https://errors.pydantic.dev/2.12/v/string_type
23:31:59 [WARNING] Module sfp_apivoid contract issues: Meta validation failed: 1 validation error for ModuleMeta
dataSource.apiKeyInstructions
  Input should be a valid string [type=string_type, input_value=['Visit https://www.apivo...d to find your API key'], input_type=list]
    For further information visit https://errors.pydantic.dev/2.12/v/string_type
23:31:59 [WARNING] Module sfp_aprsfi contract issues: Meta validation failed: 1 validation error for ModuleMeta
dataSource.apiKeyInstructions
  Input should be a valid string [type=string_type, input_value=['Register an account at ...in the _api_key option'], input_type=list]
    For further information visit https://errors.pydantic.dev/2.12/v/string_type
23:31:59 [WARNING] Module sfp_arbitrum contract issues: Meta validation failed: 1 validation error for ModuleMeta
dataSource.apiKeyInstructions
  Input should be a valid string [type=string_type, input_value=['Register at https://arb... module configuration.'], input_type=list]
    For further information visit https://errors.pydantic.dev/2.12/v/string_type
23:31:59 [WARNING] Module sfp_aviationstack contract issues: Meta validation failed: 1 validation error for ModuleMeta
dataSource.apiKeyInstructions
  Input should be a valid string [type=string_type, input_value=['Register at https://avi...in the _api_key option'], input_type=list]
    For further information visit https://errors.pydantic.dev/2.12/v/string_type
23:31:59 [WARNING] Module sfp_bevigil contract issues: Meta validation failed: 1 validation error for ModuleMeta
dataSource.apiKeyInstructions
  Input should be a valid string [type=string_type, input_value=['Visit https://bevigil.c...your account dashboard'], input_type=list]
    For further information visit https://errors.pydantic.dev/2.12/v/string_type
23:31:59 [WARNING] Module sfp_binaryedge contract issues: Meta validation failed: 1 validation error for ModuleMeta
dataSource.apiKeyInstructions
  Input should be a valid string [type=string_type, input_value=['Visit https://www.binar...ted under 'API Access'"], input_type=list]
    For further information visit https://errors.pydantic.dev/2.12/v/string_type
23:31:59 [WARNING] Module sfp_bingsearch contract issues: Meta validation failed: 1 validation error for ModuleMeta
dataSource.apiKeyInstructions
  Input should be a valid string [type=string_type, input_value=['Visit https://azure.mic...y2' (both should work)"], input_type=list]
    For further information visit https://errors.pydantic.dev/2.12/v/string_type
23:31:59 [WARNING] Module sfp_bingsharedip contract issues: Meta validation failed: 1 validation error for ModuleMeta
dataSource.apiKeyInstructions
  Input should be a valid string [type=string_type, input_value=['Visit https://azure.mic...y2' (both should work)"], input_type=list]
    For further information visit https://errors.pydantic.dev/2.12/v/string_type
23:31:59 [WARNING] Module sfp_bitcoinwhoswho contract issues: Meta validation failed: 1 validation error for ModuleMeta
dataSource.apiKeyInstructions
  Input should be a valid string [type=string_type, input_value=['Visit https://bitcoinwh...ceive it to your email"], input_type=list]
    For further information visit https://errors.pydantic.dev/2.12/v/string_type
23:31:59 [WARNING] Module sfp_blockchain_analytics contract issues: Meta validation failed: 1 validation error for ModuleMeta
dataSource.apiKeyInstructions
  Input should be a valid string [type=string_type, input_value=['Sign up for BlockCypher...ys for better coverage'], input_type=list]
    For further information visit https://errors.pydantic.dev/2.12/v/string_type
23:31:59 [WARNING] Module sfp_bluesky contract issues: Meta validation failed: 1 validation error for ModuleMeta
dataSource.apiKeyInstructions
  Input should be a valid string [type=string_type, input_value=['Register at https://bsk... module configuration.'], input_type=list]
    For further information visit https://errors.pydantic.dev/2.12/v/string_type
23:31:59 [WARNING] Module sfp_bnb contract issues: Meta validation failed: 1 validation error for ModuleMeta
dataSource.apiKeyInstructions
  Input should be a valid string [type=string_type, input_value=['Register at https://bsc... module configuration.'], input_type=list]
    For further information visit https://errors.pydantic.dev/2.12/v/string_type
23:31:59 [WARNING] Module sfp_botscout contract issues: Meta validation failed: 1 validation error for ModuleMeta
dataSource.apiKeyInstructions
  Input should be a valid string [type=string_type, input_value=['Visit http://botscout.c...mailed to your account'], input_type=list]
    For further information visit https://errors.pydantic.dev/2.12/v/string_type
23:31:59 [WARNING] Module sfp_bugbounty contract issues: Meta validation failed: 1 validation error for ModuleMeta
dataSource.apiKeyInstructions
  Input should be a valid string [type=string_type, input_value=['For HackerOne: create a...e corresponding option'], input_type=list]
    For further information visit https://errors.pydantic.dev/2.12/v/string_type
23:31:59 [WARNING] Module sfp_builtwith contract issues: Meta validation failed: 1 validation error for ModuleMeta
dataSource.apiKeyInstructions
  Input should be a valid string [type=string_type, input_value=['Visit https://api.built...d under 'Your API Key'"], input_type=list]
    For further information visit https://errors.pydantic.dev/2.12/v/string_type
23:31:59 [WARNING] Module sfp_c99 contract issues: Meta validation failed: 1 validation error for ModuleMeta
dataSource.apiKeyInstructions
  Input should be a valid string [type=string_type, input_value=['Visit https://api.c99.n...your API key by email.'], input_type=list]
    For further information visit https://errors.pydantic.dev/2.12/v/string_type
23:31:59 [WARNING] Module sfp_censys contract issues: Meta validation failed: 1 validation error for ModuleMeta
dataSource.apiKeyInstructions
  Input should be a valid string [type=string_type, input_value=['Visit https://censys.io... 'API ID' and 'Secret'"], input_type=list]
    For further information visit https://errors.pydantic.dev/2.12/v/string_type
23:31:59 [WARNING] Module sfp_certspotter contract issues: Meta validation failed: 1 validation error for ModuleMeta
dataSource.apiKeyInstructions
  Input should be a valid string [type=string_type, input_value=['Visit https://sslmate.c...nder 'API Credentials'"], input_type=list]
    For further information visit https://errors.pydantic.dev/2.12/v/string_type
23:31:59 [WARNING] Module sfp_circllu contract issues: Meta validation failed: 1 validation error for ModuleMeta
dataSource.apiKeyInstructions
  Input should be a valid string [type=string_type, input_value=['Visit https://www.circl...provided once approved'], input_type=list]
    For further information visit https://errors.pydantic.dev/2.12/v/string_type
23:31:59 [WARNING] Module sfp_cisco_umbrella contract issues: Meta validation failed: 1 validation error for ModuleMeta
dataSource.apiKeyInstructions
  Input should be a valid string [type=string_type, input_value=['Visit https://umbrella....Generate a new API key'], input_type=list]
    For further information visit https://errors.pydantic.dev/2.12/v/string_type
23:31:59 [WARNING] Module sfp_citadel contract issues: Meta validation failed: 1 validation error for ModuleMeta
dataSource.apiKeyInstructions
  Input should be a valid string [type=string_type, input_value=['Visit https://leak-look...listed under 'API Key'"], input_type=list]
    For further information visit https://errors.pydantic.dev/2.12/v/string_type
23:31:59 [WARNING] Module sfp_criminalip contract issues: Meta validation failed: 1 validation error for ModuleMeta
dataSource.apiKeyInstructions
  Input should be a valid string [type=string_type, input_value=['Visit https://www.crimi...isted under 'API Key'."], input_type=list]
    For further information visit https://errors.pydantic.dev/2.12/v/string_type
23:31:59 [WARNING] Module sfp_datalastic contract issues: Meta validation failed: 1 validation error for ModuleMeta
dataSource.apiKeyInstructions
  Input should be a valid string [type=string_type, input_value=['Register at https://dat...in the _api_key option'], input_type=list]
    For further information visit https://errors.pydantic.dev/2.12/v/string_type
23:31:59 [WARNING] Module sfp_deepinfo contract issues: Meta validation failed: 1 validation error for ModuleMeta
dataSource.apiKeyInstructions
  Input should be a valid string [type=string_type, input_value=['Visit https://deepinfo....isted under 'API Keys'"], input_type=list]
    For further information visit https://errors.pydantic.dev/2.12/v/string_type
23:31:59 [WARNING] Module sfp_dehashed contract issues: Meta validation failed: 1 validation error for ModuleMeta
dataSource.apiKeyInstructions
  Input should be a valid string [type=string_type, input_value=['Visit https://www.dehas...listed under 'API Key'"], input_type=list]
    For further information visit https://errors.pydantic.dev/2.12/v/string_type
23:31:59 [WARNING] Module sfp_dideo contract issues: Meta validation failed: 1 validation error for ModuleMeta
dataSource.apiKeyInstructions
  Input should be a valid string [type=string_type, input_value=['No API key required for...blic video monitoring.'], input_type=list]
    For further information visit https://errors.pydantic.dev/2.12/v/string_type
23:31:59 [WARNING] Module sfp_discord contract issues: Meta validation failed: 1 validation error for ModuleMeta
dataSource.apiKeyInstructions
  Input should be a valid string [type=string_type, input_value=['Go to https://discord.c... module configuration.'], input_type=list]
    For further information visit https://errors.pydantic.dev/2.12/v/string_type
23:31:59 [WARNING] Module sfp_douyin contract issues: Meta validation failed: 1 validation error for ModuleMeta
dataSource.apiKeyInstructions
  Input should be a valid string [type=string_type, input_value=['No API key required for...blic video monitoring.'], input_type=list]
    For further information visit https://errors.pydantic.dev/2.12/v/string_type
23:31:59 [WARNING] Module sfp_emailcrawlr contract issues: Meta validation failed: 1 validation error for ModuleMeta
dataSource.apiKeyInstructions
  Input should be a valid string [type=string_type, input_value=['Visit https://emailcraw...listed under 'API Key'"], input_type=list]
    For further information visit https://errors.pydantic.dev/2.12/v/string_type
23:31:59 [WARNING] Module sfp_emailrep contract issues: Meta validation failed: 1 validation error for ModuleMeta
dataSource.apiKeyInstructions
  Input should be a valid string [type=string_type, input_value=['Visit https://emailrep....il account on approval'], input_type=list]
    For further information visit https://errors.pydantic.dev/2.12/v/string_type
23:31:59 [WARNING] Module sfp_ethereum contract issues: Meta validation failed: 1 validation error for ModuleMeta
dataSource.apiKeyInstructions
  Input should be a valid string [type=string_type, input_value=['Register at https://eth... module configuration.'], input_type=list]
    For further information visit https://errors.pydantic.dev/2.12/v/string_type
23:31:59 [WARNING] Module sfp_etherscan contract issues: Meta validation failed: 1 validation error for ModuleMeta
dataSource.apiKeyInstructions
  Input should be a valid string [type=string_type, input_value=['Visit https://etherscan...ed under API Key Token'], input_type=list]
    For further information visit https://errors.pydantic.dev/2.12/v/string_type
23:31:59 [WARNING] Module sfp_example contract issues: Missing required attribute: opts; Missing required attribute: optdescs
23:31:59 [WARNING] Module sfp_flickr contract issues: Meta validation failed: 1 validation error for ModuleMeta
dataSource.apiKeyInstructions
  Input should be a valid string [type=string_type, input_value=['Visit https://www.flick... the confirmation page'], input_type=list]
    For further information visit https://errors.pydantic.dev/2.12/v/string_type
23:31:59 [WARNING] Module sfp_focsec contract issues: Meta validation failed: 1 validation error for ModuleMeta
dataSource.apiKeyInstructions
  Input should be a valid string [type=string_type, input_value=['Visit https://focsec.co...e the API key provided'], input_type=list]
    For further information visit https://errors.pydantic.dev/2.12/v/string_type
23:31:59 [WARNING] Module sfp_fofa contract issues: Meta validation failed: 1 validation error for ModuleMeta
dataSource.apiKeyInstructions
  Input should be a valid string [type=string_type, input_value=['Visit https://fofa.info...isted under 'API Key'."], input_type=list]
    For further information visit https://errors.pydantic.dev/2.12/v/string_type
23:31:59 [WARNING] Module sfp_fraudguard contract issues: Meta validation failed: 1 validation error for ModuleMeta
dataSource.apiKeyInstructions
  Input should be a valid string [type=string_type, input_value=['Visit https://app.fraud... Username and Password'], input_type=list]
    For further information visit https://errors.pydantic.dev/2.12/v/string_type
23:31:59 [WARNING] Module sfp_fullcontact contract issues: Meta validation failed: 1 validation error for ModuleMeta
dataSource.apiKeyInstructions
  Input should be a valid string [type=string_type, input_value=['Visit https://fullconta... under 'Your API Keys'"], input_type=list]
    For further information visit https://errors.pydantic.dev/2.12/v/string_type
23:31:59 [WARNING] Module sfp_fullhunt contract issues: Meta validation failed: 1 validation error for ModuleMeta
dataSource.apiKeyInstructions
  Input should be a valid string [type=string_type, input_value=['Visit https://fullhunt....ted under 'API Access'"], input_type=list]
    For further information visit https://errors.pydantic.dev/2.12/v/string_type
23:31:59 [WARNING] Module sfp_googlemaps contract issues: Meta validation failed: 1 validation error for ModuleMeta
dataSource.apiKeyInstructions
  Input should be a valid string [type=string_type, input_value=['Visit https://cloud.goo...isted under 'API Keys'"], input_type=list]
    For further information visit https://errors.pydantic.dev/2.12/v/string_type
23:31:59 [WARNING] Module sfp_googlesafebrowsing contract issues: Meta validation failed: 1 validation error for ModuleMeta
dataSource.apiKeyInstructions
  Input should be a valid string [type=string_type, input_value=['Visit https://console.d...your newly created key'], input_type=list]
    For further information visit https://errors.pydantic.dev/2.12/v/string_type
23:31:59 [WARNING] Module sfp_googlesearch contract issues: Meta validation failed: 1 validation error for ModuleMeta
dataSource.apiKeyInstructions
  Input should be a valid string [type=string_type, input_value=['Visit https://developer...d under 'YOUR API KEY'"], input_type=list]
    For further information visit https://errors.pydantic.dev/2.12/v/string_type
23:31:59 [WARNING] Module sfp_grayhatwarfare contract issues: Meta validation failed: 1 validation error for ModuleMeta
dataSource.apiKeyInstructions
  Input should be a valid string [type=string_type, input_value=['Visit https://grayhatwa...listed under 'Api Key'"], input_type=list]
    For further information visit https://errors.pydantic.dev/2.12/v/string_type
23:31:59 [WARNING] Module sfp_greynoise contract issues: Meta validation failed: 1 validation error for ModuleMeta
dataSource.apiKeyInstructions
  Input should be a valid string [type=string_type, input_value=['Visit https://viz.greyn...listed under 'API Key'"], input_type=list]
    For further information visit https://errors.pydantic.dev/2.12/v/string_type
23:31:59 [WARNING] Module sfp_greynoise_community contract issues: Meta validation failed: 1 validation error for ModuleMeta
dataSource.apiKeyInstructions
  Input should be a valid string [type=string_type, input_value=['Visit https://viz.greyn...listed under 'API Key'"], input_type=list]
    For further information visit https://errors.pydantic.dev/2.12/v/string_type
23:31:59 [WARNING] Module sfp_haveibeenpwned contract issues: Meta validation failed: 1 validation error for ModuleMeta
dataSource.apiKeyInstructions
  Input should be a valid string [type=string_type, input_value=['Visit https://haveibeen...ibeenpwned.com/API/Key'], input_type=list]
    For further information visit https://errors.pydantic.dev/2.12/v/string_type
23:31:59 [WARNING] Module sfp_honeypot contract issues: Meta validation failed: 1 validation error for ModuleMeta
dataSource.apiKeyInstructions
  Input should be a valid string [type=string_type, input_value=['Visit https://www.proje...ur http:BL Access Key'"], input_type=list]
    For further information visit https://errors.pydantic.dev/2.12/v/string_type
23:31:59 [WARNING] Module sfp_hostio contract issues: Meta validation failed: 1 validation error for ModuleMeta
dataSource.apiKeyInstructions
  Input should be a valid string [type=string_type, input_value=['Visit https://host.io/s...ication token provided'], input_type=list]
    For further information visit https://errors.pydantic.dev/2.12/v/string_type
23:31:59 [WARNING] Module sfp_hunter contract issues: Meta validation failed: 1 validation error for ModuleMeta
dataSource.apiKeyInstructions
  Input should be a valid string [type=string_type, input_value=['Visit https://hunter.io...d under 'Your API Key'"], input_type=list]
    For further information visit https://errors.pydantic.dev/2.12/v/string_type
23:31:59 [WARNING] Module sfp_hunterhow contract issues: Meta validation failed: 1 validation error for ModuleMeta
dataSource.apiKeyInstructions
  Input should be a valid string [type=string_type, input_value=['Visit https://hunter.ho...isted on the dashboard'], input_type=list]
    For further information visit https://errors.pydantic.dev/2.12/v/string_type
23:31:59 [WARNING] Module sfp_hybrid_analysis contract issues: Meta validation failed: 1 validation error for ModuleMeta
dataSource.apiKeyInstructions
  Input should be a valid string [type=string_type, input_value=['Visit https://www.hybri...listed under 'API Key'"], input_type=list]
    For further information visit https://errors.pydantic.dev/2.12/v/string_type
23:31:59 [WARNING] Module sfp_iknowwhatyoudownload contract issues: Meta validation failed: 1 validation error for ModuleMeta
dataSource.apiKeyInstructions
  Input should be a valid string [type=string_type, input_value=['Visit https://iknowwhat... be sent to your email'], input_type=list]
    For further information visit https://errors.pydantic.dev/2.12/v/string_type
23:31:59 [WARNING] Module sfp_instagram contract issues: Meta validation failed: 1 validation error for ModuleMeta
dataSource.apiKeyInstructions
  Input should be a valid string [type=string_type, input_value=['Register an application... module configuration.'], input_type=list]
    For further information visit https://errors.pydantic.dev/2.12/v/string_type
23:31:59 [WARNING] Module sfp_intelx contract issues: Meta validation failed: 1 validation error for ModuleMeta
dataSource.apiKeyInstructions
  Input should be a valid string [type=string_type, input_value=['Visit https://intelx.io...der 'Your API details'"], input_type=list]
    For further information visit https://errors.pydantic.dev/2.12/v/string_type
23:31:59 [WARNING] Module sfp_ipapicom contract issues: Meta validation failed: 1 validation error for ModuleMeta
dataSource.apiKeyInstructions
  Input should be a valid string [type=string_type, input_value=['Visit https://ipapi.com...er Your API Access Key'], input_type=list]
    For further information visit https://errors.pydantic.dev/2.12/v/string_type
23:31:59 [WARNING] Module sfp_ipinfo contract issues: Meta validation failed: 1 validation error for ModuleMeta
dataSource.apiKeyInstructions
  Input should be a valid string [type=string_type, input_value=['Visit https://ipinfo.io...'is your access token'"], input_type=list]
    For further information visit https://errors.pydantic.dev/2.12/v/string_type
23:31:59 [WARNING] Module sfp_ipinfo_modern contract issues: Meta validation failed: 1 validation error for ModuleMeta
dataSource.apiKeyInstructions
  Input should be a valid string [type=string_type, input_value=['Visit https://ipinfo.io...'is your access token'"], input_type=list]
    For further information visit https://errors.pydantic.dev/2.12/v/string_type
23:31:59 [WARNING] Module sfp_ipqualityscore contract issues: Meta validation failed: 1 validation error for ModuleMeta
dataSource.apiKeyInstructions
  Input should be a valid string [type=string_type, input_value=['Visit https://www.ipqua...listed under 'API Key'"], input_type=list]
    For further information visit https://errors.pydantic.dev/2.12/v/string_type
23:31:59 [WARNING] Module sfp_ipregistry contract issues: Meta validation failed: 1 validation error for ModuleMeta
dataSource.apiKeyInstructions
  Input should be a valid string [type=string_type, input_value=['Visit https://dashboard...r existing Default key"], input_type=list]
    For further information visit https://errors.pydantic.dev/2.12/v/string_type
23:31:59 [WARNING] Module sfp_ipstack contract issues: Meta validation failed: 1 validation error for ModuleMeta
dataSource.apiKeyInstructions
  Input should be a valid string [type=string_type, input_value=['Visit https://ipstack.c... 'Your API Access Key'"], input_type=list]
    For further information visit https://errors.pydantic.dev/2.12/v/string_type
23:31:59 [WARNING] Module sfp_jsonwhoiscom contract issues: Meta validation failed: 1 validation error for ModuleMeta
dataSource.apiKeyInstructions
  Input should be a valid string [type=string_type, input_value=['Visit https://jsonwhois...listed under 'Api Key'"], input_type=list]
    For further information visit https://errors.pydantic.dev/2.12/v/string_type
23:31:59 [WARNING] Module sfp_koodous contract issues: Meta validation failed: 1 validation error for ModuleMeta
dataSource.apiKeyInstructions
  Input should be a valid string [type=string_type, input_value=['Visit https://koodous.c...ication token provided'], input_type=list]
    For further information visit https://errors.pydantic.dev/2.12/v/string_type
23:31:59 [WARNING] Module sfp_leakcheck contract issues: Meta validation failed: 1 validation error for ModuleMeta
dataSource.apiKeyInstructions
  Input should be a valid string [type=string_type, input_value=['Visit https://leakcheck...ate your API key there'], input_type=list]
    For further information visit https://errors.pydantic.dev/2.12/v/string_type
23:31:59 [WARNING] Module sfp_leakix contract issues: Meta validation failed: 1 validation error for ModuleMeta
dataSource.apiKeyInstructions
  Input should be a valid string [type=string_type, input_value=['Visit https://leakix.ne... to generate a new key"], input_type=list]
    For further information visit https://errors.pydantic.dev/2.12/v/string_type
23:31:59 [WARNING] Module sfp_luminar contract issues: Meta validation failed: 1 validation error for ModuleMeta
dataSource.apiKeyInstructions
  Input should be a valid string [type=string_type, input_value=['Visit https://www.lumin..., 'Generate an API key'], input_type=list]
    For further information visit https://errors.pydantic.dev/2.12/v/string_type
23:31:59 [WARNING] Module sfp_malwarepatrol contract issues: Meta validation failed: 1 validation error for ModuleMeta
dataSource.apiKeyInstructions
  Input should be a valid string [type=string_type, input_value=['Visit https://www.malwa...e mailed to your email'], input_type=list]
    For further information visit https://errors.pydantic.dev/2.12/v/string_type
23:31:59 [WARNING] Module sfp_mandiant_ti contract issues: Meta validation failed: 1 validation error for ModuleMeta
dataSource.apiKeyInstructions
  Input should be a valid string [type=string_type, input_value=['Visit https://www.mandi..., 'Generate an API key'], input_type=list]
    For further information visit https://errors.pydantic.dev/2.12/v/string_type
23:31:59 [WARNING] Module sfp_mastodon contract issues: Meta validation failed: 1 validation error for ModuleMeta
dataSource.apiKeyInstructions
  Input should be a valid string [type=string_type, input_value=['Register at your Mastod... module configuration.'], input_type=list]
    For further information visit https://errors.pydantic.dev/2.12/v/string_type
23:31:59 [WARNING] Module sfp_matrix contract issues: Meta validation failed: 1 validation error for ModuleMeta
dataSource.apiKeyInstructions
  Input should be a valid string [type=string_type, input_value=['Register at https://mat... module configuration.'], input_type=list]
    For further information visit https://errors.pydantic.dev/2.12/v/string_type
23:31:59 [WARNING] Module sfp_mattermost contract issues: Meta validation failed: 1 validation error for ModuleMeta
dataSource.apiKeyInstructions
  Input should be a valid string [type=string_type, input_value=['Register at your Matter... module configuration.'], input_type=list]
    For further information visit https://errors.pydantic.dev/2.12/v/string_type
23:31:59 [WARNING] Module sfp_metadefender contract issues: Meta validation failed: 1 validation error for ModuleMeta
dataSource.apiKeyInstructions
  Input should be a valid string [type=string_type, input_value=['Visit https://metadefen...listed under 'API key'"], input_type=list]
    For further information visit https://errors.pydantic.dev/2.12/v/string_type
23:31:59 [WARNING] Module sfp_nameapi contract issues: Meta validation failed: 1 validation error for ModuleMeta
dataSource.apiKeyInstructions
  Input should be a valid string [type=string_type, input_value=['Visit https://nameapi.o... be sent to your email'], input_type=list]
    For further information visit https://errors.pydantic.dev/2.12/v/string_type
23:31:59 [WARNING] Module sfp_netlas contract issues: Meta validation failed: 1 validation error for ModuleMeta
dataSource.apiKeyInstructions
  Input should be a valid string [type=string_type, input_value=['Visit https://netlas.io...isted under 'API Key'."], input_type=list]
    For further information visit https://errors.pydantic.dev/2.12/v/string_type
23:31:59 [WARNING] Module sfp_networksdb contract issues: Meta validation failed: 1 validation error for ModuleMeta
dataSource.apiKeyInstructions
  Input should be a valid string [type=string_type, input_value=['Visit https://networksd...r 'API Key: Free plan'"], input_type=list]
    For further information visit https://errors.pydantic.dev/2.12/v/string_type
23:31:59 [WARNING] Module sfp_neutrinoapi contract issues: Meta validation failed: 1 validation error for ModuleMeta
dataSource.apiKeyInstructions
  Input should be a valid string [type=string_type, input_value=['Visit https://www.neutr...ted under 'Master Key'"], input_type=list]
    For further information visit https://errors.pydantic.dev/2.12/v/string_type
23:31:59 [WARNING] Module sfp_numverify contract issues: Meta validation failed: 1 validation error for ModuleMeta
dataSource.apiKeyInstructions
  Input should be a valid string [type=string_type, input_value=['Visit https://numverify... 'Your API Access Key'"], input_type=list]
    For further information visit https://errors.pydantic.dev/2.12/v/string_type
23:31:59 [WARNING] Module sfp_onioncity contract issues: Meta validation failed: 1 validation error for ModuleMeta
dataSource.apiKeyInstructions
  Input should be a valid string [type=string_type, input_value=['Visit https://developer...d under 'YOUR API KEY'"], input_type=list]
    For further information visit https://errors.pydantic.dev/2.12/v/string_type
23:31:59 [WARNING] Module sfp_onyphe contract issues: Meta validation failed: 1 validation error for ModuleMeta
dataSource.apiKeyInstructions
  Input should be a valid string [type=string_type, input_value=['Visit https://www.onyph...listed under 'API Key'"], input_type=list]
    For further information visit https://errors.pydantic.dev/2.12/v/string_type
23:31:59 [WARNING] Module sfp_opencorporates contract issues: Meta validation failed: 1 validation error for ModuleMeta
dataSource.apiKeyInstructions
  Input should be a valid string [type=string_type, input_value=['Visit https://opencorpo...ed under 'API Account'"], input_type=list]
    For further information visit https://errors.pydantic.dev/2.12/v/string_type
23:31:59 [WARNING] Module sfp_openwifimap contract issues: Meta validation failed: 1 validation error for ModuleMeta
dataSource.apiKeyInstructions
  Input should be a valid string [type=string_type, input_value=[], input_type=list]
    For further information visit https://errors.pydantic.dev/2.12/v/string_type
23:31:59 [WARNING] Module sfp_pastebin contract issues: Meta validation failed: 1 validation error for ModuleMeta
dataSource.apiKeyInstructions
  Input should be a valid string [type=string_type, input_value=['Visit https://developer...d under 'YOUR API KEY'"], input_type=list]
    For further information visit https://errors.pydantic.dev/2.12/v/string_type
23:31:59 [WARNING] Module sfp_projectdiscovery contract issues: Meta validation failed: 1 validation error for ModuleMeta
dataSource.apiKeyInstructions
  Input should be a valid string [type=string_type, input_value=['Visit https://chaos.pro...your API key by email.'], input_type=list]
    For further information visit https://errors.pydantic.dev/2.12/v/string_type
23:31:59 [WARNING] Module sfp_publicwww contract issues: Meta validation failed: 1 validation error for ModuleMeta
dataSource.apiKeyInstructions
  Input should be a valid string [type=string_type, input_value=['Visit https://publicwww...be listed on that page'], input_type=list]
    For further information visit https://errors.pydantic.dev/2.12/v/string_type
23:31:59 [WARNING] Module sfp_pulsedive contract issues: Meta validation failed: 1 validation error for ModuleMeta
dataSource.apiKeyInstructions
  Input should be a valid string [type=string_type, input_value=['Visit https://pulsedive...d under 'Your API Key'"], input_type=list]
    For further information visit https://errors.pydantic.dev/2.12/v/string_type
23:31:59 [WARNING] Module sfp_recordedfuture contract issues: Meta validation failed: 1 validation error for ModuleMeta
dataSource.apiKeyInstructions
  Input should be a valid string [type=string_type, input_value=['Visit https://www.recor..., 'Generate an API key'], input_type=list]
    For further information visit https://errors.pydantic.dev/2.12/v/string_type
23:31:59 [WARNING] Module sfp_reddit contract issues: Meta validation failed: 1 validation error for ModuleMeta
dataSource.apiKeyInstructions
  Input should be a valid string [type=string_type, input_value=['Go to https://www.reddi... module configuration.'], input_type=list]
    For further information visit https://errors.pydantic.dev/2.12/v/string_type
23:31:59 [WARNING] Module sfp_rocketchat contract issues: Meta validation failed: 1 validation error for ModuleMeta
dataSource.apiKeyInstructions
  Input should be a valid string [type=string_type, input_value=['Register at your Rocket... module configuration.'], input_type=list]
    For further information visit https://errors.pydantic.dev/2.12/v/string_type
23:31:59 [WARNING] Module sfp_rocketreach contract issues: Meta validation failed: 1 validation error for ModuleMeta
dataSource.apiKeyInstructions
  Input should be a valid string [type=string_type, input_value=['Visit https://rocketrea...listed under 'API Key'"], input_type=list]
    For further information visit https://errors.pydantic.dev/2.12/v/string_type
23:31:59 [WARNING] Module sfp_rubika contract issues: Meta validation failed: 1 validation error for ModuleMeta
dataSource.apiKeyInstructions
  Input should be a valid string [type=string_type, input_value=['No API key required for...ic channel monitoring.'], input_type=list]
    For further information visit https://errors.pydantic.dev/2.12/v/string_type
23:31:59 [WARNING] Module sfp_securitytrails contract issues: Meta validation failed: 1 validation error for ModuleMeta
dataSource.apiKeyInstructions
  Input should be a valid string [type=string_type, input_value=['Visit https://securityt...listed under 'API Key'"], input_type=list]
    For further information visit https://errors.pydantic.dev/2.12/v/string_type
23:31:59 [WARNING] Module sfp_seon contract issues: Meta validation failed: 1 validation error for ModuleMeta
dataSource.apiKeyInstructions
  Input should be a valid string [type=string_type, input_value=['Visit https://seon.io/'...ed under 'License key'"], input_type=list]
    For further information visit https://errors.pydantic.dev/2.12/v/string_type
23:31:59 [WARNING] Module sfp_shodan contract issues: Meta validation failed: 1 validation error for ModuleMeta
dataSource.apiKeyInstructions
  Input should be a valid string [type=string_type, input_value=['Visit https://shodan.io...listed under 'API Key'"], input_type=list]
    For further information visit https://errors.pydantic.dev/2.12/v/string_type
23:31:59 [WARNING] Module sfp_snov contract issues: Meta validation failed: 1 validation error for ModuleMeta
dataSource.apiKeyInstructions
  Input should be a valid string [type=string_type, input_value=['Visit https://snov.io',...r ID' and 'API Secret'"], input_type=list]
    For further information visit https://errors.pydantic.dev/2.12/v/string_type
23:31:59 [WARNING] Module sfp_sociallinks contract issues: Meta validation failed: 1 validation error for ModuleMeta
dataSource.apiKeyInstructions
  Input should be a valid string [type=string_type, input_value=['Visit https://sociallin..., 'Register an account'], input_type=list]
    For further information visit https://errors.pydantic.dev/2.12/v/string_type
23:31:59 [WARNING] Module sfp_socialprofiles contract issues: Meta validation failed: 1 validation error for ModuleMeta
dataSource.apiKeyInstructions
  Input should be a valid string [type=string_type, input_value=['If using Google:', 'Vis...y2' (both should work)"], input_type=list]
    For further information visit https://errors.pydantic.dev/2.12/v/string_type
23:31:59 [WARNING] Module sfp_soroush contract issues: Meta validation failed: 1 validation error for ModuleMeta
dataSource.apiKeyInstructions
  Input should be a valid string [type=string_type, input_value=['No API key required for...ic channel monitoring.'], input_type=list]
    For further information visit https://errors.pydantic.dev/2.12/v/string_type
23:31:59 [WARNING] Module sfp_spur contract issues: Meta validation failed: 1 validation error for ModuleMeta
dataSource.apiKeyInstructions
  Input should be a valid string [type=string_type, input_value=['Visit https://spur.us',...s listed under 'Token'"], input_type=list]
    For further information visit https://errors.pydantic.dev/2.12/v/string_type
23:31:59 [WARNING] Module sfp_stackoverflow contract issues: Meta validation failed: 1 validation error for ModuleMeta
dataSource.apiKeyInstructions
  Input should be a valid string [type=string_type, input_value=['Visit https://stackapps...creased request quota."], input_type=list]
    For further information visit https://errors.pydantic.dev/2.12/v/string_type
23:31:59 [WARNING] Module sfp_subdomainradar contract issues: Meta validation failed: 1 validation error for ModuleMeta
dataSource.apiKeyInstructions
  Input should be a valid string [type=string_type, input_value=['Visit https://subdomain...er provides 100 points'], input_type=list]
    For further information visit https://errors.pydantic.dev/2.12/v/string_type
23:31:59 [WARNING] Module sfp_textmagic contract issues: Meta validation failed: 1 validation error for ModuleMeta
dataSource.apiKeyInstructions
  Input should be a valid string [type=string_type, input_value=['Visit https://textmagic...e 'The new API Key is'"], input_type=list]
    For further information visit https://errors.pydantic.dev/2.12/v/string_type
23:31:59 [WARNING] Module sfp_tiktok_osint contract issues: Meta validation failed: 1 validation error for ModuleMeta
dataSource.apiKeyInstructions
  Input should be a valid string [type=string_type, input_value=['Visit https://developer... Key and Client Secret'], input_type=list]
    For further information visit https://errors.pydantic.dev/2.12/v/string_type
23:31:59 [WARNING] Module sfp_tool_phoneinfoga contract issues: Meta validation failed: 1 validation error for ModuleMeta
dataSource.apiKeyInstructions
  Input should be a valid string [type=string_type, input_value=['See https://github.com/...in the module options.'], input_type=list]
    For further information visit https://errors.pydantic.dev/2.12/v/string_type
23:31:59 [WARNING] Module sfp_tool_wappalyzer contract issues: Meta validation failed: 1 validation error for ModuleMeta
dataSource.apiKeyInstructions
  Input should be a valid string [type=string_type, input_value=['Sign up at https://www....in the module options.'], input_type=list]
    For further information visit https://errors.pydantic.dev/2.12/v/string_type
23:31:59 [WARNING] Module sfp_tron contract issues: Meta validation failed: 1 validation error for ModuleMeta
dataSource.apiKeyInstructions
  Input should be a valid string [type=string_type, input_value=['Register at https://www... module configuration.'], input_type=list]
    For further information visit https://errors.pydantic.dev/2.12/v/string_type
23:31:59 [WARNING] Module sfp_twilio contract issues: Meta validation failed: 1 validation error for ModuleMeta
dataSource.apiKeyInstructions
  Input should be a valid string [type=string_type, input_value=['Visit https://www.twili... SID' and 'Auth Token'"], input_type=list]
    For further information visit https://errors.pydantic.dev/2.12/v/string_type
23:31:59 [WARNING] Module sfp_unwiredlabs contract issues: Meta validation failed: 1 validation error for ModuleMeta
dataSource.apiKeyInstructions
  Input should be a valid string [type=string_type, input_value=['Register at https://unw... module configuration.'], input_type=list]
    For further information visit https://errors.pydantic.dev/2.12/v/string_type
23:31:59 [WARNING] Module sfp_validin contract issues: Meta validation failed: 1 validation error for ModuleMeta
dataSource.apiKeyInstructions
  Input should be a valid string [type=string_type, input_value=['Visit https://app.valid... listed under API Keys'], input_type=list]
    For further information visit https://errors.pydantic.dev/2.12/v/string_type
23:31:59 [WARNING] Module sfp_viewdns contract issues: Meta validation failed: 1 validation error for ModuleMeta
dataSource.apiKeyInstructions
  Input should be a valid string [type=string_type, input_value=['Visit https://viewdns.i...listed under 'API Key'"], input_type=list]
    For further information visit https://errors.pydantic.dev/2.12/v/string_type
23:31:59 [WARNING] Module sfp_virustotal contract issues: Meta validation failed: 1 validation error for ModuleMeta
dataSource.apiKeyInstructions
  Input should be a valid string [type=string_type, input_value=['Visit https://www.virus...listed under 'API Key'"], input_type=list]
    For further information visit https://errors.pydantic.dev/2.12/v/string_type
23:31:59 [WARNING] Module sfp_wechat contract issues: Meta validation failed: 1 validation error for ModuleMeta
dataSource.apiKeyInstructions
  Input should be a valid string [type=string_type, input_value=['Register for WeChat API... module configuration.'], input_type=list]
    For further information visit https://errors.pydantic.dev/2.12/v/string_type
23:31:59 [WARNING] Module sfp_whatcms contract issues: Meta validation failed: 1 validation error for ModuleMeta
dataSource.apiKeyInstructions
  Input should be a valid string [type=string_type, input_value=['Visit https://whatcms.o...d under 'Your API Key'"], input_type=list]
    For further information visit https://errors.pydantic.dev/2.12/v/string_type
23:31:59 [WARNING] Module sfp_whatsapp contract issues: Meta validation failed: 1 validation error for ModuleMeta
dataSource.apiKeyInstructions
  Input should be a valid string [type=string_type, input_value=['Apply for WhatsApp Busi... module configuration.'], input_type=list]
    For further information visit https://errors.pydantic.dev/2.12/v/string_type
23:31:59 [WARNING] Module sfp_whoisfreaks contract issues: Meta validation failed: 1 validation error for ModuleMeta
dataSource.apiKeyInstructions
  Input should be a valid string [type=string_type, input_value=['Visit https://whoisfrea...pricing/api-plans.html'], input_type=list]
    For further information visit https://errors.pydantic.dev/2.12/v/string_type
23:31:59 [WARNING] Module sfp_whoisology contract issues: Meta validation failed: 1 validation error for ModuleMeta
dataSource.apiKeyInstructions
  Input should be a valid string [type=string_type, input_value=['Visit https://whoisolog...nd receive the API Key'], input_type=list]
    For further information visit https://errors.pydantic.dev/2.12/v/string_type
23:31:59 [WARNING] Module sfp_whoisxmlapi contract issues: Meta validation failed: 1 validation error for ModuleMeta
dataSource.apiKeyInstructions
  Input should be a valid string [type=string_type, input_value=['Visit https://www.whois...d on the products page'], input_type=list]
    For further information visit https://errors.pydantic.dev/2.12/v/string_type
23:31:59 [WARNING] Module sfp_whoxy contract issues: Meta validation failed: 1 validation error for ModuleMeta
dataSource.apiKeyInstructions
  Input should be a valid string [type=string_type, input_value=['Visit https://www.whoxy...presented upon payment'], input_type=list]
    For further information visit https://errors.pydantic.dev/2.12/v/string_type
23:31:59 [WARNING] Module sfp_wificafespots contract issues: Meta validation failed: 1 validation error for ModuleMeta
dataSource.apiKeyInstructions
  Input should be a valid string [type=string_type, input_value=[], input_type=list]
    For further information visit https://errors.pydantic.dev/2.12/v/string_type
23:31:59 [WARNING] Module sfp_wifimapio contract issues: Meta validation failed: 1 validation error for ModuleMeta
dataSource.apiKeyInstructions
  Input should be a valid string [type=string_type, input_value=[], input_type=list]
    For further information visit https://errors.pydantic.dev/2.12/v/string_type
23:31:59 [WARNING] Module sfp_wigle contract issues: Meta validation failed: 1 validation error for ModuleMeta
dataSource.apiKeyInstructions
  Input should be a valid string [type=string_type, input_value=['Visit https://wigle.net...t to 'Encoded for use'"], input_type=list]
    For further information visit https://errors.pydantic.dev/2.12/v/string_type
23:31:59 [WARNING] Module sfp_wpscan contract issues: Meta validation failed: 1 validation error for ModuleMeta
dataSource.apiKeyInstructions
  Input should be a valid string [type=string_type, input_value=['Visit https://wpscan.co...ted daily API requests'], input_type=list]
    For further information visit https://errors.pydantic.dev/2.12/v/string_type
23:31:59 [WARNING] Module sfp_xforce contract issues: Meta validation failed: 1 validation error for ModuleMeta
dataSource.apiKeyInstructions
  Input should be a valid string [type=string_type, input_value=['Visit https://exchange....ey' and 'API Password'"], input_type=list]
    For further information visit https://errors.pydantic.dev/2.12/v/string_type
23:31:59 [WARNING] Module sfp_xiaohongshu contract issues: Meta validation failed: 1 validation error for ModuleMeta
dataSource.apiKeyInstructions
  Input should be a valid string [type=string_type, input_value=['No API key required for...ublic post monitoring.'], input_type=list]
    For further information visit https://errors.pydantic.dev/2.12/v/string_type
23:31:59 [WARNING] Module sfp_zetalytics contract issues: Meta validation failed: 1 validation error for ModuleMeta
dataSource.apiKeyInstructions
  Input should be a valid string [type=string_type, input_value=['Visit https://mailchi.m...and request an API key'], input_type=list]
    For further information visit https://errors.pydantic.dev/2.12/v/string_type
23:31:59 [WARNING] Module sfp_zonefiles contract issues: Meta validation failed: 1 validation error for ModuleMeta
dataSource.apiKeyInstructions
  Input should be a valid string [type=string_type, input_value=['Visit https://zonefiles...xt to 'Your API token'"], input_type=list]
    For further information visit https://errors.pydantic.dev/2.12/v/string_type
23:31:59 [WARNING] Module sfp_zoomeye contract issues: Meta validation failed: 1 validation error for ModuleMeta
dataSource.apiKeyInstructions
  Input should be a valid string [type=string_type, input_value=['Visit https://www.zoome...listed under 'API Key'"], input_type=list]
    For further information visit https://errors.pydantic.dev/2.12/v/string_type
23:31:59 [INFO] Contract validation: 133/305 modules have warnings
PASSED                                                                   [ 61%]
test/unit/test_module_registry.py::TestModuleRegistryRealModules::test_real_legacy_dict 
-------------------------------- live log call --------------------------------
23:31:59 [INFO] Module discovery complete: 305 loaded, 4 failed (dir=D:\github\spiderfoot\modules)
23:31:59 [WARNING] Module sfp_4chan contract issues: Meta validation failed: 1 validation error for ModuleMeta
dataSource.apiKeyInstructions
  Input should be a valid string [type=string_type, input_value=['No API key required for...blic board monitoring.'], input_type=list]
    For further information visit https://errors.pydantic.dev/2.12/v/string_type
23:31:59 [WARNING] Module sfp_abstractapi contract issues: Meta validation failed: 1 validation error for ModuleMeta
dataSource.apiKeyInstructions
  Input should be a valid string [type=string_type, input_value=['Visit https://app.abstr...specific to this API.'"], input_type=list]
    For further information visit https://errors.pydantic.dev/2.12/v/string_type
23:31:59 [WARNING] Module sfp_abusech contract issues: Meta validation failed: 1 validation error for ModuleMeta
dataSource.apiKeyInstructions
  Input should be a valid string [type=string_type, input_value=['Visit https://bazaar.ab...listed under 'API-Key'"], input_type=list]
    For further information visit https://errors.pydantic.dev/2.12/v/string_type
23:31:59 [WARNING] Module sfp_abuseipdb contract issues: Meta validation failed: 1 validation error for ModuleMeta
dataSource.apiKeyInstructions
  Input should be a valid string [type=string_type, input_value=['Visit https://www.abuse...is listed under 'Keys'"], input_type=list]
    For further information visit https://errors.pydantic.dev/2.12/v/string_type
23:31:59 [WARNING] Module sfp_adsbexchange contract issues: Meta validation failed: 1 validation error for ModuleMeta
dataSource.apiKeyInstructions
  Input should be a valid string [type=string_type, input_value=['Register at https://rap...in the _api_key option'], input_type=list]
    For further information visit https://errors.pydantic.dev/2.12/v/string_type
23:31:59 [WARNING] Module sfp_alienvault contract issues: Meta validation failed: 1 validation error for ModuleMeta
dataSource.apiKeyInstructions
  Input should be a valid string [type=string_type, input_value=['Visit https://otx.alien...listed under 'OTX Key'"], input_type=list]
    For further information visit https://errors.pydantic.dev/2.12/v/string_type
23:31:59 [WARNING] Module sfp_aparat contract issues: Meta validation failed: 1 validation error for ModuleMeta
dataSource.apiKeyInstructions
  Input should be a valid string [type=string_type, input_value=['No API key required for...blic video monitoring.'], input_type=list]
    For further information visit https://errors.pydantic.dev/2.12/v/string_type
23:31:59 [WARNING] Module sfp_apileak contract issues: Meta validation failed: 1 validation error for ModuleMeta
dataSource.apiKeyInstructions
  Input should be a valid string [type=string_type, input_value=['Sign up at https://gith... module configuration.'], input_type=list]
    For further information visit https://errors.pydantic.dev/2.12/v/string_type
23:31:59 [WARNING] Module sfp_apivoid contract issues: Meta validation failed: 1 validation error for ModuleMeta
dataSource.apiKeyInstructions
  Input should be a valid string [type=string_type, input_value=['Visit https://www.apivo...d to find your API key'], input_type=list]
    For further information visit https://errors.pydantic.dev/2.12/v/string_type
23:31:59 [WARNING] Module sfp_aprsfi contract issues: Meta validation failed: 1 validation error for ModuleMeta
dataSource.apiKeyInstructions
  Input should be a valid string [type=string_type, input_value=['Register an account at ...in the _api_key option'], input_type=list]
    For further information visit https://errors.pydantic.dev/2.12/v/string_type
23:31:59 [WARNING] Module sfp_arbitrum contract issues: Meta validation failed: 1 validation error for ModuleMeta
dataSource.apiKeyInstructions
  Input should be a valid string [type=string_type, input_value=['Register at https://arb... module configuration.'], input_type=list]
    For further information visit https://errors.pydantic.dev/2.12/v/string_type
23:31:59 [WARNING] Module sfp_aviationstack contract issues: Meta validation failed: 1 validation error for ModuleMeta
dataSource.apiKeyInstructions
  Input should be a valid string [type=string_type, input_value=['Register at https://avi...in the _api_key option'], input_type=list]
    For further information visit https://errors.pydantic.dev/2.12/v/string_type
23:31:59 [WARNING] Module sfp_bevigil contract issues: Meta validation failed: 1 validation error for ModuleMeta
dataSource.apiKeyInstructions
  Input should be a valid string [type=string_type, input_value=['Visit https://bevigil.c...your account dashboard'], input_type=list]
    For further information visit https://errors.pydantic.dev/2.12/v/string_type
23:31:59 [WARNING] Module sfp_binaryedge contract issues: Meta validation failed: 1 validation error for ModuleMeta
dataSource.apiKeyInstructions
  Input should be a valid string [type=string_type, input_value=['Visit https://www.binar...ted under 'API Access'"], input_type=list]
    For further information visit https://errors.pydantic.dev/2.12/v/string_type
23:31:59 [WARNING] Module sfp_bingsearch contract issues: Meta validation failed: 1 validation error for ModuleMeta
dataSource.apiKeyInstructions
  Input should be a valid string [type=string_type, input_value=['Visit https://azure.mic...y2' (both should work)"], input_type=list]
    For further information visit https://errors.pydantic.dev/2.12/v/string_type
23:31:59 [WARNING] Module sfp_bingsharedip contract issues: Meta validation failed: 1 validation error for ModuleMeta
dataSource.apiKeyInstructions
  Input should be a valid string [type=string_type, input_value=['Visit https://azure.mic...y2' (both should work)"], input_type=list]
    For further information visit https://errors.pydantic.dev/2.12/v/string_type
23:31:59 [WARNING] Module sfp_bitcoinwhoswho contract issues: Meta validation failed: 1 validation error for ModuleMeta
dataSource.apiKeyInstructions
  Input should be a valid string [type=string_type, input_value=['Visit https://bitcoinwh...ceive it to your email"], input_type=list]
    For further information visit https://errors.pydantic.dev/2.12/v/string_type
23:31:59 [WARNING] Module sfp_blockchain_analytics contract issues: Meta validation failed: 1 validation error for ModuleMeta
dataSource.apiKeyInstructions
  Input should be a valid string [type=string_type, input_value=['Sign up for BlockCypher...ys for better coverage'], input_type=list]
    For further information visit https://errors.pydantic.dev/2.12/v/string_type
23:31:59 [WARNING] Module sfp_bluesky contract issues: Meta validation failed: 1 validation error for ModuleMeta
dataSource.apiKeyInstructions
  Input should be a valid string [type=string_type, input_value=['Register at https://bsk... module configuration.'], input_type=list]
    For further information visit https://errors.pydantic.dev/2.12/v/string_type
23:31:59 [WARNING] Module sfp_bnb contract issues: Meta validation failed: 1 validation error for ModuleMeta
dataSource.apiKeyInstructions
  Input should be a valid string [type=string_type, input_value=['Register at https://bsc... module configuration.'], input_type=list]
    For further information visit https://errors.pydantic.dev/2.12/v/string_type
23:31:59 [WARNING] Module sfp_botscout contract issues: Meta validation failed: 1 validation error for ModuleMeta
dataSource.apiKeyInstructions
  Input should be a valid string [type=string_type, input_value=['Visit http://botscout.c...mailed to your account'], input_type=list]
    For further information visit https://errors.pydantic.dev/2.12/v/string_type
23:31:59 [WARNING] Module sfp_bugbounty contract issues: Meta validation failed: 1 validation error for ModuleMeta
dataSource.apiKeyInstructions
  Input should be a valid string [type=string_type, input_value=['For HackerOne: create a...e corresponding option'], input_type=list]
    For further information visit https://errors.pydantic.dev/2.12/v/string_type
23:31:59 [WARNING] Module sfp_builtwith contract issues: Meta validation failed: 1 validation error for ModuleMeta
dataSource.apiKeyInstructions
  Input should be a valid string [type=string_type, input_value=['Visit https://api.built...d under 'Your API Key'"], input_type=list]
    For further information visit https://errors.pydantic.dev/2.12/v/string_type
23:31:59 [WARNING] Module sfp_c99 contract issues: Meta validation failed: 1 validation error for ModuleMeta
dataSource.apiKeyInstructions
  Input should be a valid string [type=string_type, input_value=['Visit https://api.c99.n...your API key by email.'], input_type=list]
    For further information visit https://errors.pydantic.dev/2.12/v/string_type
23:31:59 [WARNING] Module sfp_censys contract issues: Meta validation failed: 1 validation error for ModuleMeta
dataSource.apiKeyInstructions
  Input should be a valid string [type=string_type, input_value=['Visit https://censys.io... 'API ID' and 'Secret'"], input_type=list]
    For further information visit https://errors.pydantic.dev/2.12/v/string_type
23:31:59 [WARNING] Module sfp_certspotter contract issues: Meta validation failed: 1 validation error for ModuleMeta
dataSource.apiKeyInstructions
  Input should be a valid string [type=string_type, input_value=['Visit https://sslmate.c...nder 'API Credentials'"], input_type=list]
    For further information visit https://errors.pydantic.dev/2.12/v/string_type
23:31:59 [WARNING] Module sfp_circllu contract issues: Meta validation failed: 1 validation error for ModuleMeta
dataSource.apiKeyInstructions
  Input should be a valid string [type=string_type, input_value=['Visit https://www.circl...provided once approved'], input_type=list]
    For further information visit https://errors.pydantic.dev/2.12/v/string_type
23:31:59 [WARNING] Module sfp_cisco_umbrella contract issues: Meta validation failed: 1 validation error for ModuleMeta
dataSource.apiKeyInstructions
  Input should be a valid string [type=string_type, input_value=['Visit https://umbrella....Generate a new API key'], input_type=list]
    For further information visit https://errors.pydantic.dev/2.12/v/string_type
23:31:59 [WARNING] Module sfp_citadel contract issues: Meta validation failed: 1 validation error for ModuleMeta
dataSource.apiKeyInstructions
  Input should be a valid string [type=string_type, input_value=['Visit https://leak-look...listed under 'API Key'"], input_type=list]
    For further information visit https://errors.pydantic.dev/2.12/v/string_type
23:31:59 [WARNING] Module sfp_criminalip contract issues: Meta validation failed: 1 validation error for ModuleMeta
dataSource.apiKeyInstructions
  Input should be a valid string [type=string_type, input_value=['Visit https://www.crimi...isted under 'API Key'."], input_type=list]
    For further information visit https://errors.pydantic.dev/2.12/v/string_type
23:31:59 [WARNING] Module sfp_datalastic contract issues: Meta validation failed: 1 validation error for ModuleMeta
dataSource.apiKeyInstructions
  Input should be a valid string [type=string_type, input_value=['Register at https://dat...in the _api_key option'], input_type=list]
    For further information visit https://errors.pydantic.dev/2.12/v/string_type
23:31:59 [WARNING] Module sfp_deepinfo contract issues: Meta validation failed: 1 validation error for ModuleMeta
dataSource.apiKeyInstructions
  Input should be a valid string [type=string_type, input_value=['Visit https://deepinfo....isted under 'API Keys'"], input_type=list]
    For further information visit https://errors.pydantic.dev/2.12/v/string_type
23:31:59 [WARNING] Module sfp_dehashed contract issues: Meta validation failed: 1 validation error for ModuleMeta
dataSource.apiKeyInstructions
  Input should be a valid string [type=string_type, input_value=['Visit https://www.dehas...listed under 'API Key'"], input_type=list]
    For further information visit https://errors.pydantic.dev/2.12/v/string_type
23:31:59 [WARNING] Module sfp_dideo contract issues: Meta validation failed: 1 validation error for ModuleMeta
dataSource.apiKeyInstructions
  Input should be a valid string [type=string_type, input_value=['No API key required for...blic video monitoring.'], input_type=list]
    For further information visit https://errors.pydantic.dev/2.12/v/string_type
23:31:59 [WARNING] Module sfp_discord contract issues: Meta validation failed: 1 validation error for ModuleMeta
dataSource.apiKeyInstructions
  Input should be a valid string [type=string_type, input_value=['Go to https://discord.c... module configuration.'], input_type=list]
    For further information visit https://errors.pydantic.dev/2.12/v/string_type
23:31:59 [WARNING] Module sfp_douyin contract issues: Meta validation failed: 1 validation error for ModuleMeta
dataSource.apiKeyInstructions
  Input should be a valid string [type=string_type, input_value=['No API key required for...blic video monitoring.'], input_type=list]
    For further information visit https://errors.pydantic.dev/2.12/v/string_type
23:31:59 [WARNING] Module sfp_emailcrawlr contract issues: Meta validation failed: 1 validation error for ModuleMeta
dataSource.apiKeyInstructions
  Input should be a valid string [type=string_type, input_value=['Visit https://emailcraw...listed under 'API Key'"], input_type=list]
    For further information visit https://errors.pydantic.dev/2.12/v/string_type
23:31:59 [WARNING] Module sfp_emailrep contract issues: Meta validation failed: 1 validation error for ModuleMeta
dataSource.apiKeyInstructions
  Input should be a valid string [type=string_type, input_value=['Visit https://emailrep....il account on approval'], input_type=list]
    For further information visit https://errors.pydantic.dev/2.12/v/string_type
23:31:59 [WARNING] Module sfp_ethereum contract issues: Meta validation failed: 1 validation error for ModuleMeta
dataSource.apiKeyInstructions
  Input should be a valid string [type=string_type, input_value=['Register at https://eth... module configuration.'], input_type=list]
    For further information visit https://errors.pydantic.dev/2.12/v/string_type
23:31:59 [WARNING] Module sfp_etherscan contract issues: Meta validation failed: 1 validation error for ModuleMeta
dataSource.apiKeyInstructions
  Input should be a valid string [type=string_type, input_value=['Visit https://etherscan...ed under API Key Token'], input_type=list]
    For further information visit https://errors.pydantic.dev/2.12/v/string_type
23:31:59 [WARNING] Module sfp_example contract issues: Missing required attribute: opts; Missing required attribute: optdescs
23:31:59 [WARNING] Module sfp_flickr contract issues: Meta validation failed: 1 validation error for ModuleMeta
dataSource.apiKeyInstructions
  Input should be a valid string [type=string_type, input_value=['Visit https://www.flick... the confirmation page'], input_type=list]
    For further information visit https://errors.pydantic.dev/2.12/v/string_type
23:31:59 [WARNING] Module sfp_focsec contract issues: Meta validation failed: 1 validation error for ModuleMeta
dataSource.apiKeyInstructions
  Input should be a valid string [type=string_type, input_value=['Visit https://focsec.co...e the API key provided'], input_type=list]
    For further information visit https://errors.pydantic.dev/2.12/v/string_type
23:31:59 [WARNING] Module sfp_fofa contract issues: Meta validation failed: 1 validation error for ModuleMeta
dataSource.apiKeyInstructions
  Input should be a valid string [type=string_type, input_value=['Visit https://fofa.info...isted under 'API Key'."], input_type=list]
    For further information visit https://errors.pydantic.dev/2.12/v/string_type
23:31:59 [WARNING] Module sfp_fraudguard contract issues: Meta validation failed: 1 validation error for ModuleMeta
dataSource.apiKeyInstructions
  Input should be a valid string [type=string_type, input_value=['Visit https://app.fraud... Username and Password'], input_type=list]
    For further information visit https://errors.pydantic.dev/2.12/v/string_type
23:31:59 [WARNING] Module sfp_fullcontact contract issues: Meta validation failed: 1 validation error for ModuleMeta
dataSource.apiKeyInstructions
  Input should be a valid string [type=string_type, input_value=['Visit https://fullconta... under 'Your API Keys'"], input_type=list]
    For further information visit https://errors.pydantic.dev/2.12/v/string_type
23:31:59 [WARNING] Module sfp_fullhunt contract issues: Meta validation failed: 1 validation error for ModuleMeta
dataSource.apiKeyInstructions
  Input should be a valid string [type=string_type, input_value=['Visit https://fullhunt....ted under 'API Access'"], input_type=list]
    For further information visit https://errors.pydantic.dev/2.12/v/string_type
23:31:59 [WARNING] Module sfp_googlemaps contract issues: Meta validation failed: 1 validation error for ModuleMeta
dataSource.apiKeyInstructions
  Input should be a valid string [type=string_type, input_value=['Visit https://cloud.goo...isted under 'API Keys'"], input_type=list]
    For further information visit https://errors.pydantic.dev/2.12/v/string_type
23:31:59 [WARNING] Module sfp_googlesafebrowsing contract issues: Meta validation failed: 1 validation error for ModuleMeta
dataSource.apiKeyInstructions
  Input should be a valid string [type=string_type, input_value=['Visit https://console.d...your newly created key'], input_type=list]
    For further information visit https://errors.pydantic.dev/2.12/v/string_type
23:31:59 [WARNING] Module sfp_googlesearch contract issues: Meta validation failed: 1 validation error for ModuleMeta
dataSource.apiKeyInstructions
  Input should be a valid string [type=string_type, input_value=['Visit https://developer...d under 'YOUR API KEY'"], input_type=list]
    For further information visit https://errors.pydantic.dev/2.12/v/string_type
23:31:59 [WARNING] Module sfp_grayhatwarfare contract issues: Meta validation failed: 1 validation error for ModuleMeta
dataSource.apiKeyInstructions
  Input should be a valid string [type=string_type, input_value=['Visit https://grayhatwa...listed under 'Api Key'"], input_type=list]
    For further information visit https://errors.pydantic.dev/2.12/v/string_type
23:31:59 [WARNING] Module sfp_greynoise contract issues: Meta validation failed: 1 validation error for ModuleMeta
dataSource.apiKeyInstructions
  Input should be a valid string [type=string_type, input_value=['Visit https://viz.greyn...listed under 'API Key'"], input_type=list]
    For further information visit https://errors.pydantic.dev/2.12/v/string_type
23:31:59 [WARNING] Module sfp_greynoise_community contract issues: Meta validation failed: 1 validation error for ModuleMeta
dataSource.apiKeyInstructions
  Input should be a valid string [type=string_type, input_value=['Visit https://viz.greyn...listed under 'API Key'"], input_type=list]
    For further information visit https://errors.pydantic.dev/2.12/v/string_type
23:31:59 [WARNING] Module sfp_haveibeenpwned contract issues: Meta validation failed: 1 validation error for ModuleMeta
dataSource.apiKeyInstructions
  Input should be a valid string [type=string_type, input_value=['Visit https://haveibeen...ibeenpwned.com/API/Key'], input_type=list]
    For further information visit https://errors.pydantic.dev/2.12/v/string_type
23:31:59 [WARNING] Module sfp_honeypot contract issues: Meta validation failed: 1 validation error for ModuleMeta
dataSource.apiKeyInstructions
  Input should be a valid string [type=string_type, input_value=['Visit https://www.proje...ur http:BL Access Key'"], input_type=list]
    For further information visit https://errors.pydantic.dev/2.12/v/string_type
23:31:59 [WARNING] Module sfp_hostio contract issues: Meta validation failed: 1 validation error for ModuleMeta
dataSource.apiKeyInstructions
  Input should be a valid string [type=string_type, input_value=['Visit https://host.io/s...ication token provided'], input_type=list]
    For further information visit https://errors.pydantic.dev/2.12/v/string_type
23:31:59 [WARNING] Module sfp_hunter contract issues: Meta validation failed: 1 validation error for ModuleMeta
dataSource.apiKeyInstructions
  Input should be a valid string [type=string_type, input_value=['Visit https://hunter.io...d under 'Your API Key'"], input_type=list]
    For further information visit https://errors.pydantic.dev/2.12/v/string_type
23:31:59 [WARNING] Module sfp_hunterhow contract issues: Meta validation failed: 1 validation error for ModuleMeta
dataSource.apiKeyInstructions
  Input should be a valid string [type=string_type, input_value=['Visit https://hunter.ho...isted on the dashboard'], input_type=list]
    For further information visit https://errors.pydantic.dev/2.12/v/string_type
23:31:59 [WARNING] Module sfp_hybrid_analysis contract issues: Meta validation failed: 1 validation error for ModuleMeta
dataSource.apiKeyInstructions
  Input should be a valid string [type=string_type, input_value=['Visit https://www.hybri...listed under 'API Key'"], input_type=list]
    For further information visit https://errors.pydantic.dev/2.12/v/string_type
23:31:59 [WARNING] Module sfp_iknowwhatyoudownload contract issues: Meta validation failed: 1 validation error for ModuleMeta
dataSource.apiKeyInstructions
  Input should be a valid string [type=string_type, input_value=['Visit https://iknowwhat... be sent to your email'], input_type=list]
    For further information visit https://errors.pydantic.dev/2.12/v/string_type
23:31:59 [WARNING] Module sfp_instagram contract issues: Meta validation failed: 1 validation error for ModuleMeta
dataSource.apiKeyInstructions
  Input should be a valid string [type=string_type, input_value=['Register an application... module configuration.'], input_type=list]
    For further information visit https://errors.pydantic.dev/2.12/v/string_type
23:31:59 [WARNING] Module sfp_intelx contract issues: Meta validation failed: 1 validation error for ModuleMeta
dataSource.apiKeyInstructions
  Input should be a valid string [type=string_type, input_value=['Visit https://intelx.io...der 'Your API details'"], input_type=list]
    For further information visit https://errors.pydantic.dev/2.12/v/string_type
23:31:59 [WARNING] Module sfp_ipapicom contract issues: Meta validation failed: 1 validation error for ModuleMeta
dataSource.apiKeyInstructions
  Input should be a valid string [type=string_type, input_value=['Visit https://ipapi.com...er Your API Access Key'], input_type=list]
    For further information visit https://errors.pydantic.dev/2.12/v/string_type
23:31:59 [WARNING] Module sfp_ipinfo contract issues: Meta validation failed: 1 validation error for ModuleMeta
dataSource.apiKeyInstructions
  Input should be a valid string [type=string_type, input_value=['Visit https://ipinfo.io...'is your access token'"], input_type=list]
    For further information visit https://errors.pydantic.dev/2.12/v/string_type
23:31:59 [WARNING] Module sfp_ipinfo_modern contract issues: Meta validation failed: 1 validation error for ModuleMeta
dataSource.apiKeyInstructions
  Input should be a valid string [type=string_type, input_value=['Visit https://ipinfo.io...'is your access token'"], input_type=list]
    For further information visit https://errors.pydantic.dev/2.12/v/string_type
23:31:59 [WARNING] Module sfp_ipqualityscore contract issues: Meta validation failed: 1 validation error for ModuleMeta
dataSource.apiKeyInstructions
  Input should be a valid string [type=string_type, input_value=['Visit https://www.ipqua...listed under 'API Key'"], input_type=list]
    For further information visit https://errors.pydantic.dev/2.12/v/string_type
23:31:59 [WARNING] Module sfp_ipregistry contract issues: Meta validation failed: 1 validation error for ModuleMeta
dataSource.apiKeyInstructions
  Input should be a valid string [type=string_type, input_value=['Visit https://dashboard...r existing Default key"], input_type=list]
    For further information visit https://errors.pydantic.dev/2.12/v/string_type
23:31:59 [WARNING] Module sfp_ipstack contract issues: Meta validation failed: 1 validation error for ModuleMeta
dataSource.apiKeyInstructions
  Input should be a valid string [type=string_type, input_value=['Visit https://ipstack.c... 'Your API Access Key'"], input_type=list]
    For further information visit https://errors.pydantic.dev/2.12/v/string_type
23:31:59 [WARNING] Module sfp_jsonwhoiscom contract issues: Meta validation failed: 1 validation error for ModuleMeta
dataSource.apiKeyInstructions
  Input should be a valid string [type=string_type, input_value=['Visit https://jsonwhois...listed under 'Api Key'"], input_type=list]
    For further information visit https://errors.pydantic.dev/2.12/v/string_type
23:31:59 [WARNING] Module sfp_koodous contract issues: Meta validation failed: 1 validation error for ModuleMeta
dataSource.apiKeyInstructions
  Input should be a valid string [type=string_type, input_value=['Visit https://koodous.c...ication token provided'], input_type=list]
    For further information visit https://errors.pydantic.dev/2.12/v/string_type
23:31:59 [WARNING] Module sfp_leakcheck contract issues: Meta validation failed: 1 validation error for ModuleMeta
dataSource.apiKeyInstructions
  Input should be a valid string [type=string_type, input_value=['Visit https://leakcheck...ate your API key there'], input_type=list]
    For further information visit https://errors.pydantic.dev/2.12/v/string_type
23:31:59 [WARNING] Module sfp_leakix contract issues: Meta validation failed: 1 validation error for ModuleMeta
dataSource.apiKeyInstructions
  Input should be a valid string [type=string_type, input_value=['Visit https://leakix.ne... to generate a new key"], input_type=list]
    For further information visit https://errors.pydantic.dev/2.12/v/string_type
23:31:59 [WARNING] Module sfp_luminar contract issues: Meta validation failed: 1 validation error for ModuleMeta
dataSource.apiKeyInstructions
  Input should be a valid string [type=string_type, input_value=['Visit https://www.lumin..., 'Generate an API key'], input_type=list]
    For further information visit https://errors.pydantic.dev/2.12/v/string_type
23:31:59 [WARNING] Module sfp_malwarepatrol contract issues: Meta validation failed: 1 validation error for ModuleMeta
dataSource.apiKeyInstructions
  Input should be a valid string [type=string_type, input_value=['Visit https://www.malwa...e mailed to your email'], input_type=list]
    For further information visit https://errors.pydantic.dev/2.12/v/string_type
23:31:59 [WARNING] Module sfp_mandiant_ti contract issues: Meta validation failed: 1 validation error for ModuleMeta
dataSource.apiKeyInstructions
  Input should be a valid string [type=string_type, input_value=['Visit https://www.mandi..., 'Generate an API key'], input_type=list]
    For further information visit https://errors.pydantic.dev/2.12/v/string_type
23:31:59 [WARNING] Module sfp_mastodon contract issues: Meta validation failed: 1 validation error for ModuleMeta
dataSource.apiKeyInstructions
  Input should be a valid string [type=string_type, input_value=['Register at your Mastod... module configuration.'], input_type=list]
    For further information visit https://errors.pydantic.dev/2.12/v/string_type
23:31:59 [WARNING] Module sfp_matrix contract issues: Meta validation failed: 1 validation error for ModuleMeta
dataSource.apiKeyInstructions
  Input should be a valid string [type=string_type, input_value=['Register at https://mat... module configuration.'], input_type=list]
    For further information visit https://errors.pydantic.dev/2.12/v/string_type
23:31:59 [WARNING] Module sfp_mattermost contract issues: Meta validation failed: 1 validation error for ModuleMeta
dataSource.apiKeyInstructions
  Input should be a valid string [type=string_type, input_value=['Register at your Matter... module configuration.'], input_type=list]
    For further information visit https://errors.pydantic.dev/2.12/v/string_type
23:31:59 [WARNING] Module sfp_metadefender contract issues: Meta validation failed: 1 validation error for ModuleMeta
dataSource.apiKeyInstructions
  Input should be a valid string [type=string_type, input_value=['Visit https://metadefen...listed under 'API key'"], input_type=list]
    For further information visit https://errors.pydantic.dev/2.12/v/string_type
23:31:59 [WARNING] Module sfp_nameapi contract issues: Meta validation failed: 1 validation error for ModuleMeta
dataSource.apiKeyInstructions
  Input should be a valid string [type=string_type, input_value=['Visit https://nameapi.o... be sent to your email'], input_type=list]
    For further information visit https://errors.pydantic.dev/2.12/v/string_type
23:31:59 [WARNING] Module sfp_netlas contract issues: Meta validation failed: 1 validation error for ModuleMeta
dataSource.apiKeyInstructions
  Input should be a valid string [type=string_type, input_value=['Visit https://netlas.io...isted under 'API Key'."], input_type=list]
    For further information visit https://errors.pydantic.dev/2.12/v/string_type
23:31:59 [WARNING] Module sfp_networksdb contract issues: Meta validation failed: 1 validation error for ModuleMeta
dataSource.apiKeyInstructions
  Input should be a valid string [type=string_type, input_value=['Visit https://networksd...r 'API Key: Free plan'"], input_type=list]
    For further information visit https://errors.pydantic.dev/2.12/v/string_type
23:31:59 [WARNING] Module sfp_neutrinoapi contract issues: Meta validation failed: 1 validation error for ModuleMeta
dataSource.apiKeyInstructions
  Input should be a valid string [type=string_type, input_value=['Visit https://www.neutr...ted under 'Master Key'"], input_type=list]
    For further information visit https://errors.pydantic.dev/2.12/v/string_type
23:31:59 [WARNING] Module sfp_numverify contract issues: Meta validation failed: 1 validation error for ModuleMeta
dataSource.apiKeyInstructions
  Input should be a valid string [type=string_type, input_value=['Visit https://numverify... 'Your API Access Key'"], input_type=list]
    For further information visit https://errors.pydantic.dev/2.12/v/string_type
23:31:59 [WARNING] Module sfp_onioncity contract issues: Meta validation failed: 1 validation error for ModuleMeta
dataSource.apiKeyInstructions
  Input should be a valid string [type=string_type, input_value=['Visit https://developer...d under 'YOUR API KEY'"], input_type=list]
    For further information visit https://errors.pydantic.dev/2.12/v/string_type
23:31:59 [WARNING] Module sfp_onyphe contract issues: Meta validation failed: 1 validation error for ModuleMeta
dataSource.apiKeyInstructions
  Input should be a valid string [type=string_type, input_value=['Visit https://www.onyph...listed under 'API Key'"], input_type=list]
    For further information visit https://errors.pydantic.dev/2.12/v/string_type
23:31:59 [WARNING] Module sfp_opencorporates contract issues: Meta validation failed: 1 validation error for ModuleMeta
dataSource.apiKeyInstructions
  Input should be a valid string [type=string_type, input_value=['Visit https://opencorpo...ed under 'API Account'"], input_type=list]
    For further information visit https://errors.pydantic.dev/2.12/v/string_type
23:31:59 [WARNING] Module sfp_openwifimap contract issues: Meta validation failed: 1 validation error for ModuleMeta
dataSource.apiKeyInstructions
  Input should be a valid string [type=string_type, input_value=[], input_type=list]
    For further information visit https://errors.pydantic.dev/2.12/v/string_type
23:31:59 [WARNING] Module sfp_pastebin contract issues: Meta validation failed: 1 validation error for ModuleMeta
dataSource.apiKeyInstructions
  Input should be a valid string [type=string_type, input_value=['Visit https://developer...d under 'YOUR API KEY'"], input_type=list]
    For further information visit https://errors.pydantic.dev/2.12/v/string_type
23:31:59 [WARNING] Module sfp_projectdiscovery contract issues: Meta validation failed: 1 validation error for ModuleMeta
dataSource.apiKeyInstructions
  Input should be a valid string [type=string_type, input_value=['Visit https://chaos.pro...your API key by email.'], input_type=list]
    For further information visit https://errors.pydantic.dev/2.12/v/string_type
23:31:59 [WARNING] Module sfp_publicwww contract issues: Meta validation failed: 1 validation error for ModuleMeta
dataSource.apiKeyInstructions
  Input should be a valid string [type=string_type, input_value=['Visit https://publicwww...be listed on that page'], input_type=list]
    For further information visit https://errors.pydantic.dev/2.12/v/string_type
23:31:59 [WARNING] Module sfp_pulsedive contract issues: Meta validation failed: 1 validation error for ModuleMeta
dataSource.apiKeyInstructions
  Input should be a valid string [type=string_type, input_value=['Visit https://pulsedive...d under 'Your API Key'"], input_type=list]
    For further information visit https://errors.pydantic.dev/2.12/v/string_type
23:31:59 [WARNING] Module sfp_recordedfuture contract issues: Meta validation failed: 1 validation error for ModuleMeta
dataSource.apiKeyInstructions
  Input should be a valid string [type=string_type, input_value=['Visit https://www.recor..., 'Generate an API key'], input_type=list]
    For further information visit https://errors.pydantic.dev/2.12/v/string_type
23:31:59 [WARNING] Module sfp_reddit contract issues: Meta validation failed: 1 validation error for ModuleMeta
dataSource.apiKeyInstructions
  Input should be a valid string [type=string_type, input_value=['Go to https://www.reddi... module configuration.'], input_type=list]
    For further information visit https://errors.pydantic.dev/2.12/v/string_type
23:31:59 [WARNING] Module sfp_rocketchat contract issues: Meta validation failed: 1 validation error for ModuleMeta
dataSource.apiKeyInstructions
  Input should be a valid string [type=string_type, input_value=['Register at your Rocket... module configuration.'], input_type=list]
    For further information visit https://errors.pydantic.dev/2.12/v/string_type
23:31:59 [WARNING] Module sfp_rocketreach contract issues: Meta validation failed: 1 validation error for ModuleMeta
dataSource.apiKeyInstructions
  Input should be a valid string [type=string_type, input_value=['Visit https://rocketrea...listed under 'API Key'"], input_type=list]
    For further information visit https://errors.pydantic.dev/2.12/v/string_type
23:31:59 [WARNING] Module sfp_rubika contract issues: Meta validation failed: 1 validation error for ModuleMeta
dataSource.apiKeyInstructions
  Input should be a valid string [type=string_type, input_value=['No API key required for...ic channel monitoring.'], input_type=list]
    For further information visit https://errors.pydantic.dev/2.12/v/string_type
23:31:59 [WARNING] Module sfp_securitytrails contract issues: Meta validation failed: 1 validation error for ModuleMeta
dataSource.apiKeyInstructions
  Input should be a valid string [type=string_type, input_value=['Visit https://securityt...listed under 'API Key'"], input_type=list]
    For further information visit https://errors.pydantic.dev/2.12/v/string_type
23:31:59 [WARNING] Module sfp_seon contract issues: Meta validation failed: 1 validation error for ModuleMeta
dataSource.apiKeyInstructions
  Input should be a valid string [type=string_type, input_value=['Visit https://seon.io/'...ed under 'License key'"], input_type=list]
    For further information visit https://errors.pydantic.dev/2.12/v/string_type
23:31:59 [WARNING] Module sfp_shodan contract issues: Meta validation failed: 1 validation error for ModuleMeta
dataSource.apiKeyInstructions
  Input should be a valid string [type=string_type, input_value=['Visit https://shodan.io...listed under 'API Key'"], input_type=list]
    For further information visit https://errors.pydantic.dev/2.12/v/string_type
23:31:59 [WARNING] Module sfp_snov contract issues: Meta validation failed: 1 validation error for ModuleMeta
dataSource.apiKeyInstructions
  Input should be a valid string [type=string_type, input_value=['Visit https://snov.io',...r ID' and 'API Secret'"], input_type=list]
    For further information visit https://errors.pydantic.dev/2.12/v/string_type
23:31:59 [WARNING] Module sfp_sociallinks contract issues: Meta validation failed: 1 validation error for ModuleMeta
dataSource.apiKeyInstructions
  Input should be a valid string [type=string_type, input_value=['Visit https://sociallin..., 'Register an account'], input_type=list]
    For further information visit https://errors.pydantic.dev/2.12/v/string_type
23:31:59 [WARNING] Module sfp_socialprofiles contract issues: Meta validation failed: 1 validation error for ModuleMeta
dataSource.apiKeyInstructions
  Input should be a valid string [type=string_type, input_value=['If using Google:', 'Vis...y2' (both should work)"], input_type=list]
    For further information visit https://errors.pydantic.dev/2.12/v/string_type
23:31:59 [WARNING] Module sfp_soroush contract issues: Meta validation failed: 1 validation error for ModuleMeta
dataSource.apiKeyInstructions
  Input should be a valid string [type=string_type, input_value=['No API key required for...ic channel monitoring.'], input_type=list]
    For further information visit https://errors.pydantic.dev/2.12/v/string_type
23:31:59 [WARNING] Module sfp_spur contract issues: Meta validation failed: 1 validation error for ModuleMeta
dataSource.apiKeyInstructions
  Input should be a valid string [type=string_type, input_value=['Visit https://spur.us',...s listed under 'Token'"], input_type=list]
    For further information visit https://errors.pydantic.dev/2.12/v/string_type
23:31:59 [WARNING] Module sfp_stackoverflow contract issues: Meta validation failed: 1 validation error for ModuleMeta
dataSource.apiKeyInstructions
  Input should be a valid string [type=string_type, input_value=['Visit https://stackapps...creased request quota."], input_type=list]
    For further information visit https://errors.pydantic.dev/2.12/v/string_type
23:31:59 [WARNING] Module sfp_subdomainradar contract issues: Meta validation failed: 1 validation error for ModuleMeta
dataSource.apiKeyInstructions
  Input should be a valid string [type=string_type, input_value=['Visit https://subdomain...er provides 100 points'], input_type=list]
    For further information visit https://errors.pydantic.dev/2.12/v/string_type
23:31:59 [WARNING] Module sfp_textmagic contract issues: Meta validation failed: 1 validation error for ModuleMeta
dataSource.apiKeyInstructions
  Input should be a valid string [type=string_type, input_value=['Visit https://textmagic...e 'The new API Key is'"], input_type=list]
    For further information visit https://errors.pydantic.dev/2.12/v/string_type
23:31:59 [WARNING] Module sfp_tiktok_osint contract issues: Meta validation failed: 1 validation error for ModuleMeta
dataSource.apiKeyInstructions
  Input should be a valid string [type=string_type, input_value=['Visit https://developer... Key and Client Secret'], input_type=list]
    For further information visit https://errors.pydantic.dev/2.12/v/string_type
23:31:59 [WARNING] Module sfp_tool_phoneinfoga contract issues: Meta validation failed: 1 validation error for ModuleMeta
dataSource.apiKeyInstructions
  Input should be a valid string [type=string_type, input_value=['See https://github.com/...in the module options.'], input_type=list]
    For further information visit https://errors.pydantic.dev/2.12/v/string_type
23:31:59 [WARNING] Module sfp_tool_wappalyzer contract issues: Meta validation failed: 1 validation error for ModuleMeta
dataSource.apiKeyInstructions
  Input should be a valid string [type=string_type, input_value=['Sign up at https://www....in the module options.'], input_type=list]
    For further information visit https://errors.pydantic.dev/2.12/v/string_type
23:31:59 [WARNING] Module sfp_tron contract issues: Meta validation failed: 1 validation error for ModuleMeta
dataSource.apiKeyInstructions
  Input should be a valid string [type=string_type, input_value=['Register at https://www... module configuration.'], input_type=list]
    For further information visit https://errors.pydantic.dev/2.12/v/string_type
23:31:59 [WARNING] Module sfp_twilio contract issues: Meta validation failed: 1 validation error for ModuleMeta
dataSource.apiKeyInstructions
  Input should be a valid string [type=string_type, input_value=['Visit https://www.twili... SID' and 'Auth Token'"], input_type=list]
    For further information visit https://errors.pydantic.dev/2.12/v/string_type
23:31:59 [WARNING] Module sfp_unwiredlabs contract issues: Meta validation failed: 1 validation error for ModuleMeta
dataSource.apiKeyInstructions
  Input should be a valid string [type=string_type, input_value=['Register at https://unw... module configuration.'], input_type=list]
    For further information visit https://errors.pydantic.dev/2.12/v/string_type
23:31:59 [WARNING] Module sfp_validin contract issues: Meta validation failed: 1 validation error for ModuleMeta
dataSource.apiKeyInstructions
  Input should be a valid string [type=string_type, input_value=['Visit https://app.valid... listed under API Keys'], input_type=list]
    For further information visit https://errors.pydantic.dev/2.12/v/string_type
23:31:59 [WARNING] Module sfp_viewdns contract issues: Meta validation failed: 1 validation error for ModuleMeta
dataSource.apiKeyInstructions
  Input should be a valid string [type=string_type, input_value=['Visit https://viewdns.i...listed under 'API Key'"], input_type=list]
    For further information visit https://errors.pydantic.dev/2.12/v/string_type
23:31:59 [WARNING] Module sfp_virustotal contract issues: Meta validation failed: 1 validation error for ModuleMeta
dataSource.apiKeyInstructions
  Input should be a valid string [type=string_type, input_value=['Visit https://www.virus...listed under 'API Key'"], input_type=list]
    For further information visit https://errors.pydantic.dev/2.12/v/string_type
23:31:59 [WARNING] Module sfp_wechat contract issues: Meta validation failed: 1 validation error for ModuleMeta
dataSource.apiKeyInstructions
  Input should be a valid string [type=string_type, input_value=['Register for WeChat API... module configuration.'], input_type=list]
    For further information visit https://errors.pydantic.dev/2.12/v/string_type
23:31:59 [WARNING] Module sfp_whatcms contract issues: Meta validation failed: 1 validation error for ModuleMeta
dataSource.apiKeyInstructions
  Input should be a valid string [type=string_type, input_value=['Visit https://whatcms.o...d under 'Your API Key'"], input_type=list]
    For further information visit https://errors.pydantic.dev/2.12/v/string_type
23:31:59 [WARNING] Module sfp_whatsapp contract issues: Meta validation failed: 1 validation error for ModuleMeta
dataSource.apiKeyInstructions
  Input should be a valid string [type=string_type, input_value=['Apply for WhatsApp Busi... module configuration.'], input_type=list]
    For further information visit https://errors.pydantic.dev/2.12/v/string_type
23:31:59 [WARNING] Module sfp_whoisfreaks contract issues: Meta validation failed: 1 validation error for ModuleMeta
dataSource.apiKeyInstructions
  Input should be a valid string [type=string_type, input_value=['Visit https://whoisfrea...pricing/api-plans.html'], input_type=list]
    For further information visit https://errors.pydantic.dev/2.12/v/string_type
23:31:59 [WARNING] Module sfp_whoisology contract issues: Meta validation failed: 1 validation error for ModuleMeta
dataSource.apiKeyInstructions
  Input should be a valid string [type=string_type, input_value=['Visit https://whoisolog...nd receive the API Key'], input_type=list]
    For further information visit https://errors.pydantic.dev/2.12/v/string_type
23:31:59 [WARNING] Module sfp_whoisxmlapi contract issues: Meta validation failed: 1 validation error for ModuleMeta
dataSource.apiKeyInstructions
  Input should be a valid string [type=string_type, input_value=['Visit https://www.whois...d on the products page'], input_type=list]
    For further information visit https://errors.pydantic.dev/2.12/v/string_type
23:31:59 [WARNING] Module sfp_whoxy contract issues: Meta validation failed: 1 validation error for ModuleMeta
dataSource.apiKeyInstructions
  Input should be a valid string [type=string_type, input_value=['Visit https://www.whoxy...presented upon payment'], input_type=list]
    For further information visit https://errors.pydantic.dev/2.12/v/string_type
23:31:59 [WARNING] Module sfp_wificafespots contract issues: Meta validation failed: 1 validation error for ModuleMeta
dataSource.apiKeyInstructions
  Input should be a valid string [type=string_type, input_value=[], input_type=list]
    For further information visit https://errors.pydantic.dev/2.12/v/string_type
23:31:59 [WARNING] Module sfp_wifimapio contract issues: Meta validation failed: 1 validation error for ModuleMeta
dataSource.apiKeyInstructions
  Input should be a valid string [type=string_type, input_value=[], input_type=list]
    For further information visit https://errors.pydantic.dev/2.12/v/string_type
23:31:59 [WARNING] Module sfp_wigle contract issues: Meta validation failed: 1 validation error for ModuleMeta
dataSource.apiKeyInstructions
  Input should be a valid string [type=string_type, input_value=['Visit https://wigle.net...t to 'Encoded for use'"], input_type=list]
    For further information visit https://errors.pydantic.dev/2.12/v/string_type
23:31:59 [WARNING] Module sfp_wpscan contract issues: Meta validation failed: 1 validation error for ModuleMeta
dataSource.apiKeyInstructions
  Input should be a valid string [type=string_type, input_value=['Visit https://wpscan.co...ted daily API requests'], input_type=list]
    For further information visit https://errors.pydantic.dev/2.12/v/string_type
23:31:59 [WARNING] Module sfp_xforce contract issues: Meta validation failed: 1 validation error for ModuleMeta
dataSource.apiKeyInstructions
  Input should be a valid string [type=string_type, input_value=['Visit https://exchange....ey' and 'API Password'"], input_type=list]
    For further information visit https://errors.pydantic.dev/2.12/v/string_type
23:31:59 [WARNING] Module sfp_xiaohongshu contract issues: Meta validation failed: 1 validation error for ModuleMeta
dataSource.apiKeyInstructions
  Input should be a valid string [type=string_type, input_value=['No API key required for...ublic post monitoring.'], input_type=list]
    For further information visit https://errors.pydantic.dev/2.12/v/string_type
23:31:59 [WARNING] Module sfp_zetalytics contract issues: Meta validation failed: 1 validation error for ModuleMeta
dataSource.apiKeyInstructions
  Input should be a valid string [type=string_type, input_value=['Visit https://mailchi.m...and request an API key'], input_type=list]
    For further information visit https://errors.pydantic.dev/2.12/v/string_type
23:31:59 [WARNING] Module sfp_zonefiles contract issues: Meta validation failed: 1 validation error for ModuleMeta
dataSource.apiKeyInstructions
  Input should be a valid string [type=string_type, input_value=['Visit https://zonefiles...xt to 'Your API token'"], input_type=list]
    For further information visit https://errors.pydantic.dev/2.12/v/string_type
23:31:59 [WARNING] Module sfp_zoomeye contract issues: Meta validation failed: 1 validation error for ModuleMeta
dataSource.apiKeyInstructions
  Input should be a valid string [type=string_type, input_value=['Visit https://www.zoome...listed under 'API Key'"], input_type=list]
    For further information visit https://errors.pydantic.dev/2.12/v/string_type
23:31:59 [INFO] Contract validation: 133/305 modules have warnings
PASSED                                                                   [ 61%]
test/unit/test_module_registry.py::TestModuleRegistryRealModules::test_real_modules_have_event_types 
-------------------------------- live log call --------------------------------
23:31:59 [INFO] Module discovery complete: 305 loaded, 4 failed (dir=D:\github\spiderfoot\modules)
23:31:59 [WARNING] Module sfp_4chan contract issues: Meta validation failed: 1 validation error for ModuleMeta
dataSource.apiKeyInstructions
  Input should be a valid string [type=string_type, input_value=['No API key required for...blic board monitoring.'], input_type=list]
    For further information visit https://errors.pydantic.dev/2.12/v/string_type
23:31:59 [WARNING] Module sfp_abstractapi contract issues: Meta validation failed: 1 validation error for ModuleMeta
dataSource.apiKeyInstructions
  Input should be a valid string [type=string_type, input_value=['Visit https://app.abstr...specific to this API.'"], input_type=list]
    For further information visit https://errors.pydantic.dev/2.12/v/string_type
23:31:59 [WARNING] Module sfp_abusech contract issues: Meta validation failed: 1 validation error for ModuleMeta
dataSource.apiKeyInstructions
  Input should be a valid string [type=string_type, input_value=['Visit https://bazaar.ab...listed under 'API-Key'"], input_type=list]
    For further information visit https://errors.pydantic.dev/2.12/v/string_type
23:31:59 [WARNING] Module sfp_abuseipdb contract issues: Meta validation failed: 1 validation error for ModuleMeta
dataSource.apiKeyInstructions
  Input should be a valid string [type=string_type, input_value=['Visit https://www.abuse...is listed under 'Keys'"], input_type=list]
    For further information visit https://errors.pydantic.dev/2.12/v/string_type
23:31:59 [WARNING] Module sfp_adsbexchange contract issues: Meta validation failed: 1 validation error for ModuleMeta
dataSource.apiKeyInstructions
  Input should be a valid string [type=string_type, input_value=['Register at https://rap...in the _api_key option'], input_type=list]
    For further information visit https://errors.pydantic.dev/2.12/v/string_type
23:31:59 [WARNING] Module sfp_alienvault contract issues: Meta validation failed: 1 validation error for ModuleMeta
dataSource.apiKeyInstructions
  Input should be a valid string [type=string_type, input_value=['Visit https://otx.alien...listed under 'OTX Key'"], input_type=list]
    For further information visit https://errors.pydantic.dev/2.12/v/string_type
23:31:59 [WARNING] Module sfp_aparat contract issues: Meta validation failed: 1 validation error for ModuleMeta
dataSource.apiKeyInstructions
  Input should be a valid string [type=string_type, input_value=['No API key required for...blic video monitoring.'], input_type=list]
    For further information visit https://errors.pydantic.dev/2.12/v/string_type
23:31:59 [WARNING] Module sfp_apileak contract issues: Meta validation failed: 1 validation error for ModuleMeta
dataSource.apiKeyInstructions
  Input should be a valid string [type=string_type, input_value=['Sign up at https://gith... module configuration.'], input_type=list]
    For further information visit https://errors.pydantic.dev/2.12/v/string_type
23:31:59 [WARNING] Module sfp_apivoid contract issues: Meta validation failed: 1 validation error for ModuleMeta
dataSource.apiKeyInstructions
  Input should be a valid string [type=string_type, input_value=['Visit https://www.apivo...d to find your API key'], input_type=list]
    For further information visit https://errors.pydantic.dev/2.12/v/string_type
23:31:59 [WARNING] Module sfp_aprsfi contract issues: Meta validation failed: 1 validation error for ModuleMeta
dataSource.apiKeyInstructions
  Input should be a valid string [type=string_type, input_value=['Register an account at ...in the _api_key option'], input_type=list]
    For further information visit https://errors.pydantic.dev/2.12/v/string_type
23:31:59 [WARNING] Module sfp_arbitrum contract issues: Meta validation failed: 1 validation error for ModuleMeta
dataSource.apiKeyInstructions
  Input should be a valid string [type=string_type, input_value=['Register at https://arb... module configuration.'], input_type=list]
    For further information visit https://errors.pydantic.dev/2.12/v/string_type
23:31:59 [WARNING] Module sfp_aviationstack contract issues: Meta validation failed: 1 validation error for ModuleMeta
dataSource.apiKeyInstructions
  Input should be a valid string [type=string_type, input_value=['Register at https://avi...in the _api_key option'], input_type=list]
    For further information visit https://errors.pydantic.dev/2.12/v/string_type
23:31:59 [WARNING] Module sfp_bevigil contract issues: Meta validation failed: 1 validation error for ModuleMeta
dataSource.apiKeyInstructions
  Input should be a valid string [type=string_type, input_value=['Visit https://bevigil.c...your account dashboard'], input_type=list]
    For further information visit https://errors.pydantic.dev/2.12/v/string_type
23:31:59 [WARNING] Module sfp_binaryedge contract issues: Meta validation failed: 1 validation error for ModuleMeta
dataSource.apiKeyInstructions
  Input should be a valid string [type=string_type, input_value=['Visit https://www.binar...ted under 'API Access'"], input_type=list]
    For further information visit https://errors.pydantic.dev/2.12/v/string_type
23:31:59 [WARNING] Module sfp_bingsearch contract issues: Meta validation failed: 1 validation error for ModuleMeta
dataSource.apiKeyInstructions
  Input should be a valid string [type=string_type, input_value=['Visit https://azure.mic...y2' (both should work)"], input_type=list]
    For further information visit https://errors.pydantic.dev/2.12/v/string_type
23:31:59 [WARNING] Module sfp_bingsharedip contract issues: Meta validation failed: 1 validation error for ModuleMeta
dataSource.apiKeyInstructions
  Input should be a valid string [type=string_type, input_value=['Visit https://azure.mic...y2' (both should work)"], input_type=list]
    For further information visit https://errors.pydantic.dev/2.12/v/string_type
23:31:59 [WARNING] Module sfp_bitcoinwhoswho contract issues: Meta validation failed: 1 validation error for ModuleMeta
dataSource.apiKeyInstructions
  Input should be a valid string [type=string_type, input_value=['Visit https://bitcoinwh...ceive it to your email"], input_type=list]
    For further information visit https://errors.pydantic.dev/2.12/v/string_type
23:31:59 [WARNING] Module sfp_blockchain_analytics contract issues: Meta validation failed: 1 validation error for ModuleMeta
dataSource.apiKeyInstructions
  Input should be a valid string [type=string_type, input_value=['Sign up for BlockCypher...ys for better coverage'], input_type=list]
    For further information visit https://errors.pydantic.dev/2.12/v/string_type
23:31:59 [WARNING] Module sfp_bluesky contract issues: Meta validation failed: 1 validation error for ModuleMeta
dataSource.apiKeyInstructions
  Input should be a valid string [type=string_type, input_value=['Register at https://bsk... module configuration.'], input_type=list]
    For further information visit https://errors.pydantic.dev/2.12/v/string_type
23:31:59 [WARNING] Module sfp_bnb contract issues: Meta validation failed: 1 validation error for ModuleMeta
dataSource.apiKeyInstructions
  Input should be a valid string [type=string_type, input_value=['Register at https://bsc... module configuration.'], input_type=list]
    For further information visit https://errors.pydantic.dev/2.12/v/string_type
23:31:59 [WARNING] Module sfp_botscout contract issues: Meta validation failed: 1 validation error for ModuleMeta
dataSource.apiKeyInstructions
  Input should be a valid string [type=string_type, input_value=['Visit http://botscout.c...mailed to your account'], input_type=list]
    For further information visit https://errors.pydantic.dev/2.12/v/string_type
23:31:59 [WARNING] Module sfp_bugbounty contract issues: Meta validation failed: 1 validation error for ModuleMeta
dataSource.apiKeyInstructions
  Input should be a valid string [type=string_type, input_value=['For HackerOne: create a...e corresponding option'], input_type=list]
    For further information visit https://errors.pydantic.dev/2.12/v/string_type
23:31:59 [WARNING] Module sfp_builtwith contract issues: Meta validation failed: 1 validation error for ModuleMeta
dataSource.apiKeyInstructions
  Input should be a valid string [type=string_type, input_value=['Visit https://api.built...d under 'Your API Key'"], input_type=list]
    For further information visit https://errors.pydantic.dev/2.12/v/string_type
23:31:59 [WARNING] Module sfp_c99 contract issues: Meta validation failed: 1 validation error for ModuleMeta
dataSource.apiKeyInstructions
  Input should be a valid string [type=string_type, input_value=['Visit https://api.c99.n...your API key by email.'], input_type=list]
    For further information visit https://errors.pydantic.dev/2.12/v/string_type
23:31:59 [WARNING] Module sfp_censys contract issues: Meta validation failed: 1 validation error for ModuleMeta
dataSource.apiKeyInstructions
  Input should be a valid string [type=string_type, input_value=['Visit https://censys.io... 'API ID' and 'Secret'"], input_type=list]
    For further information visit https://errors.pydantic.dev/2.12/v/string_type
23:31:59 [WARNING] Module sfp_certspotter contract issues: Meta validation failed: 1 validation error for ModuleMeta
dataSource.apiKeyInstructions
  Input should be a valid string [type=string_type, input_value=['Visit https://sslmate.c...nder 'API Credentials'"], input_type=list]
    For further information visit https://errors.pydantic.dev/2.12/v/string_type
23:31:59 [WARNING] Module sfp_circllu contract issues: Meta validation failed: 1 validation error for ModuleMeta
dataSource.apiKeyInstructions
  Input should be a valid string [type=string_type, input_value=['Visit https://www.circl...provided once approved'], input_type=list]
    For further information visit https://errors.pydantic.dev/2.12/v/string_type
23:31:59 [WARNING] Module sfp_cisco_umbrella contract issues: Meta validation failed: 1 validation error for ModuleMeta
dataSource.apiKeyInstructions
  Input should be a valid string [type=string_type, input_value=['Visit https://umbrella....Generate a new API key'], input_type=list]
    For further information visit https://errors.pydantic.dev/2.12/v/string_type
23:31:59 [WARNING] Module sfp_citadel contract issues: Meta validation failed: 1 validation error for ModuleMeta
dataSource.apiKeyInstructions
  Input should be a valid string [type=string_type, input_value=['Visit https://leak-look...listed under 'API Key'"], input_type=list]
    For further information visit https://errors.pydantic.dev/2.12/v/string_type
23:31:59 [WARNING] Module sfp_criminalip contract issues: Meta validation failed: 1 validation error for ModuleMeta
dataSource.apiKeyInstructions
  Input should be a valid string [type=string_type, input_value=['Visit https://www.crimi...isted under 'API Key'."], input_type=list]
    For further information visit https://errors.pydantic.dev/2.12/v/string_type
23:31:59 [WARNING] Module sfp_datalastic contract issues: Meta validation failed: 1 validation error for ModuleMeta
dataSource.apiKeyInstructions
  Input should be a valid string [type=string_type, input_value=['Register at https://dat...in the _api_key option'], input_type=list]
    For further information visit https://errors.pydantic.dev/2.12/v/string_type
23:31:59 [WARNING] Module sfp_deepinfo contract issues: Meta validation failed: 1 validation error for ModuleMeta
dataSource.apiKeyInstructions
  Input should be a valid string [type=string_type, input_value=['Visit https://deepinfo....isted under 'API Keys'"], input_type=list]
    For further information visit https://errors.pydantic.dev/2.12/v/string_type
23:31:59 [WARNING] Module sfp_dehashed contract issues: Meta validation failed: 1 validation error for ModuleMeta
dataSource.apiKeyInstructions
  Input should be a valid string [type=string_type, input_value=['Visit https://www.dehas...listed under 'API Key'"], input_type=list]
    For further information visit https://errors.pydantic.dev/2.12/v/string_type
23:31:59 [WARNING] Module sfp_dideo contract issues: Meta validation failed: 1 validation error for ModuleMeta
dataSource.apiKeyInstructions
  Input should be a valid string [type=string_type, input_value=['No API key required for...blic video monitoring.'], input_type=list]
    For further information visit https://errors.pydantic.dev/2.12/v/string_type
23:31:59 [WARNING] Module sfp_discord contract issues: Meta validation failed: 1 validation error for ModuleMeta
dataSource.apiKeyInstructions
  Input should be a valid string [type=string_type, input_value=['Go to https://discord.c... module configuration.'], input_type=list]
    For further information visit https://errors.pydantic.dev/2.12/v/string_type
23:31:59 [WARNING] Module sfp_douyin contract issues: Meta validation failed: 1 validation error for ModuleMeta
dataSource.apiKeyInstructions
  Input should be a valid string [type=string_type, input_value=['No API key required for...blic video monitoring.'], input_type=list]
    For further information visit https://errors.pydantic.dev/2.12/v/string_type
23:31:59 [WARNING] Module sfp_emailcrawlr contract issues: Meta validation failed: 1 validation error for ModuleMeta
dataSource.apiKeyInstructions
  Input should be a valid string [type=string_type, input_value=['Visit https://emailcraw...listed under 'API Key'"], input_type=list]
    For further information visit https://errors.pydantic.dev/2.12/v/string_type
23:31:59 [WARNING] Module sfp_emailrep contract issues: Meta validation failed: 1 validation error for ModuleMeta
dataSource.apiKeyInstructions
  Input should be a valid string [type=string_type, input_value=['Visit https://emailrep....il account on approval'], input_type=list]
    For further information visit https://errors.pydantic.dev/2.12/v/string_type
23:31:59 [WARNING] Module sfp_ethereum contract issues: Meta validation failed: 1 validation error for ModuleMeta
dataSource.apiKeyInstructions
  Input should be a valid string [type=string_type, input_value=['Register at https://eth... module configuration.'], input_type=list]
    For further information visit https://errors.pydantic.dev/2.12/v/string_type
23:31:59 [WARNING] Module sfp_etherscan contract issues: Meta validation failed: 1 validation error for ModuleMeta
dataSource.apiKeyInstructions
  Input should be a valid string [type=string_type, input_value=['Visit https://etherscan...ed under API Key Token'], input_type=list]
    For further information visit https://errors.pydantic.dev/2.12/v/string_type
23:31:59 [WARNING] Module sfp_example contract issues: Missing required attribute: opts; Missing required attribute: optdescs
23:31:59 [WARNING] Module sfp_flickr contract issues: Meta validation failed: 1 validation error for ModuleMeta
dataSource.apiKeyInstructions
  Input should be a valid string [type=string_type, input_value=['Visit https://www.flick... the confirmation page'], input_type=list]
    For further information visit https://errors.pydantic.dev/2.12/v/string_type
23:31:59 [WARNING] Module sfp_focsec contract issues: Meta validation failed: 1 validation error for ModuleMeta
dataSource.apiKeyInstructions
  Input should be a valid string [type=string_type, input_value=['Visit https://focsec.co...e the API key provided'], input_type=list]
    For further information visit https://errors.pydantic.dev/2.12/v/string_type
23:31:59 [WARNING] Module sfp_fofa contract issues: Meta validation failed: 1 validation error for ModuleMeta
dataSource.apiKeyInstructions
  Input should be a valid string [type=string_type, input_value=['Visit https://fofa.info...isted under 'API Key'."], input_type=list]
    For further information visit https://errors.pydantic.dev/2.12/v/string_type
23:31:59 [WARNING] Module sfp_fraudguard contract issues: Meta validation failed: 1 validation error for ModuleMeta
dataSource.apiKeyInstructions
  Input should be a valid string [type=string_type, input_value=['Visit https://app.fraud... Username and Password'], input_type=list]
    For further information visit https://errors.pydantic.dev/2.12/v/string_type
23:31:59 [WARNING] Module sfp_fullcontact contract issues: Meta validation failed: 1 validation error for ModuleMeta
dataSource.apiKeyInstructions
  Input should be a valid string [type=string_type, input_value=['Visit https://fullconta... under 'Your API Keys'"], input_type=list]
    For further information visit https://errors.pydantic.dev/2.12/v/string_type
23:31:59 [WARNING] Module sfp_fullhunt contract issues: Meta validation failed: 1 validation error for ModuleMeta
dataSource.apiKeyInstructions
  Input should be a valid string [type=string_type, input_value=['Visit https://fullhunt....ted under 'API Access'"], input_type=list]
    For further information visit https://errors.pydantic.dev/2.12/v/string_type
23:31:59 [WARNING] Module sfp_googlemaps contract issues: Meta validation failed: 1 validation error for ModuleMeta
dataSource.apiKeyInstructions
  Input should be a valid string [type=string_type, input_value=['Visit https://cloud.goo...isted under 'API Keys'"], input_type=list]
    For further information visit https://errors.pydantic.dev/2.12/v/string_type
23:31:59 [WARNING] Module sfp_googlesafebrowsing contract issues: Meta validation failed: 1 validation error for ModuleMeta
dataSource.apiKeyInstructions
  Input should be a valid string [type=string_type, input_value=['Visit https://console.d...your newly created key'], input_type=list]
    For further information visit https://errors.pydantic.dev/2.12/v/string_type
23:31:59 [WARNING] Module sfp_googlesearch contract issues: Meta validation failed: 1 validation error for ModuleMeta
dataSource.apiKeyInstructions
  Input should be a valid string [type=string_type, input_value=['Visit https://developer...d under 'YOUR API KEY'"], input_type=list]
    For further information visit https://errors.pydantic.dev/2.12/v/string_type
23:31:59 [WARNING] Module sfp_grayhatwarfare contract issues: Meta validation failed: 1 validation error for ModuleMeta
dataSource.apiKeyInstructions
  Input should be a valid string [type=string_type, input_value=['Visit https://grayhatwa...listed under 'Api Key'"], input_type=list]
    For further information visit https://errors.pydantic.dev/2.12/v/string_type
23:31:59 [WARNING] Module sfp_greynoise contract issues: Meta validation failed: 1 validation error for ModuleMeta
dataSource.apiKeyInstructions
  Input should be a valid string [type=string_type, input_value=['Visit https://viz.greyn...listed under 'API Key'"], input_type=list]
    For further information visit https://errors.pydantic.dev/2.12/v/string_type
23:31:59 [WARNING] Module sfp_greynoise_community contract issues: Meta validation failed: 1 validation error for ModuleMeta
dataSource.apiKeyInstructions
  Input should be a valid string [type=string_type, input_value=['Visit https://viz.greyn...listed under 'API Key'"], input_type=list]
    For further information visit https://errors.pydantic.dev/2.12/v/string_type
23:31:59 [WARNING] Module sfp_haveibeenpwned contract issues: Meta validation failed: 1 validation error for ModuleMeta
dataSource.apiKeyInstructions
  Input should be a valid string [type=string_type, input_value=['Visit https://haveibeen...ibeenpwned.com/API/Key'], input_type=list]
    For further information visit https://errors.pydantic.dev/2.12/v/string_type
23:31:59 [WARNING] Module sfp_honeypot contract issues: Meta validation failed: 1 validation error for ModuleMeta
dataSource.apiKeyInstructions
  Input should be a valid string [type=string_type, input_value=['Visit https://www.proje...ur http:BL Access Key'"], input_type=list]
    For further information visit https://errors.pydantic.dev/2.12/v/string_type
23:31:59 [WARNING] Module sfp_hostio contract issues: Meta validation failed: 1 validation error for ModuleMeta
dataSource.apiKeyInstructions
  Input should be a valid string [type=string_type, input_value=['Visit https://host.io/s...ication token provided'], input_type=list]
    For further information visit https://errors.pydantic.dev/2.12/v/string_type
23:31:59 [WARNING] Module sfp_hunter contract issues: Meta validation failed: 1 validation error for ModuleMeta
dataSource.apiKeyInstructions
  Input should be a valid string [type=string_type, input_value=['Visit https://hunter.io...d under 'Your API Key'"], input_type=list]
    For further information visit https://errors.pydantic.dev/2.12/v/string_type
23:31:59 [WARNING] Module sfp_hunterhow contract issues: Meta validation failed: 1 validation error for ModuleMeta
dataSource.apiKeyInstructions
  Input should be a valid string [type=string_type, input_value=['Visit https://hunter.ho...isted on the dashboard'], input_type=list]
    For further information visit https://errors.pydantic.dev/2.12/v/string_type
23:31:59 [WARNING] Module sfp_hybrid_analysis contract issues: Meta validation failed: 1 validation error for ModuleMeta
dataSource.apiKeyInstructions
  Input should be a valid string [type=string_type, input_value=['Visit https://www.hybri...listed under 'API Key'"], input_type=list]
    For further information visit https://errors.pydantic.dev/2.12/v/string_type
23:31:59 [WARNING] Module sfp_iknowwhatyoudownload contract issues: Meta validation failed: 1 validation error for ModuleMeta
dataSource.apiKeyInstructions
  Input should be a valid string [type=string_type, input_value=['Visit https://iknowwhat... be sent to your email'], input_type=list]
    For further information visit https://errors.pydantic.dev/2.12/v/string_type
23:31:59 [WARNING] Module sfp_instagram contract issues: Meta validation failed: 1 validation error for ModuleMeta
dataSource.apiKeyInstructions
  Input should be a valid string [type=string_type, input_value=['Register an application... module configuration.'], input_type=list]
    For further information visit https://errors.pydantic.dev/2.12/v/string_type
23:31:59 [WARNING] Module sfp_intelx contract issues: Meta validation failed: 1 validation error for ModuleMeta
dataSource.apiKeyInstructions
  Input should be a valid string [type=string_type, input_value=['Visit https://intelx.io...der 'Your API details'"], input_type=list]
    For further information visit https://errors.pydantic.dev/2.12/v/string_type
23:31:59 [WARNING] Module sfp_ipapicom contract issues: Meta validation failed: 1 validation error for ModuleMeta
dataSource.apiKeyInstructions
  Input should be a valid string [type=string_type, input_value=['Visit https://ipapi.com...er Your API Access Key'], input_type=list]
    For further information visit https://errors.pydantic.dev/2.12/v/string_type
23:31:59 [WARNING] Module sfp_ipinfo contract issues: Meta validation failed: 1 validation error for ModuleMeta
dataSource.apiKeyInstructions
  Input should be a valid string [type=string_type, input_value=['Visit https://ipinfo.io...'is your access token'"], input_type=list]
    For further information visit https://errors.pydantic.dev/2.12/v/string_type
23:31:59 [WARNING] Module sfp_ipinfo_modern contract issues: Meta validation failed: 1 validation error for ModuleMeta
dataSource.apiKeyInstructions
  Input should be a valid string [type=string_type, input_value=['Visit https://ipinfo.io...'is your access token'"], input_type=list]
    For further information visit https://errors.pydantic.dev/2.12/v/string_type
23:31:59 [WARNING] Module sfp_ipqualityscore contract issues: Meta validation failed: 1 validation error for ModuleMeta
dataSource.apiKeyInstructions
  Input should be a valid string [type=string_type, input_value=['Visit https://www.ipqua...listed under 'API Key'"], input_type=list]
    For further information visit https://errors.pydantic.dev/2.12/v/string_type
23:31:59 [WARNING] Module sfp_ipregistry contract issues: Meta validation failed: 1 validation error for ModuleMeta
dataSource.apiKeyInstructions
  Input should be a valid string [type=string_type, input_value=['Visit https://dashboard...r existing Default key"], input_type=list]
    For further information visit https://errors.pydantic.dev/2.12/v/string_type
23:31:59 [WARNING] Module sfp_ipstack contract issues: Meta validation failed: 1 validation error for ModuleMeta
dataSource.apiKeyInstructions
  Input should be a valid string [type=string_type, input_value=['Visit https://ipstack.c... 'Your API Access Key'"], input_type=list]
    For further information visit https://errors.pydantic.dev/2.12/v/string_type
23:31:59 [WARNING] Module sfp_jsonwhoiscom contract issues: Meta validation failed: 1 validation error for ModuleMeta
dataSource.apiKeyInstructions
  Input should be a valid string [type=string_type, input_value=['Visit https://jsonwhois...listed under 'Api Key'"], input_type=list]
    For further information visit https://errors.pydantic.dev/2.12/v/string_type
23:31:59 [WARNING] Module sfp_koodous contract issues: Meta validation failed: 1 validation error for ModuleMeta
dataSource.apiKeyInstructions
  Input should be a valid string [type=string_type, input_value=['Visit https://koodous.c...ication token provided'], input_type=list]
    For further information visit https://errors.pydantic.dev/2.12/v/string_type
23:31:59 [WARNING] Module sfp_leakcheck contract issues: Meta validation failed: 1 validation error for ModuleMeta
dataSource.apiKeyInstructions
  Input should be a valid string [type=string_type, input_value=['Visit https://leakcheck...ate your API key there'], input_type=list]
    For further information visit https://errors.pydantic.dev/2.12/v/string_type
23:31:59 [WARNING] Module sfp_leakix contract issues: Meta validation failed: 1 validation error for ModuleMeta
dataSource.apiKeyInstructions
  Input should be a valid string [type=string_type, input_value=['Visit https://leakix.ne... to generate a new key"], input_type=list]
    For further information visit https://errors.pydantic.dev/2.12/v/string_type
23:31:59 [WARNING] Module sfp_luminar contract issues: Meta validation failed: 1 validation error for ModuleMeta
dataSource.apiKeyInstructions
  Input should be a valid string [type=string_type, input_value=['Visit https://www.lumin..., 'Generate an API key'], input_type=list]
    For further information visit https://errors.pydantic.dev/2.12/v/string_type
23:31:59 [WARNING] Module sfp_malwarepatrol contract issues: Meta validation failed: 1 validation error for ModuleMeta
dataSource.apiKeyInstructions
  Input should be a valid string [type=string_type, input_value=['Visit https://www.malwa...e mailed to your email'], input_type=list]
    For further information visit https://errors.pydantic.dev/2.12/v/string_type
23:31:59 [WARNING] Module sfp_mandiant_ti contract issues: Meta validation failed: 1 validation error for ModuleMeta
dataSource.apiKeyInstructions
  Input should be a valid string [type=string_type, input_value=['Visit https://www.mandi..., 'Generate an API key'], input_type=list]
    For further information visit https://errors.pydantic.dev/2.12/v/string_type
23:31:59 [WARNING] Module sfp_mastodon contract issues: Meta validation failed: 1 validation error for ModuleMeta
dataSource.apiKeyInstructions
  Input should be a valid string [type=string_type, input_value=['Register at your Mastod... module configuration.'], input_type=list]
    For further information visit https://errors.pydantic.dev/2.12/v/string_type
23:31:59 [WARNING] Module sfp_matrix contract issues: Meta validation failed: 1 validation error for ModuleMeta
dataSource.apiKeyInstructions
  Input should be a valid string [type=string_type, input_value=['Register at https://mat... module configuration.'], input_type=list]
    For further information visit https://errors.pydantic.dev/2.12/v/string_type
23:31:59 [WARNING] Module sfp_mattermost contract issues: Meta validation failed: 1 validation error for ModuleMeta
dataSource.apiKeyInstructions
  Input should be a valid string [type=string_type, input_value=['Register at your Matter... module configuration.'], input_type=list]
    For further information visit https://errors.pydantic.dev/2.12/v/string_type
23:31:59 [WARNING] Module sfp_metadefender contract issues: Meta validation failed: 1 validation error for ModuleMeta
dataSource.apiKeyInstructions
  Input should be a valid string [type=string_type, input_value=['Visit https://metadefen...listed under 'API key'"], input_type=list]
    For further information visit https://errors.pydantic.dev/2.12/v/string_type
23:31:59 [WARNING] Module sfp_nameapi contract issues: Meta validation failed: 1 validation error for ModuleMeta
dataSource.apiKeyInstructions
  Input should be a valid string [type=string_type, input_value=['Visit https://nameapi.o... be sent to your email'], input_type=list]
    For further information visit https://errors.pydantic.dev/2.12/v/string_type
23:31:59 [WARNING] Module sfp_netlas contract issues: Meta validation failed: 1 validation error for ModuleMeta
dataSource.apiKeyInstructions
  Input should be a valid string [type=string_type, input_value=['Visit https://netlas.io...isted under 'API Key'."], input_type=list]
    For further information visit https://errors.pydantic.dev/2.12/v/string_type
23:31:59 [WARNING] Module sfp_networksdb contract issues: Meta validation failed: 1 validation error for ModuleMeta
dataSource.apiKeyInstructions
  Input should be a valid string [type=string_type, input_value=['Visit https://networksd...r 'API Key: Free plan'"], input_type=list]
    For further information visit https://errors.pydantic.dev/2.12/v/string_type
23:31:59 [WARNING] Module sfp_neutrinoapi contract issues: Meta validation failed: 1 validation error for ModuleMeta
dataSource.apiKeyInstructions
  Input should be a valid string [type=string_type, input_value=['Visit https://www.neutr...ted under 'Master Key'"], input_type=list]
    For further information visit https://errors.pydantic.dev/2.12/v/string_type
23:31:59 [WARNING] Module sfp_numverify contract issues: Meta validation failed: 1 validation error for ModuleMeta
dataSource.apiKeyInstructions
  Input should be a valid string [type=string_type, input_value=['Visit https://numverify... 'Your API Access Key'"], input_type=list]
    For further information visit https://errors.pydantic.dev/2.12/v/string_type
23:31:59 [WARNING] Module sfp_onioncity contract issues: Meta validation failed: 1 validation error for ModuleMeta
dataSource.apiKeyInstructions
  Input should be a valid string [type=string_type, input_value=['Visit https://developer...d under 'YOUR API KEY'"], input_type=list]
    For further information visit https://errors.pydantic.dev/2.12/v/string_type
23:31:59 [WARNING] Module sfp_onyphe contract issues: Meta validation failed: 1 validation error for ModuleMeta
dataSource.apiKeyInstructions
  Input should be a valid string [type=string_type, input_value=['Visit https://www.onyph...listed under 'API Key'"], input_type=list]
    For further information visit https://errors.pydantic.dev/2.12/v/string_type
23:31:59 [WARNING] Module sfp_opencorporates contract issues: Meta validation failed: 1 validation error for ModuleMeta
dataSource.apiKeyInstructions
  Input should be a valid string [type=string_type, input_value=['Visit https://opencorpo...ed under 'API Account'"], input_type=list]
    For further information visit https://errors.pydantic.dev/2.12/v/string_type
23:31:59 [WARNING] Module sfp_openwifimap contract issues: Meta validation failed: 1 validation error for ModuleMeta
dataSource.apiKeyInstructions
  Input should be a valid string [type=string_type, input_value=[], input_type=list]
    For further information visit https://errors.pydantic.dev/2.12/v/string_type
23:31:59 [WARNING] Module sfp_pastebin contract issues: Meta validation failed: 1 validation error for ModuleMeta
dataSource.apiKeyInstructions
  Input should be a valid string [type=string_type, input_value=['Visit https://developer...d under 'YOUR API KEY'"], input_type=list]
    For further information visit https://errors.pydantic.dev/2.12/v/string_type
23:31:59 [WARNING] Module sfp_projectdiscovery contract issues: Meta validation failed: 1 validation error for ModuleMeta
dataSource.apiKeyInstructions
  Input should be a valid string [type=string_type, input_value=['Visit https://chaos.pro...your API key by email.'], input_type=list]
    For further information visit https://errors.pydantic.dev/2.12/v/string_type
23:31:59 [WARNING] Module sfp_publicwww contract issues: Meta validation failed: 1 validation error for ModuleMeta
dataSource.apiKeyInstructions
  Input should be a valid string [type=string_type, input_value=['Visit https://publicwww...be listed on that page'], input_type=list]
    For further information visit https://errors.pydantic.dev/2.12/v/string_type
23:31:59 [WARNING] Module sfp_pulsedive contract issues: Meta validation failed: 1 validation error for ModuleMeta
dataSource.apiKeyInstructions
  Input should be a valid string [type=string_type, input_value=['Visit https://pulsedive...d under 'Your API Key'"], input_type=list]
    For further information visit https://errors.pydantic.dev/2.12/v/string_type
23:31:59 [WARNING] Module sfp_recordedfuture contract issues: Meta validation failed: 1 validation error for ModuleMeta
dataSource.apiKeyInstructions
  Input should be a valid string [type=string_type, input_value=['Visit https://www.recor..., 'Generate an API key'], input_type=list]
    For further information visit https://errors.pydantic.dev/2.12/v/string_type
23:31:59 [WARNING] Module sfp_reddit contract issues: Meta validation failed: 1 validation error for ModuleMeta
dataSource.apiKeyInstructions
  Input should be a valid string [type=string_type, input_value=['Go to https://www.reddi... module configuration.'], input_type=list]
    For further information visit https://errors.pydantic.dev/2.12/v/string_type
23:31:59 [WARNING] Module sfp_rocketchat contract issues: Meta validation failed: 1 validation error for ModuleMeta
dataSource.apiKeyInstructions
  Input should be a valid string [type=string_type, input_value=['Register at your Rocket... module configuration.'], input_type=list]
    For further information visit https://errors.pydantic.dev/2.12/v/string_type
23:31:59 [WARNING] Module sfp_rocketreach contract issues: Meta validation failed: 1 validation error for ModuleMeta
dataSource.apiKeyInstructions
  Input should be a valid string [type=string_type, input_value=['Visit https://rocketrea...listed under 'API Key'"], input_type=list]
    For further information visit https://errors.pydantic.dev/2.12/v/string_type
23:31:59 [WARNING] Module sfp_rubika contract issues: Meta validation failed: 1 validation error for ModuleMeta
dataSource.apiKeyInstructions
  Input should be a valid string [type=string_type, input_value=['No API key required for...ic channel monitoring.'], input_type=list]
    For further information visit https://errors.pydantic.dev/2.12/v/string_type
23:31:59 [WARNING] Module sfp_securitytrails contract issues: Meta validation failed: 1 validation error for ModuleMeta
dataSource.apiKeyInstructions
  Input should be a valid string [type=string_type, input_value=['Visit https://securityt...listed under 'API Key'"], input_type=list]
    For further information visit https://errors.pydantic.dev/2.12/v/string_type
23:31:59 [WARNING] Module sfp_seon contract issues: Meta validation failed: 1 validation error for ModuleMeta
dataSource.apiKeyInstructions
  Input should be a valid string [type=string_type, input_value=['Visit https://seon.io/'...ed under 'License key'"], input_type=list]
    For further information visit https://errors.pydantic.dev/2.12/v/string_type
23:31:59 [WARNING] Module sfp_shodan contract issues: Meta validation failed: 1 validation error for ModuleMeta
dataSource.apiKeyInstructions
  Input should be a valid string [type=string_type, input_value=['Visit https://shodan.io...listed under 'API Key'"], input_type=list]
    For further information visit https://errors.pydantic.dev/2.12/v/string_type
23:31:59 [WARNING] Module sfp_snov contract issues: Meta validation failed: 1 validation error for ModuleMeta
dataSource.apiKeyInstructions
  Input should be a valid string [type=string_type, input_value=['Visit https://snov.io',...r ID' and 'API Secret'"], input_type=list]
    For further information visit https://errors.pydantic.dev/2.12/v/string_type
23:31:59 [WARNING] Module sfp_sociallinks contract issues: Meta validation failed: 1 validation error for ModuleMeta
dataSource.apiKeyInstructions
  Input should be a valid string [type=string_type, input_value=['Visit https://sociallin..., 'Register an account'], input_type=list]
    For further information visit https://errors.pydantic.dev/2.12/v/string_type
23:31:59 [WARNING] Module sfp_socialprofiles contract issues: Meta validation failed: 1 validation error for ModuleMeta
dataSource.apiKeyInstructions
  Input should be a valid string [type=string_type, input_value=['If using Google:', 'Vis...y2' (both should work)"], input_type=list]
    For further information visit https://errors.pydantic.dev/2.12/v/string_type
23:31:59 [WARNING] Module sfp_soroush contract issues: Meta validation failed: 1 validation error for ModuleMeta
dataSource.apiKeyInstructions
  Input should be a valid string [type=string_type, input_value=['No API key required for...ic channel monitoring.'], input_type=list]
    For further information visit https://errors.pydantic.dev/2.12/v/string_type
23:31:59 [WARNING] Module sfp_spur contract issues: Meta validation failed: 1 validation error for ModuleMeta
dataSource.apiKeyInstructions
  Input should be a valid string [type=string_type, input_value=['Visit https://spur.us',...s listed under 'Token'"], input_type=list]
    For further information visit https://errors.pydantic.dev/2.12/v/string_type
23:31:59 [WARNING] Module sfp_stackoverflow contract issues: Meta validation failed: 1 validation error for ModuleMeta
dataSource.apiKeyInstructions
  Input should be a valid string [type=string_type, input_value=['Visit https://stackapps...creased request quota."], input_type=list]
    For further information visit https://errors.pydantic.dev/2.12/v/string_type
23:31:59 [WARNING] Module sfp_subdomainradar contract issues: Meta validation failed: 1 validation error for ModuleMeta
dataSource.apiKeyInstructions
  Input should be a valid string [type=string_type, input_value=['Visit https://subdomain...er provides 100 points'], input_type=list]
    For further information visit https://errors.pydantic.dev/2.12/v/string_type
23:31:59 [WARNING] Module sfp_textmagic contract issues: Meta validation failed: 1 validation error for ModuleMeta
dataSource.apiKeyInstructions
  Input should be a valid string [type=string_type, input_value=['Visit https://textmagic...e 'The new API Key is'"], input_type=list]
    For further information visit https://errors.pydantic.dev/2.12/v/string_type
23:31:59 [WARNING] Module sfp_tiktok_osint contract issues: Meta validation failed: 1 validation error for ModuleMeta
dataSource.apiKeyInstructions
  Input should be a valid string [type=string_type, input_value=['Visit https://developer... Key and Client Secret'], input_type=list]
    For further information visit https://errors.pydantic.dev/2.12/v/string_type
23:31:59 [WARNING] Module sfp_tool_phoneinfoga contract issues: Meta validation failed: 1 validation error for ModuleMeta
dataSource.apiKeyInstructions
  Input should be a valid string [type=string_type, input_value=['See https://github.com/...in the module options.'], input_type=list]
    For further information visit https://errors.pydantic.dev/2.12/v/string_type
23:31:59 [WARNING] Module sfp_tool_wappalyzer contract issues: Meta validation failed: 1 validation error for ModuleMeta
dataSource.apiKeyInstructions
  Input should be a valid string [type=string_type, input_value=['Sign up at https://www....in the module options.'], input_type=list]
    For further information visit https://errors.pydantic.dev/2.12/v/string_type
23:31:59 [WARNING] Module sfp_tron contract issues: Meta validation failed: 1 validation error for ModuleMeta
dataSource.apiKeyInstructions
  Input should be a valid string [type=string_type, input_value=['Register at https://www... module configuration.'], input_type=list]
    For further information visit https://errors.pydantic.dev/2.12/v/string_type
23:31:59 [WARNING] Module sfp_twilio contract issues: Meta validation failed: 1 validation error for ModuleMeta
dataSource.apiKeyInstructions
  Input should be a valid string [type=string_type, input_value=['Visit https://www.twili... SID' and 'Auth Token'"], input_type=list]
    For further information visit https://errors.pydantic.dev/2.12/v/string_type
23:31:59 [WARNING] Module sfp_unwiredlabs contract issues: Meta validation failed: 1 validation error for ModuleMeta
dataSource.apiKeyInstructions
  Input should be a valid string [type=string_type, input_value=['Register at https://unw... module configuration.'], input_type=list]
    For further information visit https://errors.pydantic.dev/2.12/v/string_type
23:31:59 [WARNING] Module sfp_validin contract issues: Meta validation failed: 1 validation error for ModuleMeta
dataSource.apiKeyInstructions
  Input should be a valid string [type=string_type, input_value=['Visit https://app.valid... listed under API Keys'], input_type=list]
    For further information visit https://errors.pydantic.dev/2.12/v/string_type
23:31:59 [WARNING] Module sfp_viewdns contract issues: Meta validation failed: 1 validation error for ModuleMeta
dataSource.apiKeyInstructions
  Input should be a valid string [type=string_type, input_value=['Visit https://viewdns.i...listed under 'API Key'"], input_type=list]
    For further information visit https://errors.pydantic.dev/2.12/v/string_type
23:31:59 [WARNING] Module sfp_virustotal contract issues: Meta validation failed: 1 validation error for ModuleMeta
dataSource.apiKeyInstructions
  Input should be a valid string [type=string_type, input_value=['Visit https://www.virus...listed under 'API Key'"], input_type=list]
    For further information visit https://errors.pydantic.dev/2.12/v/string_type
23:31:59 [WARNING] Module sfp_wechat contract issues: Meta validation failed: 1 validation error for ModuleMeta
dataSource.apiKeyInstructions
  Input should be a valid string [type=string_type, input_value=['Register for WeChat API... module configuration.'], input_type=list]
    For further information visit https://errors.pydantic.dev/2.12/v/string_type
23:31:59 [WARNING] Module sfp_whatcms contract issues: Meta validation failed: 1 validation error for ModuleMeta
dataSource.apiKeyInstructions
  Input should be a valid string [type=string_type, input_value=['Visit https://whatcms.o...d under 'Your API Key'"], input_type=list]
    For further information visit https://errors.pydantic.dev/2.12/v/string_type
23:31:59 [WARNING] Module sfp_whatsapp contract issues: Meta validation failed: 1 validation error for ModuleMeta
dataSource.apiKeyInstructions
  Input should be a valid string [type=string_type, input_value=['Apply for WhatsApp Busi... module configuration.'], input_type=list]
    For further information visit https://errors.pydantic.dev/2.12/v/string_type
23:31:59 [WARNING] Module sfp_whoisfreaks contract issues: Meta validation failed: 1 validation error for ModuleMeta
dataSource.apiKeyInstructions
  Input should be a valid string [type=string_type, input_value=['Visit https://whoisfrea...pricing/api-plans.html'], input_type=list]
    For further information visit https://errors.pydantic.dev/2.12/v/string_type
23:31:59 [WARNING] Module sfp_whoisology contract issues: Meta validation failed: 1 validation error for ModuleMeta
dataSource.apiKeyInstructions
  Input should be a valid string [type=string_type, input_value=['Visit https://whoisolog...nd receive the API Key'], input_type=list]
    For further information visit https://errors.pydantic.dev/2.12/v/string_type
23:31:59 [WARNING] Module sfp_whoisxmlapi contract issues: Meta validation failed: 1 validation error for ModuleMeta
dataSource.apiKeyInstructions
  Input should be a valid string [type=string_type, input_value=['Visit https://www.whois...d on the products page'], input_type=list]
    For further information visit https://errors.pydantic.dev/2.12/v/string_type
23:31:59 [WARNING] Module sfp_whoxy contract issues: Meta validation failed: 1 validation error for ModuleMeta
dataSource.apiKeyInstructions
  Input should be a valid string [type=string_type, input_value=['Visit https://www.whoxy...presented upon payment'], input_type=list]
    For further information visit https://errors.pydantic.dev/2.12/v/string_type
23:31:59 [WARNING] Module sfp_wificafespots contract issues: Meta validation failed: 1 validation error for ModuleMeta
dataSource.apiKeyInstructions
  Input should be a valid string [type=string_type, input_value=[], input_type=list]
    For further information visit https://errors.pydantic.dev/2.12/v/string_type
23:31:59 [WARNING] Module sfp_wifimapio contract issues: Meta validation failed: 1 validation error for ModuleMeta
dataSource.apiKeyInstructions
  Input should be a valid string [type=string_type, input_value=[], input_type=list]
    For further information visit https://errors.pydantic.dev/2.12/v/string_type
23:31:59 [WARNING] Module sfp_wigle contract issues: Meta validation failed: 1 validation error for ModuleMeta
dataSource.apiKeyInstructions
  Input should be a valid string [type=string_type, input_value=['Visit https://wigle.net...t to 'Encoded for use'"], input_type=list]
    For further information visit https://errors.pydantic.dev/2.12/v/string_type
23:31:59 [WARNING] Module sfp_wpscan contract issues: Meta validation failed: 1 validation error for ModuleMeta
dataSource.apiKeyInstructions
  Input should be a valid string [type=string_type, input_value=['Visit https://wpscan.co...ted daily API requests'], input_type=list]
    For further information visit https://errors.pydantic.dev/2.12/v/string_type
23:31:59 [WARNING] Module sfp_xforce contract issues: Meta validation failed: 1 validation error for ModuleMeta
dataSource.apiKeyInstructions
  Input should be a valid string [type=string_type, input_value=['Visit https://exchange....ey' and 'API Password'"], input_type=list]
    For further information visit https://errors.pydantic.dev/2.12/v/string_type
23:31:59 [WARNING] Module sfp_xiaohongshu contract issues: Meta validation failed: 1 validation error for ModuleMeta
dataSource.apiKeyInstructions
  Input should be a valid string [type=string_type, input_value=['No API key required for...ublic post monitoring.'], input_type=list]
    For further information visit https://errors.pydantic.dev/2.12/v/string_type
23:31:59 [WARNING] Module sfp_zetalytics contract issues: Meta validation failed: 1 validation error for ModuleMeta
dataSource.apiKeyInstructions
  Input should be a valid string [type=string_type, input_value=['Visit https://mailchi.m...and request an API key'], input_type=list]
    For further information visit https://errors.pydantic.dev/2.12/v/string_type
23:31:59 [WARNING] Module sfp_zonefiles contract issues: Meta validation failed: 1 validation error for ModuleMeta
dataSource.apiKeyInstructions
  Input should be a valid string [type=string_type, input_value=['Visit https://zonefiles...xt to 'Your API token'"], input_type=list]
    For further information visit https://errors.pydantic.dev/2.12/v/string_type
23:31:59 [WARNING] Module sfp_zoomeye contract issues: Meta validation failed: 1 validation error for ModuleMeta
dataSource.apiKeyInstructions
  Input should be a valid string [type=string_type, input_value=['Visit https://www.zoome...listed under 'API Key'"], input_type=list]
    For further information visit https://errors.pydantic.dev/2.12/v/string_type
23:31:59 [INFO] Contract validation: 133/305 modules have warnings
PASSED                                                                   [ 61%]
test/unit/test_module_registry.py::TestModuleRegistryRealModules::test_real_resolve_for_output 
-------------------------------- live log call --------------------------------
23:31:59 [INFO] Module discovery complete: 305 loaded, 4 failed (dir=D:\github\spiderfoot\modules)
23:31:59 [WARNING] Module sfp_4chan contract issues: Meta validation failed: 1 validation error for ModuleMeta
dataSource.apiKeyInstructions
  Input should be a valid string [type=string_type, input_value=['No API key required for...blic board monitoring.'], input_type=list]
    For further information visit https://errors.pydantic.dev/2.12/v/string_type
23:31:59 [WARNING] Module sfp_abstractapi contract issues: Meta validation failed: 1 validation error for ModuleMeta
dataSource.apiKeyInstructions
  Input should be a valid string [type=string_type, input_value=['Visit https://app.abstr...specific to this API.'"], input_type=list]
    For further information visit https://errors.pydantic.dev/2.12/v/string_type
23:31:59 [WARNING] Module sfp_abusech contract issues: Meta validation failed: 1 validation error for ModuleMeta
dataSource.apiKeyInstructions
  Input should be a valid string [type=string_type, input_value=['Visit https://bazaar.ab...listed under 'API-Key'"], input_type=list]
    For further information visit https://errors.pydantic.dev/2.12/v/string_type
23:31:59 [WARNING] Module sfp_abuseipdb contract issues: Meta validation failed: 1 validation error for ModuleMeta
dataSource.apiKeyInstructions
  Input should be a valid string [type=string_type, input_value=['Visit https://www.abuse...is listed under 'Keys'"], input_type=list]
    For further information visit https://errors.pydantic.dev/2.12/v/string_type
23:31:59 [WARNING] Module sfp_adsbexchange contract issues: Meta validation failed: 1 validation error for ModuleMeta
dataSource.apiKeyInstructions
  Input should be a valid string [type=string_type, input_value=['Register at https://rap...in the _api_key option'], input_type=list]
    For further information visit https://errors.pydantic.dev/2.12/v/string_type
23:31:59 [WARNING] Module sfp_alienvault contract issues: Meta validation failed: 1 validation error for ModuleMeta
dataSource.apiKeyInstructions
  Input should be a valid string [type=string_type, input_value=['Visit https://otx.alien...listed under 'OTX Key'"], input_type=list]
    For further information visit https://errors.pydantic.dev/2.12/v/string_type
23:31:59 [WARNING] Module sfp_aparat contract issues: Meta validation failed: 1 validation error for ModuleMeta
dataSource.apiKeyInstructions
  Input should be a valid string [type=string_type, input_value=['No API key required for...blic video monitoring.'], input_type=list]
    For further information visit https://errors.pydantic.dev/2.12/v/string_type
23:31:59 [WARNING] Module sfp_apileak contract issues: Meta validation failed: 1 validation error for ModuleMeta
dataSource.apiKeyInstructions
  Input should be a valid string [type=string_type, input_value=['Sign up at https://gith... module configuration.'], input_type=list]
    For further information visit https://errors.pydantic.dev/2.12/v/string_type
23:31:59 [WARNING] Module sfp_apivoid contract issues: Meta validation failed: 1 validation error for ModuleMeta
dataSource.apiKeyInstructions
  Input should be a valid string [type=string_type, input_value=['Visit https://www.apivo...d to find your API key'], input_type=list]
    For further information visit https://errors.pydantic.dev/2.12/v/string_type
23:31:59 [WARNING] Module sfp_aprsfi contract issues: Meta validation failed: 1 validation error for ModuleMeta
dataSource.apiKeyInstructions
  Input should be a valid string [type=string_type, input_value=['Register an account at ...in the _api_key option'], input_type=list]
    For further information visit https://errors.pydantic.dev/2.12/v/string_type
23:31:59 [WARNING] Module sfp_arbitrum contract issues: Meta validation failed: 1 validation error for ModuleMeta
dataSource.apiKeyInstructions
  Input should be a valid string [type=string_type, input_value=['Register at https://arb... module configuration.'], input_type=list]
    For further information visit https://errors.pydantic.dev/2.12/v/string_type
23:31:59 [WARNING] Module sfp_aviationstack contract issues: Meta validation failed: 1 validation error for ModuleMeta
dataSource.apiKeyInstructions
  Input should be a valid string [type=string_type, input_value=['Register at https://avi...in the _api_key option'], input_type=list]
    For further information visit https://errors.pydantic.dev/2.12/v/string_type
23:31:59 [WARNING] Module sfp_bevigil contract issues: Meta validation failed: 1 validation error for ModuleMeta
dataSource.apiKeyInstructions
  Input should be a valid string [type=string_type, input_value=['Visit https://bevigil.c...your account dashboard'], input_type=list]
    For further information visit https://errors.pydantic.dev/2.12/v/string_type
23:31:59 [WARNING] Module sfp_binaryedge contract issues: Meta validation failed: 1 validation error for ModuleMeta
dataSource.apiKeyInstructions
  Input should be a valid string [type=string_type, input_value=['Visit https://www.binar...ted under 'API Access'"], input_type=list]
    For further information visit https://errors.pydantic.dev/2.12/v/string_type
23:31:59 [WARNING] Module sfp_bingsearch contract issues: Meta validation failed: 1 validation error for ModuleMeta
dataSource.apiKeyInstructions
  Input should be a valid string [type=string_type, input_value=['Visit https://azure.mic...y2' (both should work)"], input_type=list]
    For further information visit https://errors.pydantic.dev/2.12/v/string_type
23:31:59 [WARNING] Module sfp_bingsharedip contract issues: Meta validation failed: 1 validation error for ModuleMeta
dataSource.apiKeyInstructions
  Input should be a valid string [type=string_type, input_value=['Visit https://azure.mic...y2' (both should work)"], input_type=list]
    For further information visit https://errors.pydantic.dev/2.12/v/string_type
23:31:59 [WARNING] Module sfp_bitcoinwhoswho contract issues: Meta validation failed: 1 validation error for ModuleMeta
dataSource.apiKeyInstructions
  Input should be a valid string [type=string_type, input_value=['Visit https://bitcoinwh...ceive it to your email"], input_type=list]
    For further information visit https://errors.pydantic.dev/2.12/v/string_type
23:31:59 [WARNING] Module sfp_blockchain_analytics contract issues: Meta validation failed: 1 validation error for ModuleMeta
dataSource.apiKeyInstructions
  Input should be a valid string [type=string_type, input_value=['Sign up for BlockCypher...ys for better coverage'], input_type=list]
    For further information visit https://errors.pydantic.dev/2.12/v/string_type
23:31:59 [WARNING] Module sfp_bluesky contract issues: Meta validation failed: 1 validation error for ModuleMeta
dataSource.apiKeyInstructions
  Input should be a valid string [type=string_type, input_value=['Register at https://bsk... module configuration.'], input_type=list]
    For further information visit https://errors.pydantic.dev/2.12/v/string_type
23:31:59 [WARNING] Module sfp_bnb contract issues: Meta validation failed: 1 validation error for ModuleMeta
dataSource.apiKeyInstructions
  Input should be a valid string [type=string_type, input_value=['Register at https://bsc... module configuration.'], input_type=list]
    For further information visit https://errors.pydantic.dev/2.12/v/string_type
23:31:59 [WARNING] Module sfp_botscout contract issues: Meta validation failed: 1 validation error for ModuleMeta
dataSource.apiKeyInstructions
  Input should be a valid string [type=string_type, input_value=['Visit http://botscout.c...mailed to your account'], input_type=list]
    For further information visit https://errors.pydantic.dev/2.12/v/string_type
23:31:59 [WARNING] Module sfp_bugbounty contract issues: Meta validation failed: 1 validation error for ModuleMeta
dataSource.apiKeyInstructions
  Input should be a valid string [type=string_type, input_value=['For HackerOne: create a...e corresponding option'], input_type=list]
    For further information visit https://errors.pydantic.dev/2.12/v/string_type
23:31:59 [WARNING] Module sfp_builtwith contract issues: Meta validation failed: 1 validation error for ModuleMeta
dataSource.apiKeyInstructions
  Input should be a valid string [type=string_type, input_value=['Visit https://api.built...d under 'Your API Key'"], input_type=list]
    For further information visit https://errors.pydantic.dev/2.12/v/string_type
23:31:59 [WARNING] Module sfp_c99 contract issues: Meta validation failed: 1 validation error for ModuleMeta
dataSource.apiKeyInstructions
  Input should be a valid string [type=string_type, input_value=['Visit https://api.c99.n...your API key by email.'], input_type=list]
    For further information visit https://errors.pydantic.dev/2.12/v/string_type
23:31:59 [WARNING] Module sfp_censys contract issues: Meta validation failed: 1 validation error for ModuleMeta
dataSource.apiKeyInstructions
  Input should be a valid string [type=string_type, input_value=['Visit https://censys.io... 'API ID' and 'Secret'"], input_type=list]
    For further information visit https://errors.pydantic.dev/2.12/v/string_type
23:31:59 [WARNING] Module sfp_certspotter contract issues: Meta validation failed: 1 validation error for ModuleMeta
dataSource.apiKeyInstructions
  Input should be a valid string [type=string_type, input_value=['Visit https://sslmate.c...nder 'API Credentials'"], input_type=list]
    For further information visit https://errors.pydantic.dev/2.12/v/string_type
23:31:59 [WARNING] Module sfp_circllu contract issues: Meta validation failed: 1 validation error for ModuleMeta
dataSource.apiKeyInstructions
  Input should be a valid string [type=string_type, input_value=['Visit https://www.circl...provided once approved'], input_type=list]
    For further information visit https://errors.pydantic.dev/2.12/v/string_type
23:31:59 [WARNING] Module sfp_cisco_umbrella contract issues: Meta validation failed: 1 validation error for ModuleMeta
dataSource.apiKeyInstructions
  Input should be a valid string [type=string_type, input_value=['Visit https://umbrella....Generate a new API key'], input_type=list]
    For further information visit https://errors.pydantic.dev/2.12/v/string_type
23:31:59 [WARNING] Module sfp_citadel contract issues: Meta validation failed: 1 validation error for ModuleMeta
dataSource.apiKeyInstructions
  Input should be a valid string [type=string_type, input_value=['Visit https://leak-look...listed under 'API Key'"], input_type=list]
    For further information visit https://errors.pydantic.dev/2.12/v/string_type
23:31:59 [WARNING] Module sfp_criminalip contract issues: Meta validation failed: 1 validation error for ModuleMeta
dataSource.apiKeyInstructions
  Input should be a valid string [type=string_type, input_value=['Visit https://www.crimi...isted under 'API Key'."], input_type=list]
    For further information visit https://errors.pydantic.dev/2.12/v/string_type
23:31:59 [WARNING] Module sfp_datalastic contract issues: Meta validation failed: 1 validation error for ModuleMeta
dataSource.apiKeyInstructions
  Input should be a valid string [type=string_type, input_value=['Register at https://dat...in the _api_key option'], input_type=list]
    For further information visit https://errors.pydantic.dev/2.12/v/string_type
23:31:59 [WARNING] Module sfp_deepinfo contract issues: Meta validation failed: 1 validation error for ModuleMeta
dataSource.apiKeyInstructions
  Input should be a valid string [type=string_type, input_value=['Visit https://deepinfo....isted under 'API Keys'"], input_type=list]
    For further information visit https://errors.pydantic.dev/2.12/v/string_type
23:31:59 [WARNING] Module sfp_dehashed contract issues: Meta validation failed: 1 validation error for ModuleMeta
dataSource.apiKeyInstructions
  Input should be a valid string [type=string_type, input_value=['Visit https://www.dehas...listed under 'API Key'"], input_type=list]
    For further information visit https://errors.pydantic.dev/2.12/v/string_type
23:31:59 [WARNING] Module sfp_dideo contract issues: Meta validation failed: 1 validation error for ModuleMeta
dataSource.apiKeyInstructions
  Input should be a valid string [type=string_type, input_value=['No API key required for...blic video monitoring.'], input_type=list]
    For further information visit https://errors.pydantic.dev/2.12/v/string_type
23:31:59 [WARNING] Module sfp_discord contract issues: Meta validation failed: 1 validation error for ModuleMeta
dataSource.apiKeyInstructions
  Input should be a valid string [type=string_type, input_value=['Go to https://discord.c... module configuration.'], input_type=list]
    For further information visit https://errors.pydantic.dev/2.12/v/string_type
23:31:59 [WARNING] Module sfp_douyin contract issues: Meta validation failed: 1 validation error for ModuleMeta
dataSource.apiKeyInstructions
  Input should be a valid string [type=string_type, input_value=['No API key required for...blic video monitoring.'], input_type=list]
    For further information visit https://errors.pydantic.dev/2.12/v/string_type
23:31:59 [WARNING] Module sfp_emailcrawlr contract issues: Meta validation failed: 1 validation error for ModuleMeta
dataSource.apiKeyInstructions
  Input should be a valid string [type=string_type, input_value=['Visit https://emailcraw...listed under 'API Key'"], input_type=list]
    For further information visit https://errors.pydantic.dev/2.12/v/string_type
23:31:59 [WARNING] Module sfp_emailrep contract issues: Meta validation failed: 1 validation error for ModuleMeta
dataSource.apiKeyInstructions
  Input should be a valid string [type=string_type, input_value=['Visit https://emailrep....il account on approval'], input_type=list]
    For further information visit https://errors.pydantic.dev/2.12/v/string_type
23:31:59 [WARNING] Module sfp_ethereum contract issues: Meta validation failed: 1 validation error for ModuleMeta
dataSource.apiKeyInstructions
  Input should be a valid string [type=string_type, input_value=['Register at https://eth... module configuration.'], input_type=list]
    For further information visit https://errors.pydantic.dev/2.12/v/string_type
23:31:59 [WARNING] Module sfp_etherscan contract issues: Meta validation failed: 1 validation error for ModuleMeta
dataSource.apiKeyInstructions
  Input should be a valid string [type=string_type, input_value=['Visit https://etherscan...ed under API Key Token'], input_type=list]
    For further information visit https://errors.pydantic.dev/2.12/v/string_type
23:31:59 [WARNING] Module sfp_example contract issues: Missing required attribute: opts; Missing required attribute: optdescs
23:31:59 [WARNING] Module sfp_flickr contract issues: Meta validation failed: 1 validation error for ModuleMeta
dataSource.apiKeyInstructions
  Input should be a valid string [type=string_type, input_value=['Visit https://www.flick... the confirmation page'], input_type=list]
    For further information visit https://errors.pydantic.dev/2.12/v/string_type
23:31:59 [WARNING] Module sfp_focsec contract issues: Meta validation failed: 1 validation error for ModuleMeta
dataSource.apiKeyInstructions
  Input should be a valid string [type=string_type, input_value=['Visit https://focsec.co...e the API key provided'], input_type=list]
    For further information visit https://errors.pydantic.dev/2.12/v/string_type
23:31:59 [WARNING] Module sfp_fofa contract issues: Meta validation failed: 1 validation error for ModuleMeta
dataSource.apiKeyInstructions
  Input should be a valid string [type=string_type, input_value=['Visit https://fofa.info...isted under 'API Key'."], input_type=list]
    For further information visit https://errors.pydantic.dev/2.12/v/string_type
23:31:59 [WARNING] Module sfp_fraudguard contract issues: Meta validation failed: 1 validation error for ModuleMeta
dataSource.apiKeyInstructions
  Input should be a valid string [type=string_type, input_value=['Visit https://app.fraud... Username and Password'], input_type=list]
    For further information visit https://errors.pydantic.dev/2.12/v/string_type
23:31:59 [WARNING] Module sfp_fullcontact contract issues: Meta validation failed: 1 validation error for ModuleMeta
dataSource.apiKeyInstructions
  Input should be a valid string [type=string_type, input_value=['Visit https://fullconta... under 'Your API Keys'"], input_type=list]
    For further information visit https://errors.pydantic.dev/2.12/v/string_type
23:31:59 [WARNING] Module sfp_fullhunt contract issues: Meta validation failed: 1 validation error for ModuleMeta
dataSource.apiKeyInstructions
  Input should be a valid string [type=string_type, input_value=['Visit https://fullhunt....ted under 'API Access'"], input_type=list]
    For further information visit https://errors.pydantic.dev/2.12/v/string_type
23:31:59 [WARNING] Module sfp_googlemaps contract issues: Meta validation failed: 1 validation error for ModuleMeta
dataSource.apiKeyInstructions
  Input should be a valid string [type=string_type, input_value=['Visit https://cloud.goo...isted under 'API Keys'"], input_type=list]
    For further information visit https://errors.pydantic.dev/2.12/v/string_type
23:31:59 [WARNING] Module sfp_googlesafebrowsing contract issues: Meta validation failed: 1 validation error for ModuleMeta
dataSource.apiKeyInstructions
  Input should be a valid string [type=string_type, input_value=['Visit https://console.d...your newly created key'], input_type=list]
    For further information visit https://errors.pydantic.dev/2.12/v/string_type
23:31:59 [WARNING] Module sfp_googlesearch contract issues: Meta validation failed: 1 validation error for ModuleMeta
dataSource.apiKeyInstructions
  Input should be a valid string [type=string_type, input_value=['Visit https://developer...d under 'YOUR API KEY'"], input_type=list]
    For further information visit https://errors.pydantic.dev/2.12/v/string_type
23:31:59 [WARNING] Module sfp_grayhatwarfare contract issues: Meta validation failed: 1 validation error for ModuleMeta
dataSource.apiKeyInstructions
  Input should be a valid string [type=string_type, input_value=['Visit https://grayhatwa...listed under 'Api Key'"], input_type=list]
    For further information visit https://errors.pydantic.dev/2.12/v/string_type
23:31:59 [WARNING] Module sfp_greynoise contract issues: Meta validation failed: 1 validation error for ModuleMeta
dataSource.apiKeyInstructions
  Input should be a valid string [type=string_type, input_value=['Visit https://viz.greyn...listed under 'API Key'"], input_type=list]
    For further information visit https://errors.pydantic.dev/2.12/v/string_type
23:31:59 [WARNING] Module sfp_greynoise_community contract issues: Meta validation failed: 1 validation error for ModuleMeta
dataSource.apiKeyInstructions
  Input should be a valid string [type=string_type, input_value=['Visit https://viz.greyn...listed under 'API Key'"], input_type=list]
    For further information visit https://errors.pydantic.dev/2.12/v/string_type
23:31:59 [WARNING] Module sfp_haveibeenpwned contract issues: Meta validation failed: 1 validation error for ModuleMeta
dataSource.apiKeyInstructions
  Input should be a valid string [type=string_type, input_value=['Visit https://haveibeen...ibeenpwned.com/API/Key'], input_type=list]
    For further information visit https://errors.pydantic.dev/2.12/v/string_type
23:31:59 [WARNING] Module sfp_honeypot contract issues: Meta validation failed: 1 validation error for ModuleMeta
dataSource.apiKeyInstructions
  Input should be a valid string [type=string_type, input_value=['Visit https://www.proje...ur http:BL Access Key'"], input_type=list]
    For further information visit https://errors.pydantic.dev/2.12/v/string_type
23:31:59 [WARNING] Module sfp_hostio contract issues: Meta validation failed: 1 validation error for ModuleMeta
dataSource.apiKeyInstructions
  Input should be a valid string [type=string_type, input_value=['Visit https://host.io/s...ication token provided'], input_type=list]
    For further information visit https://errors.pydantic.dev/2.12/v/string_type
23:31:59 [WARNING] Module sfp_hunter contract issues: Meta validation failed: 1 validation error for ModuleMeta
dataSource.apiKeyInstructions
  Input should be a valid string [type=string_type, input_value=['Visit https://hunter.io...d under 'Your API Key'"], input_type=list]
    For further information visit https://errors.pydantic.dev/2.12/v/string_type
23:31:59 [WARNING] Module sfp_hunterhow contract issues: Meta validation failed: 1 validation error for ModuleMeta
dataSource.apiKeyInstructions
  Input should be a valid string [type=string_type, input_value=['Visit https://hunter.ho...isted on the dashboard'], input_type=list]
    For further information visit https://errors.pydantic.dev/2.12/v/string_type
23:31:59 [WARNING] Module sfp_hybrid_analysis contract issues: Meta validation failed: 1 validation error for ModuleMeta
dataSource.apiKeyInstructions
  Input should be a valid string [type=string_type, input_value=['Visit https://www.hybri...listed under 'API Key'"], input_type=list]
    For further information visit https://errors.pydantic.dev/2.12/v/string_type
23:31:59 [WARNING] Module sfp_iknowwhatyoudownload contract issues: Meta validation failed: 1 validation error for ModuleMeta
dataSource.apiKeyInstructions
  Input should be a valid string [type=string_type, input_value=['Visit https://iknowwhat... be sent to your email'], input_type=list]
    For further information visit https://errors.pydantic.dev/2.12/v/string_type
23:31:59 [WARNING] Module sfp_instagram contract issues: Meta validation failed: 1 validation error for ModuleMeta
dataSource.apiKeyInstructions
  Input should be a valid string [type=string_type, input_value=['Register an application... module configuration.'], input_type=list]
    For further information visit https://errors.pydantic.dev/2.12/v/string_type
23:31:59 [WARNING] Module sfp_intelx contract issues: Meta validation failed: 1 validation error for ModuleMeta
dataSource.apiKeyInstructions
  Input should be a valid string [type=string_type, input_value=['Visit https://intelx.io...der 'Your API details'"], input_type=list]
    For further information visit https://errors.pydantic.dev/2.12/v/string_type
23:31:59 [WARNING] Module sfp_ipapicom contract issues: Meta validation failed: 1 validation error for ModuleMeta
dataSource.apiKeyInstructions
  Input should be a valid string [type=string_type, input_value=['Visit https://ipapi.com...er Your API Access Key'], input_type=list]
    For further information visit https://errors.pydantic.dev/2.12/v/string_type
23:31:59 [WARNING] Module sfp_ipinfo contract issues: Meta validation failed: 1 validation error for ModuleMeta
dataSource.apiKeyInstructions
  Input should be a valid string [type=string_type, input_value=['Visit https://ipinfo.io...'is your access token'"], input_type=list]
    For further information visit https://errors.pydantic.dev/2.12/v/string_type
23:31:59 [WARNING] Module sfp_ipinfo_modern contract issues: Meta validation failed: 1 validation error for ModuleMeta
dataSource.apiKeyInstructions
  Input should be a valid string [type=string_type, input_value=['Visit https://ipinfo.io...'is your access token'"], input_type=list]
    For further information visit https://errors.pydantic.dev/2.12/v/string_type
23:31:59 [WARNING] Module sfp_ipqualityscore contract issues: Meta validation failed: 1 validation error for ModuleMeta
dataSource.apiKeyInstructions
  Input should be a valid string [type=string_type, input_value=['Visit https://www.ipqua...listed under 'API Key'"], input_type=list]
    For further information visit https://errors.pydantic.dev/2.12/v/string_type
23:31:59 [WARNING] Module sfp_ipregistry contract issues: Meta validation failed: 1 validation error for ModuleMeta
dataSource.apiKeyInstructions
  Input should be a valid string [type=string_type, input_value=['Visit https://dashboard...r existing Default key"], input_type=list]
    For further information visit https://errors.pydantic.dev/2.12/v/string_type
23:31:59 [WARNING] Module sfp_ipstack contract issues: Meta validation failed: 1 validation error for ModuleMeta
dataSource.apiKeyInstructions
  Input should be a valid string [type=string_type, input_value=['Visit https://ipstack.c... 'Your API Access Key'"], input_type=list]
    For further information visit https://errors.pydantic.dev/2.12/v/string_type
23:31:59 [WARNING] Module sfp_jsonwhoiscom contract issues: Meta validation failed: 1 validation error for ModuleMeta
dataSource.apiKeyInstructions
  Input should be a valid string [type=string_type, input_value=['Visit https://jsonwhois...listed under 'Api Key'"], input_type=list]
    For further information visit https://errors.pydantic.dev/2.12/v/string_type
23:31:59 [WARNING] Module sfp_koodous contract issues: Meta validation failed: 1 validation error for ModuleMeta
dataSource.apiKeyInstructions
  Input should be a valid string [type=string_type, input_value=['Visit https://koodous.c...ication token provided'], input_type=list]
    For further information visit https://errors.pydantic.dev/2.12/v/string_type
23:31:59 [WARNING] Module sfp_leakcheck contract issues: Meta validation failed: 1 validation error for ModuleMeta
dataSource.apiKeyInstructions
  Input should be a valid string [type=string_type, input_value=['Visit https://leakcheck...ate your API key there'], input_type=list]
    For further information visit https://errors.pydantic.dev/2.12/v/string_type
23:31:59 [WARNING] Module sfp_leakix contract issues: Meta validation failed: 1 validation error for ModuleMeta
dataSource.apiKeyInstructions
  Input should be a valid string [type=string_type, input_value=['Visit https://leakix.ne... to generate a new key"], input_type=list]
    For further information visit https://errors.pydantic.dev/2.12/v/string_type
23:31:59 [WARNING] Module sfp_luminar contract issues: Meta validation failed: 1 validation error for ModuleMeta
dataSource.apiKeyInstructions
  Input should be a valid string [type=string_type, input_value=['Visit https://www.lumin..., 'Generate an API key'], input_type=list]
    For further information visit https://errors.pydantic.dev/2.12/v/string_type
23:31:59 [WARNING] Module sfp_malwarepatrol contract issues: Meta validation failed: 1 validation error for ModuleMeta
dataSource.apiKeyInstructions
  Input should be a valid string [type=string_type, input_value=['Visit https://www.malwa...e mailed to your email'], input_type=list]
    For further information visit https://errors.pydantic.dev/2.12/v/string_type
23:31:59 [WARNING] Module sfp_mandiant_ti contract issues: Meta validation failed: 1 validation error for ModuleMeta
dataSource.apiKeyInstructions
  Input should be a valid string [type=string_type, input_value=['Visit https://www.mandi..., 'Generate an API key'], input_type=list]
    For further information visit https://errors.pydantic.dev/2.12/v/string_type
23:31:59 [WARNING] Module sfp_mastodon contract issues: Meta validation failed: 1 validation error for ModuleMeta
dataSource.apiKeyInstructions
  Input should be a valid string [type=string_type, input_value=['Register at your Mastod... module configuration.'], input_type=list]
    For further information visit https://errors.pydantic.dev/2.12/v/string_type
23:31:59 [WARNING] Module sfp_matrix contract issues: Meta validation failed: 1 validation error for ModuleMeta
dataSource.apiKeyInstructions
  Input should be a valid string [type=string_type, input_value=['Register at https://mat... module configuration.'], input_type=list]
    For further information visit https://errors.pydantic.dev/2.12/v/string_type
23:31:59 [WARNING] Module sfp_mattermost contract issues: Meta validation failed: 1 validation error for ModuleMeta
dataSource.apiKeyInstructions
  Input should be a valid string [type=string_type, input_value=['Register at your Matter... module configuration.'], input_type=list]
    For further information visit https://errors.pydantic.dev/2.12/v/string_type
23:31:59 [WARNING] Module sfp_metadefender contract issues: Meta validation failed: 1 validation error for ModuleMeta
dataSource.apiKeyInstructions
  Input should be a valid string [type=string_type, input_value=['Visit https://metadefen...listed under 'API key'"], input_type=list]
    For further information visit https://errors.pydantic.dev/2.12/v/string_type
23:31:59 [WARNING] Module sfp_nameapi contract issues: Meta validation failed: 1 validation error for ModuleMeta
dataSource.apiKeyInstructions
  Input should be a valid string [type=string_type, input_value=['Visit https://nameapi.o... be sent to your email'], input_type=list]
    For further information visit https://errors.pydantic.dev/2.12/v/string_type
23:31:59 [WARNING] Module sfp_netlas contract issues: Meta validation failed: 1 validation error for ModuleMeta
dataSource.apiKeyInstructions
  Input should be a valid string [type=string_type, input_value=['Visit https://netlas.io...isted under 'API Key'."], input_type=list]
    For further information visit https://errors.pydantic.dev/2.12/v/string_type
23:31:59 [WARNING] Module sfp_networksdb contract issues: Meta validation failed: 1 validation error for ModuleMeta
dataSource.apiKeyInstructions
  Input should be a valid string [type=string_type, input_value=['Visit https://networksd...r 'API Key: Free plan'"], input_type=list]
    For further information visit https://errors.pydantic.dev/2.12/v/string_type
23:31:59 [WARNING] Module sfp_neutrinoapi contract issues: Meta validation failed: 1 validation error for ModuleMeta
dataSource.apiKeyInstructions
  Input should be a valid string [type=string_type, input_value=['Visit https://www.neutr...ted under 'Master Key'"], input_type=list]
    For further information visit https://errors.pydantic.dev/2.12/v/string_type
23:31:59 [WARNING] Module sfp_numverify contract issues: Meta validation failed: 1 validation error for ModuleMeta
dataSource.apiKeyInstructions
  Input should be a valid string [type=string_type, input_value=['Visit https://numverify... 'Your API Access Key'"], input_type=list]
    For further information visit https://errors.pydantic.dev/2.12/v/string_type
23:31:59 [WARNING] Module sfp_onioncity contract issues: Meta validation failed: 1 validation error for ModuleMeta
dataSource.apiKeyInstructions
  Input should be a valid string [type=string_type, input_value=['Visit https://developer...d under 'YOUR API KEY'"], input_type=list]
    For further information visit https://errors.pydantic.dev/2.12/v/string_type
23:31:59 [WARNING] Module sfp_onyphe contract issues: Meta validation failed: 1 validation error for ModuleMeta
dataSource.apiKeyInstructions
  Input should be a valid string [type=string_type, input_value=['Visit https://www.onyph...listed under 'API Key'"], input_type=list]
    For further information visit https://errors.pydantic.dev/2.12/v/string_type
23:31:59 [WARNING] Module sfp_opencorporates contract issues: Meta validation failed: 1 validation error for ModuleMeta
dataSource.apiKeyInstructions
  Input should be a valid string [type=string_type, input_value=['Visit https://opencorpo...ed under 'API Account'"], input_type=list]
    For further information visit https://errors.pydantic.dev/2.12/v/string_type
23:31:59 [WARNING] Module sfp_openwifimap contract issues: Meta validation failed: 1 validation error for ModuleMeta
dataSource.apiKeyInstructions
  Input should be a valid string [type=string_type, input_value=[], input_type=list]
    For further information visit https://errors.pydantic.dev/2.12/v/string_type
23:31:59 [WARNING] Module sfp_pastebin contract issues: Meta validation failed: 1 validation error for ModuleMeta
dataSource.apiKeyInstructions
  Input should be a valid string [type=string_type, input_value=['Visit https://developer...d under 'YOUR API KEY'"], input_type=list]
    For further information visit https://errors.pydantic.dev/2.12/v/string_type
23:31:59 [WARNING] Module sfp_projectdiscovery contract issues: Meta validation failed: 1 validation error for ModuleMeta
dataSource.apiKeyInstructions
  Input should be a valid string [type=string_type, input_value=['Visit https://chaos.pro...your API key by email.'], input_type=list]
    For further information visit https://errors.pydantic.dev/2.12/v/string_type
23:31:59 [WARNING] Module sfp_publicwww contract issues: Meta validation failed: 1 validation error for ModuleMeta
dataSource.apiKeyInstructions
  Input should be a valid string [type=string_type, input_value=['Visit https://publicwww...be listed on that page'], input_type=list]
    For further information visit https://errors.pydantic.dev/2.12/v/string_type
23:31:59 [WARNING] Module sfp_pulsedive contract issues: Meta validation failed: 1 validation error for ModuleMeta
dataSource.apiKeyInstructions
  Input should be a valid string [type=string_type, input_value=['Visit https://pulsedive...d under 'Your API Key'"], input_type=list]
    For further information visit https://errors.pydantic.dev/2.12/v/string_type
23:31:59 [WARNING] Module sfp_recordedfuture contract issues: Meta validation failed: 1 validation error for ModuleMeta
dataSource.apiKeyInstructions
  Input should be a valid string [type=string_type, input_value=['Visit https://www.recor..., 'Generate an API key'], input_type=list]
    For further information visit https://errors.pydantic.dev/2.12/v/string_type
23:31:59 [WARNING] Module sfp_reddit contract issues: Meta validation failed: 1 validation error for ModuleMeta
dataSource.apiKeyInstructions
  Input should be a valid string [type=string_type, input_value=['Go to https://www.reddi... module configuration.'], input_type=list]
    For further information visit https://errors.pydantic.dev/2.12/v/string_type
23:31:59 [WARNING] Module sfp_rocketchat contract issues: Meta validation failed: 1 validation error for ModuleMeta
dataSource.apiKeyInstructions
  Input should be a valid string [type=string_type, input_value=['Register at your Rocket... module configuration.'], input_type=list]
    For further information visit https://errors.pydantic.dev/2.12/v/string_type
23:31:59 [WARNING] Module sfp_rocketreach contract issues: Meta validation failed: 1 validation error for ModuleMeta
dataSource.apiKeyInstructions
  Input should be a valid string [type=string_type, input_value=['Visit https://rocketrea...listed under 'API Key'"], input_type=list]
    For further information visit https://errors.pydantic.dev/2.12/v/string_type
23:31:59 [WARNING] Module sfp_rubika contract issues: Meta validation failed: 1 validation error for ModuleMeta
dataSource.apiKeyInstructions
  Input should be a valid string [type=string_type, input_value=['No API key required for...ic channel monitoring.'], input_type=list]
    For further information visit https://errors.pydantic.dev/2.12/v/string_type
23:31:59 [WARNING] Module sfp_securitytrails contract issues: Meta validation failed: 1 validation error for ModuleMeta
dataSource.apiKeyInstructions
  Input should be a valid string [type=string_type, input_value=['Visit https://securityt...listed under 'API Key'"], input_type=list]
    For further information visit https://errors.pydantic.dev/2.12/v/string_type
23:31:59 [WARNING] Module sfp_seon contract issues: Meta validation failed: 1 validation error for ModuleMeta
dataSource.apiKeyInstructions
  Input should be a valid string [type=string_type, input_value=['Visit https://seon.io/'...ed under 'License key'"], input_type=list]
    For further information visit https://errors.pydantic.dev/2.12/v/string_type
23:31:59 [WARNING] Module sfp_shodan contract issues: Meta validation failed: 1 validation error for ModuleMeta
dataSource.apiKeyInstructions
  Input should be a valid string [type=string_type, input_value=['Visit https://shodan.io...listed under 'API Key'"], input_type=list]
    For further information visit https://errors.pydantic.dev/2.12/v/string_type
23:31:59 [WARNING] Module sfp_snov contract issues: Meta validation failed: 1 validation error for ModuleMeta
dataSource.apiKeyInstructions
  Input should be a valid string [type=string_type, input_value=['Visit https://snov.io',...r ID' and 'API Secret'"], input_type=list]
    For further information visit https://errors.pydantic.dev/2.12/v/string_type
23:31:59 [WARNING] Module sfp_sociallinks contract issues: Meta validation failed: 1 validation error for ModuleMeta
dataSource.apiKeyInstructions
  Input should be a valid string [type=string_type, input_value=['Visit https://sociallin..., 'Register an account'], input_type=list]
    For further information visit https://errors.pydantic.dev/2.12/v/string_type
23:31:59 [WARNING] Module sfp_socialprofiles contract issues: Meta validation failed: 1 validation error for ModuleMeta
dataSource.apiKeyInstructions
  Input should be a valid string [type=string_type, input_value=['If using Google:', 'Vis...y2' (both should work)"], input_type=list]
    For further information visit https://errors.pydantic.dev/2.12/v/string_type
23:31:59 [WARNING] Module sfp_soroush contract issues: Meta validation failed: 1 validation error for ModuleMeta
dataSource.apiKeyInstructions
  Input should be a valid string [type=string_type, input_value=['No API key required for...ic channel monitoring.'], input_type=list]
    For further information visit https://errors.pydantic.dev/2.12/v/string_type
23:31:59 [WARNING] Module sfp_spur contract issues: Meta validation failed: 1 validation error for ModuleMeta
dataSource.apiKeyInstructions
  Input should be a valid string [type=string_type, input_value=['Visit https://spur.us',...s listed under 'Token'"], input_type=list]
    For further information visit https://errors.pydantic.dev/2.12/v/string_type
23:31:59 [WARNING] Module sfp_stackoverflow contract issues: Meta validation failed: 1 validation error for ModuleMeta
dataSource.apiKeyInstructions
  Input should be a valid string [type=string_type, input_value=['Visit https://stackapps...creased request quota."], input_type=list]
    For further information visit https://errors.pydantic.dev/2.12/v/string_type
23:31:59 [WARNING] Module sfp_subdomainradar contract issues: Meta validation failed: 1 validation error for ModuleMeta
dataSource.apiKeyInstructions
  Input should be a valid string [type=string_type, input_value=['Visit https://subdomain...er provides 100 points'], input_type=list]
    For further information visit https://errors.pydantic.dev/2.12/v/string_type
23:31:59 [WARNING] Module sfp_textmagic contract issues: Meta validation failed: 1 validation error for ModuleMeta
dataSource.apiKeyInstructions
  Input should be a valid string [type=string_type, input_value=['Visit https://textmagic...e 'The new API Key is'"], input_type=list]
    For further information visit https://errors.pydantic.dev/2.12/v/string_type
23:31:59 [WARNING] Module sfp_tiktok_osint contract issues: Meta validation failed: 1 validation error for ModuleMeta
dataSource.apiKeyInstructions
  Input should be a valid string [type=string_type, input_value=['Visit https://developer... Key and Client Secret'], input_type=list]
    For further information visit https://errors.pydantic.dev/2.12/v/string_type
23:31:59 [WARNING] Module sfp_tool_phoneinfoga contract issues: Meta validation failed: 1 validation error for ModuleMeta
dataSource.apiKeyInstructions
  Input should be a valid string [type=string_type, input_value=['See https://github.com/...in the module options.'], input_type=list]
    For further information visit https://errors.pydantic.dev/2.12/v/string_type
23:31:59 [WARNING] Module sfp_tool_wappalyzer contract issues: Meta validation failed: 1 validation error for ModuleMeta
dataSource.apiKeyInstructions
  Input should be a valid string [type=string_type, input_value=['Sign up at https://www....in the module options.'], input_type=list]
    For further information visit https://errors.pydantic.dev/2.12/v/string_type
23:31:59 [WARNING] Module sfp_tron contract issues: Meta validation failed: 1 validation error for ModuleMeta
dataSource.apiKeyInstructions
  Input should be a valid string [type=string_type, input_value=['Register at https://www... module configuration.'], input_type=list]
    For further information visit https://errors.pydantic.dev/2.12/v/string_type
23:31:59 [WARNING] Module sfp_twilio contract issues: Meta validation failed: 1 validation error for ModuleMeta
dataSource.apiKeyInstructions
  Input should be a valid string [type=string_type, input_value=['Visit https://www.twili... SID' and 'Auth Token'"], input_type=list]
    For further information visit https://errors.pydantic.dev/2.12/v/string_type
23:31:59 [WARNING] Module sfp_unwiredlabs contract issues: Meta validation failed: 1 validation error for ModuleMeta
dataSource.apiKeyInstructions
  Input should be a valid string [type=string_type, input_value=['Register at https://unw... module configuration.'], input_type=list]
    For further information visit https://errors.pydantic.dev/2.12/v/string_type
23:31:59 [WARNING] Module sfp_validin contract issues: Meta validation failed: 1 validation error for ModuleMeta
dataSource.apiKeyInstructions
  Input should be a valid string [type=string_type, input_value=['Visit https://app.valid... listed under API Keys'], input_type=list]
    For further information visit https://errors.pydantic.dev/2.12/v/string_type
23:31:59 [WARNING] Module sfp_viewdns contract issues: Meta validation failed: 1 validation error for ModuleMeta
dataSource.apiKeyInstructions
  Input should be a valid string [type=string_type, input_value=['Visit https://viewdns.i...listed under 'API Key'"], input_type=list]
    For further information visit https://errors.pydantic.dev/2.12/v/string_type
23:31:59 [WARNING] Module sfp_virustotal contract issues: Meta validation failed: 1 validation error for ModuleMeta
dataSource.apiKeyInstructions
  Input should be a valid string [type=string_type, input_value=['Visit https://www.virus...listed under 'API Key'"], input_type=list]
    For further information visit https://errors.pydantic.dev/2.12/v/string_type
23:31:59 [WARNING] Module sfp_wechat contract issues: Meta validation failed: 1 validation error for ModuleMeta
dataSource.apiKeyInstructions
  Input should be a valid string [type=string_type, input_value=['Register for WeChat API... module configuration.'], input_type=list]
    For further information visit https://errors.pydantic.dev/2.12/v/string_type
23:31:59 [WARNING] Module sfp_whatcms contract issues: Meta validation failed: 1 validation error for ModuleMeta
dataSource.apiKeyInstructions
  Input should be a valid string [type=string_type, input_value=['Visit https://whatcms.o...d under 'Your API Key'"], input_type=list]
    For further information visit https://errors.pydantic.dev/2.12/v/string_type
23:31:59 [WARNING] Module sfp_whatsapp contract issues: Meta validation failed: 1 validation error for ModuleMeta
dataSource.apiKeyInstructions
  Input should be a valid string [type=string_type, input_value=['Apply for WhatsApp Busi... module configuration.'], input_type=list]
    For further information visit https://errors.pydantic.dev/2.12/v/string_type
23:31:59 [WARNING] Module sfp_whoisfreaks contract issues: Meta validation failed: 1 validation error for ModuleMeta
dataSource.apiKeyInstructions
  Input should be a valid string [type=string_type, input_value=['Visit https://whoisfrea...pricing/api-plans.html'], input_type=list]
    For further information visit https://errors.pydantic.dev/2.12/v/string_type
23:31:59 [WARNING] Module sfp_whoisology contract issues: Meta validation failed: 1 validation error for ModuleMeta
dataSource.apiKeyInstructions
  Input should be a valid string [type=string_type, input_value=['Visit https://whoisolog...nd receive the API Key'], input_type=list]
    For further information visit https://errors.pydantic.dev/2.12/v/string_type
23:31:59 [WARNING] Module sfp_whoisxmlapi contract issues: Meta validation failed: 1 validation error for ModuleMeta
dataSource.apiKeyInstructions
  Input should be a valid string [type=string_type, input_value=['Visit https://www.whois...d on the products page'], input_type=list]
    For further information visit https://errors.pydantic.dev/2.12/v/string_type
23:31:59 [WARNING] Module sfp_whoxy contract issues: Meta validation failed: 1 validation error for ModuleMeta
dataSource.apiKeyInstructions
  Input should be a valid string [type=string_type, input_value=['Visit https://www.whoxy...presented upon payment'], input_type=list]
    For further information visit https://errors.pydantic.dev/2.12/v/string_type
23:31:59 [WARNING] Module sfp_wificafespots contract issues: Meta validation failed: 1 validation error for ModuleMeta
dataSource.apiKeyInstructions
  Input should be a valid string [type=string_type, input_value=[], input_type=list]
    For further information visit https://errors.pydantic.dev/2.12/v/string_type
23:31:59 [WARNING] Module sfp_wifimapio contract issues: Meta validation failed: 1 validation error for ModuleMeta
dataSource.apiKeyInstructions
  Input should be a valid string [type=string_type, input_value=[], input_type=list]
    For further information visit https://errors.pydantic.dev/2.12/v/string_type
23:31:59 [WARNING] Module sfp_wigle contract issues: Meta validation failed: 1 validation error for ModuleMeta
dataSource.apiKeyInstructions
  Input should be a valid string [type=string_type, input_value=['Visit https://wigle.net...t to 'Encoded for use'"], input_type=list]
    For further information visit https://errors.pydantic.dev/2.12/v/string_type
23:31:59 [WARNING] Module sfp_wpscan contract issues: Meta validation failed: 1 validation error for ModuleMeta
dataSource.apiKeyInstructions
  Input should be a valid string [type=string_type, input_value=['Visit https://wpscan.co...ted daily API requests'], input_type=list]
    For further information visit https://errors.pydantic.dev/2.12/v/string_type
23:31:59 [WARNING] Module sfp_xforce contract issues: Meta validation failed: 1 validation error for ModuleMeta
dataSource.apiKeyInstructions
  Input should be a valid string [type=string_type, input_value=['Visit https://exchange....ey' and 'API Password'"], input_type=list]
    For further information visit https://errors.pydantic.dev/2.12/v/string_type
23:31:59 [WARNING] Module sfp_xiaohongshu contract issues: Meta validation failed: 1 validation error for ModuleMeta
dataSource.apiKeyInstructions
  Input should be a valid string [type=string_type, input_value=['No API key required for...ublic post monitoring.'], input_type=list]
    For further information visit https://errors.pydantic.dev/2.12/v/string_type
23:31:59 [WARNING] Module sfp_zetalytics contract issues: Meta validation failed: 1 validation error for ModuleMeta
dataSource.apiKeyInstructions
  Input should be a valid string [type=string_type, input_value=['Visit https://mailchi.m...and request an API key'], input_type=list]
    For further information visit https://errors.pydantic.dev/2.12/v/string_type
23:31:59 [WARNING] Module sfp_zonefiles contract issues: Meta validation failed: 1 validation error for ModuleMeta
dataSource.apiKeyInstructions
  Input should be a valid string [type=string_type, input_value=['Visit https://zonefiles...xt to 'Your API token'"], input_type=list]
    For further information visit https://errors.pydantic.dev/2.12/v/string_type
23:31:59 [WARNING] Module sfp_zoomeye contract issues: Meta validation failed: 1 validation error for ModuleMeta
dataSource.apiKeyInstructions
  Input should be a valid string [type=string_type, input_value=['Visit https://www.zoome...listed under 'API Key'"], input_type=list]
    For further information visit https://errors.pydantic.dev/2.12/v/string_type
23:31:59 [INFO] Contract validation: 133/305 modules have warnings
PASSED                                                                   [ 61%]
test/unit/test_module_registry.py::TestModuleRegistryRealModules::test_real_search 
-------------------------------- live log call --------------------------------
23:32:00 [INFO] Module discovery complete: 305 loaded, 4 failed (dir=D:\github\spiderfoot\modules)
23:32:00 [WARNING] Module sfp_4chan contract issues: Meta validation failed: 1 validation error for ModuleMeta
dataSource.apiKeyInstructions
  Input should be a valid string [type=string_type, input_value=['No API key required for...blic board monitoring.'], input_type=list]
    For further information visit https://errors.pydantic.dev/2.12/v/string_type
23:32:00 [WARNING] Module sfp_abstractapi contract issues: Meta validation failed: 1 validation error for ModuleMeta
dataSource.apiKeyInstructions
  Input should be a valid string [type=string_type, input_value=['Visit https://app.abstr...specific to this API.'"], input_type=list]
    For further information visit https://errors.pydantic.dev/2.12/v/string_type
23:32:00 [WARNING] Module sfp_abusech contract issues: Meta validation failed: 1 validation error for ModuleMeta
dataSource.apiKeyInstructions
  Input should be a valid string [type=string_type, input_value=['Visit https://bazaar.ab...listed under 'API-Key'"], input_type=list]
    For further information visit https://errors.pydantic.dev/2.12/v/string_type
23:32:00 [WARNING] Module sfp_abuseipdb contract issues: Meta validation failed: 1 validation error for ModuleMeta
dataSource.apiKeyInstructions
  Input should be a valid string [type=string_type, input_value=['Visit https://www.abuse...is listed under 'Keys'"], input_type=list]
    For further information visit https://errors.pydantic.dev/2.12/v/string_type
23:32:00 [WARNING] Module sfp_adsbexchange contract issues: Meta validation failed: 1 validation error for ModuleMeta
dataSource.apiKeyInstructions
  Input should be a valid string [type=string_type, input_value=['Register at https://rap...in the _api_key option'], input_type=list]
    For further information visit https://errors.pydantic.dev/2.12/v/string_type
23:32:00 [WARNING] Module sfp_alienvault contract issues: Meta validation failed: 1 validation error for ModuleMeta
dataSource.apiKeyInstructions
  Input should be a valid string [type=string_type, input_value=['Visit https://otx.alien...listed under 'OTX Key'"], input_type=list]
    For further information visit https://errors.pydantic.dev/2.12/v/string_type
23:32:00 [WARNING] Module sfp_aparat contract issues: Meta validation failed: 1 validation error for ModuleMeta
dataSource.apiKeyInstructions
  Input should be a valid string [type=string_type, input_value=['No API key required for...blic video monitoring.'], input_type=list]
    For further information visit https://errors.pydantic.dev/2.12/v/string_type
23:32:00 [WARNING] Module sfp_apileak contract issues: Meta validation failed: 1 validation error for ModuleMeta
dataSource.apiKeyInstructions
  Input should be a valid string [type=string_type, input_value=['Sign up at https://gith... module configuration.'], input_type=list]
    For further information visit https://errors.pydantic.dev/2.12/v/string_type
23:32:00 [WARNING] Module sfp_apivoid contract issues: Meta validation failed: 1 validation error for ModuleMeta
dataSource.apiKeyInstructions
  Input should be a valid string [type=string_type, input_value=['Visit https://www.apivo...d to find your API key'], input_type=list]
    For further information visit https://errors.pydantic.dev/2.12/v/string_type
23:32:00 [WARNING] Module sfp_aprsfi contract issues: Meta validation failed: 1 validation error for ModuleMeta
dataSource.apiKeyInstructions
  Input should be a valid string [type=string_type, input_value=['Register an account at ...in the _api_key option'], input_type=list]
    For further information visit https://errors.pydantic.dev/2.12/v/string_type
23:32:00 [WARNING] Module sfp_arbitrum contract issues: Meta validation failed: 1 validation error for ModuleMeta
dataSource.apiKeyInstructions
  Input should be a valid string [type=string_type, input_value=['Register at https://arb... module configuration.'], input_type=list]
    For further information visit https://errors.pydantic.dev/2.12/v/string_type
23:32:00 [WARNING] Module sfp_aviationstack contract issues: Meta validation failed: 1 validation error for ModuleMeta
dataSource.apiKeyInstructions
  Input should be a valid string [type=string_type, input_value=['Register at https://avi...in the _api_key option'], input_type=list]
    For further information visit https://errors.pydantic.dev/2.12/v/string_type
23:32:00 [WARNING] Module sfp_bevigil contract issues: Meta validation failed: 1 validation error for ModuleMeta
dataSource.apiKeyInstructions
  Input should be a valid string [type=string_type, input_value=['Visit https://bevigil.c...your account dashboard'], input_type=list]
    For further information visit https://errors.pydantic.dev/2.12/v/string_type
23:32:00 [WARNING] Module sfp_binaryedge contract issues: Meta validation failed: 1 validation error for ModuleMeta
dataSource.apiKeyInstructions
  Input should be a valid string [type=string_type, input_value=['Visit https://www.binar...ted under 'API Access'"], input_type=list]
    For further information visit https://errors.pydantic.dev/2.12/v/string_type
23:32:00 [WARNING] Module sfp_bingsearch contract issues: Meta validation failed: 1 validation error for ModuleMeta
dataSource.apiKeyInstructions
  Input should be a valid string [type=string_type, input_value=['Visit https://azure.mic...y2' (both should work)"], input_type=list]
    For further information visit https://errors.pydantic.dev/2.12/v/string_type
23:32:00 [WARNING] Module sfp_bingsharedip contract issues: Meta validation failed: 1 validation error for ModuleMeta
dataSource.apiKeyInstructions
  Input should be a valid string [type=string_type, input_value=['Visit https://azure.mic...y2' (both should work)"], input_type=list]
    For further information visit https://errors.pydantic.dev/2.12/v/string_type
23:32:00 [WARNING] Module sfp_bitcoinwhoswho contract issues: Meta validation failed: 1 validation error for ModuleMeta
dataSource.apiKeyInstructions
  Input should be a valid string [type=string_type, input_value=['Visit https://bitcoinwh...ceive it to your email"], input_type=list]
    For further information visit https://errors.pydantic.dev/2.12/v/string_type
23:32:00 [WARNING] Module sfp_blockchain_analytics contract issues: Meta validation failed: 1 validation error for ModuleMeta
dataSource.apiKeyInstructions
  Input should be a valid string [type=string_type, input_value=['Sign up for BlockCypher...ys for better coverage'], input_type=list]
    For further information visit https://errors.pydantic.dev/2.12/v/string_type
23:32:00 [WARNING] Module sfp_bluesky contract issues: Meta validation failed: 1 validation error for ModuleMeta
dataSource.apiKeyInstructions
  Input should be a valid string [type=string_type, input_value=['Register at https://bsk... module configuration.'], input_type=list]
    For further information visit https://errors.pydantic.dev/2.12/v/string_type
23:32:00 [WARNING] Module sfp_bnb contract issues: Meta validation failed: 1 validation error for ModuleMeta
dataSource.apiKeyInstructions
  Input should be a valid string [type=string_type, input_value=['Register at https://bsc... module configuration.'], input_type=list]
    For further information visit https://errors.pydantic.dev/2.12/v/string_type
23:32:00 [WARNING] Module sfp_botscout contract issues: Meta validation failed: 1 validation error for ModuleMeta
dataSource.apiKeyInstructions
  Input should be a valid string [type=string_type, input_value=['Visit http://botscout.c...mailed to your account'], input_type=list]
    For further information visit https://errors.pydantic.dev/2.12/v/string_type
23:32:00 [WARNING] Module sfp_bugbounty contract issues: Meta validation failed: 1 validation error for ModuleMeta
dataSource.apiKeyInstructions
  Input should be a valid string [type=string_type, input_value=['For HackerOne: create a...e corresponding option'], input_type=list]
    For further information visit https://errors.pydantic.dev/2.12/v/string_type
23:32:00 [WARNING] Module sfp_builtwith contract issues: Meta validation failed: 1 validation error for ModuleMeta
dataSource.apiKeyInstructions
  Input should be a valid string [type=string_type, input_value=['Visit https://api.built...d under 'Your API Key'"], input_type=list]
    For further information visit https://errors.pydantic.dev/2.12/v/string_type
23:32:00 [WARNING] Module sfp_c99 contract issues: Meta validation failed: 1 validation error for ModuleMeta
dataSource.apiKeyInstructions
  Input should be a valid string [type=string_type, input_value=['Visit https://api.c99.n...your API key by email.'], input_type=list]
    For further information visit https://errors.pydantic.dev/2.12/v/string_type
23:32:00 [WARNING] Module sfp_censys contract issues: Meta validation failed: 1 validation error for ModuleMeta
dataSource.apiKeyInstructions
  Input should be a valid string [type=string_type, input_value=['Visit https://censys.io... 'API ID' and 'Secret'"], input_type=list]
    For further information visit https://errors.pydantic.dev/2.12/v/string_type
23:32:00 [WARNING] Module sfp_certspotter contract issues: Meta validation failed: 1 validation error for ModuleMeta
dataSource.apiKeyInstructions
  Input should be a valid string [type=string_type, input_value=['Visit https://sslmate.c...nder 'API Credentials'"], input_type=list]
    For further information visit https://errors.pydantic.dev/2.12/v/string_type
23:32:00 [WARNING] Module sfp_circllu contract issues: Meta validation failed: 1 validation error for ModuleMeta
dataSource.apiKeyInstructions
  Input should be a valid string [type=string_type, input_value=['Visit https://www.circl...provided once approved'], input_type=list]
    For further information visit https://errors.pydantic.dev/2.12/v/string_type
23:32:00 [WARNING] Module sfp_cisco_umbrella contract issues: Meta validation failed: 1 validation error for ModuleMeta
dataSource.apiKeyInstructions
  Input should be a valid string [type=string_type, input_value=['Visit https://umbrella....Generate a new API key'], input_type=list]
    For further information visit https://errors.pydantic.dev/2.12/v/string_type
23:32:00 [WARNING] Module sfp_citadel contract issues: Meta validation failed: 1 validation error for ModuleMeta
dataSource.apiKeyInstructions
  Input should be a valid string [type=string_type, input_value=['Visit https://leak-look...listed under 'API Key'"], input_type=list]
    For further information visit https://errors.pydantic.dev/2.12/v/string_type
23:32:00 [WARNING] Module sfp_criminalip contract issues: Meta validation failed: 1 validation error for ModuleMeta
dataSource.apiKeyInstructions
  Input should be a valid string [type=string_type, input_value=['Visit https://www.crimi...isted under 'API Key'."], input_type=list]
    For further information visit https://errors.pydantic.dev/2.12/v/string_type
23:32:00 [WARNING] Module sfp_datalastic contract issues: Meta validation failed: 1 validation error for ModuleMeta
dataSource.apiKeyInstructions
  Input should be a valid string [type=string_type, input_value=['Register at https://dat...in the _api_key option'], input_type=list]
    For further information visit https://errors.pydantic.dev/2.12/v/string_type
23:32:00 [WARNING] Module sfp_deepinfo contract issues: Meta validation failed: 1 validation error for ModuleMeta
dataSource.apiKeyInstructions
  Input should be a valid string [type=string_type, input_value=['Visit https://deepinfo....isted under 'API Keys'"], input_type=list]
    For further information visit https://errors.pydantic.dev/2.12/v/string_type
23:32:00 [WARNING] Module sfp_dehashed contract issues: Meta validation failed: 1 validation error for ModuleMeta
dataSource.apiKeyInstructions
  Input should be a valid string [type=string_type, input_value=['Visit https://www.dehas...listed under 'API Key'"], input_type=list]
    For further information visit https://errors.pydantic.dev/2.12/v/string_type
23:32:00 [WARNING] Module sfp_dideo contract issues: Meta validation failed: 1 validation error for ModuleMeta
dataSource.apiKeyInstructions
  Input should be a valid string [type=string_type, input_value=['No API key required for...blic video monitoring.'], input_type=list]
    For further information visit https://errors.pydantic.dev/2.12/v/string_type
23:32:00 [WARNING] Module sfp_discord contract issues: Meta validation failed: 1 validation error for ModuleMeta
dataSource.apiKeyInstructions
  Input should be a valid string [type=string_type, input_value=['Go to https://discord.c... module configuration.'], input_type=list]
    For further information visit https://errors.pydantic.dev/2.12/v/string_type
23:32:00 [WARNING] Module sfp_douyin contract issues: Meta validation failed: 1 validation error for ModuleMeta
dataSource.apiKeyInstructions
  Input should be a valid string [type=string_type, input_value=['No API key required for...blic video monitoring.'], input_type=list]
    For further information visit https://errors.pydantic.dev/2.12/v/string_type
23:32:00 [WARNING] Module sfp_emailcrawlr contract issues: Meta validation failed: 1 validation error for ModuleMeta
dataSource.apiKeyInstructions
  Input should be a valid string [type=string_type, input_value=['Visit https://emailcraw...listed under 'API Key'"], input_type=list]
    For further information visit https://errors.pydantic.dev/2.12/v/string_type
23:32:00 [WARNING] Module sfp_emailrep contract issues: Meta validation failed: 1 validation error for ModuleMeta
dataSource.apiKeyInstructions
  Input should be a valid string [type=string_type, input_value=['Visit https://emailrep....il account on approval'], input_type=list]
    For further information visit https://errors.pydantic.dev/2.12/v/string_type
23:32:00 [WARNING] Module sfp_ethereum contract issues: Meta validation failed: 1 validation error for ModuleMeta
dataSource.apiKeyInstructions
  Input should be a valid string [type=string_type, input_value=['Register at https://eth... module configuration.'], input_type=list]
    For further information visit https://errors.pydantic.dev/2.12/v/string_type
23:32:00 [WARNING] Module sfp_etherscan contract issues: Meta validation failed: 1 validation error for ModuleMeta
dataSource.apiKeyInstructions
  Input should be a valid string [type=string_type, input_value=['Visit https://etherscan...ed under API Key Token'], input_type=list]
    For further information visit https://errors.pydantic.dev/2.12/v/string_type
23:32:00 [WARNING] Module sfp_example contract issues: Missing required attribute: opts; Missing required attribute: optdescs
23:32:00 [WARNING] Module sfp_flickr contract issues: Meta validation failed: 1 validation error for ModuleMeta
dataSource.apiKeyInstructions
  Input should be a valid string [type=string_type, input_value=['Visit https://www.flick... the confirmation page'], input_type=list]
    For further information visit https://errors.pydantic.dev/2.12/v/string_type
23:32:00 [WARNING] Module sfp_focsec contract issues: Meta validation failed: 1 validation error for ModuleMeta
dataSource.apiKeyInstructions
  Input should be a valid string [type=string_type, input_value=['Visit https://focsec.co...e the API key provided'], input_type=list]
    For further information visit https://errors.pydantic.dev/2.12/v/string_type
23:32:00 [WARNING] Module sfp_fofa contract issues: Meta validation failed: 1 validation error for ModuleMeta
dataSource.apiKeyInstructions
  Input should be a valid string [type=string_type, input_value=['Visit https://fofa.info...isted under 'API Key'."], input_type=list]
    For further information visit https://errors.pydantic.dev/2.12/v/string_type
23:32:00 [WARNING] Module sfp_fraudguard contract issues: Meta validation failed: 1 validation error for ModuleMeta
dataSource.apiKeyInstructions
  Input should be a valid string [type=string_type, input_value=['Visit https://app.fraud... Username and Password'], input_type=list]
    For further information visit https://errors.pydantic.dev/2.12/v/string_type
23:32:00 [WARNING] Module sfp_fullcontact contract issues: Meta validation failed: 1 validation error for ModuleMeta
dataSource.apiKeyInstructions
  Input should be a valid string [type=string_type, input_value=['Visit https://fullconta... under 'Your API Keys'"], input_type=list]
    For further information visit https://errors.pydantic.dev/2.12/v/string_type
23:32:00 [WARNING] Module sfp_fullhunt contract issues: Meta validation failed: 1 validation error for ModuleMeta
dataSource.apiKeyInstructions
  Input should be a valid string [type=string_type, input_value=['Visit https://fullhunt....ted under 'API Access'"], input_type=list]
    For further information visit https://errors.pydantic.dev/2.12/v/string_type
23:32:00 [WARNING] Module sfp_googlemaps contract issues: Meta validation failed: 1 validation error for ModuleMeta
dataSource.apiKeyInstructions
  Input should be a valid string [type=string_type, input_value=['Visit https://cloud.goo...isted under 'API Keys'"], input_type=list]
    For further information visit https://errors.pydantic.dev/2.12/v/string_type
23:32:00 [WARNING] Module sfp_googlesafebrowsing contract issues: Meta validation failed: 1 validation error for ModuleMeta
dataSource.apiKeyInstructions
  Input should be a valid string [type=string_type, input_value=['Visit https://console.d...your newly created key'], input_type=list]
    For further information visit https://errors.pydantic.dev/2.12/v/string_type
23:32:00 [WARNING] Module sfp_googlesearch contract issues: Meta validation failed: 1 validation error for ModuleMeta
dataSource.apiKeyInstructions
  Input should be a valid string [type=string_type, input_value=['Visit https://developer...d under 'YOUR API KEY'"], input_type=list]
    For further information visit https://errors.pydantic.dev/2.12/v/string_type
23:32:00 [WARNING] Module sfp_grayhatwarfare contract issues: Meta validation failed: 1 validation error for ModuleMeta
dataSource.apiKeyInstructions
  Input should be a valid string [type=string_type, input_value=['Visit https://grayhatwa...listed under 'Api Key'"], input_type=list]
    For further information visit https://errors.pydantic.dev/2.12/v/string_type
23:32:00 [WARNING] Module sfp_greynoise contract issues: Meta validation failed: 1 validation error for ModuleMeta
dataSource.apiKeyInstructions
  Input should be a valid string [type=string_type, input_value=['Visit https://viz.greyn...listed under 'API Key'"], input_type=list]
    For further information visit https://errors.pydantic.dev/2.12/v/string_type
23:32:00 [WARNING] Module sfp_greynoise_community contract issues: Meta validation failed: 1 validation error for ModuleMeta
dataSource.apiKeyInstructions
  Input should be a valid string [type=string_type, input_value=['Visit https://viz.greyn...listed under 'API Key'"], input_type=list]
    For further information visit https://errors.pydantic.dev/2.12/v/string_type
23:32:00 [WARNING] Module sfp_haveibeenpwned contract issues: Meta validation failed: 1 validation error for ModuleMeta
dataSource.apiKeyInstructions
  Input should be a valid string [type=string_type, input_value=['Visit https://haveibeen...ibeenpwned.com/API/Key'], input_type=list]
    For further information visit https://errors.pydantic.dev/2.12/v/string_type
23:32:00 [WARNING] Module sfp_honeypot contract issues: Meta validation failed: 1 validation error for ModuleMeta
dataSource.apiKeyInstructions
  Input should be a valid string [type=string_type, input_value=['Visit https://www.proje...ur http:BL Access Key'"], input_type=list]
    For further information visit https://errors.pydantic.dev/2.12/v/string_type
23:32:00 [WARNING] Module sfp_hostio contract issues: Meta validation failed: 1 validation error for ModuleMeta
dataSource.apiKeyInstructions
  Input should be a valid string [type=string_type, input_value=['Visit https://host.io/s...ication token provided'], input_type=list]
    For further information visit https://errors.pydantic.dev/2.12/v/string_type
23:32:00 [WARNING] Module sfp_hunter contract issues: Meta validation failed: 1 validation error for ModuleMeta
dataSource.apiKeyInstructions
  Input should be a valid string [type=string_type, input_value=['Visit https://hunter.io...d under 'Your API Key'"], input_type=list]
    For further information visit https://errors.pydantic.dev/2.12/v/string_type
23:32:00 [WARNING] Module sfp_hunterhow contract issues: Meta validation failed: 1 validation error for ModuleMeta
dataSource.apiKeyInstructions
  Input should be a valid string [type=string_type, input_value=['Visit https://hunter.ho...isted on the dashboard'], input_type=list]
    For further information visit https://errors.pydantic.dev/2.12/v/string_type
23:32:00 [WARNING] Module sfp_hybrid_analysis contract issues: Meta validation failed: 1 validation error for ModuleMeta
dataSource.apiKeyInstructions
  Input should be a valid string [type=string_type, input_value=['Visit https://www.hybri...listed under 'API Key'"], input_type=list]
    For further information visit https://errors.pydantic.dev/2.12/v/string_type
23:32:00 [WARNING] Module sfp_iknowwhatyoudownload contract issues: Meta validation failed: 1 validation error for ModuleMeta
dataSource.apiKeyInstructions
  Input should be a valid string [type=string_type, input_value=['Visit https://iknowwhat... be sent to your email'], input_type=list]
    For further information visit https://errors.pydantic.dev/2.12/v/string_type
23:32:00 [WARNING] Module sfp_instagram contract issues: Meta validation failed: 1 validation error for ModuleMeta
dataSource.apiKeyInstructions
  Input should be a valid string [type=string_type, input_value=['Register an application... module configuration.'], input_type=list]
    For further information visit https://errors.pydantic.dev/2.12/v/string_type
23:32:00 [WARNING] Module sfp_intelx contract issues: Meta validation failed: 1 validation error for ModuleMeta
dataSource.apiKeyInstructions
  Input should be a valid string [type=string_type, input_value=['Visit https://intelx.io...der 'Your API details'"], input_type=list]
    For further information visit https://errors.pydantic.dev/2.12/v/string_type
23:32:00 [WARNING] Module sfp_ipapicom contract issues: Meta validation failed: 1 validation error for ModuleMeta
dataSource.apiKeyInstructions
  Input should be a valid string [type=string_type, input_value=['Visit https://ipapi.com...er Your API Access Key'], input_type=list]
    For further information visit https://errors.pydantic.dev/2.12/v/string_type
23:32:00 [WARNING] Module sfp_ipinfo contract issues: Meta validation failed: 1 validation error for ModuleMeta
dataSource.apiKeyInstructions
  Input should be a valid string [type=string_type, input_value=['Visit https://ipinfo.io...'is your access token'"], input_type=list]
    For further information visit https://errors.pydantic.dev/2.12/v/string_type
23:32:00 [WARNING] Module sfp_ipinfo_modern contract issues: Meta validation failed: 1 validation error for ModuleMeta
dataSource.apiKeyInstructions
  Input should be a valid string [type=string_type, input_value=['Visit https://ipinfo.io...'is your access token'"], input_type=list]
    For further information visit https://errors.pydantic.dev/2.12/v/string_type
23:32:00 [WARNING] Module sfp_ipqualityscore contract issues: Meta validation failed: 1 validation error for ModuleMeta
dataSource.apiKeyInstructions
  Input should be a valid string [type=string_type, input_value=['Visit https://www.ipqua...listed under 'API Key'"], input_type=list]
    For further information visit https://errors.pydantic.dev/2.12/v/string_type
23:32:00 [WARNING] Module sfp_ipregistry contract issues: Meta validation failed: 1 validation error for ModuleMeta
dataSource.apiKeyInstructions
  Input should be a valid string [type=string_type, input_value=['Visit https://dashboard...r existing Default key"], input_type=list]
    For further information visit https://errors.pydantic.dev/2.12/v/string_type
23:32:00 [WARNING] Module sfp_ipstack contract issues: Meta validation failed: 1 validation error for ModuleMeta
dataSource.apiKeyInstructions
  Input should be a valid string [type=string_type, input_value=['Visit https://ipstack.c... 'Your API Access Key'"], input_type=list]
    For further information visit https://errors.pydantic.dev/2.12/v/string_type
23:32:00 [WARNING] Module sfp_jsonwhoiscom contract issues: Meta validation failed: 1 validation error for ModuleMeta
dataSource.apiKeyInstructions
  Input should be a valid string [type=string_type, input_value=['Visit https://jsonwhois...listed under 'Api Key'"], input_type=list]
    For further information visit https://errors.pydantic.dev/2.12/v/string_type
23:32:00 [WARNING] Module sfp_koodous contract issues: Meta validation failed: 1 validation error for ModuleMeta
dataSource.apiKeyInstructions
  Input should be a valid string [type=string_type, input_value=['Visit https://koodous.c...ication token provided'], input_type=list]
    For further information visit https://errors.pydantic.dev/2.12/v/string_type
23:32:00 [WARNING] Module sfp_leakcheck contract issues: Meta validation failed: 1 validation error for ModuleMeta
dataSource.apiKeyInstructions
  Input should be a valid string [type=string_type, input_value=['Visit https://leakcheck...ate your API key there'], input_type=list]
    For further information visit https://errors.pydantic.dev/2.12/v/string_type
23:32:00 [WARNING] Module sfp_leakix contract issues: Meta validation failed: 1 validation error for ModuleMeta
dataSource.apiKeyInstructions
  Input should be a valid string [type=string_type, input_value=['Visit https://leakix.ne... to generate a new key"], input_type=list]
    For further information visit https://errors.pydantic.dev/2.12/v/string_type
23:32:00 [WARNING] Module sfp_luminar contract issues: Meta validation failed: 1 validation error for ModuleMeta
dataSource.apiKeyInstructions
  Input should be a valid string [type=string_type, input_value=['Visit https://www.lumin..., 'Generate an API key'], input_type=list]
    For further information visit https://errors.pydantic.dev/2.12/v/string_type
23:32:00 [WARNING] Module sfp_malwarepatrol contract issues: Meta validation failed: 1 validation error for ModuleMeta
dataSource.apiKeyInstructions
  Input should be a valid string [type=string_type, input_value=['Visit https://www.malwa...e mailed to your email'], input_type=list]
    For further information visit https://errors.pydantic.dev/2.12/v/string_type
23:32:00 [WARNING] Module sfp_mandiant_ti contract issues: Meta validation failed: 1 validation error for ModuleMeta
dataSource.apiKeyInstructions
  Input should be a valid string [type=string_type, input_value=['Visit https://www.mandi..., 'Generate an API key'], input_type=list]
    For further information visit https://errors.pydantic.dev/2.12/v/string_type
23:32:00 [WARNING] Module sfp_mastodon contract issues: Meta validation failed: 1 validation error for ModuleMeta
dataSource.apiKeyInstructions
  Input should be a valid string [type=string_type, input_value=['Register at your Mastod... module configuration.'], input_type=list]
    For further information visit https://errors.pydantic.dev/2.12/v/string_type
23:32:00 [WARNING] Module sfp_matrix contract issues: Meta validation failed: 1 validation error for ModuleMeta
dataSource.apiKeyInstructions
  Input should be a valid string [type=string_type, input_value=['Register at https://mat... module configuration.'], input_type=list]
    For further information visit https://errors.pydantic.dev/2.12/v/string_type
23:32:00 [WARNING] Module sfp_mattermost contract issues: Meta validation failed: 1 validation error for ModuleMeta
dataSource.apiKeyInstructions
  Input should be a valid string [type=string_type, input_value=['Register at your Matter... module configuration.'], input_type=list]
    For further information visit https://errors.pydantic.dev/2.12/v/string_type
23:32:00 [WARNING] Module sfp_metadefender contract issues: Meta validation failed: 1 validation error for ModuleMeta
dataSource.apiKeyInstructions
  Input should be a valid string [type=string_type, input_value=['Visit https://metadefen...listed under 'API key'"], input_type=list]
    For further information visit https://errors.pydantic.dev/2.12/v/string_type
23:32:00 [WARNING] Module sfp_nameapi contract issues: Meta validation failed: 1 validation error for ModuleMeta
dataSource.apiKeyInstructions
  Input should be a valid string [type=string_type, input_value=['Visit https://nameapi.o... be sent to your email'], input_type=list]
    For further information visit https://errors.pydantic.dev/2.12/v/string_type
23:32:00 [WARNING] Module sfp_netlas contract issues: Meta validation failed: 1 validation error for ModuleMeta
dataSource.apiKeyInstructions
  Input should be a valid string [type=string_type, input_value=['Visit https://netlas.io...isted under 'API Key'."], input_type=list]
    For further information visit https://errors.pydantic.dev/2.12/v/string_type
23:32:00 [WARNING] Module sfp_networksdb contract issues: Meta validation failed: 1 validation error for ModuleMeta
dataSource.apiKeyInstructions
  Input should be a valid string [type=string_type, input_value=['Visit https://networksd...r 'API Key: Free plan'"], input_type=list]
    For further information visit https://errors.pydantic.dev/2.12/v/string_type
23:32:00 [WARNING] Module sfp_neutrinoapi contract issues: Meta validation failed: 1 validation error for ModuleMeta
dataSource.apiKeyInstructions
  Input should be a valid string [type=string_type, input_value=['Visit https://www.neutr...ted under 'Master Key'"], input_type=list]
    For further information visit https://errors.pydantic.dev/2.12/v/string_type
23:32:00 [WARNING] Module sfp_numverify contract issues: Meta validation failed: 1 validation error for ModuleMeta
dataSource.apiKeyInstructions
  Input should be a valid string [type=string_type, input_value=['Visit https://numverify... 'Your API Access Key'"], input_type=list]
    For further information visit https://errors.pydantic.dev/2.12/v/string_type
23:32:00 [WARNING] Module sfp_onioncity contract issues: Meta validation failed: 1 validation error for ModuleMeta
dataSource.apiKeyInstructions
  Input should be a valid string [type=string_type, input_value=['Visit https://developer...d under 'YOUR API KEY'"], input_type=list]
    For further information visit https://errors.pydantic.dev/2.12/v/string_type
23:32:00 [WARNING] Module sfp_onyphe contract issues: Meta validation failed: 1 validation error for ModuleMeta
dataSource.apiKeyInstructions
  Input should be a valid string [type=string_type, input_value=['Visit https://www.onyph...listed under 'API Key'"], input_type=list]
    For further information visit https://errors.pydantic.dev/2.12/v/string_type
23:32:00 [WARNING] Module sfp_opencorporates contract issues: Meta validation failed: 1 validation error for ModuleMeta
dataSource.apiKeyInstructions
  Input should be a valid string [type=string_type, input_value=['Visit https://opencorpo...ed under 'API Account'"], input_type=list]
    For further information visit https://errors.pydantic.dev/2.12/v/string_type
23:32:00 [WARNING] Module sfp_openwifimap contract issues: Meta validation failed: 1 validation error for ModuleMeta
dataSource.apiKeyInstructions
  Input should be a valid string [type=string_type, input_value=[], input_type=list]
    For further information visit https://errors.pydantic.dev/2.12/v/string_type
23:32:00 [WARNING] Module sfp_pastebin contract issues: Meta validation failed: 1 validation error for ModuleMeta
dataSource.apiKeyInstructions
  Input should be a valid string [type=string_type, input_value=['Visit https://developer...d under 'YOUR API KEY'"], input_type=list]
    For further information visit https://errors.pydantic.dev/2.12/v/string_type
23:32:00 [WARNING] Module sfp_projectdiscovery contract issues: Meta validation failed: 1 validation error for ModuleMeta
dataSource.apiKeyInstructions
  Input should be a valid string [type=string_type, input_value=['Visit https://chaos.pro...your API key by email.'], input_type=list]
    For further information visit https://errors.pydantic.dev/2.12/v/string_type
23:32:00 [WARNING] Module sfp_publicwww contract issues: Meta validation failed: 1 validation error for ModuleMeta
dataSource.apiKeyInstructions
  Input should be a valid string [type=string_type, input_value=['Visit https://publicwww...be listed on that page'], input_type=list]
    For further information visit https://errors.pydantic.dev/2.12/v/string_type
23:32:00 [WARNING] Module sfp_pulsedive contract issues: Meta validation failed: 1 validation error for ModuleMeta
dataSource.apiKeyInstructions
  Input should be a valid string [type=string_type, input_value=['Visit https://pulsedive...d under 'Your API Key'"], input_type=list]
    For further information visit https://errors.pydantic.dev/2.12/v/string_type
23:32:00 [WARNING] Module sfp_recordedfuture contract issues: Meta validation failed: 1 validation error for ModuleMeta
dataSource.apiKeyInstructions
  Input should be a valid string [type=string_type, input_value=['Visit https://www.recor..., 'Generate an API key'], input_type=list]
    For further information visit https://errors.pydantic.dev/2.12/v/string_type
23:32:00 [WARNING] Module sfp_reddit contract issues: Meta validation failed: 1 validation error for ModuleMeta
dataSource.apiKeyInstructions
  Input should be a valid string [type=string_type, input_value=['Go to https://www.reddi... module configuration.'], input_type=list]
    For further information visit https://errors.pydantic.dev/2.12/v/string_type
23:32:00 [WARNING] Module sfp_rocketchat contract issues: Meta validation failed: 1 validation error for ModuleMeta
dataSource.apiKeyInstructions
  Input should be a valid string [type=string_type, input_value=['Register at your Rocket... module configuration.'], input_type=list]
    For further information visit https://errors.pydantic.dev/2.12/v/string_type
23:32:00 [WARNING] Module sfp_rocketreach contract issues: Meta validation failed: 1 validation error for ModuleMeta
dataSource.apiKeyInstructions
  Input should be a valid string [type=string_type, input_value=['Visit https://rocketrea...listed under 'API Key'"], input_type=list]
    For further information visit https://errors.pydantic.dev/2.12/v/string_type
23:32:00 [WARNING] Module sfp_rubika contract issues: Meta validation failed: 1 validation error for ModuleMeta
dataSource.apiKeyInstructions
  Input should be a valid string [type=string_type, input_value=['No API key required for...ic channel monitoring.'], input_type=list]
    For further information visit https://errors.pydantic.dev/2.12/v/string_type
23:32:00 [WARNING] Module sfp_securitytrails contract issues: Meta validation failed: 1 validation error for ModuleMeta
dataSource.apiKeyInstructions
  Input should be a valid string [type=string_type, input_value=['Visit https://securityt...listed under 'API Key'"], input_type=list]
    For further information visit https://errors.pydantic.dev/2.12/v/string_type
23:32:00 [WARNING] Module sfp_seon contract issues: Meta validation failed: 1 validation error for ModuleMeta
dataSource.apiKeyInstructions
  Input should be a valid string [type=string_type, input_value=['Visit https://seon.io/'...ed under 'License key'"], input_type=list]
    For further information visit https://errors.pydantic.dev/2.12/v/string_type
23:32:00 [WARNING] Module sfp_shodan contract issues: Meta validation failed: 1 validation error for ModuleMeta
dataSource.apiKeyInstructions
  Input should be a valid string [type=string_type, input_value=['Visit https://shodan.io...listed under 'API Key'"], input_type=list]
    For further information visit https://errors.pydantic.dev/2.12/v/string_type
23:32:00 [WARNING] Module sfp_snov contract issues: Meta validation failed: 1 validation error for ModuleMeta
dataSource.apiKeyInstructions
  Input should be a valid string [type=string_type, input_value=['Visit https://snov.io',...r ID' and 'API Secret'"], input_type=list]
    For further information visit https://errors.pydantic.dev/2.12/v/string_type
23:32:00 [WARNING] Module sfp_sociallinks contract issues: Meta validation failed: 1 validation error for ModuleMeta
dataSource.apiKeyInstructions
  Input should be a valid string [type=string_type, input_value=['Visit https://sociallin..., 'Register an account'], input_type=list]
    For further information visit https://errors.pydantic.dev/2.12/v/string_type
23:32:00 [WARNING] Module sfp_socialprofiles contract issues: Meta validation failed: 1 validation error for ModuleMeta
dataSource.apiKeyInstructions
  Input should be a valid string [type=string_type, input_value=['If using Google:', 'Vis...y2' (both should work)"], input_type=list]
    For further information visit https://errors.pydantic.dev/2.12/v/string_type
23:32:00 [WARNING] Module sfp_soroush contract issues: Meta validation failed: 1 validation error for ModuleMeta
dataSource.apiKeyInstructions
  Input should be a valid string [type=string_type, input_value=['No API key required for...ic channel monitoring.'], input_type=list]
    For further information visit https://errors.pydantic.dev/2.12/v/string_type
23:32:00 [WARNING] Module sfp_spur contract issues: Meta validation failed: 1 validation error for ModuleMeta
dataSource.apiKeyInstructions
  Input should be a valid string [type=string_type, input_value=['Visit https://spur.us',...s listed under 'Token'"], input_type=list]
    For further information visit https://errors.pydantic.dev/2.12/v/string_type
23:32:00 [WARNING] Module sfp_stackoverflow contract issues: Meta validation failed: 1 validation error for ModuleMeta
dataSource.apiKeyInstructions
  Input should be a valid string [type=string_type, input_value=['Visit https://stackapps...creased request quota."], input_type=list]
    For further information visit https://errors.pydantic.dev/2.12/v/string_type
23:32:00 [WARNING] Module sfp_subdomainradar contract issues: Meta validation failed: 1 validation error for ModuleMeta
dataSource.apiKeyInstructions
  Input should be a valid string [type=string_type, input_value=['Visit https://subdomain...er provides 100 points'], input_type=list]
    For further information visit https://errors.pydantic.dev/2.12/v/string_type
23:32:00 [WARNING] Module sfp_textmagic contract issues: Meta validation failed: 1 validation error for ModuleMeta
dataSource.apiKeyInstructions
  Input should be a valid string [type=string_type, input_value=['Visit https://textmagic...e 'The new API Key is'"], input_type=list]
    For further information visit https://errors.pydantic.dev/2.12/v/string_type
23:32:00 [WARNING] Module sfp_tiktok_osint contract issues: Meta validation failed: 1 validation error for ModuleMeta
dataSource.apiKeyInstructions
  Input should be a valid string [type=string_type, input_value=['Visit https://developer... Key and Client Secret'], input_type=list]
    For further information visit https://errors.pydantic.dev/2.12/v/string_type
23:32:00 [WARNING] Module sfp_tool_phoneinfoga contract issues: Meta validation failed: 1 validation error for ModuleMeta
dataSource.apiKeyInstructions
  Input should be a valid string [type=string_type, input_value=['See https://github.com/...in the module options.'], input_type=list]
    For further information visit https://errors.pydantic.dev/2.12/v/string_type
23:32:00 [WARNING] Module sfp_tool_wappalyzer contract issues: Meta validation failed: 1 validation error for ModuleMeta
dataSource.apiKeyInstructions
  Input should be a valid string [type=string_type, input_value=['Sign up at https://www....in the module options.'], input_type=list]
    For further information visit https://errors.pydantic.dev/2.12/v/string_type
23:32:00 [WARNING] Module sfp_tron contract issues: Meta validation failed: 1 validation error for ModuleMeta
dataSource.apiKeyInstructions
  Input should be a valid string [type=string_type, input_value=['Register at https://www... module configuration.'], input_type=list]
    For further information visit https://errors.pydantic.dev/2.12/v/string_type
23:32:00 [WARNING] Module sfp_twilio contract issues: Meta validation failed: 1 validation error for ModuleMeta
dataSource.apiKeyInstructions
  Input should be a valid string [type=string_type, input_value=['Visit https://www.twili... SID' and 'Auth Token'"], input_type=list]
    For further information visit https://errors.pydantic.dev/2.12/v/string_type
23:32:00 [WARNING] Module sfp_unwiredlabs contract issues: Meta validation failed: 1 validation error for ModuleMeta
dataSource.apiKeyInstructions
  Input should be a valid string [type=string_type, input_value=['Register at https://unw... module configuration.'], input_type=list]
    For further information visit https://errors.pydantic.dev/2.12/v/string_type
23:32:00 [WARNING] Module sfp_validin contract issues: Meta validation failed: 1 validation error for ModuleMeta
dataSource.apiKeyInstructions
  Input should be a valid string [type=string_type, input_value=['Visit https://app.valid... listed under API Keys'], input_type=list]
    For further information visit https://errors.pydantic.dev/2.12/v/string_type
23:32:00 [WARNING] Module sfp_viewdns contract issues: Meta validation failed: 1 validation error for ModuleMeta
dataSource.apiKeyInstructions
  Input should be a valid string [type=string_type, input_value=['Visit https://viewdns.i...listed under 'API Key'"], input_type=list]
    For further information visit https://errors.pydantic.dev/2.12/v/string_type
23:32:00 [WARNING] Module sfp_virustotal contract issues: Meta validation failed: 1 validation error for ModuleMeta
dataSource.apiKeyInstructions
  Input should be a valid string [type=string_type, input_value=['Visit https://www.virus...listed under 'API Key'"], input_type=list]
    For further information visit https://errors.pydantic.dev/2.12/v/string_type
23:32:00 [WARNING] Module sfp_wechat contract issues: Meta validation failed: 1 validation error for ModuleMeta
dataSource.apiKeyInstructions
  Input should be a valid string [type=string_type, input_value=['Register for WeChat API... module configuration.'], input_type=list]
    For further information visit https://errors.pydantic.dev/2.12/v/string_type
23:32:00 [WARNING] Module sfp_whatcms contract issues: Meta validation failed: 1 validation error for ModuleMeta
dataSource.apiKeyInstructions
  Input should be a valid string [type=string_type, input_value=['Visit https://whatcms.o...d under 'Your API Key'"], input_type=list]
    For further information visit https://errors.pydantic.dev/2.12/v/string_type
23:32:00 [WARNING] Module sfp_whatsapp contract issues: Meta validation failed: 1 validation error for ModuleMeta
dataSource.apiKeyInstructions
  Input should be a valid string [type=string_type, input_value=['Apply for WhatsApp Busi... module configuration.'], input_type=list]
    For further information visit https://errors.pydantic.dev/2.12/v/string_type
23:32:00 [WARNING] Module sfp_whoisfreaks contract issues: Meta validation failed: 1 validation error for ModuleMeta
dataSource.apiKeyInstructions
  Input should be a valid string [type=string_type, input_value=['Visit https://whoisfrea...pricing/api-plans.html'], input_type=list]
    For further information visit https://errors.pydantic.dev/2.12/v/string_type
23:32:00 [WARNING] Module sfp_whoisology contract issues: Meta validation failed: 1 validation error for ModuleMeta
dataSource.apiKeyInstructions
  Input should be a valid string [type=string_type, input_value=['Visit https://whoisolog...nd receive the API Key'], input_type=list]
    For further information visit https://errors.pydantic.dev/2.12/v/string_type
23:32:00 [WARNING] Module sfp_whoisxmlapi contract issues: Meta validation failed: 1 validation error for ModuleMeta
dataSource.apiKeyInstructions
  Input should be a valid string [type=string_type, input_value=['Visit https://www.whois...d on the products page'], input_type=list]
    For further information visit https://errors.pydantic.dev/2.12/v/string_type
23:32:00 [WARNING] Module sfp_whoxy contract issues: Meta validation failed: 1 validation error for ModuleMeta
dataSource.apiKeyInstructions
  Input should be a valid string [type=string_type, input_value=['Visit https://www.whoxy...presented upon payment'], input_type=list]
    For further information visit https://errors.pydantic.dev/2.12/v/string_type
23:32:00 [WARNING] Module sfp_wificafespots contract issues: Meta validation failed: 1 validation error for ModuleMeta
dataSource.apiKeyInstructions
  Input should be a valid string [type=string_type, input_value=[], input_type=list]
    For further information visit https://errors.pydantic.dev/2.12/v/string_type
23:32:00 [WARNING] Module sfp_wifimapio contract issues: Meta validation failed: 1 validation error for ModuleMeta
dataSource.apiKeyInstructions
  Input should be a valid string [type=string_type, input_value=[], input_type=list]
    For further information visit https://errors.pydantic.dev/2.12/v/string_type
23:32:00 [WARNING] Module sfp_wigle contract issues: Meta validation failed: 1 validation error for ModuleMeta
dataSource.apiKeyInstructions
  Input should be a valid string [type=string_type, input_value=['Visit https://wigle.net...t to 'Encoded for use'"], input_type=list]
    For further information visit https://errors.pydantic.dev/2.12/v/string_type
23:32:00 [WARNING] Module sfp_wpscan contract issues: Meta validation failed: 1 validation error for ModuleMeta
dataSource.apiKeyInstructions
  Input should be a valid string [type=string_type, input_value=['Visit https://wpscan.co...ted daily API requests'], input_type=list]
    For further information visit https://errors.pydantic.dev/2.12/v/string_type
23:32:00 [WARNING] Module sfp_xforce contract issues: Meta validation failed: 1 validation error for ModuleMeta
dataSource.apiKeyInstructions
  Input should be a valid string [type=string_type, input_value=['Visit https://exchange....ey' and 'API Password'"], input_type=list]
    For further information visit https://errors.pydantic.dev/2.12/v/string_type
23:32:00 [WARNING] Module sfp_xiaohongshu contract issues: Meta validation failed: 1 validation error for ModuleMeta
dataSource.apiKeyInstructions
  Input should be a valid string [type=string_type, input_value=['No API key required for...ublic post monitoring.'], input_type=list]
    For further information visit https://errors.pydantic.dev/2.12/v/string_type
23:32:00 [WARNING] Module sfp_zetalytics contract issues: Meta validation failed: 1 validation error for ModuleMeta
dataSource.apiKeyInstructions
  Input should be a valid string [type=string_type, input_value=['Visit https://mailchi.m...and request an API key'], input_type=list]
    For further information visit https://errors.pydantic.dev/2.12/v/string_type
23:32:00 [WARNING] Module sfp_zonefiles contract issues: Meta validation failed: 1 validation error for ModuleMeta
dataSource.apiKeyInstructions
  Input should be a valid string [type=string_type, input_value=['Visit https://zonefiles...xt to 'Your API token'"], input_type=list]
    For further information visit https://errors.pydantic.dev/2.12/v/string_type
23:32:00 [WARNING] Module sfp_zoomeye contract issues: Meta validation failed: 1 validation error for ModuleMeta
dataSource.apiKeyInstructions
  Input should be a valid string [type=string_type, input_value=['Visit https://www.zoome...listed under 'API Key'"], input_type=list]
    For further information visit https://errors.pydantic.dev/2.12/v/string_type
23:32:00 [INFO] Contract validation: 133/305 modules have warnings
PASSED                                                                   [ 61%]
test/unit/test_module_registry.py::TestModuleRegistryRealModules::test_real_stats 
-------------------------------- live log call --------------------------------
23:32:00 [INFO] Module discovery complete: 305 loaded, 4 failed (dir=D:\github\spiderfoot\modules)
23:32:00 [WARNING] Module sfp_4chan contract issues: Meta validation failed: 1 validation error for ModuleMeta
dataSource.apiKeyInstructions
  Input should be a valid string [type=string_type, input_value=['No API key required for...blic board monitoring.'], input_type=list]
    For further information visit https://errors.pydantic.dev/2.12/v/string_type
23:32:00 [WARNING] Module sfp_abstractapi contract issues: Meta validation failed: 1 validation error for ModuleMeta
dataSource.apiKeyInstructions
  Input should be a valid string [type=string_type, input_value=['Visit https://app.abstr...specific to this API.'"], input_type=list]
    For further information visit https://errors.pydantic.dev/2.12/v/string_type
23:32:00 [WARNING] Module sfp_abusech contract issues: Meta validation failed: 1 validation error for ModuleMeta
dataSource.apiKeyInstructions
  Input should be a valid string [type=string_type, input_value=['Visit https://bazaar.ab...listed under 'API-Key'"], input_type=list]
    For further information visit https://errors.pydantic.dev/2.12/v/string_type
23:32:00 [WARNING] Module sfp_abuseipdb contract issues: Meta validation failed: 1 validation error for ModuleMeta
dataSource.apiKeyInstructions
  Input should be a valid string [type=string_type, input_value=['Visit https://www.abuse...is listed under 'Keys'"], input_type=list]
    For further information visit https://errors.pydantic.dev/2.12/v/string_type
23:32:00 [WARNING] Module sfp_adsbexchange contract issues: Meta validation failed: 1 validation error for ModuleMeta
dataSource.apiKeyInstructions
  Input should be a valid string [type=string_type, input_value=['Register at https://rap...in the _api_key option'], input_type=list]
    For further information visit https://errors.pydantic.dev/2.12/v/string_type
23:32:00 [WARNING] Module sfp_alienvault contract issues: Meta validation failed: 1 validation error for ModuleMeta
dataSource.apiKeyInstructions
  Input should be a valid string [type=string_type, input_value=['Visit https://otx.alien...listed under 'OTX Key'"], input_type=list]
    For further information visit https://errors.pydantic.dev/2.12/v/string_type
23:32:00 [WARNING] Module sfp_aparat contract issues: Meta validation failed: 1 validation error for ModuleMeta
dataSource.apiKeyInstructions
  Input should be a valid string [type=string_type, input_value=['No API key required for...blic video monitoring.'], input_type=list]
    For further information visit https://errors.pydantic.dev/2.12/v/string_type
23:32:00 [WARNING] Module sfp_apileak contract issues: Meta validation failed: 1 validation error for ModuleMeta
dataSource.apiKeyInstructions
  Input should be a valid string [type=string_type, input_value=['Sign up at https://gith... module configuration.'], input_type=list]
    For further information visit https://errors.pydantic.dev/2.12/v/string_type
23:32:00 [WARNING] Module sfp_apivoid contract issues: Meta validation failed: 1 validation error for ModuleMeta
dataSource.apiKeyInstructions
  Input should be a valid string [type=string_type, input_value=['Visit https://www.apivo...d to find your API key'], input_type=list]
    For further information visit https://errors.pydantic.dev/2.12/v/string_type
23:32:00 [WARNING] Module sfp_aprsfi contract issues: Meta validation failed: 1 validation error for ModuleMeta
dataSource.apiKeyInstructions
  Input should be a valid string [type=string_type, input_value=['Register an account at ...in the _api_key option'], input_type=list]
    For further information visit https://errors.pydantic.dev/2.12/v/string_type
23:32:00 [WARNING] Module sfp_arbitrum contract issues: Meta validation failed: 1 validation error for ModuleMeta
dataSource.apiKeyInstructions
  Input should be a valid string [type=string_type, input_value=['Register at https://arb... module configuration.'], input_type=list]
    For further information visit https://errors.pydantic.dev/2.12/v/string_type
23:32:00 [WARNING] Module sfp_aviationstack contract issues: Meta validation failed: 1 validation error for ModuleMeta
dataSource.apiKeyInstructions
  Input should be a valid string [type=string_type, input_value=['Register at https://avi...in the _api_key option'], input_type=list]
    For further information visit https://errors.pydantic.dev/2.12/v/string_type
23:32:00 [WARNING] Module sfp_bevigil contract issues: Meta validation failed: 1 validation error for ModuleMeta
dataSource.apiKeyInstructions
  Input should be a valid string [type=string_type, input_value=['Visit https://bevigil.c...your account dashboard'], input_type=list]
    For further information visit https://errors.pydantic.dev/2.12/v/string_type
23:32:00 [WARNING] Module sfp_binaryedge contract issues: Meta validation failed: 1 validation error for ModuleMeta
dataSource.apiKeyInstructions
  Input should be a valid string [type=string_type, input_value=['Visit https://www.binar...ted under 'API Access'"], input_type=list]
    For further information visit https://errors.pydantic.dev/2.12/v/string_type
23:32:00 [WARNING] Module sfp_bingsearch contract issues: Meta validation failed: 1 validation error for ModuleMeta
dataSource.apiKeyInstructions
  Input should be a valid string [type=string_type, input_value=['Visit https://azure.mic...y2' (both should work)"], input_type=list]
    For further information visit https://errors.pydantic.dev/2.12/v/string_type
23:32:00 [WARNING] Module sfp_bingsharedip contract issues: Meta validation failed: 1 validation error for ModuleMeta
dataSource.apiKeyInstructions
  Input should be a valid string [type=string_type, input_value=['Visit https://azure.mic...y2' (both should work)"], input_type=list]
    For further information visit https://errors.pydantic.dev/2.12/v/string_type
23:32:00 [WARNING] Module sfp_bitcoinwhoswho contract issues: Meta validation failed: 1 validation error for ModuleMeta
dataSource.apiKeyInstructions
  Input should be a valid string [type=string_type, input_value=['Visit https://bitcoinwh...ceive it to your email"], input_type=list]
    For further information visit https://errors.pydantic.dev/2.12/v/string_type
23:32:00 [WARNING] Module sfp_blockchain_analytics contract issues: Meta validation failed: 1 validation error for ModuleMeta
dataSource.apiKeyInstructions
  Input should be a valid string [type=string_type, input_value=['Sign up for BlockCypher...ys for better coverage'], input_type=list]
    For further information visit https://errors.pydantic.dev/2.12/v/string_type
23:32:00 [WARNING] Module sfp_bluesky contract issues: Meta validation failed: 1 validation error for ModuleMeta
dataSource.apiKeyInstructions
  Input should be a valid string [type=string_type, input_value=['Register at https://bsk... module configuration.'], input_type=list]
    For further information visit https://errors.pydantic.dev/2.12/v/string_type
23:32:00 [WARNING] Module sfp_bnb contract issues: Meta validation failed: 1 validation error for ModuleMeta
dataSource.apiKeyInstructions
  Input should be a valid string [type=string_type, input_value=['Register at https://bsc... module configuration.'], input_type=list]
    For further information visit https://errors.pydantic.dev/2.12/v/string_type
23:32:00 [WARNING] Module sfp_botscout contract issues: Meta validation failed: 1 validation error for ModuleMeta
dataSource.apiKeyInstructions
  Input should be a valid string [type=string_type, input_value=['Visit http://botscout.c...mailed to your account'], input_type=list]
    For further information visit https://errors.pydantic.dev/2.12/v/string_type
23:32:00 [WARNING] Module sfp_bugbounty contract issues: Meta validation failed: 1 validation error for ModuleMeta
dataSource.apiKeyInstructions
  Input should be a valid string [type=string_type, input_value=['For HackerOne: create a...e corresponding option'], input_type=list]
    For further information visit https://errors.pydantic.dev/2.12/v/string_type
23:32:00 [WARNING] Module sfp_builtwith contract issues: Meta validation failed: 1 validation error for ModuleMeta
dataSource.apiKeyInstructions
  Input should be a valid string [type=string_type, input_value=['Visit https://api.built...d under 'Your API Key'"], input_type=list]
    For further information visit https://errors.pydantic.dev/2.12/v/string_type
23:32:00 [WARNING] Module sfp_c99 contract issues: Meta validation failed: 1 validation error for ModuleMeta
dataSource.apiKeyInstructions
  Input should be a valid string [type=string_type, input_value=['Visit https://api.c99.n...your API key by email.'], input_type=list]
    For further information visit https://errors.pydantic.dev/2.12/v/string_type
23:32:00 [WARNING] Module sfp_censys contract issues: Meta validation failed: 1 validation error for ModuleMeta
dataSource.apiKeyInstructions
  Input should be a valid string [type=string_type, input_value=['Visit https://censys.io... 'API ID' and 'Secret'"], input_type=list]
    For further information visit https://errors.pydantic.dev/2.12/v/string_type
23:32:00 [WARNING] Module sfp_certspotter contract issues: Meta validation failed: 1 validation error for ModuleMeta
dataSource.apiKeyInstructions
  Input should be a valid string [type=string_type, input_value=['Visit https://sslmate.c...nder 'API Credentials'"], input_type=list]
    For further information visit https://errors.pydantic.dev/2.12/v/string_type
23:32:00 [WARNING] Module sfp_circllu contract issues: Meta validation failed: 1 validation error for ModuleMeta
dataSource.apiKeyInstructions
  Input should be a valid string [type=string_type, input_value=['Visit https://www.circl...provided once approved'], input_type=list]
    For further information visit https://errors.pydantic.dev/2.12/v/string_type
23:32:00 [WARNING] Module sfp_cisco_umbrella contract issues: Meta validation failed: 1 validation error for ModuleMeta
dataSource.apiKeyInstructions
  Input should be a valid string [type=string_type, input_value=['Visit https://umbrella....Generate a new API key'], input_type=list]
    For further information visit https://errors.pydantic.dev/2.12/v/string_type
23:32:00 [WARNING] Module sfp_citadel contract issues: Meta validation failed: 1 validation error for ModuleMeta
dataSource.apiKeyInstructions
  Input should be a valid string [type=string_type, input_value=['Visit https://leak-look...listed under 'API Key'"], input_type=list]
    For further information visit https://errors.pydantic.dev/2.12/v/string_type
23:32:00 [WARNING] Module sfp_criminalip contract issues: Meta validation failed: 1 validation error for ModuleMeta
dataSource.apiKeyInstructions
  Input should be a valid string [type=string_type, input_value=['Visit https://www.crimi...isted under 'API Key'."], input_type=list]
    For further information visit https://errors.pydantic.dev/2.12/v/string_type
23:32:00 [WARNING] Module sfp_datalastic contract issues: Meta validation failed: 1 validation error for ModuleMeta
dataSource.apiKeyInstructions
  Input should be a valid string [type=string_type, input_value=['Register at https://dat...in the _api_key option'], input_type=list]
    For further information visit https://errors.pydantic.dev/2.12/v/string_type
23:32:00 [WARNING] Module sfp_deepinfo contract issues: Meta validation failed: 1 validation error for ModuleMeta
dataSource.apiKeyInstructions
  Input should be a valid string [type=string_type, input_value=['Visit https://deepinfo....isted under 'API Keys'"], input_type=list]
    For further information visit https://errors.pydantic.dev/2.12/v/string_type
23:32:00 [WARNING] Module sfp_dehashed contract issues: Meta validation failed: 1 validation error for ModuleMeta
dataSource.apiKeyInstructions
  Input should be a valid string [type=string_type, input_value=['Visit https://www.dehas...listed under 'API Key'"], input_type=list]
    For further information visit https://errors.pydantic.dev/2.12/v/string_type
23:32:00 [WARNING] Module sfp_dideo contract issues: Meta validation failed: 1 validation error for ModuleMeta
dataSource.apiKeyInstructions
  Input should be a valid string [type=string_type, input_value=['No API key required for...blic video monitoring.'], input_type=list]
    For further information visit https://errors.pydantic.dev/2.12/v/string_type
23:32:00 [WARNING] Module sfp_discord contract issues: Meta validation failed: 1 validation error for ModuleMeta
dataSource.apiKeyInstructions
  Input should be a valid string [type=string_type, input_value=['Go to https://discord.c... module configuration.'], input_type=list]
    For further information visit https://errors.pydantic.dev/2.12/v/string_type
23:32:00 [WARNING] Module sfp_douyin contract issues: Meta validation failed: 1 validation error for ModuleMeta
dataSource.apiKeyInstructions
  Input should be a valid string [type=string_type, input_value=['No API key required for...blic video monitoring.'], input_type=list]
    For further information visit https://errors.pydantic.dev/2.12/v/string_type
23:32:00 [WARNING] Module sfp_emailcrawlr contract issues: Meta validation failed: 1 validation error for ModuleMeta
dataSource.apiKeyInstructions
  Input should be a valid string [type=string_type, input_value=['Visit https://emailcraw...listed under 'API Key'"], input_type=list]
    For further information visit https://errors.pydantic.dev/2.12/v/string_type
23:32:00 [WARNING] Module sfp_emailrep contract issues: Meta validation failed: 1 validation error for ModuleMeta
dataSource.apiKeyInstructions
  Input should be a valid string [type=string_type, input_value=['Visit https://emailrep....il account on approval'], input_type=list]
    For further information visit https://errors.pydantic.dev/2.12/v/string_type
23:32:00 [WARNING] Module sfp_ethereum contract issues: Meta validation failed: 1 validation error for ModuleMeta
dataSource.apiKeyInstructions
  Input should be a valid string [type=string_type, input_value=['Register at https://eth... module configuration.'], input_type=list]
    For further information visit https://errors.pydantic.dev/2.12/v/string_type
23:32:00 [WARNING] Module sfp_etherscan contract issues: Meta validation failed: 1 validation error for ModuleMeta
dataSource.apiKeyInstructions
  Input should be a valid string [type=string_type, input_value=['Visit https://etherscan...ed under API Key Token'], input_type=list]
    For further information visit https://errors.pydantic.dev/2.12/v/string_type
23:32:00 [WARNING] Module sfp_example contract issues: Missing required attribute: opts; Missing required attribute: optdescs
23:32:00 [WARNING] Module sfp_flickr contract issues: Meta validation failed: 1 validation error for ModuleMeta
dataSource.apiKeyInstructions
  Input should be a valid string [type=string_type, input_value=['Visit https://www.flick... the confirmation page'], input_type=list]
    For further information visit https://errors.pydantic.dev/2.12/v/string_type
23:32:00 [WARNING] Module sfp_focsec contract issues: Meta validation failed: 1 validation error for ModuleMeta
dataSource.apiKeyInstructions
  Input should be a valid string [type=string_type, input_value=['Visit https://focsec.co...e the API key provided'], input_type=list]
    For further information visit https://errors.pydantic.dev/2.12/v/string_type
23:32:00 [WARNING] Module sfp_fofa contract issues: Meta validation failed: 1 validation error for ModuleMeta
dataSource.apiKeyInstructions
  Input should be a valid string [type=string_type, input_value=['Visit https://fofa.info...isted under 'API Key'."], input_type=list]
    For further information visit https://errors.pydantic.dev/2.12/v/string_type
23:32:00 [WARNING] Module sfp_fraudguard contract issues: Meta validation failed: 1 validation error for ModuleMeta
dataSource.apiKeyInstructions
  Input should be a valid string [type=string_type, input_value=['Visit https://app.fraud... Username and Password'], input_type=list]
    For further information visit https://errors.pydantic.dev/2.12/v/string_type
23:32:00 [WARNING] Module sfp_fullcontact contract issues: Meta validation failed: 1 validation error for ModuleMeta
dataSource.apiKeyInstructions
  Input should be a valid string [type=string_type, input_value=['Visit https://fullconta... under 'Your API Keys'"], input_type=list]
    For further information visit https://errors.pydantic.dev/2.12/v/string_type
23:32:00 [WARNING] Module sfp_fullhunt contract issues: Meta validation failed: 1 validation error for ModuleMeta
dataSource.apiKeyInstructions
  Input should be a valid string [type=string_type, input_value=['Visit https://fullhunt....ted under 'API Access'"], input_type=list]
    For further information visit https://errors.pydantic.dev/2.12/v/string_type
23:32:00 [WARNING] Module sfp_googlemaps contract issues: Meta validation failed: 1 validation error for ModuleMeta
dataSource.apiKeyInstructions
  Input should be a valid string [type=string_type, input_value=['Visit https://cloud.goo...isted under 'API Keys'"], input_type=list]
    For further information visit https://errors.pydantic.dev/2.12/v/string_type
23:32:00 [WARNING] Module sfp_googlesafebrowsing contract issues: Meta validation failed: 1 validation error for ModuleMeta
dataSource.apiKeyInstructions
  Input should be a valid string [type=string_type, input_value=['Visit https://console.d...your newly created key'], input_type=list]
    For further information visit https://errors.pydantic.dev/2.12/v/string_type
23:32:00 [WARNING] Module sfp_googlesearch contract issues: Meta validation failed: 1 validation error for ModuleMeta
dataSource.apiKeyInstructions
  Input should be a valid string [type=string_type, input_value=['Visit https://developer...d under 'YOUR API KEY'"], input_type=list]
    For further information visit https://errors.pydantic.dev/2.12/v/string_type
23:32:00 [WARNING] Module sfp_grayhatwarfare contract issues: Meta validation failed: 1 validation error for ModuleMeta
dataSource.apiKeyInstructions
  Input should be a valid string [type=string_type, input_value=['Visit https://grayhatwa...listed under 'Api Key'"], input_type=list]
    For further information visit https://errors.pydantic.dev/2.12/v/string_type
23:32:00 [WARNING] Module sfp_greynoise contract issues: Meta validation failed: 1 validation error for ModuleMeta
dataSource.apiKeyInstructions
  Input should be a valid string [type=string_type, input_value=['Visit https://viz.greyn...listed under 'API Key'"], input_type=list]
    For further information visit https://errors.pydantic.dev/2.12/v/string_type
23:32:00 [WARNING] Module sfp_greynoise_community contract issues: Meta validation failed: 1 validation error for ModuleMeta
dataSource.apiKeyInstructions
  Input should be a valid string [type=string_type, input_value=['Visit https://viz.greyn...listed under 'API Key'"], input_type=list]
    For further information visit https://errors.pydantic.dev/2.12/v/string_type
23:32:00 [WARNING] Module sfp_haveibeenpwned contract issues: Meta validation failed: 1 validation error for ModuleMeta
dataSource.apiKeyInstructions
  Input should be a valid string [type=string_type, input_value=['Visit https://haveibeen...ibeenpwned.com/API/Key'], input_type=list]
    For further information visit https://errors.pydantic.dev/2.12/v/string_type
23:32:00 [WARNING] Module sfp_honeypot contract issues: Meta validation failed: 1 validation error for ModuleMeta
dataSource.apiKeyInstructions
  Input should be a valid string [type=string_type, input_value=['Visit https://www.proje...ur http:BL Access Key'"], input_type=list]
    For further information visit https://errors.pydantic.dev/2.12/v/string_type
23:32:00 [WARNING] Module sfp_hostio contract issues: Meta validation failed: 1 validation error for ModuleMeta
dataSource.apiKeyInstructions
  Input should be a valid string [type=string_type, input_value=['Visit https://host.io/s...ication token provided'], input_type=list]
    For further information visit https://errors.pydantic.dev/2.12/v/string_type
23:32:00 [WARNING] Module sfp_hunter contract issues: Meta validation failed: 1 validation error for ModuleMeta
dataSource.apiKeyInstructions
  Input should be a valid string [type=string_type, input_value=['Visit https://hunter.io...d under 'Your API Key'"], input_type=list]
    For further information visit https://errors.pydantic.dev/2.12/v/string_type
23:32:00 [WARNING] Module sfp_hunterhow contract issues: Meta validation failed: 1 validation error for ModuleMeta
dataSource.apiKeyInstructions
  Input should be a valid string [type=string_type, input_value=['Visit https://hunter.ho...isted on the dashboard'], input_type=list]
    For further information visit https://errors.pydantic.dev/2.12/v/string_type
23:32:00 [WARNING] Module sfp_hybrid_analysis contract issues: Meta validation failed: 1 validation error for ModuleMeta
dataSource.apiKeyInstructions
  Input should be a valid string [type=string_type, input_value=['Visit https://www.hybri...listed under 'API Key'"], input_type=list]
    For further information visit https://errors.pydantic.dev/2.12/v/string_type
23:32:00 [WARNING] Module sfp_iknowwhatyoudownload contract issues: Meta validation failed: 1 validation error for ModuleMeta
dataSource.apiKeyInstructions
  Input should be a valid string [type=string_type, input_value=['Visit https://iknowwhat... be sent to your email'], input_type=list]
    For further information visit https://errors.pydantic.dev/2.12/v/string_type
23:32:00 [WARNING] Module sfp_instagram contract issues: Meta validation failed: 1 validation error for ModuleMeta
dataSource.apiKeyInstructions
  Input should be a valid string [type=string_type, input_value=['Register an application... module configuration.'], input_type=list]
    For further information visit https://errors.pydantic.dev/2.12/v/string_type
23:32:00 [WARNING] Module sfp_intelx contract issues: Meta validation failed: 1 validation error for ModuleMeta
dataSource.apiKeyInstructions
  Input should be a valid string [type=string_type, input_value=['Visit https://intelx.io...der 'Your API details'"], input_type=list]
    For further information visit https://errors.pydantic.dev/2.12/v/string_type
23:32:00 [WARNING] Module sfp_ipapicom contract issues: Meta validation failed: 1 validation error for ModuleMeta
dataSource.apiKeyInstructions
  Input should be a valid string [type=string_type, input_value=['Visit https://ipapi.com...er Your API Access Key'], input_type=list]
    For further information visit https://errors.pydantic.dev/2.12/v/string_type
23:32:00 [WARNING] Module sfp_ipinfo contract issues: Meta validation failed: 1 validation error for ModuleMeta
dataSource.apiKeyInstructions
  Input should be a valid string [type=string_type, input_value=['Visit https://ipinfo.io...'is your access token'"], input_type=list]
    For further information visit https://errors.pydantic.dev/2.12/v/string_type
23:32:00 [WARNING] Module sfp_ipinfo_modern contract issues: Meta validation failed: 1 validation error for ModuleMeta
dataSource.apiKeyInstructions
  Input should be a valid string [type=string_type, input_value=['Visit https://ipinfo.io...'is your access token'"], input_type=list]
    For further information visit https://errors.pydantic.dev/2.12/v/string_type
23:32:00 [WARNING] Module sfp_ipqualityscore contract issues: Meta validation failed: 1 validation error for ModuleMeta
dataSource.apiKeyInstructions
  Input should be a valid string [type=string_type, input_value=['Visit https://www.ipqua...listed under 'API Key'"], input_type=list]
    For further information visit https://errors.pydantic.dev/2.12/v/string_type
23:32:00 [WARNING] Module sfp_ipregistry contract issues: Meta validation failed: 1 validation error for ModuleMeta
dataSource.apiKeyInstructions
  Input should be a valid string [type=string_type, input_value=['Visit https://dashboard...r existing Default key"], input_type=list]
    For further information visit https://errors.pydantic.dev/2.12/v/string_type
23:32:00 [WARNING] Module sfp_ipstack contract issues: Meta validation failed: 1 validation error for ModuleMeta
dataSource.apiKeyInstructions
  Input should be a valid string [type=string_type, input_value=['Visit https://ipstack.c... 'Your API Access Key'"], input_type=list]
    For further information visit https://errors.pydantic.dev/2.12/v/string_type
23:32:00 [WARNING] Module sfp_jsonwhoiscom contract issues: Meta validation failed: 1 validation error for ModuleMeta
dataSource.apiKeyInstructions
  Input should be a valid string [type=string_type, input_value=['Visit https://jsonwhois...listed under 'Api Key'"], input_type=list]
    For further information visit https://errors.pydantic.dev/2.12/v/string_type
23:32:00 [WARNING] Module sfp_koodous contract issues: Meta validation failed: 1 validation error for ModuleMeta
dataSource.apiKeyInstructions
  Input should be a valid string [type=string_type, input_value=['Visit https://koodous.c...ication token provided'], input_type=list]
    For further information visit https://errors.pydantic.dev/2.12/v/string_type
23:32:00 [WARNING] Module sfp_leakcheck contract issues: Meta validation failed: 1 validation error for ModuleMeta
dataSource.apiKeyInstructions
  Input should be a valid string [type=string_type, input_value=['Visit https://leakcheck...ate your API key there'], input_type=list]
    For further information visit https://errors.pydantic.dev/2.12/v/string_type
23:32:00 [WARNING] Module sfp_leakix contract issues: Meta validation failed: 1 validation error for ModuleMeta
dataSource.apiKeyInstructions
  Input should be a valid string [type=string_type, input_value=['Visit https://leakix.ne... to generate a new key"], input_type=list]
    For further information visit https://errors.pydantic.dev/2.12/v/string_type
23:32:00 [WARNING] Module sfp_luminar contract issues: Meta validation failed: 1 validation error for ModuleMeta
dataSource.apiKeyInstructions
  Input should be a valid string [type=string_type, input_value=['Visit https://www.lumin..., 'Generate an API key'], input_type=list]
    For further information visit https://errors.pydantic.dev/2.12/v/string_type
23:32:00 [WARNING] Module sfp_malwarepatrol contract issues: Meta validation failed: 1 validation error for ModuleMeta
dataSource.apiKeyInstructions
  Input should be a valid string [type=string_type, input_value=['Visit https://www.malwa...e mailed to your email'], input_type=list]
    For further information visit https://errors.pydantic.dev/2.12/v/string_type
23:32:00 [WARNING] Module sfp_mandiant_ti contract issues: Meta validation failed: 1 validation error for ModuleMeta
dataSource.apiKeyInstructions
  Input should be a valid string [type=string_type, input_value=['Visit https://www.mandi..., 'Generate an API key'], input_type=list]
    For further information visit https://errors.pydantic.dev/2.12/v/string_type
23:32:00 [WARNING] Module sfp_mastodon contract issues: Meta validation failed: 1 validation error for ModuleMeta
dataSource.apiKeyInstructions
  Input should be a valid string [type=string_type, input_value=['Register at your Mastod... module configuration.'], input_type=list]
    For further information visit https://errors.pydantic.dev/2.12/v/string_type
23:32:00 [WARNING] Module sfp_matrix contract issues: Meta validation failed: 1 validation error for ModuleMeta
dataSource.apiKeyInstructions
  Input should be a valid string [type=string_type, input_value=['Register at https://mat... module configuration.'], input_type=list]
    For further information visit https://errors.pydantic.dev/2.12/v/string_type
23:32:00 [WARNING] Module sfp_mattermost contract issues: Meta validation failed: 1 validation error for ModuleMeta
dataSource.apiKeyInstructions
  Input should be a valid string [type=string_type, input_value=['Register at your Matter... module configuration.'], input_type=list]
    For further information visit https://errors.pydantic.dev/2.12/v/string_type
23:32:00 [WARNING] Module sfp_metadefender contract issues: Meta validation failed: 1 validation error for ModuleMeta
dataSource.apiKeyInstructions
  Input should be a valid string [type=string_type, input_value=['Visit https://metadefen...listed under 'API key'"], input_type=list]
    For further information visit https://errors.pydantic.dev/2.12/v/string_type
23:32:00 [WARNING] Module sfp_nameapi contract issues: Meta validation failed: 1 validation error for ModuleMeta
dataSource.apiKeyInstructions
  Input should be a valid string [type=string_type, input_value=['Visit https://nameapi.o... be sent to your email'], input_type=list]
    For further information visit https://errors.pydantic.dev/2.12/v/string_type
23:32:00 [WARNING] Module sfp_netlas contract issues: Meta validation failed: 1 validation error for ModuleMeta
dataSource.apiKeyInstructions
  Input should be a valid string [type=string_type, input_value=['Visit https://netlas.io...isted under 'API Key'."], input_type=list]
    For further information visit https://errors.pydantic.dev/2.12/v/string_type
23:32:00 [WARNING] Module sfp_networksdb contract issues: Meta validation failed: 1 validation error for ModuleMeta
dataSource.apiKeyInstructions
  Input should be a valid string [type=string_type, input_value=['Visit https://networksd...r 'API Key: Free plan'"], input_type=list]
    For further information visit https://errors.pydantic.dev/2.12/v/string_type
23:32:00 [WARNING] Module sfp_neutrinoapi contract issues: Meta validation failed: 1 validation error for ModuleMeta
dataSource.apiKeyInstructions
  Input should be a valid string [type=string_type, input_value=['Visit https://www.neutr...ted under 'Master Key'"], input_type=list]
    For further information visit https://errors.pydantic.dev/2.12/v/string_type
23:32:00 [WARNING] Module sfp_numverify contract issues: Meta validation failed: 1 validation error for ModuleMeta
dataSource.apiKeyInstructions
  Input should be a valid string [type=string_type, input_value=['Visit https://numverify... 'Your API Access Key'"], input_type=list]
    For further information visit https://errors.pydantic.dev/2.12/v/string_type
23:32:00 [WARNING] Module sfp_onioncity contract issues: Meta validation failed: 1 validation error for ModuleMeta
dataSource.apiKeyInstructions
  Input should be a valid string [type=string_type, input_value=['Visit https://developer...d under 'YOUR API KEY'"], input_type=list]
    For further information visit https://errors.pydantic.dev/2.12/v/string_type
23:32:00 [WARNING] Module sfp_onyphe contract issues: Meta validation failed: 1 validation error for ModuleMeta
dataSource.apiKeyInstructions
  Input should be a valid string [type=string_type, input_value=['Visit https://www.onyph...listed under 'API Key'"], input_type=list]
    For further information visit https://errors.pydantic.dev/2.12/v/string_type
23:32:00 [WARNING] Module sfp_opencorporates contract issues: Meta validation failed: 1 validation error for ModuleMeta
dataSource.apiKeyInstructions
  Input should be a valid string [type=string_type, input_value=['Visit https://opencorpo...ed under 'API Account'"], input_type=list]
    For further information visit https://errors.pydantic.dev/2.12/v/string_type
23:32:00 [WARNING] Module sfp_openwifimap contract issues: Meta validation failed: 1 validation error for ModuleMeta
dataSource.apiKeyInstructions
  Input should be a valid string [type=string_type, input_value=[], input_type=list]
    For further information visit https://errors.pydantic.dev/2.12/v/string_type
23:32:00 [WARNING] Module sfp_pastebin contract issues: Meta validation failed: 1 validation error for ModuleMeta
dataSource.apiKeyInstructions
  Input should be a valid string [type=string_type, input_value=['Visit https://developer...d under 'YOUR API KEY'"], input_type=list]
    For further information visit https://errors.pydantic.dev/2.12/v/string_type
23:32:00 [WARNING] Module sfp_projectdiscovery contract issues: Meta validation failed: 1 validation error for ModuleMeta
dataSource.apiKeyInstructions
  Input should be a valid string [type=string_type, input_value=['Visit https://chaos.pro...your API key by email.'], input_type=list]
    For further information visit https://errors.pydantic.dev/2.12/v/string_type
23:32:00 [WARNING] Module sfp_publicwww contract issues: Meta validation failed: 1 validation error for ModuleMeta
dataSource.apiKeyInstructions
  Input should be a valid string [type=string_type, input_value=['Visit https://publicwww...be listed on that page'], input_type=list]
    For further information visit https://errors.pydantic.dev/2.12/v/string_type
23:32:00 [WARNING] Module sfp_pulsedive contract issues: Meta validation failed: 1 validation error for ModuleMeta
dataSource.apiKeyInstructions
  Input should be a valid string [type=string_type, input_value=['Visit https://pulsedive...d under 'Your API Key'"], input_type=list]
    For further information visit https://errors.pydantic.dev/2.12/v/string_type
23:32:00 [WARNING] Module sfp_recordedfuture contract issues: Meta validation failed: 1 validation error for ModuleMeta
dataSource.apiKeyInstructions
  Input should be a valid string [type=string_type, input_value=['Visit https://www.recor..., 'Generate an API key'], input_type=list]
    For further information visit https://errors.pydantic.dev/2.12/v/string_type
23:32:00 [WARNING] Module sfp_reddit contract issues: Meta validation failed: 1 validation error for ModuleMeta
dataSource.apiKeyInstructions
  Input should be a valid string [type=string_type, input_value=['Go to https://www.reddi... module configuration.'], input_type=list]
    For further information visit https://errors.pydantic.dev/2.12/v/string_type
23:32:00 [WARNING] Module sfp_rocketchat contract issues: Meta validation failed: 1 validation error for ModuleMeta
dataSource.apiKeyInstructions
  Input should be a valid string [type=string_type, input_value=['Register at your Rocket... module configuration.'], input_type=list]
    For further information visit https://errors.pydantic.dev/2.12/v/string_type
23:32:00 [WARNING] Module sfp_rocketreach contract issues: Meta validation failed: 1 validation error for ModuleMeta
dataSource.apiKeyInstructions
  Input should be a valid string [type=string_type, input_value=['Visit https://rocketrea...listed under 'API Key'"], input_type=list]
    For further information visit https://errors.pydantic.dev/2.12/v/string_type
23:32:00 [WARNING] Module sfp_rubika contract issues: Meta validation failed: 1 validation error for ModuleMeta
dataSource.apiKeyInstructions
  Input should be a valid string [type=string_type, input_value=['No API key required for...ic channel monitoring.'], input_type=list]
    For further information visit https://errors.pydantic.dev/2.12/v/string_type
23:32:00 [WARNING] Module sfp_securitytrails contract issues: Meta validation failed: 1 validation error for ModuleMeta
dataSource.apiKeyInstructions
  Input should be a valid string [type=string_type, input_value=['Visit https://securityt...listed under 'API Key'"], input_type=list]
    For further information visit https://errors.pydantic.dev/2.12/v/string_type
23:32:00 [WARNING] Module sfp_seon contract issues: Meta validation failed: 1 validation error for ModuleMeta
dataSource.apiKeyInstructions
  Input should be a valid string [type=string_type, input_value=['Visit https://seon.io/'...ed under 'License key'"], input_type=list]
    For further information visit https://errors.pydantic.dev/2.12/v/string_type
23:32:00 [WARNING] Module sfp_shodan contract issues: Meta validation failed: 1 validation error for ModuleMeta
dataSource.apiKeyInstructions
  Input should be a valid string [type=string_type, input_value=['Visit https://shodan.io...listed under 'API Key'"], input_type=list]
    For further information visit https://errors.pydantic.dev/2.12/v/string_type
23:32:00 [WARNING] Module sfp_snov contract issues: Meta validation failed: 1 validation error for ModuleMeta
dataSource.apiKeyInstructions
  Input should be a valid string [type=string_type, input_value=['Visit https://snov.io',...r ID' and 'API Secret'"], input_type=list]
    For further information visit https://errors.pydantic.dev/2.12/v/string_type
23:32:00 [WARNING] Module sfp_sociallinks contract issues: Meta validation failed: 1 validation error for ModuleMeta
dataSource.apiKeyInstructions
  Input should be a valid string [type=string_type, input_value=['Visit https://sociallin..., 'Register an account'], input_type=list]
    For further information visit https://errors.pydantic.dev/2.12/v/string_type
23:32:00 [WARNING] Module sfp_socialprofiles contract issues: Meta validation failed: 1 validation error for ModuleMeta
dataSource.apiKeyInstructions
  Input should be a valid string [type=string_type, input_value=['If using Google:', 'Vis...y2' (both should work)"], input_type=list]
    For further information visit https://errors.pydantic.dev/2.12/v/string_type
23:32:00 [WARNING] Module sfp_soroush contract issues: Meta validation failed: 1 validation error for ModuleMeta
dataSource.apiKeyInstructions
  Input should be a valid string [type=string_type, input_value=['No API key required for...ic channel monitoring.'], input_type=list]
    For further information visit https://errors.pydantic.dev/2.12/v/string_type
23:32:00 [WARNING] Module sfp_spur contract issues: Meta validation failed: 1 validation error for ModuleMeta
dataSource.apiKeyInstructions
  Input should be a valid string [type=string_type, input_value=['Visit https://spur.us',...s listed under 'Token'"], input_type=list]
    For further information visit https://errors.pydantic.dev/2.12/v/string_type
23:32:00 [WARNING] Module sfp_stackoverflow contract issues: Meta validation failed: 1 validation error for ModuleMeta
dataSource.apiKeyInstructions
  Input should be a valid string [type=string_type, input_value=['Visit https://stackapps...creased request quota."], input_type=list]
    For further information visit https://errors.pydantic.dev/2.12/v/string_type
23:32:00 [WARNING] Module sfp_subdomainradar contract issues: Meta validation failed: 1 validation error for ModuleMeta
dataSource.apiKeyInstructions
  Input should be a valid string [type=string_type, input_value=['Visit https://subdomain...er provides 100 points'], input_type=list]
    For further information visit https://errors.pydantic.dev/2.12/v/string_type
23:32:00 [WARNING] Module sfp_textmagic contract issues: Meta validation failed: 1 validation error for ModuleMeta
dataSource.apiKeyInstructions
  Input should be a valid string [type=string_type, input_value=['Visit https://textmagic...e 'The new API Key is'"], input_type=list]
    For further information visit https://errors.pydantic.dev/2.12/v/string_type
23:32:00 [WARNING] Module sfp_tiktok_osint contract issues: Meta validation failed: 1 validation error for ModuleMeta
dataSource.apiKeyInstructions
  Input should be a valid string [type=string_type, input_value=['Visit https://developer... Key and Client Secret'], input_type=list]
    For further information visit https://errors.pydantic.dev/2.12/v/string_type
23:32:00 [WARNING] Module sfp_tool_phoneinfoga contract issues: Meta validation failed: 1 validation error for ModuleMeta
dataSource.apiKeyInstructions
  Input should be a valid string [type=string_type, input_value=['See https://github.com/...in the module options.'], input_type=list]
    For further information visit https://errors.pydantic.dev/2.12/v/string_type
23:32:00 [WARNING] Module sfp_tool_wappalyzer contract issues: Meta validation failed: 1 validation error for ModuleMeta
dataSource.apiKeyInstructions
  Input should be a valid string [type=string_type, input_value=['Sign up at https://www....in the module options.'], input_type=list]
    For further information visit https://errors.pydantic.dev/2.12/v/string_type
23:32:00 [WARNING] Module sfp_tron contract issues: Meta validation failed: 1 validation error for ModuleMeta
dataSource.apiKeyInstructions
  Input should be a valid string [type=string_type, input_value=['Register at https://www... module configuration.'], input_type=list]
    For further information visit https://errors.pydantic.dev/2.12/v/string_type
23:32:00 [WARNING] Module sfp_twilio contract issues: Meta validation failed: 1 validation error for ModuleMeta
dataSource.apiKeyInstructions
  Input should be a valid string [type=string_type, input_value=['Visit https://www.twili... SID' and 'Auth Token'"], input_type=list]
    For further information visit https://errors.pydantic.dev/2.12/v/string_type
23:32:00 [WARNING] Module sfp_unwiredlabs contract issues: Meta validation failed: 1 validation error for ModuleMeta
dataSource.apiKeyInstructions
  Input should be a valid string [type=string_type, input_value=['Register at https://unw... module configuration.'], input_type=list]
    For further information visit https://errors.pydantic.dev/2.12/v/string_type
23:32:00 [WARNING] Module sfp_validin contract issues: Meta validation failed: 1 validation error for ModuleMeta
dataSource.apiKeyInstructions
  Input should be a valid string [type=string_type, input_value=['Visit https://app.valid... listed under API Keys'], input_type=list]
    For further information visit https://errors.pydantic.dev/2.12/v/string_type
23:32:00 [WARNING] Module sfp_viewdns contract issues: Meta validation failed: 1 validation error for ModuleMeta
dataSource.apiKeyInstructions
  Input should be a valid string [type=string_type, input_value=['Visit https://viewdns.i...listed under 'API Key'"], input_type=list]
    For further information visit https://errors.pydantic.dev/2.12/v/string_type
23:32:00 [WARNING] Module sfp_virustotal contract issues: Meta validation failed: 1 validation error for ModuleMeta
dataSource.apiKeyInstructions
  Input should be a valid string [type=string_type, input_value=['Visit https://www.virus...listed under 'API Key'"], input_type=list]
    For further information visit https://errors.pydantic.dev/2.12/v/string_type
23:32:00 [WARNING] Module sfp_wechat contract issues: Meta validation failed: 1 validation error for ModuleMeta
dataSource.apiKeyInstructions
  Input should be a valid string [type=string_type, input_value=['Register for WeChat API... module configuration.'], input_type=list]
    For further information visit https://errors.pydantic.dev/2.12/v/string_type
23:32:00 [WARNING] Module sfp_whatcms contract issues: Meta validation failed: 1 validation error for ModuleMeta
dataSource.apiKeyInstructions
  Input should be a valid string [type=string_type, input_value=['Visit https://whatcms.o...d under 'Your API Key'"], input_type=list]
    For further information visit https://errors.pydantic.dev/2.12/v/string_type
23:32:00 [WARNING] Module sfp_whatsapp contract issues: Meta validation failed: 1 validation error for ModuleMeta
dataSource.apiKeyInstructions
  Input should be a valid string [type=string_type, input_value=['Apply for WhatsApp Busi... module configuration.'], input_type=list]
    For further information visit https://errors.pydantic.dev/2.12/v/string_type
23:32:00 [WARNING] Module sfp_whoisfreaks contract issues: Meta validation failed: 1 validation error for ModuleMeta
dataSource.apiKeyInstructions
  Input should be a valid string [type=string_type, input_value=['Visit https://whoisfrea...pricing/api-plans.html'], input_type=list]
    For further information visit https://errors.pydantic.dev/2.12/v/string_type
23:32:00 [WARNING] Module sfp_whoisology contract issues: Meta validation failed: 1 validation error for ModuleMeta
dataSource.apiKeyInstructions
  Input should be a valid string [type=string_type, input_value=['Visit https://whoisolog...nd receive the API Key'], input_type=list]
    For further information visit https://errors.pydantic.dev/2.12/v/string_type
23:32:00 [WARNING] Module sfp_whoisxmlapi contract issues: Meta validation failed: 1 validation error for ModuleMeta
dataSource.apiKeyInstructions
  Input should be a valid string [type=string_type, input_value=['Visit https://www.whois...d on the products page'], input_type=list]
    For further information visit https://errors.pydantic.dev/2.12/v/string_type
23:32:00 [WARNING] Module sfp_whoxy contract issues: Meta validation failed: 1 validation error for ModuleMeta
dataSource.apiKeyInstructions
  Input should be a valid string [type=string_type, input_value=['Visit https://www.whoxy...presented upon payment'], input_type=list]
    For further information visit https://errors.pydantic.dev/2.12/v/string_type
23:32:00 [WARNING] Module sfp_wificafespots contract issues: Meta validation failed: 1 validation error for ModuleMeta
dataSource.apiKeyInstructions
  Input should be a valid string [type=string_type, input_value=[], input_type=list]
    For further information visit https://errors.pydantic.dev/2.12/v/string_type
23:32:00 [WARNING] Module sfp_wifimapio contract issues: Meta validation failed: 1 validation error for ModuleMeta
dataSource.apiKeyInstructions
  Input should be a valid string [type=string_type, input_value=[], input_type=list]
    For further information visit https://errors.pydantic.dev/2.12/v/string_type
23:32:00 [WARNING] Module sfp_wigle contract issues: Meta validation failed: 1 validation error for ModuleMeta
dataSource.apiKeyInstructions
  Input should be a valid string [type=string_type, input_value=['Visit https://wigle.net...t to 'Encoded for use'"], input_type=list]
    For further information visit https://errors.pydantic.dev/2.12/v/string_type
23:32:00 [WARNING] Module sfp_wpscan contract issues: Meta validation failed: 1 validation error for ModuleMeta
dataSource.apiKeyInstructions
  Input should be a valid string [type=string_type, input_value=['Visit https://wpscan.co...ted daily API requests'], input_type=list]
    For further information visit https://errors.pydantic.dev/2.12/v/string_type
23:32:00 [WARNING] Module sfp_xforce contract issues: Meta validation failed: 1 validation error for ModuleMeta
dataSource.apiKeyInstructions
  Input should be a valid string [type=string_type, input_value=['Visit https://exchange....ey' and 'API Password'"], input_type=list]
    For further information visit https://errors.pydantic.dev/2.12/v/string_type
23:32:00 [WARNING] Module sfp_xiaohongshu contract issues: Meta validation failed: 1 validation error for ModuleMeta
dataSource.apiKeyInstructions
  Input should be a valid string [type=string_type, input_value=['No API key required for...ublic post monitoring.'], input_type=list]
    For further information visit https://errors.pydantic.dev/2.12/v/string_type
23:32:00 [WARNING] Module sfp_zetalytics contract issues: Meta validation failed: 1 validation error for ModuleMeta
dataSource.apiKeyInstructions
  Input should be a valid string [type=string_type, input_value=['Visit https://mailchi.m...and request an API key'], input_type=list]
    For further information visit https://errors.pydantic.dev/2.12/v/string_type
23:32:00 [WARNING] Module sfp_zonefiles contract issues: Meta validation failed: 1 validation error for ModuleMeta
dataSource.apiKeyInstructions
  Input should be a valid string [type=string_type, input_value=['Visit https://zonefiles...xt to 'Your API token'"], input_type=list]
    For further information visit https://errors.pydantic.dev/2.12/v/string_type
23:32:00 [WARNING] Module sfp_zoomeye contract issues: Meta validation failed: 1 validation error for ModuleMeta
dataSource.apiKeyInstructions
  Input should be a valid string [type=string_type, input_value=['Visit https://www.zoome...listed under 'API Key'"], input_type=list]
    For further information visit https://errors.pydantic.dev/2.12/v/string_type
23:32:00 [INFO] Contract validation: 133/305 modules have warnings
PASSED                                                                   [ 61%]
test/unit/test_module_registry.py::TestDiscoveryResult::test_repr PASSED [ 61%]
test/unit/test_module_resolver.py::TestModuleDescriptor::test_produced_set PASSED [ 61%]
test/unit/test_module_resolver.py::TestModuleDescriptor::test_to_dict PASSED [ 61%]
test/unit/test_module_resolver.py::TestModuleDescriptor::test_watched_set PASSED [ 61%]
test/unit/test_module_resolver.py::TestModuleResolver::test_all_event_types PASSED [ 61%]
test/unit/test_module_resolver.py::TestModuleResolver::test_check_satisfaction PASSED [ 61%]
test/unit/test_module_resolver.py::TestModuleResolver::test_check_satisfaction_satisfied PASSED [ 61%]
test/unit/test_module_resolver.py::TestModuleResolver::test_consumers_of PASSED [ 61%]
test/unit/test_module_resolver.py::TestModuleResolver::test_get_module PASSED [ 61%]
test/unit/test_module_resolver.py::TestModuleResolver::test_load_order_deterministic PASSED [ 61%]
test/unit/test_module_resolver.py::TestModuleResolver::test_producers_of PASSED [ 61%]
test/unit/test_module_resolver.py::TestModuleResolver::test_register_and_list PASSED [ 61%]
test/unit/test_module_resolver.py::TestModuleResolver::test_register_many PASSED [ 61%]
test/unit/test_module_resolver.py::TestModuleResolver::test_resolve_circular PASSED [ 61%]
test/unit/test_module_resolver.py::TestModuleResolver::test_resolve_exclude PASSED [ 61%]
test/unit/test_module_resolver.py::TestModuleResolver::test_resolve_for_modules PASSED [ 61%]
test/unit/test_module_resolver.py::TestModuleResolver::test_resolve_missing_deps PASSED [ 61%]
test/unit/test_module_resolver.py::TestModuleResolver::test_resolve_missing_target PASSED [ 61%]
test/unit/test_module_resolver.py::TestModuleResolver::test_resolve_required_modules PASSED [ 61%]
test/unit/test_module_resolver.py::TestModuleResolver::test_resolve_target_events PASSED [ 61%]
test/unit/test_module_resolver.py::TestModuleResolver::test_stats PASSED [ 61%]
test/unit/test_module_resolver.py::TestModuleResolver::test_to_dict PASSED [ 61%]
test/unit/test_module_resolver.py::TestModuleResolver::test_unregister PASSED [ 61%]
test/unit/test_module_sandbox.py::TestResourceLimits::test_defaults PASSED [ 61%]
test/unit/test_module_sandbox.py::TestResourceLimits::test_custom PASSED [ 61%]
test/unit/test_module_sandbox.py::TestSandboxResult::test_success PASSED [ 61%]
test/unit/test_module_sandbox.py::TestSandboxResult::test_failure PASSED [ 61%]
test/unit/test_module_sandbox.py::TestSandboxResult::test_timeout PASSED [ 61%]
test/unit/test_module_sandbox.py::TestResourceTracker::test_event_limit PASSED [ 61%]
test/unit/test_module_sandbox.py::TestResourceTracker::test_error_limit PASSED [ 61%]
test/unit/test_module_sandbox.py::TestResourceTracker::test_http_limit PASSED [ 61%]
test/unit/test_module_sandbox.py::TestResourceTracker::test_timeout_check PASSED [ 61%]
test/unit/test_module_sandbox.py::TestResourceTracker::test_no_timeout PASSED [ 61%]
test/unit/test_module_sandbox.py::TestResourceTracker::test_check_limits_ok PASSED [ 61%]
test/unit/test_module_sandbox.py::TestResourceTracker::test_check_limits_event_exceeded PASSED [ 61%]
test/unit/test_module_sandbox.py::TestResourceTracker::test_get_usage PASSED [ 61%]
test/unit/test_module_sandbox.py::TestResourceTracker::test_elapsed_before_start PASSED [ 61%]
test/unit/test_module_sandbox.py::TestModuleSandbox::test_simple_execution PASSED [ 61%]
test/unit/test_module_sandbox.py::TestModuleSandbox::test_exception 
-------------------------------- live log call --------------------------------
23:32:04 [ERROR] Module 'test_mod' sandbox error
Traceback (most recent call last):
  File "D:\github\spiderfoot\spiderfoot\plugins\module_sandbox.py", line 198, in execute
    result_value = func(self._tracker, **kwargs)
  File "D:\github\spiderfoot\test\unit\test_module_sandbox.py", line 140, in func
    raise ValueError("boom")
ValueError: boom
PASSED                                                                   [ 61%]
test/unit/test_module_sandbox.py::TestModuleSandbox::test_event_limit_violation PASSED [ 61%]
------------------------------ live log teardown ------------------------------
23:32:04 [ERROR] Failed to scale down pool_0: '>' not supported between instances of 'int' and 'MagicMock'

23:32:04 [ERROR] Failed to scale down pool_0: '>' not supported between instances of 'int' and 'MagicMock'

test/unit/test_module_sandbox.py::TestModuleSandbox::test_timeout_violation PASSED [ 61%]
test/unit/test_module_sandbox.py::TestModuleSandbox::test_callback PASSED [ 61%]
test/unit/test_module_sandbox.py::TestModuleSandbox::test_callback_error_isolated 
-------------------------------- live log call --------------------------------
23:32:04 [ERROR] Sandbox callback error: cb fail
PASSED                                                                   [ 61%]
test/unit/test_module_sandbox.py::TestModuleSandbox::test_reset PASSED   [ 61%]
test/unit/test_module_sandbox.py::TestModuleSandbox::test_to_dict PASSED [ 61%]
test/unit/test_module_sandbox.py::TestModuleSandbox::test_execute_with_timeout_success PASSED [ 61%]
test/unit/test_module_sandbox.py::TestModuleSandbox::test_execute_with_timeout_exceeded PASSED [ 61%]
test/unit/test_module_sandbox.py::TestModuleSandbox::test_kwargs_passed PASSED [ 61%]
test/unit/test_module_sandbox.py::TestSandboxManager::test_get_sandbox PASSED [ 61%]
test/unit/test_module_sandbox.py::TestSandboxManager::test_get_sandbox_cached PASSED [ 61%]
test/unit/test_module_sandbox.py::TestSandboxManager::test_custom_limits PASSED [ 61%]
test/unit/test_module_sandbox.py::TestSandboxManager::test_default_limits PASSED [ 61%]
test/unit/test_module_sandbox.py::TestSandboxManager::test_remove_sandbox PASSED [ 61%]
test/unit/test_module_sandbox.py::TestSandboxManager::test_sandbox_count PASSED [ 61%]
test/unit/test_module_sandbox.py::TestSandboxManager::test_module_names PASSED [ 61%]
test/unit/test_module_sandbox.py::TestSandboxManager::test_record_and_get_results PASSED [ 61%]
test/unit/test_module_sandbox.py::TestSandboxManager::test_failed_modules 
-------------------------------- live log call --------------------------------
23:32:06 [ERROR] Module 'fail_mod' sandbox error
Traceback (most recent call last):
  File "D:\github\spiderfoot\spiderfoot\plugins\module_sandbox.py", line 198, in execute
    result_value = func(self._tracker, **kwargs)
  File "D:\github\spiderfoot\test\unit\test_module_sandbox.py", line 293, in <lambda>
    sb.execute(lambda t: (_ for _ in ()).throw(RuntimeError("x")))
                         ~~~~~~~~~~~~~~~~~~~~~^^^^^^^^^^^^^^^^^^^
  File "D:\github\spiderfoot\test\unit\test_module_sandbox.py", line 293, in <genexpr>
    sb.execute(lambda t: (_ for _ in ()).throw(RuntimeError("x")))
RuntimeError: x
PASSED                                                                   [ 61%]
test/unit/test_module_sandbox.py::TestSandboxManager::test_summary PASSED [ 61%]
test/unit/test_module_sandbox.py::TestSandboxManager::test_to_dict PASSED [ 61%]
test/unit/test_module_versioning.py::TestSemanticVersion::test_defaults PASSED [ 61%]
test/unit/test_module_versioning.py::TestSemanticVersion::test_str PASSED [ 62%]
test/unit/test_module_versioning.py::TestSemanticVersion::test_parse PASSED [ 62%]
test/unit/test_module_versioning.py::TestSemanticVersion::test_parse_invalid PASSED [ 62%]
test/unit/test_module_versioning.py::TestSemanticVersion::test_comparison PASSED [ 62%]
test/unit/test_module_versioning.py::TestSemanticVersion::test_bump_major PASSED [ 62%]
test/unit/test_module_versioning.py::TestSemanticVersion::test_bump_minor PASSED [ 62%]
test/unit/test_module_versioning.py::TestSemanticVersion::test_bump_patch PASSED [ 62%]
test/unit/test_module_versioning.py::TestSemanticVersion::test_compatible PASSED [ 62%]
test/unit/test_module_versioning.py::TestSemanticVersion::test_to_dict PASSED [ 62%]
test/unit/test_module_versioning.py::TestVersionConstraint::test_gte PASSED [ 62%]
test/unit/test_module_versioning.py::TestVersionConstraint::test_lt PASSED [ 62%]
test/unit/test_module_versioning.py::TestVersionConstraint::test_eq PASSED [ 62%]
test/unit/test_module_versioning.py::TestVersionConstraint::test_neq PASSED [ 62%]
test/unit/test_module_versioning.py::TestVersionConstraint::test_caret PASSED [ 62%]
test/unit/test_module_versioning.py::TestVersionConstraint::test_tilde PASSED [ 62%]
test/unit/test_module_versioning.py::TestVersionConstraint::test_parse_invalid PASSED [ 62%]
test/unit/test_module_versioning.py::TestVersionConstraint::test_str PASSED [ 62%]
test/unit/test_module_versioning.py::TestChangelogEntry::test_to_dict PASSED [ 62%]
test/unit/test_module_versioning.py::TestModuleVersionInfo::test_defaults PASSED [ 62%]
test/unit/test_module_versioning.py::TestModuleVersionInfo::test_bump PASSED [ 62%]
test/unit/test_module_versioning.py::TestModuleVersionInfo::test_bump_chaining PASSED [ 62%]
test/unit/test_module_versioning.py::TestModuleVersionInfo::test_major_bump_breaking PASSED [ 62%]
test/unit/test_module_versioning.py::TestModuleVersionInfo::test_dependency PASSED [ 62%]
test/unit/test_module_versioning.py::TestModuleVersionInfo::test_dependency_chaining PASSED [ 62%]
test/unit/test_module_versioning.py::TestModuleVersionInfo::test_remove_dependency PASSED [ 62%]
test/unit/test_module_versioning.py::TestModuleVersionInfo::test_no_constraint_compatible PASSED [ 62%]
test/unit/test_module_versioning.py::TestModuleVersionInfo::test_deprecate PASSED [ 62%]
test/unit/test_module_versioning.py::TestModuleVersionInfo::test_to_dict PASSED [ 62%]
test/unit/test_module_versioning.py::TestModuleVersionRegistry::test_register PASSED [ 62%]
test/unit/test_module_versioning.py::TestModuleVersionRegistry::test_register_default_version PASSED [ 62%]
test/unit/test_module_versioning.py::TestModuleVersionRegistry::test_get PASSED [ 62%]
test/unit/test_module_versioning.py::TestModuleVersionRegistry::test_unregister PASSED [ 62%]
test/unit/test_module_versioning.py::TestModuleVersionRegistry::test_list_modules PASSED [ 62%]
test/unit/test_module_versioning.py::TestModuleVersionRegistry::test_get_deprecated PASSED [ 62%]
test/unit/test_module_versioning.py::TestModuleVersionRegistry::test_check_compatibility PASSED [ 62%]
test/unit/test_module_versioning.py::TestModuleVersionRegistry::test_find_dependents PASSED [ 62%]
test/unit/test_module_versioning.py::TestModuleVersionRegistry::test_summary PASSED [ 62%]
test/unit/test_module_versioning.py::TestModuleVersionRegistry::test_to_dict PASSED [ 62%]
test/unit/test_modules.py::TestSpiderFootModuleLoading::test_each_module_option_has_a_description PASSED [ 62%]
test/unit/test_modules.py::TestSpiderFootModuleLoading::test_module_categories_are_valid PASSED [ 62%]
test/unit/test_modules.py::TestSpiderFootModuleLoading::test_module_labels_are_valid PASSED [ 62%]
test/unit/test_modules.py::TestSpiderFootModuleLoading::test_module_model_is_valid PASSED [ 62%]
test/unit/test_modules.py::TestSpiderFootModuleLoading::test_module_options_have_default_values PASSED [ 62%]
test/unit/test_modules.py::TestSpiderFootModuleLoading::test_module_options_have_valid_conditions PASSED [ 62%]
test/unit/test_modules.py::TestSpiderFootModuleLoading::test_module_options_have_valid_dependencies PASSED [ 62%]
test/unit/test_modules.py::TestSpiderFootModuleLoading::test_module_options_have_valid_descriptions PASSED [ 62%]
test/unit/test_modules.py::TestSpiderFootModuleLoading::test_module_options_have_valid_editability PASSED [ 62%]
test/unit/test_modules.py::TestSpiderFootModuleLoading::test_module_options_have_valid_help PASSED [ 62%]
test/unit/test_modules.py::TestSpiderFootModuleLoading::test_module_options_have_valid_labels PASSED [ 62%]
test/unit/test_modules.py::TestSpiderFootModuleLoading::test_module_options_have_valid_min_max_values PASSED [ 62%]
test/unit/test_modules.py::TestSpiderFootModuleLoading::test_module_options_have_valid_names PASSED [ 62%]
test/unit/test_modules.py::TestSpiderFootModuleLoading::test_module_options_have_valid_order 
-------------------------------- live log call --------------------------------
23:32:49 [ERROR] Failed to recreate pool pool_0: connection to server at "localhost" (::1), port 5432 failed: Connection refused (0x0000274D/10061)
	Is the server running on that host and accepting TCP/IP connections?
connection to server at "localhost" (127.0.0.1), port 5432 failed: Connection refused (0x0000274D/10061)
	Is the server running on that host and accepting TCP/IP connections?

23:32:49 [INFO] Scaled down pool_0 from 10 to 5 connections
PASSED                                                                   [ 62%]
test/unit/test_modules.py::TestSpiderFootModuleLoading::test_module_options_have_valid_regex 
-------------------------------- live log call --------------------------------
23:32:53 [ERROR] Failed to recreate pool pool_0: connection to server at "localhost" (::1), port 5432 failed: Connection refused (0x0000274D/10061)
	Is the server running on that host and accepting TCP/IP connections?
connection to server at "localhost" (127.0.0.1), port 5432 failed: Connection refused (0x0000274D/10061)
	Is the server running on that host and accepting TCP/IP connections?

23:32:53 [INFO] Scaled up pool_0 from 5 to 10 connections
PASSED                                                                   [ 62%]
test/unit/test_modules.py::TestSpiderFootModuleLoading::test_module_options_have_valid_sections PASSED [ 62%]
test/unit/test_modules.py::TestSpiderFootModuleLoading::test_module_options_have_valid_subsections PASSED [ 62%]
test/unit/test_modules.py::TestSpiderFootModuleLoading::test_module_options_have_valid_tooltips PASSED [ 62%]
test/unit/test_modules.py::TestSpiderFootModuleLoading::test_module_options_have_valid_types 
-------------------------------- live log call --------------------------------
23:33:04 [ERROR] Failed to scale down pool_0: '>' not supported between instances of 'int' and 'MagicMock'
23:33:04 [ERROR] Failed to scale down pool_0: '>' not supported between instances of 'int' and 'MagicMock'
PASSED                                                                   [ 62%]
test/unit/test_modules.py::TestSpiderFootModuleLoading::test_module_options_have_valid_visibility PASSED [ 62%]
test/unit/test_modules.py::TestSpiderFootModuleLoading::test_module_produced_events_are_valid PASSED [ 62%]
test/unit/test_modules.py::TestSpiderFootModuleLoading::test_module_use_cases_are_valid PASSED [ 62%]
test/unit/test_modules.py::TestSpiderFootModuleLoading::test_module_watched_events_are_valid PASSED [ 62%]
test/unit/test_modules.py::TestSpiderFootModuleLoading::test_modules_with_api_key_have_apiKeyInstructions PASSED [ 62%]
test/unit/test_modules.py::TestSpiderFootModuleLoading::test_modules_with_api_key_options_have_apikey_label PASSED [ 62%]
test/unit/test_modules.py::TestSpiderFootModuleLoading::test_modules_with_invasive_flag_are_not_in_passive_use_case PASSED [ 62%]
test/unit/test_modules.py::TestSpiderFootModuleLoading::test_required_module_properties_are_present_and_valid PASSED [ 62%]
test/unit/test_multidim_correlation.py::TestEntityScore::test_exact_match PASSED [ 62%]
test/unit/test_multidim_correlation.py::TestEntityScore::test_partial_overlap PASSED [ 62%]
test/unit/test_multidim_correlation.py::TestEntityScore::test_same_type_different_data PASSED [ 62%]
test/unit/test_multidim_correlation.py::TestEntityScore::test_different_type_different_data PASSED [ 62%]
test/unit/test_multidim_correlation.py::TestTemporalScore::test_same_time PASSED [ 62%]
test/unit/test_multidim_correlation.py::TestTemporalScore::test_within_window PASSED [ 62%]
test/unit/test_multidim_correlation.py::TestTemporalScore::test_outside_window PASSED [ 62%]
test/unit/test_multidim_correlation.py::TestTemporalScore::test_zero_timestamp PASSED [ 62%]
test/unit/test_multidim_correlation.py::TestNetworkScore::test_same_ip PASSED [ 62%]
test/unit/test_multidim_correlation.py::TestNetworkScore::test_same_subnet_24 PASSED [ 62%]
test/unit/test_multidim_correlation.py::TestNetworkScore::test_same_subnet_16 PASSED [ 62%]
test/unit/test_multidim_correlation.py::TestNetworkScore::test_same_asn PASSED [ 62%]
test/unit/test_multidim_correlation.py::TestNetworkScore::test_no_network PASSED [ 62%]
test/unit/test_multidim_correlation.py::TestIdentityScore::test_same_email PASSED [ 62%]
test/unit/test_multidim_correlation.py::TestIdentityScore::test_same_domain_email PASSED [ 62%]
test/unit/test_multidim_correlation.py::TestIdentityScore::test_no_identity PASSED [ 62%]
test/unit/test_multidim_correlation.py::TestBehavioralScore::test_same_banner PASSED [ 62%]
test/unit/test_multidim_correlation.py::TestBehavioralScore::test_same_type_different PASSED [ 62%]
test/unit/test_multidim_correlation.py::TestGeographicScore::test_same_city PASSED [ 62%]
test/unit/test_multidim_correlation.py::TestGeographicScore::test_same_country PASSED [ 62%]
test/unit/test_multidim_correlation.py::TestGeographicScore::test_no_geo PASSED [ 62%]
test/unit/test_multidim_correlation.py::TestFusion::test_weighted PASSED [ 63%]
test/unit/test_multidim_correlation.py::TestFusion::test_max_fusion PASSED [ 63%]
test/unit/test_multidim_correlation.py::TestFusion::test_max_fusion_empty PASSED [ 63%]
test/unit/test_multidim_correlation.py::TestFusion::test_harmonic PASSED [ 63%]
test/unit/test_multidim_correlation.py::TestFusion::test_harmonic_zero PASSED [ 63%]
test/unit/test_multidim_correlation.py::TestDimensionScore::test_to_dict PASSED [ 63%]
test/unit/test_multidim_correlation.py::TestCorrelationPair::test_to_dict PASSED [ 63%]
test/unit/test_multidim_correlation.py::TestMultiDimResult::test_to_dict PASSED [ 63%]
test/unit/test_multidim_correlation.py::TestMultiDimAnalyzer::test_analyze_basic PASSED [ 63%]
test/unit/test_multidim_correlation.py::TestMultiDimAnalyzer::test_analyze_single_event PASSED [ 63%]
test/unit/test_multidim_correlation.py::TestMultiDimAnalyzer::test_analyze_empty PASSED [ 63%]
test/unit/test_multidim_correlation.py::TestMultiDimAnalyzer::test_cross_type_correlation PASSED [ 63%]
test/unit/test_multidim_correlation.py::TestMultiDimAnalyzer::test_clustering PASSED [ 63%]
test/unit/test_multidim_correlation.py::TestMultiDimAnalyzer::test_dimension_filter PASSED [ 63%]
test/unit/test_multidim_correlation.py::TestMultiDimAnalyzer::test_max_fusion_method PASSED [ 63%]
test/unit/test_multidim_correlation.py::TestMultiDimAnalyzer::test_harmonic_fusion_method PASSED [ 63%]
test/unit/test_multidim_correlation.py::TestMultiDimAnalyzer::test_dimension_summary PASSED [ 63%]
test/unit/test_multidim_correlation.py::TestMultiDimAnalyzer::test_stats PASSED [ 63%]
test/unit/test_network_session.py::TestGetSessionReuse::test_close_session_clears_cache PASSED [ 63%]
test/unit/test_network_session.py::TestGetSessionReuse::test_same_session_reused PASSED [ 63%]
test/unit/test_network_session.py::TestGetSessionReuse::test_session_has_adapters PASSED [ 63%]
test/unit/test_network_session.py::TestGetSessionThreadIsolation::test_different_threads_get_different_sessions PASSED [ 63%]
test/unit/test_network_session.py::TestFetchUrl::test_empty_url_returns_none PASSED [ 63%]
test/unit/test_network_session.py::TestFetchUrl::test_fetchUrl_reuses_session PASSED [ 63%]
test/unit/test_network_session.py::TestFetchUrl::test_invalid_scheme_returns_none PASSED [ 63%]
test/unit/test_network_session.py::TestFetchUrl::test_non_string_returns_none PASSED [ 63%]
test/unit/test_network_session.py::TestFetchUrl::test_valid_url_returns_dict_with_keys PASSED [ 63%]
test/unit/test_notification_service.py::TestNotification::test_auto_title PASSED [ 63%]
test/unit/test_notification_service.py::TestNotification::test_custom_title PASSED [ 63%]
test/unit/test_notification_service.py::TestNotification::test_auto_message PASSED [ 63%]
test/unit/test_notification_service.py::TestNotification::test_custom_message PASSED [ 63%]
test/unit/test_notification_service.py::TestNotification::test_defaults PASSED [ 63%]
test/unit/test_notification_service.py::TestLogChannel::test_send 
-------------------------------- live log call --------------------------------
23:33:36 [INFO] [INFO] test: SpiderFoot: Test | data={"key": "val"}
PASSED                                                                   [ 63%]
test/unit/test_notification_service.py::TestLogChannel::test_to_dict PASSED [ 63%]
test/unit/test_notification_service.py::TestSlackChannel::test_init PASSED [ 63%]
test/unit/test_notification_service.py::TestWebhookChannel::test_init PASSED [ 63%]
test/unit/test_notification_service.py::TestEmailChannel::test_init PASSED [ 63%]
test/unit/test_notification_service.py::TestEmailChannel::test_no_recipients PASSED [ 63%]
test/unit/test_notification_service.py::TestNotificationService::test_add_remove_channel 
-------------------------------- live log call --------------------------------
23:33:37 [INFO] Added notification channel: ch1 (MockChannel)
PASSED                                                                   [ 63%]
test/unit/test_notification_service.py::TestNotificationService::test_list_channels 
-------------------------------- live log call --------------------------------
23:33:37 [INFO] Added notification channel: a (MockChannel)
23:33:37 [INFO] Added notification channel: b (MockChannel)
PASSED                                                                   [ 63%]
test/unit/test_notification_service.py::TestNotificationService::test_subscribe_and_notify 
-------------------------------- live log call --------------------------------
23:33:37 [INFO] Added notification channel: ch1 (MockChannel)
PASSED                                                                   [ 63%]
test/unit/test_notification_service.py::TestNotificationService::test_no_subscribers 
-------------------------------- live log call --------------------------------
23:33:37 [INFO] Added notification channel: ch1 (MockChannel)
PASSED                                                                   [ 63%]
test/unit/test_notification_service.py::TestNotificationService::test_wildcard_subscription 
-------------------------------- live log call --------------------------------
23:33:37 [INFO] Added notification channel: ch1 (MockChannel)
PASSED                                                                   [ 63%]
test/unit/test_notification_service.py::TestNotificationService::test_global_wildcard 
-------------------------------- live log call --------------------------------
23:33:37 [INFO] Added notification channel: ch1 (MockChannel)
PASSED                                                                   [ 63%]
test/unit/test_notification_service.py::TestNotificationService::test_multiple_channels 
-------------------------------- live log call --------------------------------
23:33:37 [INFO] Added notification channel: ch1 (MockChannel)
23:33:37 [INFO] Added notification channel: ch2 (MockChannel)
PASSED                                                                   [ 63%]
test/unit/test_notification_service.py::TestNotificationService::test_disabled_channel 
-------------------------------- live log call --------------------------------
23:33:38 [INFO] Added notification channel: ch1 (MockChannel)
PASSED                                                                   [ 63%]
test/unit/test_notification_service.py::TestNotificationService::test_failing_channel 
-------------------------------- live log call --------------------------------
23:33:38 [INFO] Added notification channel: ch1 (MockChannel)
PASSED                                                                   [ 63%]
test/unit/test_notification_service.py::TestNotificationService::test_unsubscribe 
-------------------------------- live log call --------------------------------
23:33:38 [INFO] Added notification channel: ch1 (MockChannel)
PASSED                                                                   [ 63%]
test/unit/test_notification_service.py::TestNotificationService::test_subscribe_nonexistent_channel 
-------------------------------- live log call --------------------------------
23:33:38 [WARNING] Channel ghost not found
PASSED                                                                   [ 63%]
test/unit/test_notification_service.py::TestNotificationService::test_list_subscriptions 
-------------------------------- live log call --------------------------------
23:33:38 [INFO] Added notification channel: ch1 (MockChannel)
PASSED                                                                   [ 63%]
test/unit/test_notification_service.py::TestNotificationService::test_stats 
-------------------------------- live log call --------------------------------
23:33:38 [INFO] Added notification channel: ch1 (MockChannel)
PASSED                                                                   [ 63%]
test/unit/test_notification_service.py::TestNotificationService::test_async_dispatch 
-------------------------------- live log call --------------------------------
23:33:38 [INFO] Added notification channel: ch1 (MockChannel)
PASSED                                                                   [ 63%]
test/unit/test_notification_service.py::TestNotificationService::test_topic_matches PASSED [ 63%]
test/unit/test_notification_service.py::TestNotificationService::test_severity_in_notification 
-------------------------------- live log call --------------------------------
23:33:39 [INFO] Added notification channel: ch1 (MockChannel)
PASSED                                                                   [ 63%]
test/unit/test_notification_service.py::TestNotificationService::test_remove_channel_clears_subscriptions 
-------------------------------- live log call --------------------------------
23:33:40 [INFO] Added notification channel: ch1 (MockChannel)
PASSED                                                                   [ 63%]
test/unit/test_notification_service.py::TestNotificationService::test_shutdown_idempotent PASSED [ 63%]
test/unit/test_openapi_spec.py::TestOpenAPIGenerator::test_all_paths_have_operation_ids PASSED [ 63%]
test/unit/test_openapi_spec.py::TestOpenAPIGenerator::test_all_paths_have_tags PASSED [ 63%]
test/unit/test_openapi_spec.py::TestOpenAPIGenerator::test_config_endpoints PASSED [ 63%]
test/unit/test_openapi_spec.py::TestOpenAPIGenerator::test_correlation_endpoints PASSED [ 63%]
test/unit/test_openapi_spec.py::TestOpenAPIGenerator::test_custom_title_and_version PASSED [ 63%]
test/unit/test_openapi_spec.py::TestOpenAPIGenerator::test_data_module_endpoints PASSED [ 63%]
test/unit/test_openapi_spec.py::TestOpenAPIGenerator::test_gateway_endpoints PASSED [ 63%]
test/unit/test_openapi_spec.py::TestOpenAPIGenerator::test_generate_returns_dict PASSED [ 63%]
test/unit/test_openapi_spec.py::TestOpenAPIGenerator::test_info_section PASSED [ 63%]
test/unit/test_openapi_spec.py::TestOpenAPIGenerator::test_openapi_version PASSED [ 63%]
test/unit/test_openapi_spec.py::TestOpenAPIGenerator::test_parameters PASSED [ 63%]
test/unit/test_openapi_spec.py::TestOpenAPIGenerator::test_paths_present PASSED [ 63%]
test/unit/test_openapi_spec.py::TestOpenAPIGenerator::test_scan_crud_operations PASSED [ 63%]
test/unit/test_openapi_spec.py::TestOpenAPIGenerator::test_scan_stop_rerun_clone PASSED [ 63%]
test/unit/test_openapi_spec.py::TestOpenAPIGenerator::test_schema_required_fields PASSED [ 63%]
test/unit/test_openapi_spec.py::TestOpenAPIGenerator::test_schemas PASSED [ 63%]
test/unit/test_openapi_spec.py::TestOpenAPIGenerator::test_security_schemes PASSED [ 63%]
test/unit/test_openapi_spec.py::TestOpenAPIGenerator::test_servers_present PASSED [ 63%]
test/unit/test_openapi_spec.py::TestOpenAPIGenerator::test_spec_is_json_serializable PASSED [ 63%]
test/unit/test_openapi_spec.py::TestOpenAPIGenerator::test_tags_present PASSED [ 63%]
test/unit/test_openapi_spec.py::TestOpenAPIGenerator::test_visualization_endpoints PASSED [ 63%]
test/unit/test_openapi_spec.py::TestOpenAPIGenerator::test_workspace_endpoints PASSED [ 63%]
test/unit/test_openapi_spec.py::TestOpenAPIGenerator::test_write_json 
-------------------------------- live log call --------------------------------
23:33:43 [INFO] Wrote OpenAPI spec to C:\Users\agost\AppData\Local\Temp\tmpscnp8eb1.json
PASSED                                                                   [ 63%]
test/unit/test_openapi_spec.py::TestOpenAPIGenerator::test_write_yaml 
-------------------------------- live log call --------------------------------
23:33:43 [INFO] Wrote OpenAPI spec to C:\Users\agost\AppData\Local\Temp\tmpx6ifss1l.yaml
PASSED                                                                   [ 63%]
test/unit/test_ops_tooling.py::TestHealthStatus::test_values PASSED      [ 63%]
test/unit/test_ops_tooling.py::TestHealthChecker::test_register PASSED   [ 63%]
test/unit/test_ops_tooling.py::TestHealthChecker::test_check_healthy PASSED [ 63%]
test/unit/test_ops_tooling.py::TestHealthChecker::test_check_unknown PASSED [ 63%]
test/unit/test_ops_tooling.py::TestHealthChecker::test_check_exception PASSED [ 63%]
test/unit/test_ops_tooling.py::TestHealthChecker::test_check_all_healthy PASSED [ 63%]
test/unit/test_ops_tooling.py::TestHealthChecker::test_check_all_degraded PASSED [ 63%]
test/unit/test_ops_tooling.py::TestHealthChecker::test_check_all_unhealthy PASSED [ 64%]
test/unit/test_ops_tooling.py::TestCircuitBreaker::test_initial_state PASSED [ 64%]
test/unit/test_ops_tooling.py::TestCircuitBreaker::test_stays_closed_on_success PASSED [ 64%]
test/unit/test_ops_tooling.py::TestCircuitBreaker::test_opens_on_threshold PASSED [ 64%]
test/unit/test_ops_tooling.py::TestCircuitBreaker::test_half_open_after_timeout PASSED [ 64%]
test/unit/test_ops_tooling.py::TestCircuitBreaker::test_closes_on_success_after_half_open PASSED [ 64%]
test/unit/test_ops_tooling.py::TestCircuitBreaker::test_reset PASSED     [ 64%]
test/unit/test_ops_tooling.py::TestCircuitBreaker::test_stats PASSED     [ 64%]
test/unit/test_ops_tooling.py::TestCircuitBreaker::test_success_resets_failure_count PASSED [ 64%]
test/unit/test_ops_tooling.py::TestCircuitBreakerRegistry::test_get_or_create PASSED [ 64%]
test/unit/test_ops_tooling.py::TestCircuitBreakerRegistry::test_get_all_stats PASSED [ 64%]
test/unit/test_ops_tooling.py::TestDeadLetterQueue::test_enqueue PASSED  [ 64%]
test/unit/test_ops_tooling.py::TestDeadLetterQueue::test_dequeue PASSED  [ 64%]
test/unit/test_ops_tooling.py::TestDeadLetterQueue::test_dequeue_empty PASSED [ 64%]
test/unit/test_ops_tooling.py::TestDeadLetterQueue::test_peek PASSED     [ 64%]
test/unit/test_ops_tooling.py::TestDeadLetterQueue::test_max_size_eviction PASSED [ 64%]
test/unit/test_ops_tooling.py::TestDeadLetterQueue::test_retry_eligible PASSED [ 64%]
test/unit/test_ops_tooling.py::TestDeadLetterQueue::test_mark_retried PASSED [ 64%]
test/unit/test_ops_tooling.py::TestDeadLetterQueue::test_purge_all PASSED [ 64%]
test/unit/test_ops_tooling.py::TestDeadLetterQueue::test_purge_by_age PASSED [ 64%]
test/unit/test_ops_tooling.py::TestDeadLetterQueue::test_get_stats PASSED [ 64%]
test/unit/test_ops_tooling.py::TestScanRecoveryManager::test_save_and_get PASSED [ 64%]
test/unit/test_ops_tooling.py::TestScanRecoveryManager::test_get_missing PASSED [ 64%]
test/unit/test_ops_tooling.py::TestScanRecoveryManager::test_recoverable_scans PASSED [ 64%]
test/unit/test_ops_tooling.py::TestScanRecoveryManager::test_resume_plan PASSED [ 64%]
test/unit/test_ops_tooling.py::TestScanRecoveryManager::test_resume_completed_returns_none PASSED [ 64%]
test/unit/test_ops_tooling.py::TestScanRecoveryManager::test_resume_missing_returns_none PASSED [ 64%]
test/unit/test_ops_tooling.py::TestScanRecoveryManager::test_mark_completed PASSED [ 64%]
test/unit/test_ops_tooling.py::TestScanRecoveryManager::test_delete_checkpoint PASSED [ 64%]
test/unit/test_ops_tooling.py::TestDataRetentionManager::test_add_policy PASSED [ 64%]
test/unit/test_ops_tooling.py::TestDataRetentionManager::test_evaluate_keeps_recent PASSED [ 64%]
test/unit/test_ops_tooling.py::TestDataRetentionManager::test_evaluate_prunes_old PASSED [ 64%]
test/unit/test_ops_tooling.py::TestDataRetentionManager::test_disabled_policy_ignored PASSED [ 64%]
test/unit/test_ops_tooling.py::TestDataRetentionManager::test_type_filter PASSED [ 64%]
test/unit/test_ops_tooling.py::TestTenantIsolationValidator::test_add_tenant PASSED [ 64%]
test/unit/test_ops_tooling.py::TestTenantIsolationValidator::test_validate_clean PASSED [ 64%]
test/unit/test_ops_tooling.py::TestTenantIsolationValidator::test_validate_violation PASSED [ 64%]
test/unit/test_ops_tooling.py::TestTenantIsolationValidator::test_add_scan PASSED [ 64%]
test/unit/test_ops_tooling.py::TestTenantIsolationValidator::test_scan_owner_not_found PASSED [ 64%]
test/unit/test_ops_tooling.py::TestK8sConfigGenerator::test_defaults_loaded PASSED [ 64%]
test/unit/test_ops_tooling.py::TestK8sConfigGenerator::test_generate_pdb PASSED [ 64%]
test/unit/test_ops_tooling.py::TestK8sConfigGenerator::test_generate_hpa PASSED [ 64%]
test/unit/test_ops_tooling.py::TestK8sConfigGenerator::test_generate_resources PASSED [ 64%]
test/unit/test_ops_tooling.py::TestK8sConfigGenerator::test_missing_service PASSED [ 64%]
test/unit/test_ops_tooling.py::TestK8sConfigGenerator::test_add_service PASSED [ 64%]
test/unit/test_ops_tooling.py::TestLoadTestResult::test_success_rate PASSED [ 64%]
test/unit/test_ops_tooling.py::TestLoadTestResult::test_success_rate_empty PASSED [ 64%]
test/unit/test_ops_tooling.py::TestLoadTestResult::test_to_dict PASSED   [ 64%]
test/unit/test_ops_tooling.py::TestLoadTestScenario::test_basic_flow PASSED [ 64%]
test/unit/test_ops_tooling.py::TestLoadTestScenario::test_empty_scenario PASSED [ 64%]
test/unit/test_ops_tooling.py::TestSLOTracker::test_defaults_loaded PASSED [ 64%]
test/unit/test_ops_tooling.py::TestSLOTracker::test_meeting_lte PASSED   [ 64%]
test/unit/test_ops_tooling.py::TestSLOTracker::test_breached_lte PASSED  [ 64%]
test/unit/test_ops_tooling.py::TestSLOTracker::test_meeting_gte PASSED   [ 64%]
test/unit/test_ops_tooling.py::TestSLOTracker::test_breached_gte PASSED  [ 64%]
test/unit/test_ops_tooling.py::TestSLOTracker::test_at_risk_lte PASSED   [ 64%]
test/unit/test_ops_tooling.py::TestSLOTracker::test_no_data PASSED       [ 64%]
test/unit/test_ops_tooling.py::TestSLOTracker::test_unknown_slo PASSED   [ 64%]
test/unit/test_ops_tooling.py::TestSLOTracker::test_evaluate_all PASSED  [ 64%]
test/unit/test_ops_tooling.py::TestSLOTracker::test_custom_slo PASSED    [ 64%]
test/unit/test_ops_tooling.py::TestAlertManager::test_defaults_loaded PASSED [ 64%]
test/unit/test_ops_tooling.py::TestAlertManager::test_no_alert_normal PASSED [ 64%]
test/unit/test_ops_tooling.py::TestAlertManager::test_scan_stuck_alert PASSED [ 64%]
test/unit/test_ops_tooling.py::TestAlertManager::test_error_rate_alert PASSED [ 64%]
test/unit/test_ops_tooling.py::TestAlertManager::test_multiple_alerts PASSED [ 64%]
test/unit/test_ops_tooling.py::TestAlertManager::test_db_pool_alert PASSED [ 64%]
test/unit/test_ops_tooling.py::TestAlertManager::test_history PASSED     [ 64%]
test/unit/test_ops_tooling.py::TestAlertManager::test_custom_rule PASSED [ 64%]
test/unit/test_ops_tooling.py::TestIntegration::test_health_circuit_breaker PASSED [ 64%]
test/unit/test_ops_tooling.py::TestIntegration::test_dlq_retry_flow PASSED [ 64%]
test/unit/test_ops_tooling.py::TestIntegration::test_scan_recovery_full_cycle PASSED [ 64%]
test/unit/test_ops_tooling.py::TestIntegration::test_slo_alert_integration PASSED [ 64%]
test/unit/test_ops_tooling.py::TestIntegration::test_k8s_full_config PASSED [ 64%]
test/unit/test_owasp_regression.py::TestA01BrokenAccessControl::test_api_key_record_disabled_cannot_auth PASSED [ 64%]
test/unit/test_owasp_regression.py::TestA01BrokenAccessControl::test_api_key_record_expired_cannot_auth PASSED [ 64%]
test/unit/test_owasp_regression.py::TestA01BrokenAccessControl::test_valid_key_with_future_expiry PASSED [ 64%]
test/unit/test_owasp_regression.py::TestA01BrokenAccessControl::test_key_hash_never_in_default_dict PASSED [ 64%]
test/unit/test_owasp_regression.py::TestA02CryptographicFailures::test_hash_is_not_plaintext PASSED [ 64%]
test/unit/test_owasp_regression.py::TestA02CryptographicFailures::test_hash_is_deterministic PASSED [ 64%]
test/unit/test_owasp_regression.py::TestA02CryptographicFailures::test_different_keys_produce_different_hashes PASSED [ 64%]
test/unit/test_owasp_regression.py::TestA03Injection::test_shell_metachar_blocked_in_targets['; DROP TABLE scans; --] PASSED [ 64%]
test/unit/test_owasp_regression.py::TestA03Injection::test_shell_metachar_blocked_in_targets[<script>alert('XSS')</script>] PASSED [ 64%]
test/unit/test_owasp_regression.py::TestA03Injection::test_shell_metachar_blocked_in_targets[{{7*7}}] PASSED [ 64%]
test/unit/test_owasp_regression.py::TestA03Injection::test_shell_metachar_blocked_in_targets[${jndi:ldap://evil}] PASSED [ 64%]
------------------------------ live log teardown ------------------------------
23:33:53 [ERROR] Failed to recreate pool pool_0: connection to server at "localhost" (::1), port 5432 failed: Connection refused (0x0000274D/10061)
	Is the server running on that host and accepting TCP/IP connections?
connection to server at "localhost" (127.0.0.1), port 5432 failed: Connection refused (0x0000274D/10061)
	Is the server running on that host and accepting TCP/IP connections?


23:33:53 [INFO] Scaled down pool_0 from 10 to 5 connections

test/unit/test_owasp_regression.py::TestA03Injection::test_shell_metachar_blocked_in_targets[`id`] PASSED [ 64%]
test/unit/test_owasp_regression.py::TestA03Injection::test_shell_metachar_blocked_in_targets[| cat /etc/passwd] PASSED [ 64%]
test/unit/test_owasp_regression.py::TestA03Injection::test_null_byte_injection_blocked PASSED [ 64%]
test/unit/test_owasp_regression.py::TestA03Injection::test_path_traversal_in_username_blocked PASSED [ 65%]
test/unit/test_owasp_regression.py::TestA04InsecureDesign::test_ipv6_rejected_as_ipv4 PASSED [ 65%]
test/unit/test_owasp_regression.py::TestA04InsecureDesign::test_ipv4_rejected_as_ipv6 PASSED [ 65%]
test/unit/test_owasp_regression.py::TestA04InsecureDesign::test_invalid_target_type_rejected PASSED [ 65%]
test/unit/test_owasp_regression.py::TestA04InsecureDesign::test_all_11_types_accepted PASSED [ 65%]
test/unit/test_owasp_regression.py::TestA05SecurityMisconfiguration::test_csrf_enabled_by_default PASSED [ 65%]
test/unit/test_owasp_regression.py::TestA05SecurityMisconfiguration::test_csrf_safe_methods_are_readony PASSED [ 65%]
test/unit/test_owasp_regression.py::TestA05SecurityMisconfiguration::test_csrf_headers_defined PASSED [ 65%]
test/unit/test_owasp_regression.py::TestA05SecurityMisconfiguration::test_csrf_config_from_env PASSED [ 65%]
test/unit/test_owasp_regression.py::TestA05SecurityMisconfiguration::test_csrf_config_from_env_default PASSED [ 65%]
test/unit/test_owasp_regression.py::TestA07AuthFailures::test_key_prefix_consistent PASSED [ 65%]
test/unit/test_owasp_regression.py::TestA07AuthFailures::test_expired_key_is_invalid PASSED [ 65%]
test/unit/test_owasp_regression.py::TestA07AuthFailures::test_never_expiring_key PASSED [ 65%]
test/unit/test_owasp_regression.py::TestA08DataIntegrity::test_unhandled_exception_strips_internals 
-------------------------------- live log call --------------------------------
23:33:54 [ERROR] Unhandled exception on GET /test
NoneType: None
PASSED                                                                   [ 65%]
test/unit/test_owasp_regression.py::TestA08DataIntegrity::test_error_envelope_has_request_id PASSED [ 65%]
test/unit/test_owasp_regression.py::TestA08DataIntegrity::test_no_api_source_leaks_exception PASSED [ 65%]
test/unit/test_owasp_regression.py::TestA09SecurityLogging::test_unhandled_exception_is_logged 
-------------------------------- live log call --------------------------------
23:33:55 [ERROR] Unhandled exception on GET /test
NoneType: None
PASSED                                                                   [ 65%]
test/unit/test_owasp_regression.py::TestA10SSRF::test_private_ips_blocked[http://127.0.0.1/admin] PASSED [ 65%]
test/unit/test_owasp_regression.py::TestA10SSRF::test_private_ips_blocked[http://10.0.0.1/internal] PASSED [ 65%]
test/unit/test_owasp_regression.py::TestA10SSRF::test_private_ips_blocked[http://192.168.1.1/router] PASSED [ 65%]
test/unit/test_owasp_regression.py::TestA10SSRF::test_private_ips_blocked[http://169.254.169.254/latest/meta-data/] PASSED [ 65%]
test/unit/test_owasp_regression.py::TestA10SSRF::test_private_ips_blocked[http://[::1]/admin] PASSED [ 65%]
test/unit/test_owasp_regression.py::TestA10SSRF::test_dangerous_schemes_blocked[file:///etc/passwd] PASSED [ 65%]
test/unit/test_owasp_regression.py::TestA10SSRF::test_dangerous_schemes_blocked[gopher://evil.com/payload] PASSED [ 65%]
test/unit/test_owasp_regression.py::TestA10SSRF::test_dangerous_schemes_blocked[ftp://internal/data] PASSED [ 65%]
test/unit/test_owasp_regression.py::TestA10SSRF::test_embedded_credentials_blocked PASSED [ 65%]
test/unit/test_owasp_regression.py::TestA10SSRF::test_dns_rebinding_to_private_blocked PASSED [ 65%]
test/unit/test_owasp_regression.py::TestA10SSRF::test_valid_public_webhook_passes PASSED [ 65%]
test/unit/test_pagination.py::TestPaginationParams::test_defaults PASSED [ 65%]
test/unit/test_pagination.py::TestPaginationParams::test_page_based PASSED [ 65%]
test/unit/test_pagination.py::TestPaginationParams::test_page_1 PASSED   [ 65%]
test/unit/test_pagination.py::TestPaginationParams::test_limit_alias PASSED [ 65%]
test/unit/test_pagination.py::TestPaginationParams::test_is_descending PASSED [ 65%]
test/unit/test_pagination.py::TestPaginationParams::test_repr PASSED     [ 65%]
test/unit/test_pagination.py::TestPaginationParams::test_page_clamped_to_1 PASSED [ 65%]
test/unit/test_pagination.py::TestPaginationParams::test_page_size_clamped_max PASSED [ 65%]
test/unit/test_pagination.py::TestPaginationParams::test_page_size_clamped_min PASSED [ 65%]
test/unit/test_pagination.py::TestPaginationParamsFastAPI::test_page_mode PASSED [ 65%]
test/unit/test_pagination.py::TestPaginationParamsFastAPI::test_offset_mode PASSED [ 65%]
test/unit/test_pagination.py::TestPaginationParamsFastAPI::test_page_takes_priority PASSED [ 65%]
test/unit/test_pagination.py::TestPaginationParamsFastAPI::test_all_none_defaults PASSED [ 65%]
------------------------------ live log teardown ------------------------------
23:33:57 [ERROR] Failed to recreate pool pool_0: connection to server at "localhost" (::1), port 5432 failed: Connection refused (0x0000274D/10061)
	Is the server running on that host and accepting TCP/IP connections?
connection to server at "localhost" (127.0.0.1), port 5432 failed: Connection refused (0x0000274D/10061)
	Is the server running on that host and accepting TCP/IP connections?


23:33:57 [INFO] Scaled up pool_0 from 5 to 10 connections

test/unit/test_pagination.py::TestPaginationParamsFastAPI::test_sort_defaults PASSED [ 65%]
test/unit/test_pagination.py::TestPaginatedResponse::test_to_dict PASSED [ 65%]
test/unit/test_pagination.py::TestPaginatedResponse::test_offset_property PASSED [ 65%]
test/unit/test_pagination.py::TestPaginatedResponse::test_limit_property PASSED [ 65%]
test/unit/test_pagination.py::TestPaginate::test_basic_pagination PASSED [ 65%]
test/unit/test_pagination.py::TestPaginate::test_second_page PASSED      [ 65%]
test/unit/test_pagination.py::TestPaginate::test_last_page PASSED        [ 65%]
test/unit/test_pagination.py::TestPaginate::test_empty_collection PASSED [ 65%]
test/unit/test_pagination.py::TestPaginate::test_single_item PASSED      [ 65%]
test/unit/test_pagination.py::TestPaginate::test_exact_page_boundary PASSED [ 65%]
test/unit/test_pagination.py::TestPaginate::test_page_beyond_total PASSED [ 65%]
test/unit/test_pagination.py::TestPaginate::test_with_total_override PASSED [ 65%]
test/unit/test_pagination.py::TestPaginate::test_with_sort PASSED        [ 65%]
test/unit/test_pagination.py::TestPaginate::test_with_sort_desc PASSED   [ 65%]
test/unit/test_pagination.py::TestPaginate::test_sort_without_key_is_noop PASSED [ 65%]
test/unit/test_pagination.py::TestPaginateQuery::test_basic PASSED       [ 65%]
test/unit/test_pagination.py::TestPaginateQuery::test_without_total PASSED [ 65%]
test/unit/test_pagination.py::TestSortHelpers::test_dict_sort_key PASSED [ 65%]
test/unit/test_pagination.py::TestSortHelpers::test_dict_sort_key_missing PASSED [ 65%]
test/unit/test_pagination.py::TestSortHelpers::test_attr_sort_key PASSED [ 65%]
test/unit/test_pagination.py::TestSortHelpers::test_attr_sort_key_missing PASSED [ 65%]
test/unit/test_pagination.py::TestLinkHeader::test_middle_page PASSED    [ 65%]
test/unit/test_pagination.py::TestLinkHeader::test_first_page PASSED     [ 65%]
test/unit/test_pagination.py::TestLinkHeader::test_last_page PASSED      [ 65%]
test/unit/test_pagination.py::TestLinkHeader::test_single_page PASSED    [ 65%]
test/unit/test_pagination.py::TestLinkHeader::test_base_url_with_query PASSED [ 65%]
test/unit/test_pagination.py::TestMakeParams::test_basic PASSED          [ 65%]
test/unit/test_pagination.py::TestMakeParams::test_defaults PASSED       [ 65%]
test/unit/test_plugin_registry.py::TestPluginManifest::test_to_dict_round_trip PASSED [ 65%]
test/unit/test_plugin_registry.py::TestPluginManifest::test_from_dict_ignores_unknown_fields PASSED [ 65%]
test/unit/test_plugin_registry.py::TestPluginManifest::test_defaults PASSED [ 65%]
test/unit/test_plugin_registry.py::TestPluginRegistry::test_add_and_search PASSED [ 65%]
test/unit/test_plugin_registry.py::TestPluginRegistry::test_search_empty_query PASSED [ 65%]
test/unit/test_plugin_registry.py::TestPluginRegistry::test_search_by_tag PASSED [ 65%]
test/unit/test_plugin_registry.py::TestPluginRegistry::test_search_by_category PASSED [ 65%]
test/unit/test_plugin_registry.py::TestPluginRegistry::test_search_by_author PASSED [ 65%]
test/unit/test_plugin_registry.py::TestPluginRegistry::test_get_plugin PASSED [ 65%]
test/unit/test_plugin_registry.py::TestPluginRegistry::test_install_from_file 
-------------------------------- live log call --------------------------------
23:34:01 [INFO] Installed plugin sfp_local_plugin from C:\Users\agost\AppData\Local\Temp\pytest-of-agost\pytest-1273\test_install_from_file0\modules\source_plugin.py
PASSED                                                                   [ 65%]
test/unit/test_plugin_registry.py::TestPluginRegistry::test_install_from_file_syntax_error 
-------------------------------- live log call --------------------------------
23:34:01 [ERROR] Plugin syntax error: invalid syntax (bad_plugin.py, line 1)
PASSED                                                                   [ 65%]
test/unit/test_plugin_registry.py::TestPluginRegistry::test_install_already_installed 
-------------------------------- live log call --------------------------------
23:34:01 [INFO] Installed plugin sfp_dup from C:\Users\agost\AppData\Local\Temp\pytest-of-agost\pytest-1273\test_install_already_installed0\modules\source.py
23:34:01 [WARNING] Plugin sfp_dup already installed (use force=True to overwrite)
23:34:01 [INFO] Installed plugin sfp_dup from C:\Users\agost\AppData\Local\Temp\pytest-of-agost\pytest-1273\test_install_already_installed0\modules\source.py
PASSED                                                                   [ 65%]
test/unit/test_plugin_registry.py::TestPluginRegistry::test_install_not_in_catalog 
-------------------------------- live log call --------------------------------
23:34:01 [ERROR] Plugin sfp_missing not found in catalog
PASSED                                                                   [ 65%]
test/unit/test_plugin_registry.py::TestPluginRegistry::test_uninstall 
-------------------------------- live log call --------------------------------
23:34:01 [INFO] Installed plugin sfp_removeme from C:\Users\agost\AppData\Local\Temp\pytest-of-agost\pytest-1273\test_uninstall0\modules\source.py
23:34:01 [INFO] Uninstalled plugin sfp_removeme
PASSED                                                                   [ 65%]
test/unit/test_plugin_registry.py::TestPluginRegistry::test_uninstall_with_file_removal 
-------------------------------- live log call --------------------------------
23:34:02 [INFO] Installed plugin sfp_rmfile from C:\Users\agost\AppData\Local\Temp\pytest-of-agost\pytest-1273\test_uninstall_with_file_remov0\modules\source.py
23:34:02 [INFO] Removed file: C:\Users\agost\AppData\Local\Temp\pytest-of-agost\pytest-1273\test_uninstall_with_file_remov0\modules\sfp_rmfile.py
23:34:02 [INFO] Uninstalled plugin sfp_rmfile
PASSED                                                                   [ 65%]
test/unit/test_plugin_registry.py::TestPluginRegistry::test_uninstall_not_installed 
-------------------------------- live log call --------------------------------
23:34:02 [WARNING] Plugin sfp_ghost not installed
PASSED                                                                   [ 65%]
test/unit/test_plugin_registry.py::TestPluginRegistry::test_enable_disable 
-------------------------------- live log call --------------------------------
23:34:02 [INFO] Installed plugin sfp_toggle from C:\Users\agost\AppData\Local\Temp\pytest-of-agost\pytest-1273\test_enable_disable0\modules\source.py
PASSED                                                                   [ 65%]
test/unit/test_plugin_registry.py::TestPluginRegistry::test_pin_version 
-------------------------------- live log call --------------------------------
23:34:02 [INFO] Installed plugin sfp_pinned from C:\Users\agost\AppData\Local\Temp\pytest-of-agost\pytest-1273\test_pin_version0\modules\source.py
PASSED                                                                   [ 65%]
test/unit/test_plugin_registry.py::TestPluginRegistry::test_check_updates PASSED [ 66%]
test/unit/test_plugin_registry.py::TestPluginRegistry::test_check_updates_pinned PASSED [ 66%]
test/unit/test_plugin_registry.py::TestPluginRegistry::test_list_installed 
-------------------------------- live log call --------------------------------
23:34:02 [INFO] Installed plugin sfp_a from C:\Users\agost\AppData\Local\Temp\pytest-of-agost\pytest-1273\test_list_installed0\modules\s.py
23:34:02 [INFO] Installed plugin sfp_b from C:\Users\agost\AppData\Local\Temp\pytest-of-agost\pytest-1273\test_list_installed0\modules\s.py
PASSED                                                                   [ 66%]
test/unit/test_plugin_registry.py::TestPluginRegistry::test_stats 
-------------------------------- live log call --------------------------------
23:34:02 [INFO] Installed plugin sfp_stat from C:\Users\agost\AppData\Local\Temp\pytest-of-agost\pytest-1273\test_stats0\modules\s.py
PASSED                                                                   [ 66%]
test/unit/test_plugin_registry.py::TestPluginRegistry::test_save_and_load_catalog 
-------------------------------- live log call --------------------------------
23:34:02 [INFO] Loaded 1 plugins from catalog
PASSED                                                                   [ 66%]
test/unit/test_plugin_registry.py::TestPluginRegistry::test_state_persistence 
-------------------------------- live log call --------------------------------
23:34:03 [INFO] Installed plugin sfp_persist from C:\Users\agost\AppData\Local\Temp\pytest-of-agost\pytest-1273\test_state_persistence0\modules\s.py
PASSED                                                                   [ 66%]
test/unit/test_plugin_registry.py::TestPluginRegistry::test_scan_existing_modules PASSED [ 66%]
test/unit/test_plugin_registry.py::TestPluginRegistry::test_version_comparison PASSED [ 66%]
test/unit/test_plugin_registry.py::TestPluginRegistry::test_install_from_catalog_with_url 
-------------------------------- live log call --------------------------------
23:34:03 [INFO] Plugin sfp_remote requires download from: https://example.com/sfp_remote.py
23:34:03 [INFO] Registered plugin sfp_remote v2.0.0 (download pending)
PASSED                                                                   [ 66%]
test/unit/test_plugin_registry.py::TestPluginRegistry::test_module_dependencies_check PASSED [ 66%]
test/unit/test_plugin_test.py::TestFakeTarget::test_aliases PASSED       [ 66%]
test/unit/test_plugin_test.py::TestFakeTarget::test_basic_attributes PASSED [ 66%]
test/unit/test_plugin_test.py::TestFakeTarget::test_matches_exact PASSED [ 66%]
test/unit/test_plugin_test.py::TestFakeSpiderFoot::test_fetchUrl_delegates_to_mock PASSED [ 66%]
test/unit/test_plugin_test.py::TestFakeSpiderFoot::test_hashstring PASSED [ 66%]
test/unit/test_plugin_test.py::TestFakeSpiderFoot::test_isDomain PASSED  [ 66%]
test/unit/test_plugin_test.py::TestFakeSpiderFoot::test_opts_default PASSED [ 66%]
test/unit/test_plugin_test.py::TestFakeSpiderFoot::test_passthrough_to_mock PASSED [ 66%]
test/unit/test_plugin_test.py::TestFakeSpiderFoot::test_urlFQDN PASSED   [ 66%]
test/unit/test_plugin_test.py::TestFakeSpiderFoot::test_validIP PASSED   [ 66%]
test/unit/test_plugin_test.py::TestFakeSpiderFoot::test_validIP6 PASSED  [ 66%]
------------------------------ live log teardown ------------------------------
23:34:04 [ERROR] Failed to scale down pool_0: '>' not supported between instances of 'int' and 'MagicMock'

23:34:04 [ERROR] Failed to scale down pool_0: '>' not supported between instances of 'int' and 'MagicMock'

test/unit/test_plugin_test.py::TestEventHelpers::test_make_event_auto_root PASSED [ 66%]
test/unit/test_plugin_test.py::TestEventHelpers::test_make_event_confidence PASSED [ 66%]
test/unit/test_plugin_test.py::TestEventHelpers::test_make_event_with_parent PASSED [ 66%]
test/unit/test_plugin_test.py::TestEventHelpers::test_make_root_event PASSED [ 66%]
test/unit/test_plugin_test.py::TestEventHelpers::test_make_root_event_custom_module PASSED [ 66%]
test/unit/test_plugin_test.py::TestEventCapture::test_capture_events PASSED [ 66%]
test/unit/test_plugin_test.py::TestEventCapture::test_clear PASSED       [ 66%]
test/unit/test_plugin_test.py::TestEventCapture::test_count_filtered PASSED [ 66%]
test/unit/test_plugin_test.py::TestEventCapture::test_data_values PASSED [ 66%]
test/unit/test_plugin_test.py::TestEventCapture::test_find PASSED        [ 66%]
test/unit/test_plugin_test.py::TestEventCapture::test_first_last PASSED  [ 66%]
test/unit/test_plugin_test.py::TestEventCapture::test_first_last_empty PASSED [ 66%]
test/unit/test_plugin_test.py::TestEventCapture::test_has PASSED         [ 66%]
test/unit/test_plugin_test.py::TestEventCapture::test_of_type PASSED     [ 66%]
test/unit/test_plugin_test.py::TestEventCapture::test_types PASSED       [ 66%]
test/unit/test_plugin_test.py::TestPluginTestHarness::test_assert_no_errors PASSED [ 66%]
test/unit/test_plugin_test.py::TestPluginTestHarness::test_assert_no_errors_raises PASSED [ 66%]
test/unit/test_plugin_test.py::TestPluginTestHarness::test_assert_not_produced PASSED [ 66%]
test/unit/test_plugin_test.py::TestPluginTestHarness::test_assert_not_produced_raises PASSED [ 66%]
test/unit/test_plugin_test.py::TestPluginTestHarness::test_assert_produced PASSED [ 66%]
test/unit/test_plugin_test.py::TestPluginTestHarness::test_assert_produced_count PASSED [ 66%]
test/unit/test_plugin_test.py::TestPluginTestHarness::test_assert_produced_count_raises PASSED [ 66%]
test/unit/test_plugin_test.py::TestPluginTestHarness::test_assert_produced_data PASSED [ 66%]
test/unit/test_plugin_test.py::TestPluginTestHarness::test_assert_produced_data_raises PASSED [ 66%]
test/unit/test_plugin_test.py::TestPluginTestHarness::test_assert_produced_raises PASSED [ 66%]
test/unit/test_plugin_test.py::TestPluginTestHarness::test_basic_harness PASSED [ 66%]
test/unit/test_plugin_test.py::TestPluginTestHarness::test_captured_property PASSED [ 66%]
test/unit/test_plugin_test.py::TestPluginTestHarness::test_event_data_query PASSED [ 66%]
test/unit/test_plugin_test.py::TestPluginTestHarness::test_event_types_query PASSED [ 66%]
test/unit/test_plugin_test.py::TestPluginTestHarness::test_feed_event_and_capture PASSED [ 66%]
test/unit/test_plugin_test.py::TestPluginTestHarness::test_feed_events_batch PASSED [ 66%]
test/unit/test_plugin_test.py::TestPluginTestHarness::test_for_class PASSED [ 66%]
test/unit/test_plugin_test.py::TestPluginTestHarness::test_mock_dns_response PASSED [ 66%]
test/unit/test_plugin_test.py::TestPluginTestHarness::test_mock_http_response PASSED [ 66%]
test/unit/test_plugin_test.py::TestPluginTestHarness::test_mock_http_sequence PASSED [ 66%]
test/unit/test_plugin_test.py::TestPluginTestHarness::test_module_property PASSED [ 66%]
test/unit/test_plugin_test.py::TestPluginTestHarness::test_reset PASSED  [ 66%]
test/unit/test_plugin_test.py::TestPluginTestHarness::test_set_options_triggers_setup PASSED [ 66%]
test/unit/test_plugin_test.py::TestPluginTestHarness::test_set_target PASSED [ 66%]
test/unit/test_plugin_test.py::TestDefaultOpts::test_default_opts_has_fetchtimeout PASSED [ 66%]
test/unit/test_plugin_test.py::TestDefaultOpts::test_default_opts_has_useragent PASSED [ 66%]
test/unit/test_privacy_monitoring.py::TestLaplaceMechanism::test_add_noise PASSED [ 66%]
test/unit/test_privacy_monitoring.py::TestLaplaceMechanism::test_zero_epsilon_raises PASSED [ 66%]
test/unit/test_privacy_monitoring.py::TestLaplaceMechanism::test_noise_magnitude PASSED [ 66%]
test/unit/test_privacy_monitoring.py::TestLaplaceMechanism::test_required_epsilon PASSED [ 66%]
test/unit/test_privacy_monitoring.py::TestLaplaceMechanism::test_required_epsilon_invalid PASSED [ 66%]
test/unit/test_privacy_monitoring.py::TestPrivacyBudgetTracker::test_initial_state PASSED [ 66%]
test/unit/test_privacy_monitoring.py::TestPrivacyBudgetTracker::test_spend PASSED [ 66%]
test/unit/test_privacy_monitoring.py::TestPrivacyBudgetTracker::test_overspend PASSED [ 66%]
test/unit/test_privacy_monitoring.py::TestPrivacyBudgetTracker::test_negative_epsilon_raises PASSED [ 66%]
test/unit/test_privacy_monitoring.py::TestPrivacyBudgetTracker::test_history PASSED [ 66%]
test/unit/test_privacy_monitoring.py::TestPrivacyBudgetTracker::test_reset PASSED [ 66%]
test/unit/test_privacy_monitoring.py::TestPrivateScanStatistics::test_privatize_count PASSED [ 66%]
test/unit/test_privacy_monitoring.py::TestPrivateScanStatistics::test_privatize_mean PASSED [ 66%]
test/unit/test_privacy_monitoring.py::TestPrivateScanStatistics::test_budget_exhaustion PASSED [ 66%]
test/unit/test_privacy_monitoring.py::TestPrivateScanStatistics::test_generate_report PASSED [ 66%]
test/unit/test_privacy_monitoring.py::TestPrivateScanStatistics::test_non_negative_counts PASSED [ 66%]
test/unit/test_privacy_monitoring.py::TestSecureAggregator::test_hash_indicator PASSED [ 66%]
test/unit/test_privacy_monitoring.py::TestSecureAggregator::test_hash_with_salt PASSED [ 66%]
test/unit/test_privacy_monitoring.py::TestSecureAggregator::test_min_contributors PASSED [ 66%]
test/unit/test_privacy_monitoring.py::TestSecureAggregator::test_aggregate_indicators PASSED [ 66%]
test/unit/test_privacy_monitoring.py::TestSecureAggregator::test_aggregate_counts PASSED [ 66%]
test/unit/test_privacy_monitoring.py::TestSecureAggregator::test_meets_threshold PASSED [ 66%]
test/unit/test_privacy_monitoring.py::TestAssetBaseline::test_set_and_get PASSED [ 66%]
test/unit/test_privacy_monitoring.py::TestAssetBaseline::test_empty_baseline PASSED [ 66%]
test/unit/test_privacy_monitoring.py::TestAssetBaseline::test_detect_changes_new PASSED [ 66%]
test/unit/test_privacy_monitoring.py::TestAssetBaseline::test_detect_changes_removed PASSED [ 67%]
test/unit/test_privacy_monitoring.py::TestAssetBaseline::test_detect_no_baseline PASSED [ 67%]
test/unit/test_privacy_monitoring.py::TestAssetBaseline::test_has_baseline PASSED [ 67%]
test/unit/test_privacy_monitoring.py::TestPassiveMonitor::test_add_target PASSED [ 67%]
test/unit/test_privacy_monitoring.py::TestPassiveMonitor::test_remove_target PASSED [ 67%]
test/unit/test_privacy_monitoring.py::TestPassiveMonitor::test_due_targets PASSED [ 67%]
test/unit/test_privacy_monitoring.py::TestPassiveMonitor::test_check_new_assets PASSED [ 67%]
test/unit/test_privacy_monitoring.py::TestPassiveMonitor::test_check_removed_assets PASSED [ 67%]
test/unit/test_privacy_monitoring.py::TestPassiveMonitor::test_severity_mapping PASSED [ 67%]
test/unit/test_privacy_monitoring.py::TestPassiveMonitor::test_acknowledge_alert PASSED [ 67%]
test/unit/test_privacy_monitoring.py::TestPassiveMonitor::test_filter_by_severity PASSED [ 67%]
test/unit/test_privacy_monitoring.py::TestPassiveMonitor::test_callback PASSED [ 67%]
test/unit/test_privacy_monitoring.py::TestPassiveMonitor::test_status PASSED [ 67%]
test/unit/test_privacy_monitoring.py::TestPassiveMonitor::test_nonexistent_target PASSED [ 67%]
test/unit/test_privacy_monitoring.py::TestPassiveMonitor::test_baseline_updates_after_check PASSED [ 67%]
test/unit/test_privacy_monitoring.py::TestIntegration::test_privacy_lifecycle PASSED [ 67%]
test/unit/test_privacy_monitoring.py::TestIntegration::test_aggregation_with_privacy PASSED [ 67%]
test/unit/test_privacy_monitoring.py::TestIntegration::test_monitoring_lifecycle PASSED [ 67%]
test/unit/test_qdrant_client.py::TestVectorPoint::test_to_dict PASSED    [ 67%]
test/unit/test_qdrant_client.py::TestVectorPoint::test_defaults PASSED   [ 67%]
test/unit/test_qdrant_client.py::TestCollectionInfo::test_to_dict PASSED [ 67%]
test/unit/test_qdrant_client.py::TestSearchResult::test_to_dict PASSED   [ 67%]
test/unit/test_qdrant_client.py::TestSearchResult::test_empty PASSED     [ 67%]
test/unit/test_qdrant_client.py::TestFilter::test_match PASSED           [ 67%]
test/unit/test_qdrant_client.py::TestFilter::test_range PASSED           [ 67%]
test/unit/test_qdrant_client.py::TestFilter::test_empty PASSED           [ 67%]
test/unit/test_qdrant_client.py::TestFilter::test_to_dict_skips_empty_lists PASSED [ 67%]
test/unit/test_qdrant_client.py::TestQdrantConfig::test_defaults PASSED  [ 67%]
test/unit/test_qdrant_client.py::TestQdrantConfig::test_from_env PASSED  [ 67%]
test/unit/test_qdrant_client.py::TestMemoryVectorBackend::test_create_collection PASSED [ 67%]
test/unit/test_qdrant_client.py::TestMemoryVectorBackend::test_delete_collection PASSED [ 67%]
test/unit/test_qdrant_client.py::TestMemoryVectorBackend::test_list_collections PASSED [ 67%]
test/unit/test_qdrant_client.py::TestMemoryVectorBackend::test_collection_info PASSED [ 67%]
test/unit/test_qdrant_client.py::TestMemoryVectorBackend::test_collection_info_missing PASSED [ 67%]
test/unit/test_qdrant_client.py::TestMemoryVectorBackend::test_upsert_and_get PASSED [ 67%]
test/unit/test_qdrant_client.py::TestMemoryVectorBackend::test_upsert_to_missing_collection PASSED [ 67%]
test/unit/test_qdrant_client.py::TestMemoryVectorBackend::test_upsert_auto_id PASSED [ 67%]
test/unit/test_qdrant_client.py::TestMemoryVectorBackend::test_delete_points PASSED [ 67%]
test/unit/test_qdrant_client.py::TestMemoryVectorBackend::test_delete_missing_points PASSED [ 67%]
test/unit/test_qdrant_client.py::TestMemoryVectorBackend::test_count PASSED [ 67%]
test/unit/test_qdrant_client.py::TestMemoryVectorBackend::test_search_cosine PASSED [ 67%]
test/unit/test_qdrant_client.py::TestMemoryVectorBackend::test_search_with_filter PASSED [ 67%]
test/unit/test_qdrant_client.py::TestMemoryVectorBackend::test_search_with_threshold PASSED [ 67%]
test/unit/test_qdrant_client.py::TestMemoryVectorBackend::test_search_euclid PASSED [ 67%]
test/unit/test_qdrant_client.py::TestMemoryVectorBackend::test_search_dot PASSED [ 67%]
test/unit/test_qdrant_client.py::TestMemoryVectorBackend::test_search_empty_collection PASSED [ 67%]
test/unit/test_qdrant_client.py::TestMemoryVectorBackend::test_search_missing_collection PASSED [ 67%]
test/unit/test_qdrant_client.py::TestMemoryVectorBackend::test_scroll PASSED [ 67%]
test/unit/test_qdrant_client.py::TestMemoryVectorBackend::test_scroll_with_filter PASSED [ 67%]
test/unit/test_qdrant_client.py::TestFilterMatching::test_must_not PASSED [ 67%]
test/unit/test_qdrant_client.py::TestFilterMatching::test_should PASSED  [ 67%]
